--------- beginning of main
10-02 18:28:29.930 18537 18537 I .web3.uiprevie: Late-enabling -Xcheck:jni
10-02 18:28:29.958 18537 18537 D CompatibilityChangeReporter: Compat change id reported: 171979766; UID 10146; state: ENABLED
10-02 18:28:29.995 18537 18537 V GraphicsEnvironment: ANGLE Developer option for 'com.mir2.web3.uipreview' set to: 'default'
10-02 18:28:29.996 18537 18537 V GraphicsEnvironment: Neither updatable production driver nor prerelease driver is supported.
10-02 18:28:30.001 18537 18537 D NetworkSecurityConfig: No Network Security Config specified, using platform default
10-02 18:28:30.001 18537 18537 D NetworkSecurityConfig: No Network Security Config specified, using platform default
10-02 18:28:30.030 18537 18558 D libEGL  : loaded /vendor/lib64/egl/libEGL_emulation.so
10-02 18:28:30.031 18537 18558 D libEGL  : loaded /vendor/lib64/egl/libGLESv1_CM_emulation.so
10-02 18:28:30.032 18537 18558 D libEGL  : loaded /vendor/lib64/egl/libGLESv2_emulation.so
10-02 18:28:30.057 18537 18537 D AppCompatDelegate: Checking for metadata for AppLocalesMetadataHolderService : Service not found
10-02 18:28:30.065 18537 18537 D gti.InputConnection: InputConnection created
10-02 18:28:30.069 18537 18537 D gti.InputConnection: setEditorInfo
10-02 18:28:30.072 18537 18537 W .web3.uiprevie: Accessing hidden method Landroid/view/ViewGroup;->makeOptionalFitsSystemWindows()V (unsupported, reflection, allowed)
10-02 18:28:30.073 18537 18537 I GameActivity: Looking for library libmir2_platform_android.so
10-02 18:28:30.073 18537 18537 I GameActivity: Found library libmir2_platform_android.so. Loading...
10-02 18:28:30.075 18537 18537 D GameActivity: GameActivity_register
10-02 18:28:30.075 18537 18537 V GameActivity: Registering com/google/androidgamesdk/GameActivity's 24 native methods...
10-02 18:28:30.075 18537 18537 D GameActivity: SDK version: 31
10-02 18:28:30.075 18537 18537 I android-activity: Creating: Activity = 0x1696, saved state size = 0
10-02 18:28:30.078 18537 18537 V threaded_app: Creating: 0xb400007535844a70
10-02 18:28:30.078 18537 18537 V threaded_app: Callbacks set: 0xb400007535844ac0
10-02 18:28:30.078 18537 18537 V threaded_app: Launching android_app_entry in a thread
10-02 18:28:30.078 18537 18560 V threaded_app: android_app_entry called
10-02 18:28:30.078 18537 18560 V threaded_app: android_app = 0xb400007515846550
10-02 18:28:30.078 18537 18560 V threaded_app: config = 0xb400007485850970
10-02 18:28:30.078 18537 18560 V threaded_app: activity = 0xb400007535844a70
10-02 18:28:30.078 18537 18560 V threaded_app: assetmanager = 0xb40000753583d3b0
10-02 18:28:30.078 18537 18560 V threaded_app: Config: mcc=310 mnc=260 lang=en cnt=US orien=2 touch=3 dens=440 keys=2 nav=2 keysHid=1 navHid=0 sdk=31 size=2 long=2 modetype=1 modenight=1
10-02 18:28:30.090 18537 18560 D HostConnection: createUnique: call
10-02 18:28:30.090 18537 18560 D HostConnection: HostConnection::get() New Host Connection established 0xb4000074d5836f10, tid 18560
10-02 18:28:30.091 18537 18560 D HostConnection: HostComposition ext ANDROID_EMU_CHECKSUM_HELPER_v1 ANDROID_EMU_native_sync_v2 ANDROID_EMU_native_sync_v3 ANDROID_EMU_native_sync_v4 ANDROID_EMU_dma_v1 ANDROID_EMU_direct_mem ANDROID_EMU_host_composition_v1 ANDROID_EMU_host_composition_v2 ANDROID_EMU_vulkan ANDROID_EMU_deferred_vulkan_commands ANDROID_EMU_vulkan_null_optional_strings ANDROID_EMU_vulkan_create_resources_with_requirements ANDROID_EMU_YUV_Cache ANDROID_EMU_vulkan_ignored_handles ANDROID_EMU_has_shared_slots_host_memory_allocator ANDROID_EMU_vulkan_free_memory_sync ANDROID_EMU_vulkan_shader_float16_int8 ANDROID_EMU_vulkan_async_queue_submit ANDROID_EMU_vulkan_queue_submit_with_commands ANDROID_EMU_sync_buffer_data ANDROID_EMU_vulkan_async_qsri ANDROID_EMU_read_color_buffer_dma ANDROID_EMU_hwc_color_transform GL_OES_EGL_image_external_essl3 GL_OES_vertex_array_object ANDROID_EMU_host_side_tracing ANDROID_EMU_gles_max_version_3_0 
10-02 18:28:30.093 18537 18560 D EGL_emulation: eglCreateContext: 0xb4000074d5837c90: maj 3 min 0 rcv 3
10-02 18:28:30.095 18537 18560 D EGL_emulation: eglMakeCurrent: 0xb4000074d5837c90: ver 3 0 (tinfo 0x76fbc37080) (first time)
10-02 18:28:30.110 18537 18560 I event /Users/henryliu/obelisk/numeron-worktrees/android-shared-sync/mir2-web3/third_party/bevyAdapterInfo { name: "Android Emulator OpenGL ES Translator (Apple M1 Max)", vendor: 4203, device: 0, device_type: IntegratedGpu, device_pci_bus_id: "", driver: "", driver_info: "OpenGL ES 3.0 (4.1 Metal - 89.4)", backend: Gl, subgroup_min_size: 4, subgroup_max_size: 128, transient_saves_memory: false }
10-02 18:28:30.110 18537 18559 I RustStdoutStderr: [2m2026-10-02T10:28:30.110791Z[0m [32m INFO[0m [2mbevy_render::renderer[0m[2m:[0m AdapterInfo { name: "Android Emulator OpenGL ES Translator (Apple M1 Max)", vendor: 4203, device: 0, device_type: IntegratedGpu, device_pci_bus_id: "", driver: "", driver_info: "OpenGL ES 3.0 (4.1 Metal - 89.4)", backend: Gl, subgroup_min_size: 4, subgroup_max_size: 128, transient_saves_memory: false }
10-02 18:28:30.121 18537 18537 V GameActivity: onStart_native
10-02 18:28:30.121 18537 18537 V threaded_app: Start: 0xb400007535844a70
10-02 18:28:30.171 18537 18560 I event /Users/henryliu/obelisk/numeron-worktrees/android-shared-sync/mir2-web3/third_party/bevySparse buffer updates disabled. RenderDevice lacks support: max_storage_buffers_per_shader_stage (0) < 3.
10-02 18:28:30.171 18537 18560 W event /Users/henryliu/.cargo/registry/src/index.crates.io-1949cf8c6b5b557f/bevy_core_pipeline-OrderIndependentTransparencyPlugin not loaded. GPU lacks support: DownlevelFlags::FRAGMENT_WRITABLE_STORAGE.
10-02 18:28:30.171 18537 18560 W event /Users/henryliu/.cargo/registry/src/index.crates.io-1949cf8c6b5b557f/bevy_core_pipeline-BackgroundMotionVectorsPlugin not loaded. GPU lacks support for required downlevel capability flags: DownlevelFlags(INDEPENDENT_BLEND).
10-02 18:28:30.171 18537 18559 I RustStdoutStderr: [2m2026-10-02T10:28:30.171608Z[0m [32m INFO[0m [2mbevy_render::render_resource::sparse_buffer_vec[0m[2m:[0m Sparse buffer updates disabled. RenderDevice lacks support: max_storage_buffers_per_shader_stage (0) < 3.
10-02 18:28:30.171 18537 18559 I RustStdoutStderr: [2m2026-10-02T10:28:30.171723Z[0m [33m WARN[0m [2mbevy_core_pipeline::oit::resolve[0m[2m:[0m OrderIndependentTransparencyPlugin not loaded. GPU lacks support: DownlevelFlags::FRAGMENT_WRITABLE_STORAGE.
10-02 18:28:30.171 18537 18559 I RustStdoutStderr: [2m2026-10-02T10:28:30.171738Z[0m [33m WARN[0m [2mbevy_core_pipeline::prepass::background_motion_vectors[0m[2m:[0m BackgroundMotionVectorsPlugin not loaded. GPU lacks support for required downlevel capability flags: DownlevelFlags(INDEPENDENT_BLEND).
10-02 18:28:30.244 18537 18560 I event /Users/henryliu/obelisk/numeron-worktrees/android-shared-sync/mir2-web3/third_party/bevyGPU preprocessing is not supported on this device. Falling back to CPU preprocessing.
10-02 18:28:30.244 18537 18559 I RustStdoutStderr: [2m2026-10-02T10:28:30.243962Z[0m [32m INFO[0m [2mbevy_render::batching::gpu_preprocessing[0m[2m:[0m GPU preprocessing is not supported on this device. Falling back to CPU preprocessing.
10-02 18:28:30.270 18537 18560 V threaded_app: activityState=11
10-02 18:28:30.270 18537 18559 I RustStdoutStderr: [2m2026-10-02T10:28:30.270957Z[0m [33m WARN[0m [2mwinit::platform_impl::android[0m[2m:[0m TODO: forward onStart notification to application
10-02 18:28:30.270 18537 18560 W event /Users/henryliu/.cargo/registry/src/index.crates.io-1949cf8c6b5b557f/winit-0.30.13/src/pTODO: forward onStart notification to application
10-02 18:28:30.271 18537 18537 V threaded_app: Resume: 0xb400007535844a70
10-02 18:28:30.271 18537 18560 V threaded_app: activityState=12
10-02 18:28:30.282 18537 18537 V GameActivity: onImeInsetsChanged from Text Listener
10-02 18:28:30.282 18537 18537 V threaded_app: WindowInsetsChanged: 0xb400007535844a70
10-02 18:28:30.283 18537 18559 I RustStdoutStderr: [2m2026-10-02T10:28:30.283713Z[0m [33m WARN[0m [2mwinit::platform_impl::android[0m[2m:[0m TODO: handle Android InsetsChanged notification
10-02 18:28:30.283 18537 18560 W event /Users/henryliu/.cargo/registry/src/index.crates.io-1949cf8c6b5b557f/winit-0.30.13/src/pTODO: handle Android InsetsChanged notification
10-02 18:28:30.287 18537 18537 V GameActivity: onImeInsetsChanged from Text Listener
10-02 18:28:30.287 18537 18537 V threaded_app: WindowInsetsChanged: 0xb400007535844a70
10-02 18:28:30.287 18537 18559 I RustStdoutStderr: [2m2026-10-02T10:28:30.287209Z[0m [33m WARN[0m [2mwinit::platform_impl::android[0m[2m:[0m TODO: handle Android InsetsChanged notification
10-02 18:28:30.287 18537 18560 W event /Users/henryliu/.cargo/registry/src/index.crates.io-1949cf8c6b5b557f/winit-0.30.13/src/pTODO: handle Android InsetsChanged notification
10-02 18:28:30.287 18537 18556 D HostConnection: createUnique: call
10-02 18:28:30.287 18537 18556 D HostConnection: HostConnection::get() New Host Connection established 0xb4000074d5853710, tid 18556
10-02 18:28:30.288 18537 18556 D HostConnection: HostComposition ext ANDROID_EMU_CHECKSUM_HELPER_v1 ANDROID_EMU_native_sync_v2 ANDROID_EMU_native_sync_v3 ANDROID_EMU_native_sync_v4 ANDROID_EMU_dma_v1 ANDROID_EMU_direct_mem ANDROID_EMU_host_composition_v1 ANDROID_EMU_host_composition_v2 ANDROID_EMU_vulkan ANDROID_EMU_deferred_vulkan_commands ANDROID_EMU_vulkan_null_optional_strings ANDROID_EMU_vulkan_create_resources_with_requirements ANDROID_EMU_YUV_Cache ANDROID_EMU_vulkan_ignored_handles ANDROID_EMU_has_shared_slots_host_memory_allocator ANDROID_EMU_vulkan_free_memory_sync ANDROID_EMU_vulkan_shader_float16_int8 ANDROID_EMU_vulkan_async_queue_submit ANDROID_EMU_vulkan_queue_submit_with_commands ANDROID_EMU_sync_buffer_data ANDROID_EMU_vulkan_async_qsri ANDROID_EMU_read_color_buffer_dma ANDROID_EMU_hwc_color_transform GL_OES_EGL_image_external_essl3 GL_OES_vertex_array_object ANDROID_EMU_host_side_tracing ANDROID_EMU_gles_max_version_3_0 
10-02 18:28:30.289 18537 18556 W OpenGLRenderer: Failed to choose config with EGL_SWAP_BEHAVIOR_PRESERVED, retrying without...
10-02 18:28:30.289 18537 18556 W OpenGLRenderer: Failed to initialize 101010-2 format, error = EGL_SUCCESS
10-02 18:28:30.289 18537 18556 D EGL_emulation: eglCreateContext: 0xb4000074d5854310: maj 3 min 0 rcv 3
10-02 18:28:30.290 18537 18556 D EGL_emulation: eglMakeCurrent: 0xb4000074d5854310: ver 3 0 (tinfo 0x76fbc37100) (first time)
10-02 18:28:30.293 18537 18556 I Gralloc4: mapper 4.x is not supported
10-02 18:28:30.293 18537 18556 D HostConnection: createUnique: call
10-02 18:28:30.293 18537 18556 D HostConnection: HostConnection::get() New Host Connection established 0xb4000074d58531d0, tid 18556
10-02 18:28:30.293 18537 18537 V threaded_app: ContentRectChanged: 0xb400007535844a70 -- (0 0) (2340 1080)
10-02 18:28:30.294 18537 18556 D goldfish-address-space: allocate: Ask for block of size 0x100
10-02 18:28:30.294 18537 18559 I RustStdoutStderr: [2m2026-10-02T10:28:30.294205Z[0m [33m WARN[0m [2mwinit::platform_impl::android[0m[2m:[0m TODO: find a way to notify application of content rect change
10-02 18:28:30.294 18537 18556 D goldfish-address-space: allocate: ioctl allocate returned offset 0x1efff8000 size 0x8000
10-02 18:28:30.294 18537 18560 W event /Users/henryliu/.cargo/registry/src/index.crates.io-1949cf8c6b5b557f/winit-0.30.13/src/pTODO: find a way to notify application of content rect change
10-02 18:28:30.295 18537 18556 W Gralloc4: allocator 4.x is not supported
10-02 18:28:30.295 18537 18537 V GameActivity: onSurfaceCreated_native
10-02 18:28:30.295 18537 18537 V threaded_app: NativeWindowCreated: 0xb400007535844a70 -- 0xb4000075c59fada0
10-02 18:28:30.295 18537 18537 V threaded_app: android_app_set_window called
10-02 18:28:30.295 18537 18560 V threaded_app: APP_CMD_INIT_WINDOW
10-02 18:28:30.295 18537 18537 V threaded_app: NativeWindowResized: 0xb400007535844a70 -- 0xb4000075c59fada0 ( 2340 x 1080 )
10-02 18:28:30.295 18537 18537 V threaded_app: NativeWindowRedrawNeeded: 0xb400007535844a70 -- 0xb4000075c59fada0
10-02 18:28:30.301 18537 18560 I event /Users/henryliu/.cargo/registry/src/index.crates.io-1949cf8c6b5b557f/bevy_winit-0.19.0/sCreating new window mir2-web3 (android) (105v0)
10-02 18:28:30.301 18537 18559 I RustStdoutStderr: [2m2026-10-02T10:28:30.301197Z[0m [32m INFO[0m [2mbevy_winit::system[0m[2m:[0m Creating new window mir2-web3 (android) (105v0)
10-02 18:28:30.302 18537 18556 D HostConnection: HostComposition ext ANDROID_EMU_CHECKSUM_HELPER_v1 ANDROID_EMU_native_sync_v2 ANDROID_EMU_native_sync_v3 ANDROID_EMU_native_sync_v4 ANDROID_EMU_dma_v1 ANDROID_EMU_direct_mem ANDROID_EMU_host_composition_v1 ANDROID_EMU_host_composition_v2 ANDROID_EMU_vulkan ANDROID_EMU_deferred_vulkan_commands ANDROID_EMU_vulkan_null_optional_strings ANDROID_EMU_vulkan_create_resources_with_requirements ANDROID_EMU_YUV_Cache ANDROID_EMU_vulkan_ignored_handles ANDROID_EMU_has_shared_slots_host_memory_allocator ANDROID_EMU_vulkan_free_memory_sync ANDROID_EMU_vulkan_shader_float16_int8 ANDROID_EMU_vulkan_async_queue_submit ANDROID_EMU_vulkan_queue_submit_with_commands ANDROID_EMU_sync_buffer_data ANDROID_EMU_vulkan_async_qsri ANDROID_EMU_read_color_buffer_dma ANDROID_EMU_hwc_color_transform GL_OES_EGL_image_external_essl3 GL_OES_vertex_array_object ANDROID_EMU_host_side_tracing ANDROID_EMU_gles_max_version_3_0 
10-02 18:28:30.318 18537 18537 V threaded_app: WindowFocusChanged: 0xb400007535844a70 -- 1
10-02 18:28:30.329 18537 18537 V GameActivity: onImeInsetsChanged from Text Listener
10-02 18:28:30.329 18537 18537 V threaded_app: WindowInsetsChanged: 0xb400007535844a70
10-02 18:28:30.408 18537 18560 I event src/ui_preview.rs:1190: ANDROID_QUEST_MODAL_MANUAL_UI_ONLY_NOT_LIVEscene = "quest-confirmation";
10-02 18:28:30.408 18537 18559 I RustStdoutStderr: [2m2026-10-02T10:28:30.408799Z[0m [32m INFO[0m [2mmir2_platform_android::ui_preview[0m[2m:[0m ANDROID_QUEST_MODAL_MANUAL_UI_ONLY_NOT_LIVE [3mscene[0m[2m=[0m"quest-confirmation"
10-02 18:28:30.420 18537 18560 I event src/item_geometry.rs:127: ANDROID_ITEM_GEOMETRY_READYitems = 1003; state_items = 2380; sources = [("original-ui/Items/meta.json", "ec0eca414ac6c34e17a218f0ed4396f30607c2485482f8760af7706acddcedfe"), ("original-ui/StateItem/meta.json", "7d812a76e9a54b1d0535968a8c21ee2064577e7012572daf79b242221ca72e9a")];
10-02 18:28:30.421 18537 18559 I RustStdoutStderr: [2m2026-10-02T10:28:30.420026Z[0m [32m INFO[0m [2mmir2_platform_android::item_geometry[0m[2m:[0m ANDROID_ITEM_GEOMETRY_READY [3mitems[0m[2m=[0m1003 [3mstate_items[0m[2m=[0m2380 [3msources[0m[2m=[0m[("original-ui/Items/meta.json", "ec0eca414ac6c34e17a218f0ed4396f30607c2485482f8760af7706acddcedfe"), ("original-ui/StateItem/meta.json", "7d812a76e9a54b1d0535968a8c21ee2064577e7012572daf79b242221ca72e9a")]
10-02 18:28:30.421 18537 18560 I event src/ui_preview.rs:1370: ANDROID_INVENTORY_INGRESS_OFFLINE queued owner42 bag12 equip2 sourceFrame30
10-02 18:28:30.421 18537 18560 I event src/ui_preview.rs:802: ANDROID_UI_PREVIEW_READY scene=quest-confirmation
10-02 18:28:30.421 18537 18559 I RustStdoutStderr: [2m2026-10-02T10:28:30.421817Z[0m [32m INFO[0m [2mmir2_platform_android::ui_preview[0m[2m:[0m ANDROID_INVENTORY_INGRESS_OFFLINE queued owner42 bag12 equip2 sourceFrame30
10-02 18:28:30.421 18537 18559 I RustStdoutStderr: [2m2026-10-02T10:28:30.421877Z[0m [32m INFO[0m [2mmir2_platform_android::ui_preview[0m[2m:[0m ANDROID_UI_PREVIEW_READY scene=quest-confirmation
10-02 18:28:30.439 18537 18560 W event /Users/henryliu/.cargo/registry/src/index.crates.io-1949cf8c6b5b557f/winit-0.30.13/src/pTODO: handle Android InsetsChanged notification
10-02 18:28:30.440 18537 18559 I RustStdoutStderr: [2m2026-10-02T10:28:30.439957Z[0m [33m WARN[0m [2mwinit::platform_impl::android[0m[2m:[0m TODO: handle Android InsetsChanged notification
10-02 18:28:31.515 18537 18560 D EGL_emulation: app_time_stats: avg=17.74ms min=11.29ms max=136.74ms count=55
10-02 18:28:32.023 18537 18563 I event src/phone_hud.rs:173: ANDROID_PHONE_TEXT_LAYOUTfont = TextFont { font: SystemUi, font_size: Px(23.466667), weight: FontWeight(400), width: FontWidth(1.0), style: Normal, font_smoothing: AntiAliased, font_features: FontFeatures { features: [] }, font_variations: FontVariations { variations: [] } }; color = TextColor(Srgba(Srgba { red: 0.96, green: 0.85, blue: 0.61, alpha: 1.0 })); glyph_masks = [true, true, true];
10-02 18:28:32.023 18537 18563 I event src/phone_hud.rs:173: ANDROID_PHONE_TEXT_LAYOUTfont = TextFont { font: SystemUi, font_size: Px(23.466667), weight: FontWeight(400), width: FontWidth(1.0), style: Normal, font_smoothing: AntiAliased, font_features: FontFeatures { features: [] }, font_variations: FontVariations { variations: [] } }; color = TextColor(Srgba(Srgba { red: 0.96, green: 0.85, blue: 0.61, alpha: 1.0 })); glyph_masks = [true, true, true, true, true];
10-02 18:28:32.023 18537 18563 I event src/phone_hud.rs:173: ANDROID_PHONE_TEXT_LAYOUTfont = TextFont { font: SystemUi, font_size: Px(23.466667), weight: FontWeight(400), width: FontWidth(1.0), style: Normal, font_smoothing: AntiAliased, font_features: FontFeatures { features: [] }, font_variations: FontVariations { variations: [] } }; color = TextColor(Srgba(Srgba { red: 0.96, green: 0.85, blue: 0.61, alpha: 1.0 })); glyph_masks = [true, true, true, true, true, true, true];
10-02 18:28:32.023 18537 18563 I event src/phone_hud.rs:173: ANDROID_PHONE_TEXT_LAYOUTfont = TextFont { font: SystemUi, font_size: Px(23.466667), weight: FontWeight(400), width: FontWidth(1.0), style: Normal, font_smoothing: AntiAliased, font_features: FontFeatures { features: [] }, font_variations: FontVariations { variations: [] } }; color = TextColor(Srgba(Srgba { red: 0.96, green: 0.85, blue: 0.61, alpha: 1.0 })); glyph_masks = [true, true, true, true, true];
10-02 18:28:32.023 18537 18563 I event src/phone_hud.rs:173: ANDROID_PHONE_TEXT_LAYOUTfont = TextFont { font: SystemUi, font_size: Px(23.466667), weight: FontWeight(400), width: FontWidth(1.0), style: Normal, font_smoothing: AntiAliased, font_features: FontFeatures { features: [] }, font_variations: FontVariations { variations: [] } }; color = TextColor(Srgba(Srgba { red: 0.96, green: 0.85, blue: 0.61, alpha: 1.0 })); glyph_masks = [true, true, true, true, true, true];
10-02 18:28:32.023 18537 18563 I event src/phone_hud.rs:173: ANDROID_PHONE_TEXT_LAYOUTfont = TextFont { font: SystemUi, font_size: Px(23.466667), weight: FontWeight(400), width: FontWidth(1.0), style: Normal, font_smoothing: AntiAliased, font_features: FontFeatures { features: [] }, font_variations: FontVariations { variations: [] } }; color = TextColor(Srgba(Srgba { red: 0.96, green: 0.85, blue: 0.61, alpha: 1.0 })); glyph_masks = [true, true, true, true, true];
10-02 18:28:32.023 18537 18563 I event src/phone_hud.rs:173: ANDROID_PHONE_TEXT_LAYOUTfont = TextFont { font: SystemUi, font_size: Px(23.466667), weight: FontWeight(400), width: FontWidth(1.0), style: Normal, font_smoothing: AntiAliased, font_features: FontFeatures { features: [] }, font_variations: FontVariations { variations: [] } }; color = TextColor(Srgba(Srgba { red: 0.96, green: 0.85, blue: 0.61, alpha: 1.0 })); glyph_masks = [true, true, true, true, true];
10-02 18:28:32.023 18537 18563 I event src/phone_hud.rs:173: ANDROID_PHONE_TEXT_LAYOUTfont = TextFont { font: SystemUi, font_size: Px(23.466667), weight: FontWeight(400), width: FontWidth(1.0), style: Normal, font_smoothing: AntiAliased, font_features: FontFeatures { features: [] }, font_variations: FontVariations { variations: [] } }; color = TextColor(Srgba(Srgba { red: 0.96, green: 0.85, blue: 0.61, alpha: 1.0 })); glyph_masks = [true, true, true, true, true];
10-02 18:28:32.023 18537 18564 I event src/phone_quests.rs:95: ANDROID_PHONE_QUEST_TEXTtext = "任务日志"; font_dp = 16.0; glyphs = 4; alpha_masks = 4;
10-02 18:28:32.023 18537 18564 I event src/phone_quests.rs:95: ANDROID_PHONE_QUEST_TEXTtext = "×"; font_dp = 13.999999046325684; glyphs = 1; alpha_masks = 1;
10-02 18:28:32.023 18537 18564 I event src/phone_quests.rs:95: ANDROID_PHONE_QUEST_TEXTtext = "任务列表: 1/20"; font_dp = 13.999999046325684; glyphs = 10; alpha_masks = 10;
10-02 18:28:32.023 18537 18564 I event src/phone_quests.rs:95: ANDROID_PHONE_QUEST_TEXTtext = "− UI fixtures"; font_dp = 13.999999046325684; glyphs = 12; alpha_masks = 12;
10-02 18:28:32.023 18537 18564 I event src/phone_quests.rs:95: ANDROID_PHONE_QUEST_TEXTtext = "Offline UI quest specimen · 进行中\n1级 · UI fixtures"; font_dp = 13.999999046325684; glyphs = 44; alpha_masks = 44;
10-02 18:28:32.023 18537 18564 I event src/phone_quests.rs:95: ANDROID_PHONE_QUEST_TEXTtext = "跟踪"; font_dp = 13.999999046325684; glyphs = 2; alpha_masks = 2;
10-02 18:28:32.023 18537 18564 I event src/phone_quests.rs:95: ANDROID_PHONE_QUEST_TEXTtext = "▲"; font_dp = 13.999999046325684; glyphs = 1; alpha_masks = 1;
10-02 18:28:32.023 18537 18564 I event src/phone_quests.rs:95: ANDROID_PHONE_QUEST_TEXTtext = "▼"; font_dp = 13.999999046325684; glyphs = 1; alpha_masks = 1;
10-02 18:28:32.023 18537 18564 I event src/phone_quests.rs:95: ANDROID_PHONE_QUEST_TEXTtext = "任务详情"; font_dp = 16.0; glyphs = 4; alpha_masks = 4;
10-02 18:28:32.023 18537 18564 I event src/phone_quests.rs:95: ANDROID_PHONE_QUEST_TEXTtext = "×"; font_dp = 13.999999046325684; glyphs = 1; alpha_masks = 1;
10-02 18:28:32.023 18537 18564 I event src/phone_quests.rs:95: ANDROID_PHONE_QUEST_TEXTtext = "Offline UI quest specimen"; font_dp = 16.0; glyphs = 23; alpha_masks = 23;
10-02 18:28:32.023 18537 18564 I event src/phone_quests.rs:95: ANDROID_PHONE_QUEST_TEXTtext = "奖励"; font_dp = 16.0; glyphs = 2; alpha_masks = 2;
10-02 18:28:32.023 18537 18564 I event src/phone_quests.rs:95: ANDROID_PHONE_QUEST_TEXTtext = "跟踪"; font_dp = 13.999999046325684; glyphs = 2; alpha_masks = 2;
10-02 18:28:32.023 18537 18564 I event src/phone_quests.rs:95: ANDROID_PHONE_QUEST_TEXTtext = "分享"; font_dp = 13.999999046325684; glyphs = 2; alpha_masks = 2;
10-02 18:28:32.023 18537 18564 I event src/phone_quests.rs:95: ANDROID_PHONE_QUEST_TEXTtext = "放弃任务"; font_dp = 13.999999046325684; glyphs = 4; alpha_masks = 4;
10-02 18:28:32.023 18537 18564 I event src/phone_quests.rs:95: ANDROID_PHONE_QUEST_TEXTtext = "▲"; font_dp = 13.999999046325684; glyphs = 1; alpha_masks = 1;
10-02 18:28:32.023 18537 18564 I event src/phone_quests.rs:95: ANDROID_PHONE_QUEST_TEXTtext = "▼"; font_dp = 13.999999046325684; glyphs = 1; alpha_masks = 1;
10-02 18:28:32.023 18537 18564 I event src/phone_quests.rs:95: ANDROID_PHONE_QUEST_TEXTtext = "任务确认"; font_dp = 16.0; glyphs = 4; alpha_masks = 4;
10-02 18:28:32.023 18537 18564 I event src/phone_quests.rs:95: ANDROID_PHONE_QUEST_TEXTtext = "Are you sure you want to cancel this quest?"; font_dp = 13.999999046325684; glyphs = 43; alpha_masks = 43;
10-02 18:28:32.023 18537 18564 I event src/phone_quests.rs:95: ANDROID_PHONE_QUEST_TEXTtext = "▲"; font_dp = 13.999999046325684; glyphs = 1; alpha_masks = 1;
10-02 18:28:32.023 18537 18564 I event src/phone_quests.rs:95: ANDROID_PHONE_QUEST_TEXTtext = "▼"; font_dp = 13.999999046325684; glyphs = 1; alpha_masks = 1;
10-02 18:28:32.023 18537 18564 I event src/phone_quests.rs:95: ANDROID_PHONE_QUEST_TEXTtext = "Yes"; font_dp = 13.999999046325684; glyphs = 3; alpha_masks = 3;
10-02 18:28:32.023 18537 18564 I event src/phone_quests.rs:95: ANDROID_PHONE_QUEST_TEXTtext = "No"; font_dp = 13.999999046325684; glyphs = 2; alpha_masks = 2;
10-02 18:28:32.023 18537 18564 I event src/phone_quests.rs:100: ANDROID_PHONE_QUEST_CONTROLsize_dp = Vec2(48.0, 48.0); center_dp = Vec2(455.27267, 47.999977);
10-02 18:28:32.023 18537 18564 I event src/phone_quests.rs:100: ANDROID_PHONE_QUEST_CONTROLsize_dp = Vec2(165.81818, 48.0); center_dp = Vec2(388.3636, 135.27272);
10-02 18:28:32.023 18537 18564 I event src/phone_quests.rs:100: ANDROID_PHONE_QUEST_CONTROLsize_dp = Vec2(165.81818, 48.0); center_dp = Vec2(388.3636, 268.0);
10-02 18:28:32.023 18537 18564 I event src/phone_quests.rs:100: ANDROID_PHONE_QUEST_CONTROLsize_dp = Vec2(48.0, 48.0); center_dp = Vec2(665.0909, 47.999977);
10-02 18:28:32.023 18537 18564 I event src/phone_quests.rs:100: ANDROID_PHONE_QUEST_CONTROLsize_dp = Vec2(165.81818, 48.0); center_dp = Vec2(598.1818, 184.0);
10-02 18:28:32.023 18537 18564 I event src/phone_quests.rs:100: ANDROID_PHONE_QUEST_CONTROLsize_dp = Vec2(165.81818, 48.0); center_dp = Vec2(598.1818, 240.0);
10-02 18:28:32.023 18537 18564 I event src/phone_quests.rs:100: ANDROID_PHONE_QUEST_CONTROLsize_dp = Vec2(165.81818, 48.0); center_dp = Vec2(598.1818, 296.0);
10-02 18:28:32.023 18537 18564 I event src/phone_quests.rs:100: ANDROID_PHONE_QUEST_CONTROLsize_dp = Vec2(192.0, 48.0); center_dp = Vec2(393.4545, 344.7273);
10-02 18:28:32.023 18537 18564 I event src/phone_quests.rs:100: ANDROID_PHONE_QUEST_CONTROLsize_dp = Vec2(191.63637, 48.0); center_dp = Vec2(593.2727, 344.7273);
10-02 18:28:32.023 18537 18564 I event src/phone_quests.rs:100: ANDROID_PHONE_QUEST_CONTROLsize_dp = Vec2(86.90909, 48.0); center_dp = Vec2(340.90906, 344.7273);
10-02 18:28:32.023 18537 18564 I event src/phone_quests.rs:100: ANDROID_PHONE_QUEST_CONTROLsize_dp = Vec2(86.90909, 48.0); center_dp = Vec2(435.81815, 344.7273);
10-02 18:28:32.023 18537 18564 I event src/phone_quests.rs:100: ANDROID_PHONE_QUEST_CONTROLsize_dp = Vec2(86.90909, 48.0); center_dp = Vec2(550.7273, 344.7273);
10-02 18:28:32.023 18537 18564 I event src/phone_quests.rs:100: ANDROID_PHONE_QUEST_CONTROLsize_dp = Vec2(86.90909, 48.0); center_dp = Vec2(645.63635, 344.7273);
10-02 18:28:32.023 18537 18564 I event src/phone_quests.rs:100: ANDROID_PHONE_QUEST_CONTROLsize_dp = Vec2(192.0, 48.0); center_dp = Vec2(393.4545, 290.54544);
10-02 18:28:32.023 18537 18564 I event src/phone_quests.rs:100: ANDROID_PHONE_QUEST_CONTROLsize_dp = Vec2(191.63637, 48.0); center_dp = Vec2(593.2727, 290.54544);
10-02 18:28:32.023 18537 18564 I event src/phone_quests.rs:100: ANDROID_PHONE_QUEST_CONTROLsize_dp = Vec2(165.81818, 68.36364); center_dp = Vec2(388.3636, 201.45454);
10-02 18:28:32.023 18537 18559 I RustStdoutStderr: [2m2026-10-02T10:28:32.023178Z[0m [32m INFO[0m [2mmir2_platform_android::phone_hud[0m[2m:[0m ANDROID_PHONE_TEXT_LAYOUT [3mfont[0m[2m=[0mTextFont { font: SystemUi, font_size: Px(23.466667), weight: FontWeight(400), width: FontWidth(1.0), style: Normal, font_smoothing: AntiAliased, font_features: FontFeatures { features: [] }, font_variations: FontVariations { variations: [] } } [3mcolor[0m[2m=[0mTextColor(Srgba(Srgba { red: 0.96, green: 0.85, blue: 0.61, alpha: 1.0 })) [3mglyph_masks[0m[2m=[0m[true, true, true]
10-02 18:28:32.023 18537 18559 I RustStdoutStderr: [2m2026-10-02T10:28:32.023206Z[0m [32m INFO[0m [2mmir2_platform_android::phone_quests[0m[2m:[0m ANDROID_PHONE_QUEST_TEXT [3mtext[0m[2m=[0m"任务日志" [3mfont_dp[0m[2m=[0m16.0 [3mglyphs[0m[2m=[0m4 [3malpha_masks[0m[2m=[0m4
10-02 18:28:32.023 18537 18559 I RustStdoutStderr: [2m2026-10-02T10:28:32.023316Z[0m [32m INFO[0m [2mmir2_platform_android::phone_hud[0m[2m:[0m ANDROID_PHONE_TEXT_LAYOUT [3mfont[0m[2m=[0mTextFont { font: SystemUi, font_size: Px(23.466667), weight: FontWeight(400), width: FontWidth(1.0), style: Normal, font_smoothing: AntiAliased, font_features: FontFeatures { features: [] }, font_variations: FontVariations { variations: [] } } [3mcolor[0m[2m=[0mTextColor(Srgba(Srgba { red: 0.96, green: 0.85, blue: 0.61, alpha: 1.0 })) [3mglyph_masks[0m[2m=[0m[true, true, true, true, true]
10-02 18:28:32.023 18537 18559 I RustStdoutStderr: [2m2026-10-02T10:28:32.023330Z[0m [32m INFO[0m [2mmir2_platform_android::phone_hud[0m[2m:[0m ANDROID_PHONE_TEXT_LAYOUT [3mfont[0m[2m=[0mTextFont { font: SystemUi, font_size: Px(23.466667), weight: FontWeight(400), width: FontWidth(1.0), style: Normal, font_smoothing: AntiAliased, font_features: FontFeatures { features: [] }, font_variations: FontVariations { variations: [] } } [3mcolor[0m[2m=[0mTextColor(Srgba(Srgba { red: 0.96, green: 0.85, blue: 0.61, alpha: 1.0 })) [3mglyph_masks[0m[2m=[0m[true, true, true, true, true, true, true]
10-02 18:28:32.023 18537 18559 I RustStdoutStderr: [2m2026-10-02T10:28:32.023335Z[0m [32m INFO[0m [2mmir2_platform_android::phone_hud[0m[2m:[0m ANDROID_PHONE_TEXT_LAYOUT [3mfont[0m[2m=[0mTextFont { font: SystemUi, font_size: Px(23.466667), weight: FontWeight(400), width: FontWidth(1.0), style: Normal, font_smoothing: AntiAliased, font_features: FontFeatures { features: [] }, font_variations: FontVariations { variations: [] } } [3mcolor[0m[2m=[0mTextColor(Srgba(Srgba { red: 0.96, green: 0.85, blue: 0.61, alpha: 1.0 })) [3mglyph_masks[0m[2m=[0m[true, true, true, true, true]
10-02 18:28:32.023 18537 18559 I RustStdoutStderr: [2m2026-10-02T10:28:32.023340Z[0m [32m INFO[0m [2mmir2_platform_android::phone_hud[0m[2m:[0m ANDROID_PHONE_TEXT_LAYOUT [3mfont[0m[2m=[0mTextFont { font: SystemUi, font_size: Px(23.466667), weight: FontWeight(400), width: FontWidth(1.0), style: Normal, font_smoothing: AntiAliased, font_features: FontFeatures { features: [] }, font_variations: FontVariations { variations: [] } } [3mcolor[0m[2m=[0mTextColor(Srgba(Srgba { red: 0.96, green: 0.85, blue: 0.61, alpha: 1.0 })) [3mglyph_masks[0m[2m=[0m[true, true, true, true, true, true]
10-02 18:28:32.023 18537 18559 I RustStdoutStderr: [2m2026-10-02T10:28:32.023345Z[0m [32m INFO[0m [2mmir2_platform_android::phone_hud[0m[2m:[0m ANDROID_PHONE_TEXT_LAYOUT [3mfont[0m[2m=[0mTextFont { font: SystemUi, font_size: Px(23.466667), weight: FontWeight(400), width: FontWidth(1.0), style: Normal, font_smoothing: AntiAliased, font_features: FontFeatures { features: [] }, font_variations: FontVariations { variations: [] } } [3mcolor[0m[2m=[0mTextColor(Srgba(Srgba { red: 0.96, green: 0.85, blue: 0.61, alpha: 1.0 })) [3mglyph_masks[0m[2m=[0m[true, true, true, true, true]
10-02 18:28:32.023 18537 18559 I RustStdoutStderr: [2m2026-10-02T10:28:32.023350Z[0m [32m INFO[0m [2mmir2_platform_android::phone_hud[0m[2m:[0m ANDROID_PHONE_TEXT_LAYOUT [3mfont[0m[2m=[0mTextFont { font: SystemUi, font_size: Px(23.466667), weight: FontWeight(400), width: FontWidth(1.0), style: Normal, font_smoothing: AntiAliased, font_features: FontFeatures { features: [] }, font_variations: FontVariations { variations: [] } } [3mcolor[0m[2m=[0mTextColor(Srgba(Srgba { red: 0.96, green: 0.85, blue: 0.61, alpha: 1.0 })) [3mglyph_masks[0m[2m=[0m[true, true, true, true, true]
10-02 18:28:32.023 18537 18559 I RustStdoutStderr: [2m2026-10-02T10:28:32.023354Z[0m [32m INFO[0m [2mmir2_platform_android::phone_hud[0m[2m:[0m ANDROID_PHONE_TEXT_LAYOUT [3mfont[0m[2m=[0mTextFont { font: SystemUi, font_size: Px(23.466667), weight: FontWeight(400), width: FontWidth(1.0), style: Normal, font_smoothing: AntiAliased, font_features: FontFeatures { features: [] }, font_variations: FontVariations { variations: [] } } [3mcolor[0m[2m=[0mTextColor(Srgba(Srgba { red: 0.96, green: 0.85, blue: 0.61, alpha: 1.0 })) [3mglyph_masks[0m[2m=[0m[true, true, true, true, true]
10-02 18:28:32.023 18537 18559 I RustStdoutStderr: [2m2026-10-02T10:28:32.023359Z[0m [32m INFO[0m [2mmir2_platform_android::phone_hud[0m[2m:[0m ANDROID_PHONE_TEXT_LAYOUT [3mfont[0m[2m=[0mTextFont { font: SystemUi, font_size: Px(23.466667), weight: FontWeight(400), width: FontWidth(1.0), style: Normal, font_smoothing: AntiAliased, font_features: FontFeatures { features: [] }, font_variations: FontVariations { variations: [] } } [3mcolor[0m[2m=[0mTextColor(Srgba(Srgba { red: 0.96, green: 0.85, blue: 0.61, alpha: 1.0 })) [3mglyph_masks[0m[2m=[0m[true, true, true, true]
10-02 18:28:32.023 18537 18559 I RustStdoutStderr: [2m2026-10-02T10:28:32.023383Z[0m [32m INFO[0m [2mmir2_platform_android::phone_quests[0m[2m:[0m ANDROID_PHONE_QUEST_TEXT [3mtext[0m[2m=[0m"×" [3mfont_dp[0m[2m=[0m13.999999046325684 [3mglyphs[0m[2m=[0m1 [3malpha_masks[0m[2m=[0m1
10-02 18:28:32.023 18537 18559 I RustStdoutStderr: [2m2026-10-02T10:28:32.023535Z[0m [32m INFO[0m [2mmir2_platform_android::phone_quests[0m[2m:[0m ANDROID_PHONE_QUEST_TEXT [3mtext[0m[2m=[0m"任务列表: 1/20" [3mfont_dp[0m[2m=[0m13.999999046325684 [3mglyphs[0m[2m=[0m10 [3malpha_masks[0m[2m=[0m10
10-02 18:28:32.023 18537 18559 I RustStdoutStderr: [2m2026-10-02T10:28:32.023545Z[0m [32m INFO[0m [2mmir2_platform_android::phone_quests[0m[2m:[0m ANDROID_PHONE_QUEST_TEXT [3mtext[0m[2m=[0m"− UI fixtures" [3mfont_dp[0m[2m=[0m13.999999046325684 [3mglyphs[0m[2m=[0m12 [3malpha_masks[0m[2m=[0m12
10-02 18:28:32.023 18537 18559 I RustStdoutStderr: [2m2026-10-02T10:28:32.023550Z[0m [32m INFO[0m [2mmir2_platform_android::phone_quests[0m[2m:[0m ANDROID_PHONE_QUEST_TEXT [3mtext[0m[2m=[0m"Offline UI quest specimen · 进行中\n1级 · UI fixtures" [3mfont_dp[0m[2m=[0m13.999999046325684 [3mglyphs[0m[2m=[0m44 [3malpha_masks[0m[2m=[0m44
10-02 18:28:32.023 18537 18559 I RustStdoutStderr: [2m2026-10-02T10:28:32.023555Z[0m [32m INFO[0m [2mmir2_platform_android::phone_quests[0m[2m:[0m ANDROID_PHONE_QUEST_TEXT [3mtext[0m[2m=[0m"跟踪" [3mfont_dp[0m[2m=[0m13.999999046325684 [3mglyphs[0m[2m=[0m2 [3malpha_masks[0m[2m=[0m2
10-02 18:28:32.023 18537 18559 I RustStdoutStderr: [2m2026-10-02T10:28:32.023559Z[0m [32m INFO[0m [2mmir2_platform_android::phone_quests[0m[2m:[0m ANDROID_PHONE_QUEST_TEXT [3mtext[0m[2m=[0m"▲" [3mfont_dp[0m[2m=[0m13.999999046325684 [3mglyphs[0m[2m=[0m1 [3malpha_masks[0m[2m=[0m1
10-02 18:28:32.023 18537 18559 I RustStdoutStderr: [2m2026-10-02T10:28:32.023563Z[0m [32m INFO[0m [2mmir2_platform_android::phone_quests[0m[2m:[0m ANDROID_PHONE_QUEST_TEXT [3mtext[0m[2m=[0m"▼" [3mfont_dp[0m[2m=[0m13.999999046325684 [3mglyphs[0m[2m=[0m1 [3malpha_masks[0m[2m=[0m1
10-02 18:28:32.023 18537 18559 I RustStdoutStderr: [2m2026-10-02T10:28:32.023566Z[0m [32m INFO[0m [2mmir2_platform_android::phone_quests[0m[2m:[0m ANDROID_PHONE_QUEST_TEXT [3mtext[0m[2m=[0m"任务详情" [3mfont_dp[0m[2m=[0m16.0 [3mglyphs[0m[2m=[0m4 [3malpha_masks[0m[2m=[0m4
10-02 18:28:32.023 18537 18559 I RustStdoutStderr: [2m2026-10-02T10:28:32.023571Z[0m [32m INFO[0m [2mmir2_platform_android::phone_quests[0m[2m:[0m ANDROID_PHONE_QUEST_TEXT [3mtext[0m[2m=[0m"×" [3mfont_dp[0m[2m=[0m13.999999046325684 [3mglyphs[0m[2m=[0m1 [3malpha_masks[0m[2m=[0m1
10-02 18:28:32.023 18537 18559 I RustStdoutStderr: [2m2026-10-02T10:28:32.023575Z[0m [32m INFO[0m [2mmir2_platform_android::phone_quests[0m[2m:[0m ANDROID_PHONE_QUEST_TEXT [3mtext[0m[2m=[0m"Offline UI quest specimen" [3mfont_dp[0m[2m=[0m16.0 [3mglyphs[0m[2m=[0m23 [3malpha_masks[0m[2m=[0m23
10-02 18:28:32.023 18537 18559 I RustStdoutStderr: [2m2026-10-02T10:28:32.023578Z[0m [32m INFO[0m [2mmir2_platform_android::phone_quests[0m[2m:[0m ANDROID_PHONE_QUEST_TEXT [3mtext[0m[2m=[0m"奖励" [3mfont_dp[0m[2m=[0m16.0 [3mglyphs[0m[2m=[0m2 [3malpha_masks[0m[2m=[0m2
10-02 18:28:32.023 18537 18559 I RustStdoutStderr: [2m2026-10-02T10:28:32.023582Z[0m [32m INFO[0m [2mmir2_platform_android::phone_quests[0m[2m:[0m ANDROID_PHONE_QUEST_TEXT [3mtext[0m[2m=[0m"跟踪" [3mfont_dp[0m[2m=[0m13.999999046325684 [3mglyphs[0m[2m=[0m2 [3malpha_masks[0m[2m=[0m2
10-02 18:28:32.023 18537 18559 I RustStdoutStderr: [2m2026-10-02T10:28:32.023586Z[0m [32m INFO[0m [2mmir2_platform_android::phone_quests[0m[2m:[0m ANDROID_PHONE_QUEST_TEXT [3mtext[0m[2m=[0m"分享" [3mfont_dp[0m[2m=[0m13.999999046325684 [3mglyphs[0m[2m=[0m2 [3malpha_masks[0m[2m=[0m2
10-02 18:28:32.023 18537 18559 I RustStdoutStderr: [2m2026-10-02T10:28:32.023589Z[0m [32m INFO[0m [2mmir2_platform_android::phone_quests[0m[2m:[0m ANDROID_PHONE_QUEST_TEXT [3mtext[0m[2m=[0m"放弃任务" [3mfont_dp[0m[2m=[0m13.999999046325684 [3mglyphs[0m[2m=[0m4 [3malpha_masks[0m[2m=[0m4
10-02 18:28:32.023 18537 18559 I RustStdoutStderr: [2m2026-10-02T10:28:32.023594Z[0m [32m INFO[0m [2mmir2_platform_android::phone_quests[0m[2m:[0m ANDROID_PHONE_QUEST_TEXT [3mtext[0m[2m=[0m"▲" [3mfont_dp[0m[2m=[0m13.999999046325684 [3mglyphs[0m[2m=[0m1 [3malpha_masks[0m[2m=[0m1
10-02 18:28:32.023 18537 18559 I RustStdoutStderr: [2m2026-10-02T10:28:32.023598Z[0m [32m INFO[0m [2mmir2_platform_android::phone_quests[0m[2m:[0m ANDROID_PHONE_QUEST_TEXT [3mtext[0m[2m=[0m"▼" [3mfont_dp[0m[2m=[0m13.999999046325684 [3mglyphs[0m[2m=[0m1 [3malpha_masks[0m[2m=[0m1
10-02 18:28:32.023 18537 18559 I RustStdoutStderr: [2m2026-10-02T10:28:32.023601Z[0m [32m INFO[0m [2mmir2_platform_android::phone_quests[0m[2m:[0m ANDROID_PHONE_QUEST_TEXT [3mtext[0m[2m=[0m"任务确认" [3mfont_dp[0m[2m=[0m16.0 [3mglyphs[0m[2m=[0m4 [3malpha_masks[0m[2m=[0m4
10-02 18:28:32.023 18537 18559 I RustStdoutStderr: [2m2026-10-02T10:28:32.023606Z[0m [32m INFO[0m [2mmir2_platform_android::phone_quests[0m[2m:[0m ANDROID_PHONE_QUEST_TEXT [3mtext[0m[2m=[0m"Are you sure you want to cancel this quest?" [3mfont_dp[0m[2m=[0m13.999999046325684 [3mglyphs[0m[2m=[0m43 [3malpha_masks[0m[2m=[0m43
10-02 18:28:32.023 18537 18559 I RustStdoutStderr: [2m2026-10-02T10:28:32.023609Z[0m [32m INFO[0m [2mmir2_platform_android::phone_quests[0m[2m:[0m ANDROID_PHONE_QUEST_TEXT [3mtext[0m[2m=[0m"▲" [3mfont_dp[0m[2m=[0m13.999999046325684 [3mglyphs[0m[2m=[0m1 [3malpha_masks[0m[2m=[0m1
10-02 18:28:32.023 18537 18559 I RustStdoutStderr: [2m2026-10-02T10:28:32.023613Z[0m [32m INFO[0m [2mmir2_platform_android::phone_quests[0m[2m:[0m ANDROID_PHONE_QUEST_TEXT [3mtext[0m[2m=[0m"▼" [3mfont_dp[0m[2m=[0m13.999999046325684 [3mglyphs[0m[2m=[0m1 [3malpha_masks[0m[2m=[0m1
10-02 18:28:32.023 18537 18559 I RustStdoutStderr: [2m2026-10-02T10:28:32.023616Z[0m [32m INFO[0m [2mmir2_platform_android::phone_quests[0m[2m:[0m ANDROID_PHONE_QUEST_TEXT [3mtext[0m[2m=[0m"Yes" [3mfont_dp[0m[2m=[0m13.999999046325684 [3mglyphs[0m[2m=[0m3 [3malpha_masks[0m[2m=[0m3
10-02 18:28:32.023 18537 18559 I RustStdoutStderr: [2m2026-10-02T10:28:32.023619Z[0m [32m INFO[0m [2mmir2_platform_android::phone_quests[0m[2m:[0m ANDROID_PHONE_QUEST_TEXT [3mtext[0m[2m=[0m"No" [3mfont_dp[0m[2m=[0m13.999999046325684 [3mglyphs[0m[2m=[0m2 [3malpha_masks[0m[2m=[0m2
10-02 18:28:32.023 18537 18559 I RustStdoutStderr: [2m2026-10-02T10:28:32.023623Z[0m [32m INFO[0m [2mmir2_platform_android::phone_quests[0m[2m:[0m ANDROID_PHONE_QUEST_CONTROL [3msize_dp[0m[2m=[0mVec2(48.0, 48.0) [3mcenter_dp[0m[2m=[0mVec2(455.27267, 47.999977)
10-02 18:28:32.023 18537 18559 I RustStdoutStderr: [2m2026-10-02T10:28:32.023669Z[0m [32m INFO[0m [2mmir2_platform_android::phone_quests[0m[2m:[0m ANDROID_PHONE_QUEST_CONTROL [3msize_dp[0m[2m=[0mVec2(165.81818, 48.0) [3mcenter_dp[0m[2m=[0mVec2(388.3636, 135.27272)
10-02 18:28:32.023 18537 18559 I RustStdoutStderr: [2m2026-10-02T10:28:32.023692Z[0m [32m INFO[0m [2mmir2_platform_android::phone_quests[0m[2m:[0m ANDROID_PHONE_QUEST_CONTROL [3msize_dp[0m[2m=[0mVec2(165.81818, 48.0) [3mcenter_dp[0m[2m=[0mVec2(388.3636, 268.0)
10-02 18:28:32.023 18537 18559 I RustStdoutStderr: [2m2026-10-02T10:28:32.023701Z[0m [32m INFO[0m [2mmir2_platform_android::phone_quests[0m[2m:[0m ANDROID_PHONE_QUEST_CONTROL [3msize_dp[0m[2m=[0mVec2(48.0, 48.0) [3mcenter_dp[0m[2m=[0mVec2(665.0909, 47.999977)
10-02 18:28:32.023 18537 18559 I RustStdoutStderr: [2m2026-10-02T10:28:32.023708Z[0m [32m INFO[0m [2mmir2_platform_android::phone_quests[0m[2m:[0m ANDROID_PHONE_QUEST_CONTROL [3msize_dp[0m[2m=[0mVec2(165.81818, 48.0) [3mcenter_dp[0m[2m=[0mVec2(598.1818, 184.0)
10-02 18:28:32.023 18537 18559 I RustStdoutStderr: [2m2026-10-02T10:28:32.023714Z[0m [32m INFO[0m [2mmir2_platform_android::phone_quests[0m[2m:[0m ANDROID_PHONE_QUEST_CONTROL [3msize_dp[0m[2m=[0mVec2(165.81818, 48.0) [3mcenter_dp[0m[2m=[0mVec2(598.1818, 240.0)
10-02 18:28:32.023 18537 18559 I RustStdoutStderr: [2m2026-10-02T10:28:32.023721Z[0m [32m INFO[0m [2mmir2_platform_android::phone_quests[0m[2m:[0m ANDROID_PHONE_QUEST_CONTROL [3msize_dp[0m[2m=[0mVec2(165.81818, 48.0) [3mcenter_dp[0m[2m=[0mVec2(598.1818, 296.0)
10-02 18:28:32.023 18537 18559 I RustStdoutStderr: [2m2026-10-02T10:28:32.023727Z[0m [32m INFO[0m [2mmir2_platform_android::phone_quests[0m[2m:[0m ANDROID_PHONE_QUEST_CONTROL [3msize_dp[0m[2m=[0mVec2(192.0, 48.0) [3mcenter_dp[0m[2m=[0mVec2(393.4545, 344.7273)
10-02 18:28:32.023 18537 18559 I RustStdoutStderr: [2m2026-10-02T10:28:32.023734Z[0m [32m INFO[0m [2mmir2_platform_android::phone_quests[0m[2m:[0m ANDROID_PHONE_QUEST_CONTROL [3msize_dp[0m[2m=[0mVec2(191.63637, 48.0) [3mcenter_dp[0m[2m=[0mVec2(593.2727, 344.7273)
10-02 18:28:32.023 18537 18559 I RustStdoutStderr: [2m2026-10-02T10:28:32.023740Z[0m [32m INFO[0m [2mmir2_platform_android::phone_quests[0m[2m:[0m ANDROID_PHONE_QUEST_CONTROL [3msize_dp[0m[2m=[0mVec2(86.90909, 48.0) [3mcenter_dp[0m[2m=[0mVec2(340.90906, 344.7273)
10-02 18:28:32.023 18537 18559 I RustStdoutStderr: [2m2026-10-02T10:28:32.023747Z[0m [32m INFO[0m [2mmir2_platform_android::phone_quests[0m[2m:[0m ANDROID_PHONE_QUEST_CONTROL [3msize_dp[0m[2m=[0mVec2(86.90909, 48.0) [3mcenter_dp[0m[2m=[0mVec2(435.81815, 344.7273)
10-02 18:28:32.023 18537 18559 I RustStdoutStderr: [2m2026-10-02T10:28:32.023753Z[0m [32m INFO[0m [2mmir2_platform_android::phone_quests[0m[2m:[0m ANDROID_PHONE_QUEST_CONTROL [3msize_dp[0m[2m=[0mVec2(86.90909, 48.0) [3mcenter_dp[0m[2m=[0mVec2(550.7273, 344.7273)
10-02 18:28:32.023 18537 18559 I RustStdoutStderr: [2m2026-10-02T10:28:32.023759Z[0m [32m INFO[0m [2mmir2_platform_android::phone_quests[0m[2m:[0m ANDROID_PHONE_QUEST_CONTROL [3msize_dp[0m[2m=[0mVec2(86.90909, 48.0) [3mcenter_dp[0m[2m=[0mVec2(645.63635, 344.7273)
10-02 18:28:32.023 18537 18559 I RustStdoutStderr: [2m2026-10-02T10:28:32.023765Z[0m [32m INFO[0m [2mmir2_platform_android::phone_quests[0m[2m:[0m ANDROID_PHONE_QUEST_CONTROL [3msize_dp[0m[2m=[0mVec2(192.0, 48.0) [3mcenter_dp[0m[2m=[0mVec2(393.4545, 290.54544)
10-02 18:28:32.023 18537 18559 I RustStdoutStderr: [2m2026-10-02T10:28:32.023772Z[0m [32m INFO[0m [2mmir2_platform_android::phone_quests[0m[2m:[0m ANDROID_PHONE_QUEST_CONTROL [3msize_dp[0m[2m=[0mVec2(191.63637, 48.0) [3mcenter_dp[0m[2m=[0mVec2(593.2727, 290.54544)
10-02 18:28:32.023 18537 18559 I RustStdoutStderr: [2m2026-10-02T10:28:32.023778Z[0m [32m INFO[0m [2mmir2_platform_android::phone_quests[0m[2m:[0m ANDROID_PHONE_QUEST_CONTROL [3msize_dp[0m[2m=[0mVec2(165.81818, 68.36364) [3mcenter_dp[0m[2m=[0mVec2(388.3636, 201.45454)
10-02 18:28:32.023 18537 18559 I RustStdoutStderr: [2m2026-10-02T10:28:32.023785Z[0m [32m INFO[0m [2mmir2_platform_android::phone_quests[0m[2m:[0m ANDROID_PHONE_QUEST_SCROLL [3msize_dp[0m[2m=[0mVec2(181.81818, 236.36363) [3mcontent_dp[0m[2m=[0mVec2(181.81818, 236.36363) [3moffset[0m[2m=[0mVec2(0.0, 0.0)
10-02 18:28:32.023 18537 18563 I event src/phone_hud.rs:173: ANDROID_PHONE_TEXT_LAYOUTfont = TextFont { font: SystemUi, font_size: Px(23.466667), weight: FontWeight(400), width: FontWidth(1.0), style: Normal, font_smoothing: AntiAliased, font_features: FontFeatures { features: [] }, font_variations: FontVariations { variations: [] } }; color = TextColor(Srgba(Srgba { red: 0.96, green: 0.85, blue: 0.61, alpha: 1.0 })); glyph_masks = [true, true, true, true];
10-02 18:28:32.023 18537 18559 I RustStdoutStderr: [2m2026-10-02T10:28:32.023900Z[0m [32m INFO[0m [2mmir2_platform_android::phone_hud[0m[2m:[0m ANDROID_PHONE_TEXT_LAYOUT [3mfont[0m[2m=[0mTextFont { font: SystemUi, font_size: Px(23.466667), weight: FontWeight(400), width: FontWidth(1.0), style: Normal, font_smoothing: AntiAliased, font_features: FontFeatures { features: [] }, font_variations: FontVariations { variations: [] } } [3mcolor[0m[2m=[0mTextColor(Srgba(Srgba { red: 0.96, green: 0.85, blue: 0.61, alpha: 1.0 })) [3mglyph_masks[0m[2m=[0m[true, true, true]
10-02 18:28:32.023 18537 18563 I event src/phone_hud.rs:173: ANDROID_PHONE_TEXT_LAYOUTfont = TextFont { font: SystemUi, font_size: Px(23.466667), weight: FontWeight(400), width: FontWidth(1.0), style: Normal, font_smoothing: AntiAliased, font_features: FontFeatures { features: [] }, font_variations: FontVariations { variations: [] } }; color = TextColor(Srgba(Srgba { red: 0.96, green: 0.85, blue: 0.61, alpha: 1.0 })); glyph_masks = [true, true, true];
10-02 18:28:32.023 18537 18559 I RustStdoutStderr: [2m2026-10-02T10:28:32.023914Z[0m [32m INFO[0m [2mmir2_platform_android::phone_hud[0m[2m:[0m ANDROID_PHONE_TEXT_LAYOUT [3mfont[0m[2m=[0mTextFont { font: SystemUi, font_size: Px(23.466667), weight: FontWeight(400), width: FontWidth(1.0), style: Normal, font_smoothing: AntiAliased, font_features: FontFeatures { features: [] }, font_variations: FontVariations { variations: [] } } [3mcolor[0m[2m=[0mTextColor(Srgba(Srgba { red: 0.98, green: 0.91, blue: 0.76, alpha: 1.0 })) [3mglyph_masks[0m[2m=[0m[true, true, true, true, true, true, true, true, true, true, true, true, true]
10-02 18:28:32.023 18537 18563 I event src/phone_hud.rs:173: ANDROID_PHONE_TEXT_LAYOUTfont = TextFont { font: SystemUi, font_size: Px(23.466667), weight: FontWeight(400), width: FontWidth(1.0), style: Normal, font_smoothing: AntiAliased, font_features: FontFeatures { features: [] }, font_variations: FontVariations { variations: [] } }; color = TextColor(Srgba(Srgba { red: 0.98, green: 0.91, blue: 0.76, alpha: 1.0 })); glyph_masks = [true, true, true, true, true, true, true, true, true, true, true, true, true];
10-02 18:28:32.023 18537 18559 I RustStdoutStderr: [2m2026-10-02T10:28:32.023926Z[0m [32m INFO[0m [2mmir2_platform_android::phone_hud[0m[2m:[0m ANDROID_PHONE_TEXT_LAYOUT [3mfont[0m[2m=[0mTextFont { font: SystemUi, font_size: Px(23.466667), weight: FontWeight(400), width: FontWidth(1.0), style: Normal, font_smoothing: AntiAliased, font_features: FontFeatures { features: [] }, font_variations: FontVariations { variations: [] } } [3mcolor[0m[2m=[0mTextColor(Srgba(Srgba { red: 0.96, green: 0.85, blue: 0.61, alpha: 1.0 })) [3mglyph_masks[0m[2m=[0m[true, true]
10-02 18:28:32.023 18537 18563 I event src/phone_hud.rs:173: ANDROID_PHONE_TEXT_LAYOUTfont = TextFont { font: SystemUi, font_size: Px(23.466667), weight: FontWeight(400), width: FontWidth(1.0), style: Normal, font_smoothing: AntiAliased, font_features: FontFeatures { features: [] }, font_variations: FontVariations { variations: [] } }; color = TextColor(Srgba(Srgba { red: 0.96, green: 0.85, blue: 0.61, alpha: 1.0 })); glyph_masks = [true, true];
10-02 18:28:32.024 18537 18564 I event src/phone_quests.rs:104: ANDROID_PHONE_QUEST_SCROLLsize_dp = Vec2(181.81818, 236.36363); content_dp = Vec2(181.81818, 236.36363); offset = Vec2(0.0, 0.0);
10-02 18:28:32.024 18537 18559 I RustStdoutStderr: [2m2026-10-02T10:28:32.023935Z[0m [32m INFO[0m [2mmir2_platform_android::phone_hud[0m[2m:[0m ANDROID_PHONE_TEXT_LAYOUT [3mfont[0m[2m=[0mTextFont { font: SystemUi, font_size: Px(23.466667), weight: FontWeight(400), width: FontWidth(1.0), style: Normal, font_smoothing: AntiAliased, font_features: FontFeatures { features: [] }, font_variations: FontVariations { variations: [] } } [3mcolor[0m[2m=[0mTextColor(Srgba(Srgba { red: 0.96, green: 0.85, blue: 0.61, alpha: 1.0 })) [3mglyph_masks[0m[2m=[0m[true, true, true, true]
10-02 18:28:32.024 18537 18563 I event src/phone_hud.rs:173: ANDROID_PHONE_TEXT_LAYOUTfont = TextFont { font: SystemUi, font_size: Px(23.466667), weight: FontWeight(400), width: FontWidth(1.0), style: Normal, font_smoothing: AntiAliased, font_features: FontFeatures { features: [] }, font_variations: FontVariations { variations: [] } }; color = TextColor(Srgba(Srgba { red: 0.96, green: 0.85, blue: 0.61, alpha: 1.0 })); glyph_masks = [true, true, true, true];
10-02 18:28:32.024 18537 18564 I event src/phone_quests.rs:104: ANDROID_PHONE_QUEST_SCROLLsize_dp = Vec2(181.81818, 236.36363); content_dp = Vec2(181.81818, 249.81818); offset = Vec2(0.0, 0.0);
10-02 18:28:32.024 18537 18564 I event src/phone_quests.rs:104: ANDROID_PHONE_QUEST_SCROLLsize_dp = Vec2(391.63635, 211.27272); content_dp = Vec2(391.63635, 211.27272); offset = Vec2(0.0, 0.0);
10-02 18:28:32.024 18537 18559 I RustStdoutStderr: [2m2026-10-02T10:28:32.024032Z[0m [32m INFO[0m [2mmir2_platform_android::phone_quests[0m[2m:[0m ANDROID_PHONE_QUEST_SCROLL [3msize_dp[0m[2m=[0mVec2(181.81818, 236.36363) [3mcontent_dp[0m[2m=[0mVec2(181.81818, 249.81818) [3moffset[0m[2m=[0mVec2(0.0, 0.0)
10-02 18:28:32.024 18537 18559 I RustStdoutStderr: [2m2026-10-02T10:28:32.024422Z[0m [32m INFO[0m [2mmir2_platform_android::phone_quests[0m[2m:[0m ANDROID_PHONE_QUEST_SCROLL [3msize_dp[0m[2m=[0mVec2(391.63635, 211.27272) [3mcontent_dp[0m[2m=[0mVec2(391.63635, 211.27272) [3moffset[0m[2m=[0mVec2(0.0, 0.0)
10-02 18:28:32.530 18537 18560 D EGL_emulation: app_time_stats: avg=12.73ms min=11.43ms max=18.24ms count=61
10-02 18:28:33.537 18537 18560 D EGL_emulation: app_time_stats: avg=12.56ms min=11.29ms max=22.68ms count=60
