completeSparse: accepted as expected
missingLibrary: rejected as expected
missingMetadata: rejected as expected
invalidMetadata: rejected as expected
duplicateMetadata: rejected as expected
missing471: rejected as expected
wrongMetadataPath: rejected as expected
fractionalIndex: rejected as expected
wrongGeometry: rejected as expected
negativeOffset: rejected as expected
missingPng: rejected as expected
truncatedPng: rejected as expected
dimensionMismatch: rejected as expected
oversizedHeader: rejected as expected
wrongSignature: rejected as expected
missingManifestEntry: rejected as expected
duplicateManifest: rejected as expected
wrongManifestPath: rejected as expected
manifestMetadataMismatch: rejected as expected
manifestCountMismatch: rejected as expected
{"passed":20,"total":20,"results":[{"name":"completeSparse","accepted":true,"status":0},{"name":"missingLibrary","accepted":false,"status":1},{"name":"missingMetadata","accepted":false,"status":1},{"name":"invalidMetadata","accepted":false,"status":1},{"name":"duplicateMetadata","accepted":false,"status":1},{"name":"missing471","accepted":false,"status":1},{"name":"wrongMetadataPath","accepted":false,"status":1},{"name":"fractionalIndex","accepted":false,"status":1},{"name":"wrongGeometry","accepted":false,"status":1},{"name":"negativeOffset","accepted":false,"status":1},{"name":"missingPng","accepted":false,"status":1},{"name":"truncatedPng","accepted":false,"status":1},{"name":"dimensionMismatch","accepted":false,"status":1},{"name":"oversizedHeader","accepted":false,"status":1},{"name":"wrongSignature","accepted":false,"status":1},{"name":"missingManifestEntry","accepted":false,"status":1},{"name":"duplicateManifest","accepted":false,"status":1},{"name":"wrongManifestPath","accepted":false,"status":1},{"name":"manifestMetadataMismatch","accepted":false,"status":1},{"name":"manifestCountMismatch","accepted":false,"status":1}],"fixtureRoot":"/Users/henryliu/obelisk/numeron-worktrees/android-shared-sync/mir2-web3/apps/game-client/platform-android/target/weight-frame-gate-1OtHhe","sourceUnchanged":true,"sourceIdentity":"432392752f3634b35af4062cd5446e46c98899dea5d85998ac9f92aff688a739","apkBuilt":false,"gradleOffline":true,"gameplayNetworkUsed":false,"networkTrafficObserved":false}
