--------- beginning of main
09-09 03:54:17.603 22079 22079 I .web3.uiprevie: Late-enabling -Xcheck:jni
09-09 03:54:18.018 22079 22079 D CompatibilityChangeReporter: Compat change id reported: 171979766; UID 10147; state: ENABLED
09-09 03:54:18.075 22079 22079 V GraphicsEnvironment: ANGLE Developer option for 'com.mir2.web3.uipreview' set to: 'default'
09-09 03:54:18.075 22079 22079 V GraphicsEnvironment: Neither updatable production driver nor prerelease driver is supported.
09-09 03:54:18.076 22079 22079 D NetworkSecurityConfig: No Network Security Config specified, using platform default
09-09 03:54:18.077 22079 22079 D NetworkSecurityConfig: No Network Security Config specified, using platform default
09-09 03:54:18.111 22079 22166 D libEGL  : loaded /vendor/lib64/egl/libEGL_emulation.so
09-09 03:54:18.128 22079 22166 D libEGL  : loaded /vendor/lib64/egl/libGLESv1_CM_emulation.so
09-09 03:54:18.130 22079 22166 D libEGL  : loaded /vendor/lib64/egl/libGLESv2_emulation.so
09-09 03:54:18.138 22079 22079 D AppCompatDelegate: Checking for metadata for AppLocalesMetadataHolderService : Service not found
09-09 03:54:18.151 22079 22079 D gti.InputConnection: InputConnection created
09-09 03:54:18.163 22079 22079 D gti.InputConnection: setEditorInfo
09-09 03:54:18.168 22079 22079 W .web3.uiprevie: Accessing hidden method Landroid/view/ViewGroup;->makeOptionalFitsSystemWindows()V (unsupported, reflection, allowed)
09-09 03:54:18.169 22079 22079 I GameActivity: Looking for library libmir2_platform_android.so
09-09 03:54:18.169 22079 22079 I GameActivity: Found library libmir2_platform_android.so. Loading...
09-09 03:54:18.174 22079 22079 D GameActivity: GameActivity_register
09-09 03:54:18.175 22079 22079 V GameActivity: Registering com/google/androidgamesdk/GameActivity's 24 native methods...
09-09 03:54:18.175 22079 22079 D GameActivity: SDK version: 31
09-09 03:54:18.175 22079 22079 I android-activity: Creating: Activity = 0x1696, saved state size = 0
09-09 03:54:18.177 22079 22079 V threaded_app: Creating: 0xb400006f4a21deb0
09-09 03:54:18.177 22079 22079 V threaded_app: Callbacks set: 0xb400006f4a21df00
09-09 03:54:18.177 22079 22079 V threaded_app: Launching android_app_entry in a thread
09-09 03:54:18.177 22079 22172 V threaded_app: android_app_entry called
09-09 03:54:18.177 22079 22172 V threaded_app: android_app = 0xb400006f2a2283d0
09-09 03:54:18.177 22079 22172 V threaded_app: config = 0xb400006e9a23bb20
09-09 03:54:18.177 22079 22172 V threaded_app: activity = 0xb400006f4a21deb0
09-09 03:54:18.177 22079 22172 V threaded_app: assetmanager = 0xb400006f4a215530
09-09 03:54:18.177 22079 22172 V threaded_app: Config: mcc=310 mnc=260 lang=en cnt=US orien=2 touch=3 dens=440 keys=2 nav=2 keysHid=1 navHid=0 sdk=31 size=2 long=2 modetype=1 modenight=1
09-09 03:54:18.197 22079 22172 D HostConnection: createUnique: call
09-09 03:54:18.198 22079 22172 D HostConnection: HostConnection::get() New Host Connection established 0xb400006eea220b10, tid 22172
09-09 03:54:18.200 22079 22172 D HostConnection: HostComposition ext ANDROID_EMU_CHECKSUM_HELPER_v1 ANDROID_EMU_native_sync_v2 ANDROID_EMU_native_sync_v3 ANDROID_EMU_native_sync_v4 ANDROID_EMU_dma_v1 ANDROID_EMU_direct_mem ANDROID_EMU_host_composition_v1 ANDROID_EMU_host_composition_v2 ANDROID_EMU_vulkan ANDROID_EMU_deferred_vulkan_commands ANDROID_EMU_vulkan_null_optional_strings ANDROID_EMU_vulkan_create_resources_with_requirements ANDROID_EMU_YUV_Cache ANDROID_EMU_vulkan_ignored_handles ANDROID_EMU_has_shared_slots_host_memory_allocator ANDROID_EMU_vulkan_free_memory_sync ANDROID_EMU_vulkan_shader_float16_int8 ANDROID_EMU_vulkan_async_queue_submit ANDROID_EMU_vulkan_queue_submit_with_commands ANDROID_EMU_sync_buffer_data ANDROID_EMU_read_color_buffer_dma GL_OES_EGL_image_external_essl3 GL_OES_vertex_array_object GL_KHR_texture_compression_astc_ldr ANDROID_EMU_host_side_tracing ANDROID_EMU_gles_max_version_3_0
09-09 03:54:18.203 22079 22172 D vulkan  : searching for layers in '/data/app/~~BigBytobNMav-sk---TgrA==/com.mir2.web3.uipreview-HQUowdlr1zGpEgti14YomA==/lib/arm64'
09-09 03:54:18.204 22079 22172 D vulkan  : searching for layers in '/data/app/~~BigBytobNMav-sk---TgrA==/com.mir2.web3.uipreview-HQUowdlr1zGpEgti14YomA==/base.apk!/lib/arm64-v8a'
09-09 03:54:18.214 22079 22172 D goldfish_vulkan: on_vkEnumerateDeviceExtensionProperties: host has ext semaphore? win32 0 posix 0
09-09 03:54:18.214 22079 22172 D goldfish_vulkan: on_vkEnumerateDeviceExtensionProperties: host has ext semaphore? win32 0 posix 0
09-09 03:54:18.214 22079 22172 D goldfish_vulkan: on_vkEnumerateDeviceExtensionProperties: host has ext semaphore? win32 0 posix 0
09-09 03:54:18.215 22079 22172 D goldfish_vulkan: on_vkEnumerateDeviceExtensionProperties: host has ext semaphore? win32 0 posix 0
09-09 03:54:18.218 22079 22171 I RustStdoutStderr: [2m2026-09-08T19:54:18.218742Z[0m [32m INFO[0m [2mbevy_render::renderer[0m[2m:[0m AdapterInfo { name: "SwiftShader Device (LLVM 10.0.0)", vendor: 6880, device: 49374, device_type: Cpu, device_pci_bus_id: "", driver: "?", driver_info: "?", backend: Vulkan, subgroup_min_size: 4, subgroup_max_size: 128, transient_saves_memory: false }
09-09 03:54:18.218 22079 22172 I event /Users/henryliu/.cargo/registry/src/index.crates.io-1949cf8c6b5b557f/bevy_render-0.19.0/AdapterInfo { name: "SwiftShader Device (LLVM 10.0.0)", vendor: 6880, device: 49374, device_type: Cpu, device_pci_bus_id: "", driver: "?", driver_info: "?", backend: Vulkan, subgroup_min_size: 4, subgroup_max_size: 128, transient_saves_memory: false }
09-09 03:54:18.218 22079 22171 I RustStdoutStderr: [2m2026-09-08T19:54:18.218821Z[0m [33m WARN[0m [2mbevy_render::renderer[0m[2m:[0m The selected adapter is using a driver that only supports software rendering. This is likely to be very slow. See https://bevy.org/learn/errors/b0006/
09-09 03:54:18.218 22079 22172 W event /Users/henryliu/.cargo/registry/src/index.crates.io-1949cf8c6b5b557f/bevy_render-0.19.0/The selected adapter is using a driver that only supports software rendering. This is likely to be very slow. See https://bevy.org/learn/errors/b0006/
09-09 03:54:18.218 22079 22172 D goldfish_vulkan: on_vkEnumerateDeviceExtensionProperties: host has ext semaphore? win32 0 posix 0
09-09 03:54:18.219 22079 22172 D goldfish_vulkan: on_vkEnumerateDeviceExtensionProperties: host has ext semaphore? win32 0 posix 0
09-09 03:54:18.219 22079 22172 D goldfish_vulkan: on_vkEnumerateDeviceExtensionProperties: host has ext semaphore? win32 0 posix 0
09-09 03:54:18.219 22079 22172 D goldfish_vulkan: on_vkEnumerateDeviceExtensionProperties: host has ext semaphore? win32 0 posix 0
09-09 03:54:18.219 22079 22172 D goldfish_vulkan: on_vkEnumerateDeviceExtensionProperties: host has ext semaphore? win32 0 posix 0
09-09 03:54:18.219 22079 22172 D goldfish_vulkan: on_vkEnumerateDeviceExtensionProperties: host has ext semaphore? win32 0 posix 0
09-09 03:54:18.230 22079 22079 V GameActivity: onStart_native
09-09 03:54:18.230 22079 22079 V threaded_app: Start: 0xb400006f4a21deb0
09-09 03:54:18.288 22079 22172 D goldfish-address-space: allocate: Ask for block of size 0x4000000
09-09 03:54:18.288 22079 22172 D goldfish-address-space: allocate: ioctl allocate returned offset 0x1e3ff8000 size 0x4004000
09-09 03:54:18.485 22079 22172 I event /Users/henryliu/.cargo/registry/src/index.crates.io-1949cf8c6b5b557f/bevy_render-0.19.0/Some GPU preprocessing are limited on this device.
09-09 03:54:18.485 22079 22171 I RustStdoutStderr: [2m2026-09-08T19:54:18.485545Z[0m [32m INFO[0m [2mbevy_render::batching::gpu_preprocessing[0m[2m:[0m Some GPU preprocessing are limited on this device.
09-09 03:54:18.498 22079 22172 V threaded_app: activityState=11
09-09 03:54:18.498 22079 22171 I RustStdoutStderr: [2m2026-09-08T19:54:18.498306Z[0m [33m WARN[0m [2mwinit::platform_impl::android[0m[2m:[0m TODO: forward onStart notification to application
09-09 03:54:18.499 22079 22172 W event /Users/henryliu/.cargo/registry/src/index.crates.io-1949cf8c6b5b557f/winit-0.30.13/src/pTODO: forward onStart notification to application
09-09 03:54:18.500 22079 22079 V threaded_app: Resume: 0xb400006f4a21deb0
09-09 03:54:18.500 22079 22172 V threaded_app: activityState=12
09-09 03:54:18.501 22079 22176 D HostConnection: createUnique: call
09-09 03:54:18.501 22079 22176 D HostConnection: HostConnection::get() New Host Connection established 0xb400006eea237f10, tid 22176
09-09 03:54:18.502 22079 22176 D HostConnection: HostComposition ext ANDROID_EMU_CHECKSUM_HELPER_v1 ANDROID_EMU_native_sync_v2 ANDROID_EMU_native_sync_v3 ANDROID_EMU_native_sync_v4 ANDROID_EMU_dma_v1 ANDROID_EMU_direct_mem ANDROID_EMU_host_composition_v1 ANDROID_EMU_host_composition_v2 ANDROID_EMU_vulkan ANDROID_EMU_deferred_vulkan_commands ANDROID_EMU_vulkan_null_optional_strings ANDROID_EMU_vulkan_create_resources_with_requirements ANDROID_EMU_YUV_Cache ANDROID_EMU_vulkan_ignored_handles ANDROID_EMU_has_shared_slots_host_memory_allocator ANDROID_EMU_vulkan_free_memory_sync ANDROID_EMU_vulkan_shader_float16_int8 ANDROID_EMU_vulkan_async_queue_submit ANDROID_EMU_vulkan_queue_submit_with_commands ANDROID_EMU_sync_buffer_data ANDROID_EMU_read_color_buffer_dma GL_OES_EGL_image_external_essl3 GL_OES_vertex_array_object GL_KHR_texture_compression_astc_ldr ANDROID_EMU_host_side_tracing ANDROID_EMU_gles_max_version_3_0
09-09 03:54:18.504 22079 22177 D HostConnection: createUnique: call
09-09 03:54:18.505 22079 22177 D HostConnection: HostConnection::get() New Host Connection established 0xb400006eea229a50, tid 22177
09-09 03:54:18.508 22079 22177 D HostConnection: HostComposition ext ANDROID_EMU_CHECKSUM_HELPER_v1 ANDROID_EMU_native_sync_v2 ANDROID_EMU_native_sync_v3 ANDROID_EMU_native_sync_v4 ANDROID_EMU_dma_v1 ANDROID_EMU_direct_mem ANDROID_EMU_host_composition_v1 ANDROID_EMU_host_composition_v2 ANDROID_EMU_vulkan ANDROID_EMU_deferred_vulkan_commands ANDROID_EMU_vulkan_null_optional_strings ANDROID_EMU_vulkan_create_resources_with_requirements ANDROID_EMU_YUV_Cache ANDROID_EMU_vulkan_ignored_handles ANDROID_EMU_has_shared_slots_host_memory_allocator ANDROID_EMU_vulkan_free_memory_sync ANDROID_EMU_vulkan_shader_float16_int8 ANDROID_EMU_vulkan_async_queue_submit ANDROID_EMU_vulkan_queue_submit_with_commands ANDROID_EMU_sync_buffer_data ANDROID_EMU_read_color_buffer_dma GL_OES_EGL_image_external_essl3 GL_OES_vertex_array_object GL_KHR_texture_compression_astc_ldr ANDROID_EMU_host_side_tracing ANDROID_EMU_gles_max_version_3_0
09-09 03:54:18.520 22079 22183 D HostConnection: createUnique: call
09-09 03:54:18.520 22079 22183 D HostConnection: HostConnection::get() New Host Connection established 0xb400006eea239950, tid 22183
09-09 03:54:18.521 22079 22175 D HostConnection: createUnique: call
09-09 03:54:18.521 22079 22175 D HostConnection: HostConnection::get() New Host Connection established 0xb400006eea23b8d0, tid 22175
09-09 03:54:18.525 22079 22175 D HostConnection: HostComposition ext ANDROID_EMU_CHECKSUM_HELPER_v1 ANDROID_EMU_native_sync_v2 ANDROID_EMU_native_sync_v3 ANDROID_EMU_native_sync_v4 ANDROID_EMU_dma_v1 ANDROID_EMU_direct_mem ANDROID_EMU_host_composition_v1 ANDROID_EMU_host_composition_v2 ANDROID_EMU_vulkan ANDROID_EMU_deferred_vulkan_commands ANDROID_EMU_vulkan_null_optional_strings ANDROID_EMU_vulkan_create_resources_with_requirements ANDROID_EMU_YUV_Cache ANDROID_EMU_vulkan_ignored_handles ANDROID_EMU_has_shared_slots_host_memory_allocator ANDROID_EMU_vulkan_free_memory_sync ANDROID_EMU_vulkan_shader_float16_int8 ANDROID_EMU_vulkan_async_queue_submit ANDROID_EMU_vulkan_queue_submit_with_commands ANDROID_EMU_sync_buffer_data ANDROID_EMU_read_color_buffer_dma GL_OES_EGL_image_external_essl3 GL_OES_vertex_array_object GL_KHR_texture_compression_astc_ldr ANDROID_EMU_host_side_tracing ANDROID_EMU_gles_max_version_3_0
09-09 03:54:18.525 22079 22183 D HostConnection: HostComposition ext ANDROID_EMU_CHECKSUM_HELPER_v1 ANDROID_EMU_native_sync_v2 ANDROID_EMU_native_sync_v3 ANDROID_EMU_native_sync_v4 ANDROID_EMU_dma_v1 ANDROID_EMU_direct_mem ANDROID_EMU_host_composition_v1 ANDROID_EMU_host_composition_v2 ANDROID_EMU_vulkan ANDROID_EMU_deferred_vulkan_commands ANDROID_EMU_vulkan_null_optional_strings ANDROID_EMU_vulkan_create_resources_with_requirements ANDROID_EMU_YUV_Cache ANDROID_EMU_vulkan_ignored_handles ANDROID_EMU_has_shared_slots_host_memory_allocator ANDROID_EMU_vulkan_free_memory_sync ANDROID_EMU_vulkan_shader_float16_int8 ANDROID_EMU_vulkan_async_queue_submit ANDROID_EMU_vulkan_queue_submit_with_commands ANDROID_EMU_sync_buffer_data ANDROID_EMU_read_color_buffer_dma GL_OES_EGL_image_external_essl3 GL_OES_vertex_array_object GL_KHR_texture_compression_astc_ldr ANDROID_EMU_host_side_tracing ANDROID_EMU_gles_max_version_3_0
09-09 03:54:18.528 22079 22079 V GameActivity: onImeInsetsChanged from Text Listener
09-09 03:54:18.528 22079 22079 V threaded_app: WindowInsetsChanged: 0xb400006f4a21deb0
09-09 03:54:18.529 22079 22171 I RustStdoutStderr: [2m2026-09-08T19:54:18.529075Z[0m [33m WARN[0m [2mwinit::platform_impl::android[0m[2m:[0m TODO: handle Android InsetsChanged notification
09-09 03:54:18.529 22079 22172 W event /Users/henryliu/.cargo/registry/src/index.crates.io-1949cf8c6b5b557f/winit-0.30.13/src/pTODO: handle Android InsetsChanged notification
09-09 03:54:18.538 22079 22079 V GameActivity: onImeInsetsChanged from Text Listener
09-09 03:54:18.539 22079 22079 V threaded_app: WindowInsetsChanged: 0xb400006f4a21deb0
09-09 03:54:18.539 22079 22172 W event /Users/henryliu/.cargo/registry/src/index.crates.io-1949cf8c6b5b557f/winit-0.30.13/src/pTODO: handle Android InsetsChanged notification
09-09 03:54:18.539 22079 22171 I RustStdoutStderr: [2m2026-09-08T19:54:18.539227Z[0m [33m WARN[0m [2mwinit::platform_impl::android[0m[2m:[0m TODO: handle Android InsetsChanged notification
09-09 03:54:18.540 22079 22158 D HostConnection: createUnique: call
09-09 03:54:18.540 22079 22158 D HostConnection: HostConnection::get() New Host Connection established 0xb400006eea23b990, tid 22158
09-09 03:54:18.542 22079 22158 D HostConnection: HostComposition ext ANDROID_EMU_CHECKSUM_HELPER_v1 ANDROID_EMU_native_sync_v2 ANDROID_EMU_native_sync_v3 ANDROID_EMU_native_sync_v4 ANDROID_EMU_dma_v1 ANDROID_EMU_direct_mem ANDROID_EMU_host_composition_v1 ANDROID_EMU_host_composition_v2 ANDROID_EMU_vulkan ANDROID_EMU_deferred_vulkan_commands ANDROID_EMU_vulkan_null_optional_strings ANDROID_EMU_vulkan_create_resources_with_requirements ANDROID_EMU_YUV_Cache ANDROID_EMU_vulkan_ignored_handles ANDROID_EMU_has_shared_slots_host_memory_allocator ANDROID_EMU_vulkan_free_memory_sync ANDROID_EMU_vulkan_shader_float16_int8 ANDROID_EMU_vulkan_async_queue_submit ANDROID_EMU_vulkan_queue_submit_with_commands ANDROID_EMU_sync_buffer_data ANDROID_EMU_read_color_buffer_dma GL_OES_EGL_image_external_essl3 GL_OES_vertex_array_object GL_KHR_texture_compression_astc_ldr ANDROID_EMU_host_side_tracing ANDROID_EMU_gles_max_version_3_0
09-09 03:54:18.542 22079 22079 V threaded_app: ContentRectChanged: 0xb400006f4a21deb0 -- (0 0) (2340 1080)
09-09 03:54:18.542 22079 22172 W event /Users/henryliu/.cargo/registry/src/index.crates.io-1949cf8c6b5b557f/winit-0.30.13/src/pTODO: find a way to notify application of content rect change
09-09 03:54:18.543 22079 22171 I RustStdoutStderr: [2m2026-09-08T19:54:18.542818Z[0m [33m WARN[0m [2mwinit::platform_impl::android[0m[2m:[0m TODO: find a way to notify application of content rect change
09-09 03:54:18.546 22079 22079 V GameActivity: onSurfaceCreated_native
09-09 03:54:18.546 22079 22079 V threaded_app: NativeWindowCreated: 0xb400006f4a21deb0 -- 0xb400006fda3b3670
09-09 03:54:18.546 22079 22079 V threaded_app: android_app_set_window called
09-09 03:54:18.546 22079 22172 V threaded_app: APP_CMD_INIT_WINDOW
09-09 03:54:18.546 22079 22172 I event /Users/henryliu/.cargo/registry/src/index.crates.io-1949cf8c6b5b557f/bevy_winit-0.19.0/sCreating new window mir2-web3 (android) (99v0)
09-09 03:54:18.547 22079 22079 V threaded_app: NativeWindowResized: 0xb400006f4a21deb0 -- 0xb400006fda3b3670 ( 2340 x 1080 )
09-09 03:54:18.547 22079 22079 V threaded_app: NativeWindowRedrawNeeded: 0xb400006f4a21deb0 -- 0xb400006fda3b3670
09-09 03:54:18.547 22079 22171 I RustStdoutStderr: [2m2026-09-08T19:54:18.546888Z[0m [32m INFO[0m [2mbevy_winit::system[0m[2m:[0m Creating new window mir2-web3 (android) (99v0)
09-09 03:54:18.550 22079 22158 W OpenGLRenderer: Failed to choose config with EGL_SWAP_BEHAVIOR_PRESERVED, retrying without...
09-09 03:54:18.551 22079 22158 W OpenGLRenderer: Failed to initialize 101010-2 format, error = EGL_SUCCESS
09-09 03:54:18.552 22079 22158 D EGL_emulation: eglCreateContext: 0xb400006eea23b510: maj 3 min 0 rcv 3
09-09 03:54:18.554 22079 22158 D EGL_emulation: eglMakeCurrent: 0xb400006eea23b510: ver 3 0 (tinfo 0x710f5a0300) (first time)
09-09 03:54:18.571 22079 22158 I Gralloc4: mapper 4.x is not supported
09-09 03:54:18.572 22079 22158 D HostConnection: createUnique: call
09-09 03:54:18.572 22079 22158 D HostConnection: HostConnection::get() New Host Connection established 0xb400006eea23df10, tid 22158
09-09 03:54:18.572 22079 22158 D goldfish-address-space: allocate: Ask for block of size 0x100
09-09 03:54:18.573 22079 22158 D goldfish-address-space: allocate: ioctl allocate returned offset 0x1e3ff0000 size 0x8000
09-09 03:54:18.574 22079 22158 W Gralloc4: allocator 4.x is not supported
09-09 03:54:18.575 22079 22176 W log event: time_system did not receive the time from the render world! Calculations depending on the time may be incorrect.log.target = "bevy_time"; log.module_path = "bevy_time"; log.file = "/Users/henryliu/.cargo/registry/src/index.crates.io-1949cf8c6b5b557f/bevy_time-0.19.0/src/lib.rs"; log.line = 164;
09-09 03:54:18.575 22079 22171 I RustStdoutStderr: [2m2026-09-08T19:54:18.575358Z[0m [33m WARN[0m [2mbevy_time[0m[2m:[0m time_system did not receive the time from the render world! Calculations depending on the time may be incorrect.
09-09 03:54:18.578 22079 22158 D HostConnection: HostComposition ext ANDROID_EMU_CHECKSUM_HELPER_v1 ANDROID_EMU_native_sync_v2 ANDROID_EMU_native_sync_v3 ANDROID_EMU_native_sync_v4 ANDROID_EMU_dma_v1 ANDROID_EMU_direct_mem ANDROID_EMU_host_composition_v1 ANDROID_EMU_host_composition_v2 ANDROID_EMU_vulkan ANDROID_EMU_deferred_vulkan_commands ANDROID_EMU_vulkan_null_optional_strings ANDROID_EMU_vulkan_create_resources_with_requirements ANDROID_EMU_YUV_Cache ANDROID_EMU_vulkan_ignored_handles ANDROID_EMU_has_shared_slots_host_memory_allocator ANDROID_EMU_vulkan_free_memory_sync ANDROID_EMU_vulkan_shader_float16_int8 ANDROID_EMU_vulkan_async_queue_submit ANDROID_EMU_vulkan_queue_submit_with_commands ANDROID_EMU_sync_buffer_data ANDROID_EMU_read_color_buffer_dma GL_OES_EGL_image_external_essl3 GL_OES_vertex_array_object GL_KHR_texture_compression_astc_ldr ANDROID_EMU_host_side_tracing ANDROID_EMU_gles_max_version_3_0
09-09 03:54:18.623 22079 22079 V threaded_app: WindowFocusChanged: 0xb400006f4a21deb0 -- 1
09-09 03:54:18.639 22079 22079 V GameActivity: onImeInsetsChanged from Text Listener
09-09 03:54:18.640 22079 22079 V threaded_app: WindowInsetsChanged: 0xb400006f4a21deb0
09-09 03:54:19.311 22079 22172 I event src/ui_preview.rs:172: ANDROID_UI_PREVIEW_READY scene=death
09-09 03:54:19.311 22079 22171 I RustStdoutStderr: [2m2026-09-08T19:54:19.311440Z[0m [32m INFO[0m [2mmir2_platform_android::ui_preview[0m[2m:[0m ANDROID_UI_PREVIEW_READY scene=death
09-09 03:54:19.548 22079 22171 I RustStdoutStderr: [2m2026-09-08T19:54:19.548423Z[0m [33m WARN[0m [2mwinit::platform_impl::android[0m[2m:[0m TODO: handle Android InsetsChanged notification
09-09 03:54:19.548 22079 22172 W event /Users/henryliu/.cargo/registry/src/index.crates.io-1949cf8c6b5b557f/winit-0.30.13/src/pTODO: handle Android InsetsChanged notification
09-09 03:54:24.258 22079 22193 D ProfileInstaller: Installing profile for com.mir2.web3.uipreview
09-09 03:54:27.047 22079 22177 I event src/mobile_ui.rs:260: ANDROID_UI_PREVIEW_INTENT townRevive (queued only, no server)
09-09 03:54:27.047 22079 22171 I RustStdoutStderr: [2m2026-09-08T19:54:27.047027Z[0m [32m INFO[0m [2mmir2_platform_android::mobile_ui[0m[2m:[0m ANDROID_UI_PREVIEW_INTENT townRevive (queued only, no server)
09-09 03:54:27.055 22079 22171 I RustStdoutStderr: [2m2026-09-08T19:54:27.055642Z[0m [31mERROR[0m [2mbevy_winit::system[0m[2m:[0m could not set cursor position: the requested operation is not supported by Winit
09-09 03:54:27.055 22079 22172 E event /Users/henryliu/.cargo/registry/src/index.crates.io-1949cf8c6b5b557f/bevy_winit-0.19.0/scould not set cursor position: the requested operation is not supported by Winit
