warning: unnecessary parentheses around function argument
   --> src\crystal_ui\hero_dialog_render.rs:210:21
    |
210 |                     (32. / 3.),
    |                     ^        ^
    |
    = note: `#[warn(unused_parens)]` (part of `#[warn(unused)]`) on by default
help: remove these parentheses
    |
210 -                     (32. / 3.),
210 +                     32. / 3. ,
    |

warning: unnecessary parentheses around function argument
   --> src\crystal_ui\hero_dialog_render.rs:414:29
    |
414 | ...                   (32. / 3.),
    |                       ^        ^
    |
help: remove these parentheses
    |
414 -                             (32. / 3.),
414 +                             32. / 3. ,
    |

warning: unnecessary parentheses around function argument
   --> src\crystal_ui\hero_dialog_render.rs:421:29
    |
421 | ...                   (32. / 3.),
    |                       ^        ^
    |
help: remove these parentheses
    |
421 -                             (32. / 3.),
421 +                             32. / 3. ,
    |

warning: unnecessary parentheses around function argument
   --> src\crystal_ui\hero_dialog_render.rs:476:25
    |
476 |                         (32. / 3.),
    |                         ^        ^
    |
help: remove these parentheses
    |
476 -                         (32. / 3.),
476 +                         32. / 3. ,
    |

warning: unnecessary parentheses around function argument
   --> src\crystal_ui\hero_dialog_render.rs:695:33
    |
695 | ...                   (32. / 3.),
    |                       ^        ^
    |
help: remove these parentheses
    |
695 -                                 (32. / 3.),
695 +                                 32. / 3. ,
    |

warning: unnecessary parentheses around function argument
   --> src\crystal_ui\hero_dialog_render.rs:702:33
    |
702 | ...                   (32. / 3.),
    |                       ^        ^
    |
help: remove these parentheses
    |
702 -                                 (32. / 3.),
702 +                                 32. / 3. ,
    |

warning: unnecessary parentheses around function argument
   --> src\crystal_ui\hero_dialog_render.rs:715:33
    |
715 | ...                   (32. / 3.),
    |                       ^        ^
    |
help: remove these parentheses
    |
715 -                                 (32. / 3.),
715 +                                 32. / 3. ,
    |

warning: unnecessary parentheses around function argument
   --> src\crystal_ui\hero_dialog_render.rs:727:33
    |
727 | ...                   (32. / 3.),
    |                       ^        ^
    |
help: remove these parentheses
    |
727 -                                 (32. / 3.),
727 +                                 32. / 3. ,
    |

warning: unnecessary parentheses around function argument
   --> src\crystal_ui\hero_dialog_render.rs:831:29
    |
831 | ...                   (32. / 3.),
    |                       ^        ^
    |
help: remove these parentheses
    |
831 -                             (32. / 3.),
831 +                             32. / 3. ,
    |

warning: unused imports: `GAME_SHOP_QUANTITY_MAX` and `GAME_SHOP_QUANTITY_MIN`
  --> src\crystal_ui\overlays.rs:46:58
   |
46 |     GameShopModel, GameShopPaymentType, GameShopRequest, GAME_SHOP_QUANTITY_MAX,
   |                                                          ^^^^^^^^^^^^^^^^^^^^^^
47 |     GAME_SHOP_QUANTITY_MIN,
   |     ^^^^^^^^^^^^^^^^^^^^^^
   |
   = note: `#[warn(unused_imports)]` (part of `#[warn(unused)]`) on by default

warning: unused import: `item_icon_path`
  --> src\crystal_ui\overlays.rs:49:51
   |
49 | use crate::inventory::{concrete_item_image_index, item_icon_path, InventoryModel, ItemModel};
   |                                                   ^^^^^^^^^^^^^^

warning: unused import: `persist_skill_bindings_if_changed`
  --> src\crystal_ui\overlays.rs:72:5
   |
72 |     persist_skill_bindings_if_changed, SkillBindingPersistenceRuntime,
   |     ^^^^^^^^^^^^^^^^^^^^^^^^^^^^^^^^^

warning: unused imports: `GAME_SHOP_CELL_SIZE`, `GAME_SHOP_COLUMN_STEP`, `GAME_SHOP_GRID_ORIGIN`, `GAME_SHOP_PAGE_COLUMNS`, `GAME_SHOP_ROW_STEP`, and `SKILL_ROW_SIZE`
   --> src\crystal_ui\overlays.rs:114:5
    |
114 |     GAME_SHOP_CELL_SIZE, GAME_SHOP_COLUMN_STEP, GAME_SHOP_GRID_ORIGIN, GAME_SHOP_PAGE_COLUMNS,
    |     ^^^^^^^^^^^^^^^^^^^  ^^^^^^^^^^^^^^^^^^^^^  ^^^^^^^^^^^^^^^^^^^^^  ^^^^^^^^^^^^^^^^^^^^^^
115 |     GAME_SHOP_PAGE_SIZE as CRYSTAL_GAME_SHOP_PAGE_SIZE, GAME_SHOP_PANEL_SIZE, GAME_SHOP_ROW_STEP,
    |                                                                               ^^^^^^^^^^^^^^^^^^
...
122 |     SKILL_PAGE_SIZE, SKILL_PANEL_SIZE, SKILL_ROW_ORIGIN, SKILL_ROW_SIZE,
    |                                                          ^^^^^^^^^^^^^^

warning: unnecessary parentheses around method argument
   --> src\crystal_ui\social_bond_dialog_render.rs:191:21
    |
191 |                     (Node {
    |                     ^
...
200 |                     }),
    |                      ^
    |
help: remove these parentheses
    |
191 ~                     Node {
192 |                         position_type: PositionType::Absolute,
...
199 |                         ..default()
200 ~                     } ,
    |

warning: unnecessary parentheses around `if` condition
    --> src\crystal_ui\overlays.rs:7655:8
     |
7655 |     if (keyboard_dialog::host::triggered(&state.keyboard, &keys, "Inventory")
     |        ^
7656 |         || keyboard_dialog::host::triggered(&state.keyboard, &keys, "Inventory2"))
     |                                                                                  ^
     |
help: remove these parentheses
     |
7655 ~     if keyboard_dialog::host::triggered(&state.keyboard, &keys, "Inventory")
7656 ~         || keyboard_dialog::host::triggered(&state.keyboard, &keys, "Inventory2")
     |

warning: variable does not need to be mutable
   --> src\crystal_ui\mail_editor_tests.rs:110:9
    |
110 |     let mut draft = draft("abcd");
    |         ----^^^^^
    |         |
    |         help: remove this `mut`
    |
    = note: `#[warn(unused_mut)]` (part of `#[warn(unused)]`) on by default

warning: variable does not need to be mutable
   --> src\crystal_ui\mail_editor_tests.rs:155:9
    |
155 |     let mut draft = draft("letter body");
    |         ----^^^^^
    |         |
    |         help: remove this `mut`

warning: variable does not need to be mutable
   --> src\crystal_ui\mail_editor_tests.rs:172:9
    |
172 |     let mut draft = draft(&message);
    |         ----^^^^^
    |         |
    |         help: remove this `mut`

warning: variable does not need to be mutable
    --> src\crystal_ui\overlays.rs:1180:5
     |
1180 |     mut pending: ResMut<PendingOperations>,
     |     ----^^^^^^^
     |     |
     |     help: remove this `mut`

warning: variable does not need to be mutable
    --> src\crystal_ui\overlays.rs:6788:17
     |
6788 |         skills: mut skills,
     |                 ----^^^^^^
     |                 |
     |                 help: remove this `mut`

warning: variable does not need to be mutable
    --> src\crystal_ui\overlays.rs:6789:28
     |
6789 |         skill_persistence: mut skill_persistence,
     |                            ----^^^^^^^^^^^^^^^^^
     |                            |
     |                            help: remove this `mut`

warning: unused variable: `skill_persistence`
    --> src\crystal_ui\overlays.rs:6789:28
     |
6789 |         skill_persistence: mut skill_persistence,
     |                            ^^^^^^^^^^^^^^^^^^^^^ help: if this is intentional, prefix it with an underscore: `_skill_persistence`
     |
     = note: `#[warn(unused_variables)]` (part of `#[warn(unused)]`) on by default

warning: unused variable: `social`
    --> src\crystal_ui\overlays.rs:7224:18
     |
7224 |         let Some(social) = social.as_deref_mut() else {
     |                  ^^^^^^ help: if this is intentional, prefix it with an underscore: `_social`

warning: variable does not need to be mutable
    --> src\crystal_ui\overlays.rs:7908:25
     |
7908 |                 skills: mut skills,
     |                         ----^^^^^^
     |                         |
     |                         help: remove this `mut`

warning: variable does not need to be mutable
    --> src\crystal_ui\overlays.rs:7909:36
     |
7909 |                 skill_persistence: mut skill_persistence,
     |                                    ----^^^^^^^^^^^^^^^^^
     |                                    |
     |                                    help: remove this `mut`

warning: unused variable: `combat_target`
    --> src\crystal_ui\overlays.rs:7893:5
     |
7893 |     combat_target: Option<Res<crate::quest_model::CombatTargetModel>>,
     |     ^^^^^^^^^^^^^ help: if this is intentional, prefix it with an underscore: `_combat_target`

warning: unused variable: `skill_persistence`
    --> src\crystal_ui\overlays.rs:7909:36
     |
7909 |                 skill_persistence: mut skill_persistence,
     |                                    ^^^^^^^^^^^^^^^^^^^^^ help: if this is intentional, prefix it with an underscore: `_skill_persistence`

warning: unused variable: `skill_binding`
     --> src\crystal_ui\overlays.rs:11284:9
      |
11284 |         skill_binding,
      |         ^^^^^^^^^^^^^ help: try ignoring the field: `skill_binding: _`

warning: unused variable: `skill_persistence`
     --> src\crystal_ui\overlays.rs:11285:9
      |
11285 |         skill_persistence,
      |         ^^^^^^^^^^^^^^^^^ help: try ignoring the field: `skill_persistence: _`

warning: unused variable: `inventory`
     --> src\crystal_ui\overlays.rs:15403:5
      |
15403 |     inventory: &InventoryModel,
      |     ^^^^^^^^^ help: if this is intentional, prefix it with an underscore: `_inventory`

warning: unused variable: `state`
     --> src\crystal_ui\overlays.rs:15404:5
      |
15404 |     state: &NativePlayerUiState,
      |     ^^^^^ help: if this is intentional, prefix it with an underscore: `_state`

warning: unused variable: `compose_ui`
     --> src\crystal_ui\overlays.rs:15405:5
      |
15405 |     compose_ui: &MailComposeUi,
      |     ^^^^^^^^^^ help: if this is intentional, prefix it with an underscore: `_compose_ui`

warning: variable does not need to be mutable
   --> src\crystal_ui\mail_parcel_tests.rs:212:9
    |
212 |     let mut state = NativePlayerUiState::default();
    |         ----^^^^^
    |         |
    |         help: remove this `mut`

warning: unused variable: `nearby`
    --> src\quest_ui.rs:1926:5
     |
1926 |     nearby: Option<Res<NearbyNpcModel>>,
     |     ^^^^^^ help: if this is intentional, prefix it with an underscore: `_nearby`

warning: type `overlays::OverlayInventory` is more private than the item `render_order`
    --> src\crystal_ui\hero_cross_inventory.rs:290:1
     |
 290 | / pub fn render_order(
 291 | |     mut commands: Commands,
 292 | |     state: Res<NativePlayerUiState>,
 293 | |     panels: Query<Entity, With<OverlayInventory>>,
 294 | | ) {
     | |_^ function `render_order` is reachable at visibility `pub`
     |
note: but type `overlays::OverlayInventory` is only usable at visibility `pub(self)`
    --> src\crystal_ui\overlays.rs:3014:1
     |
3014 | struct OverlayInventory;
     | ^^^^^^^^^^^^^^^^^^^^^^^
     = note: `#[warn(private_interfaces)]` on by default

warning: type `overlays::OverlayRoot` is more private than the item `hero_dialog::render::render`
    --> src\crystal_ui\hero_dialog_render.rs:234:1
     |
 234 | / pub fn render(
 235 | |     mut commands: Commands,
 236 | |     roots: Query<Entity, With<OverlayRoot>>,
 237 | |     old: Query<Entity, With<HeroRoot>>,
...    |
 242 | |     wings: Option<Res<CrystalCharacterWingMaterials>>,
 243 | | ) {
     | |_^ function `hero_dialog::render::render` is reachable at visibility `pub`
     |
note: but type `overlays::OverlayRoot` is only usable at visibility `pub(self)`
    --> src\crystal_ui\overlays.rs:3011:1
     |
3011 | struct OverlayRoot;
     | ^^^^^^^^^^^^^^^^^^

warning: type `overlays::CrystalCharacterWingMaterials` is more private than the item `hero_dialog::render::render`
   --> src\crystal_ui\hero_dialog_render.rs:234:1
    |
234 | / pub fn render(
235 | |     mut commands: Commands,
236 | |     roots: Query<Entity, With<OverlayRoot>>,
237 | |     old: Query<Entity, With<HeroRoot>>,
...   |
242 | |     wings: Option<Res<CrystalCharacterWingMaterials>>,
243 | | ) {
    | |_^ function `hero_dialog::render::render` is reachable at visibility `pub`
    |
note: but type `overlays::CrystalCharacterWingMaterials` is only usable at visibility `pub(self)`
   --> src\crystal_ui\overlays.rs:202:1
    |
202 | struct CrystalCharacterWingMaterials([Handle<CrystalAdditiveUiMaterial>; 4]);
    | ^^^^^^^^^^^^^^^^^^^^^^^^^^^^^^^^^^^^

warning: type `overlays::OverlayRoot` is more private than the item `skill_bars::host::render`
    --> src\crystal_ui\skill_bars_host.rs:131:1
     |
 131 | / pub fn render(
 132 | |     mut commands: Commands,
 133 | |     roots: Query<Entity, With<OverlayRoot>>,
 134 | |     old: Query<Entity, With<SkillBarRoot>>,
...    |
 138 | |     assets: Option<Res<AssetServer>>,
 139 | | ) {
     | |_^ function `skill_bars::host::render` is reachable at visibility `pub`
     |
note: but type `overlays::OverlayRoot` is only usable at visibility `pub(self)`
    --> src\crystal_ui\overlays.rs:3011:1
     |
3011 | struct OverlayRoot;
     | ^^^^^^^^^^^^^^^^^^

warning: type `overlays::OverlayRoot` is more private than the item `hero_buff_hud::render`
    --> src\crystal_ui\hero_buff_hud.rs:121:1
     |
 121 | / pub fn render(
 122 | |     mut commands: Commands,
 123 | |     roots: Query<Entity, With<OverlayRoot>>,
 124 | |     old: Query<Entity, With<HeroBuffRoot>>,
...    |
 127 | |     assets: Option<Res<AssetServer>>,
 128 | | ) {
     | |_^ function `hero_buff_hud::render` is reachable at visibility `pub`
     |
note: but type `overlays::OverlayRoot` is only usable at visibility `pub(self)`
    --> src\crystal_ui\overlays.rs:3011:1
     |
3011 | struct OverlayRoot;
     | ^^^^^^^^^^^^^^^^^^

warning: type `overlays::OverlayRoot` is more private than the item `hero_buff_hud::hint`
    --> src\crystal_ui\hero_buff_hud.rs:213:1
     |
 213 | / pub fn hint(
 214 | |     mut commands: Commands,
 215 | |     roots: Query<Entity, With<OverlayRoot>>,
 216 | |     old: Query<(Entity, &ComputedNode), With<HeroBuffHint>>,
...    |
 219 | |     shell: Res<NativeShellModel>,
 220 | | ) {
     | |_^ function `hero_buff_hud::hint` is reachable at visibility `pub`
     |
note: but type `overlays::OverlayRoot` is only usable at visibility `pub(self)`
    --> src\crystal_ui\overlays.rs:3011:1
     |
3011 | struct OverlayRoot;
     | ^^^^^^^^^^^^^^^^^^

warning: type `overlays::OverlayRoot` is more private than the item `overlays::status_hud::render`
    --> src\crystal_ui\status_hud.rs:407:1
     |
 407 | / pub fn render(
 408 | |     mut commands: Commands,
 409 | |     roots: Query<Entity, With<OverlayRoot>>,
 410 | |     old: Query<Entity, With<StatusRoot>>,
...    |
 414 | |     assets: Option<Res<AssetServer>>,
 415 | | ) {
     | |_^ function `overlays::status_hud::render` is reachable at visibility `pub`
     |
note: but type `overlays::OverlayRoot` is only usable at visibility `pub(self)`
    --> src\crystal_ui\overlays.rs:3011:1
     |
3011 | struct OverlayRoot;
     | ^^^^^^^^^^^^^^^^^^

warning: type `overlays::OverlayRoot` is more private than the item `render_hint`
    --> src\crystal_ui\status_hud.rs:685:1
     |
 685 | / pub fn render_hint(
 686 | |     mut commands: Commands,
 687 | |     roots: Query<Entity, With<OverlayRoot>>,
 688 | |     old: Query<(Entity, &ComputedNode), With<StatusHint>>,
...    |
 691 | |     shell: Res<NativeShellModel>,
 692 | | ) {
     | |_^ function `render_hint` is reachable at visibility `pub`
     |
note: but type `overlays::OverlayRoot` is only usable at visibility `pub(self)`
    --> src\crystal_ui\overlays.rs:3011:1
     |
3011 | struct OverlayRoot;
     | ^^^^^^^^^^^^^^^^^^

warning: type `overlays::OverlayButton` is more private than the item `press_real_button`
    --> src\crystal_ui\npc_shop_layout_tests.rs:107:1
     |
 107 | pub(crate) fn press_real_button(app: &mut App, action: OverlayButton) {
     | ^^^^^^^^^^^^^^^^^^^^^^^^^^^^^^^^^^^^^^^^^^^^^^^^^^^^^^^^^^^^^^^^^^^^^ function `press_real_button` is reachable at visibility `pub(crate)`
     |
note: but type `overlays::OverlayButton` is only usable at visibility `pub(self)`
    --> src\crystal_ui\overlays.rs:3189:1
     |
3189 | enum OverlayButton {
     | ^^^^^^^^^^^^^^^^^^

warning: multiple variants are never constructed
    --> src\crystal_ui\overlays.rs:3218:5
     |
3189 | enum OverlayButton {
     |      ------------- variants in this enum
...
3218 |     OptionsMusicVolumeDown,
     |     ^^^^^^^^^^^^^^^^^^^^^^
3219 |     OptionsMusicVolumeUp,
     |     ^^^^^^^^^^^^^^^^^^^^
3220 |     OptionsSoundVolumeDown,
     |     ^^^^^^^^^^^^^^^^^^^^^^
3221 |     OptionsSoundVolumeUp,
     |     ^^^^^^^^^^^^^^^^^^^^
3222 |     ToggleInventory,
3223 |     ToggleEquipment,
     |     ^^^^^^^^^^^^^^^
3224 |     ToggleShop,
     |     ^^^^^^^^^^
3225 |     ToggleNpcShop,
     |     ^^^^^^^^^^^^^
3226 |     ToggleStorage,
     |     ^^^^^^^^^^^^^
...
3229 |     ToggleTrade,
     |     ^^^^^^^^^^^
...
3234 |     GroupLeave,
     |     ^^^^^^^^^^
...
3253 |     GroupInviteNameFocus,
     |     ^^^^^^^^^^^^^^^^^^^^
3254 |     GroupInviteNameSubmit,
     |     ^^^^^^^^^^^^^^^^^^^^^
...
3257 |     GuildRequestInfo,
     |     ^^^^^^^^^^^^^^^^
...
3261 |     GuildRecruitNameFocus,
     |     ^^^^^^^^^^^^^^^^^^^^^
...
3265 |     GuildCancelNoticeEdit,
     |     ^^^^^^^^^^^^^^^^^^^^^
3266 |     SelectGuildMember(u8),
     |     ^^^^^^^^^^^^^^^^^
3267 |     GuildKickMember(u8),
3268 |     GuildKickSelected,
     |     ^^^^^^^^^^^^^^^^^
...
3271 |     GuildAssignNextRank,
     |     ^^^^^^^^^^^^^^^^^^^
...
3280 |     GuildRankNameFocus,
     |     ^^^^^^^^^^^^^^^^^^
...
3339 |     MailRecipientFocus,
     |     ^^^^^^^^^^^^^^^^^^
3340 |     MailMessageFocus,
     |     ^^^^^^^^^^^^^^^^
3341 |     MailGoldInc,
     |     ^^^^^^^^^^^
3342 |     MailGoldFocus,
3343 |     MailGoldDec,
     |     ^^^^^^^^^^^
3344 |     AddMailAttachment(u64),
     |     ^^^^^^^^^^^^^^^^^
3345 |     RemoveMailAttachment(u64),
     |     ^^^^^^^^^^^^^^^^^^^^
...
3382 |     GameShopQuantityInc,
     |     ^^^^^^^^^^^^^^^^^^^
3383 |     GameShopQuantityDec,
     |     ^^^^^^^^^^^^^^^^^^^
...
3395 |     StorageRemovePassword,
     |     ^^^^^^^^^^^^^^^^^^^^^
     |
     = note: `OverlayButton` has derived impls for the traits `Debug` and `Clone`, but these are intentionally ignored during dead code analysis
     = note: `#[warn(dead_code)]` (part of `#[warn(unused)]`) on by default

warning: function `overlay_compact_item_button` is never used
     --> src\crystal_ui\overlays.rs:13240:4
      |
13240 | fn overlay_compact_item_button(
      |    ^^^^^^^^^^^^^^^^^^^^^^^^^^^

warning: function `overlay_clickable_text_at` is never used
     --> src\crystal_ui\overlays.rs:14852:4
      |
14852 | fn overlay_clickable_text_at(
      |    ^^^^^^^^^^^^^^^^^^^^^^^^^

warning: function `render_chat_draft` is never used
     --> src\crystal_ui\overlays.rs:15059:4
      |
15059 | fn render_chat_draft(parent: &mut ChildSpawnerCommands, draft: &str) {
      |    ^^^^^^^^^^^^^^^^^

warning: function `render_mail_compose` is never used
     --> src\crystal_ui\overlays.rs:15544:4
      |
15544 | fn render_mail_compose(
      |    ^^^^^^^^^^^^^^^^^^^

warning: constant `MAIL_PARCEL_BODY_RECT` is never used
  --> src\crystal_ui\mail_editor.rs:11:18
   |
11 | pub(super) const MAIL_PARCEL_BODY_RECT: CrystalRect = CrystalRect::new(15.0, 98.0, 202.0, 165.0);
   |                  ^^^^^^^^^^^^^^^^^^^^^

warning: constant `BUTTON_DISABLED` is never used
  --> src\native_shell_ui.rs:40:7
   |
40 | const BUTTON_DISABLED: Color = Color::srgba(0.19, 0.14, 0.10, 0.50);
   |       ^^^^^^^^^^^^^^^

warning: constant `AUX_CHANGE_PASSWORD_PANEL` is never used
  --> src\native_shell_ui.rs:50:7
   |
50 | const AUX_CHANGE_PASSWORD_PANEL: spec::CrystalRect =
   |       ^^^^^^^^^^^^^^^^^^^^^^^^^

warning: variants `CycleClass`, `CycleGender`, `SafeKeyFocusAccount`, and `SafeKeyFocusPassword` are never constructed
   --> src\native_shell_ui.rs:379:5
    |
373 | pub(crate) enum NativeShellButton {
    |                 ----------------- variants in this enum
...
379 |     CycleClass,
    |     ^^^^^^^^^^
380 |     CycleGender,
    |     ^^^^^^^^^^^
...
388 |     SafeKeyFocusAccount,
    |     ^^^^^^^^^^^^^^^^^^^
389 |     SafeKeyFocusPassword,
    |     ^^^^^^^^^^^^^^^^^^^^

warning: function `spawn_aux_field` is never used
    --> src\native_shell_ui.rs:2186:4
     |
2186 | fn spawn_aux_field(
     |    ^^^^^^^^^^^^^^^

warning: function `input_line` is never used
    --> src\native_shell_ui.rs:2306:4
     |
2306 | fn input_line(parent: &mut ChildSpawnerCommands, label: &str, value: &str, focused: bool) {
     |    ^^^^^^^^^^

warning: function `action_button` is never used
    --> src\native_shell_ui.rs:2342:4
     |
2342 | fn action_button(
     |    ^^^^^^^^^^^^^

warning: function `safe_key_button` is never used
    --> src\native_shell_ui.rs:2379:4
     |
2379 | fn safe_key_button(parent: &mut ChildSpawnerCommands, label: &str, action: NativeShellButton) {
     |    ^^^^^^^^^^^^^^^

warning: constant `QUEST_LOG_BG` is never used
  --> src\quest_ui.rs:73:7
   |
73 | const QUEST_LOG_BG: Color = Color::srgba(0.08, 0.06, 0.04, 0.96);
   |       ^^^^^^^^^^^^

warning: variants `SelectQuestFilter`, `QuestHelp`, `QuestPagePrevious`, and `QuestPageNext` are never constructed
    --> src\quest_ui.rs:1185:5
     |
1141 | enum QuestUiButton {
     |      ------------- variants in this enum
...
1185 |     SelectQuestFilter {
     |     ^^^^^^^^^^^^^^^^^
...
1188 |     QuestHelp,
     |     ^^^^^^^^^
1189 |     QuestPagePrevious,
     |     ^^^^^^^^^^^^^^^^^
1190 |     QuestPageNext,
     |     ^^^^^^^^^^^^^
     |
     = note: `QuestUiButton` has derived impls for the traits `Debug` and `Clone`, but these are intentionally ignored during dead code analysis

warning: function `wrap_guidance_hint` is never used
    --> src\quest_ui.rs:4512:4
     |
4512 | fn wrap_guidance_hint(hint: &str, max_chars: usize) -> Vec<String> {
     |    ^^^^^^^^^^^^^^^^^^

warning: function `tracker_quest_block` is never used
    --> src\quest_ui.rs:6182:4
     |
6182 | fn tracker_quest_block(parent: &mut ChildSpawnerCommands, quest: &Quest) {
     |    ^^^^^^^^^^^^^^^^^^^

warning: function `tracker_title_line` is never used
    --> src\quest_ui.rs:6392:4
     |
6392 | fn tracker_title_line(parent: &mut ChildSpawnerCommands, text: &str) {
     |    ^^^^^^^^^^^^^^^^^^

warning: method `normalize_bindings` is never used
   --> src\skill_binding_ui.rs:331:8
    |
133 | impl SkillBindingUi {
    | ------------------- method in this implementation
...
331 |     fn normalize_bindings(&mut self) {
    |        ^^^^^^^^^^^^^^^^^^

warning: the `skill_binding:` in this pattern is redundant
    --> src\crystal_ui\overlays.rs:6787:9
     |
6787 |         skill_binding: mut skill_binding,
     |         ^^^^^^^^^^^^^^^^^^^^^^^^^^^^^^^^ help: use shorthand field pattern: `mut skill_binding`
     |
     = note: `#[warn(non_shorthand_field_patterns)]` on by default

warning: the `skills:` in this pattern is redundant
    --> src\crystal_ui\overlays.rs:6788:9
     |
6788 |         skills: mut skills,
     |         ^^^^^^^^^^^^^^^^^^ help: use shorthand field pattern: `mut skills`

warning: the `skill_persistence:` in this pattern is redundant
    --> src\crystal_ui\overlays.rs:6789:9
     |
6789 |         skill_persistence: mut skill_persistence,
     |         ^^^^^^^^^^^^^^^^^^^^^^^^^^^^^^^^^^^^^^^^ help: use shorthand field pattern: `mut skill_persistence`

warning: the `skill_binding:` in this pattern is redundant
    --> src\crystal_ui\overlays.rs:7907:17
     |
7907 |                 skill_binding: mut skill_binding,
     |                 ^^^^^^^^^^^^^^^^^^^^^^^^^^^^^^^^ help: use shorthand field pattern: `mut skill_binding`

warning: the `skills:` in this pattern is redundant
    --> src\crystal_ui\overlays.rs:7908:17
     |
7908 |                 skills: mut skills,
     |                 ^^^^^^^^^^^^^^^^^^ help: use shorthand field pattern: `mut skills`

warning: the `skill_persistence:` in this pattern is redundant
    --> src\crystal_ui\overlays.rs:7909:17
     |
7909 |                 skill_persistence: mut skill_persistence,
     |                 ^^^^^^^^^^^^^^^^^^^^^^^^^^^^^^^^^^^^^^^^ help: use shorthand field pattern: `mut skill_persistence`

warning: calls to `std::mem::drop` with a reference instead of an owned value does nothing
   --> src\crystal_ui\mail_parcel_tests.rs:104:5
    |
104 |     drop(compose);
    |     ^^^^^-------^
    |          |
    |          argument has type `&overlays::MailComposeUi`
    |
    = note: `#[warn(dropping_references)]` on by default
help: use `let _ = ...` to ignore the expression or result
    |
104 -     drop(compose);
104 +     let _ = compose;
    |

warning: calls to `std::mem::drop` with a reference instead of an owned value does nothing
   --> src\crystal_ui\mail_parcel_tests.rs:105:5
    |
105 |     drop(state);
    |     ^^^^^-----^
    |          |
    |          argument has type `&overlays::NativePlayerUiState`
    |
help: use `let _ = ...` to ignore the expression or result
    |
105 -     drop(state);
105 +     let _ = state;
    |

warning: `mir2-client-bevy` (lib test) generated 70 warnings (run `cargo fix --lib -p mir2-client-bevy --tests` to apply 40 suggestions)
    Finished `test` profile [unoptimized + debuginfo] target(s) in 0.33s
     Running unittests src\lib.rs (C:/mir2-build/gateway-tests-r51\debug\deps\mir2_client_bevy-da12aa03c55a69b6.exe)

running 35 tests
test social::guild_rank_native_tests::guild_rank_raw_legal_spaces_and_twenty_utf16_survive_typed_status_and_delta ... ok
test social::guild_rank_native_tests::guild_rank_source_reply_has_status7_nested_index_and_no_command_echo ... ok
test social::guild_rank_native_tests::guild_rank_status255_remains_an_explicit_full_list_replacement ... ok
test social::guild_rank_native_tests::guild_rank_status7_merges_one_nonzero_rank_retaining_three_ranks_four_members ... ok
test social::guild_rank_native_tests::guild_rank_status7_rejects_multi_rank_and_unknown_delta_without_model_mutation ... ok
test social::guild_rank_native_tests::guild_rank_status7_requires_actual_nested_index_options_and_member_list ... ok
test social::guild_rank_native_tests::guild_rank_status7_updates_own_numeric_rank_and_source_options ... ok
test social::tests::a_different_inviter_supersedes_only_the_old_acceptance ... ok
test social::tests::empty_guild_status_is_authoritative_leave_and_releases_guild_pending ... ok
test social::tests::every_authoritative_group_and_guild_operation_releases_only_on_matching_state ... ok
test social::tests::failed_or_unrelated_trade_packets_do_not_fake_completion ... ok
test social::tests::group_invite_accept_is_correlated_and_allows_second_invite ... ok
test social::tests::group_roster_is_bounded_and_leader_is_authoritative ... ok
test social::tests::guild_invite_duplicate_and_roster_transition_are_idempotent ... ok
test social::tests::guild_notice_receipt_does_not_optimistically_replace_content ... ok
test social::tests::guild_packets_accept_server_packet_snake_case_and_camel_case_compatibility ... ok
test social::tests::guild_permissions_follow_wire_bits_and_matching_rank_options ... ok
test social::tests::guild_rank_change_with_empty_member_name_releases_exact_pending ... ok
test social::tests::guild_storage_packets_are_bounded_correlated_and_authoritative ... ok
test social::tests::invite_failure_is_exactly_correlated_and_can_retry ... ok
test social::tests::malformed_and_oversized_social_packets_fail_closed ... ok
test social::tests::out_of_order_snapshot_does_not_release_unacknowledged_trade_or_group_work ... ok
test social::tests::pending_is_not_cleared_by_unchanged_snapshot_but_is_cleared_by_matching_event ... ok
test social::tests::reset_clears_models_and_pending ... ok
test social::tests::scene_reset_preserves_social_models_but_session_reset_clears_them ... ok
test social::tests::trade_deposit_and_retrieve_ack_match_packet_and_both_slots ... ok
test social::trade_source_tests::trade_completion_and_terminal_cancel_reset_both_sides_and_only_trade_pending ... ok
test social::trade_source_tests::trade_equal_guest_offer_packets_still_release_local_lock_but_not_own_gold_request ... ok
test social::trade_source_tests::trade_malformed_packets_are_transactional_and_do_not_advance_revision ... ok
test social::trade_source_tests::trade_matching_failure_is_a_cell_unlock_not_an_item_success ... ok
test social::trade_source_tests::trade_new_owner_clears_previous_offer_but_duplicate_accept_retains_current_offer ... ok
test social::trade_source_tests::trade_own_gold_request_requires_exact_same_exchange_snapshot_delta ... ok
test social::trade_source_tests::trade_same_partner_new_exchange_cannot_acknowledge_an_old_own_offer ... ok
test social::trade_source_tests::trade_unlock_is_not_cancel_and_keeps_offers_partner_and_unrelated_pending ... ok
test social::trade_source_tests::trade_wire_sparse_slots_are_not_compacted_and_zero_count_is_not_invented ... ok

test result: ok. 35 passed; 0 failed; 0 ignored; 0 measured; 1213 filtered out; finished in 0.02s

