--------- beginning of main
10-02 06:16:24.955  9860  9860 I .web3.uiprevie: Late-enabling -Xcheck:jni
10-02 06:16:24.994  9860  9860 D CompatibilityChangeReporter: Compat change id reported: 171979766; UID 10146; state: ENABLED
10-02 06:16:25.028  9860  9860 V GraphicsEnvironment: ANGLE Developer option for 'com.mir2.web3.uipreview' set to: 'default'
10-02 06:16:25.028  9860  9860 V GraphicsEnvironment: Neither updatable production driver nor prerelease driver is supported.
10-02 06:16:25.029  9860  9860 D NetworkSecurityConfig: No Network Security Config specified, using platform default
10-02 06:16:25.029  9860  9860 D NetworkSecurityConfig: No Network Security Config specified, using platform default
10-02 06:16:25.059  9860  9883 D libEGL  : loaded /vendor/lib64/egl/libEGL_emulation.so
10-02 06:16:25.060  9860  9883 D libEGL  : loaded /vendor/lib64/egl/libGLESv1_CM_emulation.so
10-02 06:16:25.060  9860  9883 D libEGL  : loaded /vendor/lib64/egl/libGLESv2_emulation.so
10-02 06:16:25.080  9860  9860 D AppCompatDelegate: Checking for metadata for AppLocalesMetadataHolderService : Service not found
10-02 06:16:25.086  9860  9860 D gti.InputConnection: InputConnection created
10-02 06:16:25.088  9860  9860 D gti.InputConnection: setEditorInfo
10-02 06:16:25.091  9860  9860 W .web3.uiprevie: Accessing hidden method Landroid/view/ViewGroup;->makeOptionalFitsSystemWindows()V (unsupported, reflection, allowed)
10-02 06:16:25.092  9860  9860 I GameActivity: Looking for library libmir2_platform_android.so
10-02 06:16:25.092  9860  9860 I GameActivity: Found library libmir2_platform_android.so. Loading...
10-02 06:16:25.093  9860  9860 D GameActivity: GameActivity_register
10-02 06:16:25.094  9860  9860 V GameActivity: Registering com/google/androidgamesdk/GameActivity's 24 native methods...
10-02 06:16:25.094  9860  9860 D GameActivity: SDK version: 31
10-02 06:16:25.094  9860  9860 I android-activity: Creating: Activity = 0x1696, saved state size = 0
10-02 06:16:25.096  9860  9860 V threaded_app: Creating: 0xb4000075358424f0
10-02 06:16:25.096  9860  9860 V threaded_app: Callbacks set: 0xb400007535842540
10-02 06:16:25.096  9860  9860 V threaded_app: Launching android_app_entry in a thread
10-02 06:16:25.097  9860  9885 V threaded_app: android_app_entry called
10-02 06:16:25.097  9860  9885 V threaded_app: android_app = 0xb400007515843ed0
10-02 06:16:25.097  9860  9885 V threaded_app: config = 0xb4000074858524f0
10-02 06:16:25.097  9860  9885 V threaded_app: activity = 0xb4000075358424f0
10-02 06:16:25.097  9860  9885 V threaded_app: assetmanager = 0xb400007535841b90
10-02 06:16:25.097  9860  9885 V threaded_app: Config: mcc=310 mnc=260 lang=en cnt=US orien=2 touch=3 dens=440 keys=2 nav=2 keysHid=1 navHid=0 sdk=31 size=2 long=2 modetype=1 modenight=1
10-02 06:16:25.107  9860  9885 D HostConnection: createUnique: call
10-02 06:16:25.108  9860  9885 D HostConnection: HostConnection::get() New Host Connection established 0xb4000074d583b710, tid 9885
10-02 06:16:25.109  9860  9885 D HostConnection: HostComposition ext ANDROID_EMU_CHECKSUM_HELPER_v1 ANDROID_EMU_native_sync_v2 ANDROID_EMU_native_sync_v3 ANDROID_EMU_native_sync_v4 ANDROID_EMU_dma_v1 ANDROID_EMU_direct_mem ANDROID_EMU_host_composition_v1 ANDROID_EMU_host_composition_v2 ANDROID_EMU_vulkan ANDROID_EMU_deferred_vulkan_commands ANDROID_EMU_vulkan_null_optional_strings ANDROID_EMU_vulkan_create_resources_with_requirements ANDROID_EMU_YUV_Cache ANDROID_EMU_vulkan_ignored_handles ANDROID_EMU_has_shared_slots_host_memory_allocator ANDROID_EMU_vulkan_free_memory_sync ANDROID_EMU_vulkan_shader_float16_int8 ANDROID_EMU_vulkan_async_queue_submit ANDROID_EMU_vulkan_queue_submit_with_commands ANDROID_EMU_sync_buffer_data ANDROID_EMU_vulkan_async_qsri ANDROID_EMU_read_color_buffer_dma ANDROID_EMU_hwc_color_transform GL_OES_EGL_image_external_essl3 GL_OES_vertex_array_object ANDROID_EMU_host_side_tracing ANDROID_EMU_gles_max_version_3_0 
10-02 06:16:25.111  9860  9885 D EGL_emulation: eglCreateContext: 0xb4000074d583b410: maj 3 min 0 rcv 3
10-02 06:16:25.113  9860  9885 D EGL_emulation: eglMakeCurrent: 0xb4000074d583b410: ver 3 0 (tinfo 0x76fbc37080) (first time)
10-02 06:16:25.127  9860  9885 I event /Users/henryliu/obelisk/numeron-worktrees/android-shared-sync/mir2-web3/third_party/bevyAdapterInfo { name: "Android Emulator OpenGL ES Translator (Apple M1 Max)", vendor: 4203, device: 0, device_type: IntegratedGpu, device_pci_bus_id: "", driver: "", driver_info: "OpenGL ES 3.0 (4.1 Metal - 89.4)", backend: Gl, subgroup_min_size: 4, subgroup_max_size: 128, transient_saves_memory: false }
10-02 06:16:25.127  9860  9884 I RustStdoutStderr: [2m2026-10-01T22:16:25.127700Z[0m [32m INFO[0m [2mbevy_render::renderer[0m[2m:[0m AdapterInfo { name: "Android Emulator OpenGL ES Translator (Apple M1 Max)", vendor: 4203, device: 0, device_type: IntegratedGpu, device_pci_bus_id: "", driver: "", driver_info: "OpenGL ES 3.0 (4.1 Metal - 89.4)", backend: Gl, subgroup_min_size: 4, subgroup_max_size: 128, transient_saves_memory: false }
10-02 06:16:25.138  9860  9860 V GameActivity: onStart_native
10-02 06:16:25.138  9860  9860 V threaded_app: Start: 0xb4000075358424f0
10-02 06:16:25.190  9860  9885 I event /Users/henryliu/obelisk/numeron-worktrees/android-shared-sync/mir2-web3/third_party/bevySparse buffer updates disabled. RenderDevice lacks support: max_storage_buffers_per_shader_stage (0) < 3.
10-02 06:16:25.190  9860  9884 I RustStdoutStderr: [2m2026-10-01T22:16:25.190344Z[0m [32m INFO[0m [2mbevy_render::render_resource::sparse_buffer_vec[0m[2m:[0m Sparse buffer updates disabled. RenderDevice lacks support: max_storage_buffers_per_shader_stage (0) < 3.
10-02 06:16:25.190  9860  9885 W event /Users/henryliu/.cargo/registry/src/index.crates.io-1949cf8c6b5b557f/bevy_core_pipeline-OrderIndependentTransparencyPlugin not loaded. GPU lacks support: DownlevelFlags::FRAGMENT_WRITABLE_STORAGE.
10-02 06:16:25.190  9860  9885 W event /Users/henryliu/.cargo/registry/src/index.crates.io-1949cf8c6b5b557f/bevy_core_pipeline-BackgroundMotionVectorsPlugin not loaded. GPU lacks support for required downlevel capability flags: DownlevelFlags(INDEPENDENT_BLEND).
10-02 06:16:25.190  9860  9884 I RustStdoutStderr: [2m2026-10-01T22:16:25.190534Z[0m [33m WARN[0m [2mbevy_core_pipeline::oit::resolve[0m[2m:[0m OrderIndependentTransparencyPlugin not loaded. GPU lacks support: DownlevelFlags::FRAGMENT_WRITABLE_STORAGE.
10-02 06:16:25.190  9860  9884 I RustStdoutStderr: [2m2026-10-01T22:16:25.190562Z[0m [33m WARN[0m [2mbevy_core_pipeline::prepass::background_motion_vectors[0m[2m:[0m BackgroundMotionVectorsPlugin not loaded. GPU lacks support for required downlevel capability flags: DownlevelFlags(INDEPENDENT_BLEND).
10-02 06:16:25.242  9860  9885 I event /Users/henryliu/obelisk/numeron-worktrees/android-shared-sync/mir2-web3/third_party/bevyGPU preprocessing is not supported on this device. Falling back to CPU preprocessing.
10-02 06:16:25.243  9860  9884 I RustStdoutStderr: [2m2026-10-01T22:16:25.242937Z[0m [32m INFO[0m [2mbevy_render::batching::gpu_preprocessing[0m[2m:[0m GPU preprocessing is not supported on this device. Falling back to CPU preprocessing.
10-02 06:16:25.260  9860  9885 V threaded_app: activityState=11
10-02 06:16:25.260  9860  9884 I RustStdoutStderr: [2m2026-10-01T22:16:25.260378Z[0m [33m WARN[0m [2mwinit::platform_impl::android[0m[2m:[0m TODO: forward onStart notification to application
10-02 06:16:25.260  9860  9885 W event /Users/henryliu/.cargo/registry/src/index.crates.io-1949cf8c6b5b557f/winit-0.30.13/src/pTODO: forward onStart notification to application
10-02 06:16:25.261  9860  9860 V threaded_app: Resume: 0xb4000075358424f0
10-02 06:16:25.261  9860  9885 V threaded_app: activityState=12
10-02 06:16:25.270  9860  9860 V GameActivity: onImeInsetsChanged from Text Listener
10-02 06:16:25.270  9860  9860 V threaded_app: WindowInsetsChanged: 0xb4000075358424f0
10-02 06:16:25.271  9860  9884 I RustStdoutStderr: [2m2026-10-01T22:16:25.271364Z[0m [33m WARN[0m [2mwinit::platform_impl::android[0m[2m:[0m TODO: handle Android InsetsChanged notification
10-02 06:16:25.271  9860  9885 W event /Users/henryliu/.cargo/registry/src/index.crates.io-1949cf8c6b5b557f/winit-0.30.13/src/pTODO: handle Android InsetsChanged notification
10-02 06:16:25.275  9860  9860 V GameActivity: onImeInsetsChanged from Text Listener
10-02 06:16:25.275  9860  9860 V threaded_app: WindowInsetsChanged: 0xb4000075358424f0
10-02 06:16:25.275  9860  9881 D HostConnection: createUnique: call
10-02 06:16:25.275  9860  9881 D HostConnection: HostConnection::get() New Host Connection established 0xb4000074d5854490, tid 9881
10-02 06:16:25.276  9860  9860 V threaded_app: ContentRectChanged: 0xb4000075358424f0 -- (0 0) (2340 1080)
10-02 06:16:25.276  9860  9884 I RustStdoutStderr: [2m2026-10-01T22:16:25.276253Z[0m [33m WARN[0m [2mwinit::platform_impl::android[0m[2m:[0m TODO: handle Android InsetsChanged notification
10-02 06:16:25.276  9860  9885 W event /Users/henryliu/.cargo/registry/src/index.crates.io-1949cf8c6b5b557f/winit-0.30.13/src/pTODO: handle Android InsetsChanged notification
10-02 06:16:25.276  9860  9884 I RustStdoutStderr: [2m2026-10-01T22:16:25.276459Z[0m [33m WARN[0m [2mwinit::platform_impl::android[0m[2m:[0m TODO: find a way to notify application of content rect change
10-02 06:16:25.276  9860  9885 W event /Users/henryliu/.cargo/registry/src/index.crates.io-1949cf8c6b5b557f/winit-0.30.13/src/pTODO: find a way to notify application of content rect change
10-02 06:16:25.276  9860  9881 D HostConnection: HostComposition ext ANDROID_EMU_CHECKSUM_HELPER_v1 ANDROID_EMU_native_sync_v2 ANDROID_EMU_native_sync_v3 ANDROID_EMU_native_sync_v4 ANDROID_EMU_dma_v1 ANDROID_EMU_direct_mem ANDROID_EMU_host_composition_v1 ANDROID_EMU_host_composition_v2 ANDROID_EMU_vulkan ANDROID_EMU_deferred_vulkan_commands ANDROID_EMU_vulkan_null_optional_strings ANDROID_EMU_vulkan_create_resources_with_requirements ANDROID_EMU_YUV_Cache ANDROID_EMU_vulkan_ignored_handles ANDROID_EMU_has_shared_slots_host_memory_allocator ANDROID_EMU_vulkan_free_memory_sync ANDROID_EMU_vulkan_shader_float16_int8 ANDROID_EMU_vulkan_async_queue_submit ANDROID_EMU_vulkan_queue_submit_with_commands ANDROID_EMU_sync_buffer_data ANDROID_EMU_vulkan_async_qsri ANDROID_EMU_read_color_buffer_dma ANDROID_EMU_hwc_color_transform GL_OES_EGL_image_external_essl3 GL_OES_vertex_array_object ANDROID_EMU_host_side_tracing ANDROID_EMU_gles_max_version_3_0 
10-02 06:16:25.277  9860  9860 V GameActivity: onSurfaceCreated_native
10-02 06:16:25.277  9860  9860 V threaded_app: NativeWindowCreated: 0xb4000075358424f0 -- 0xb4000075c59ee140
10-02 06:16:25.277  9860  9860 V threaded_app: android_app_set_window called
10-02 06:16:25.277  9860  9881 W OpenGLRenderer: Failed to choose config with EGL_SWAP_BEHAVIOR_PRESERVED, retrying without...
10-02 06:16:25.277  9860  9881 W OpenGLRenderer: Failed to initialize 101010-2 format, error = EGL_SUCCESS
10-02 06:16:25.277  9860  9885 V threaded_app: APP_CMD_INIT_WINDOW
10-02 06:16:25.277  9860  9884 I RustStdoutStderr: [2m2026-10-01T22:16:25.277674Z[0m [32m INFO[0m [2mbevy_winit::system[0m[2m:[0m Creating new window mir2-web3 (android) (105v0)
10-02 06:16:25.277  9860  9885 I event /Users/henryliu/.cargo/registry/src/index.crates.io-1949cf8c6b5b557f/bevy_winit-0.19.0/sCreating new window mir2-web3 (android) (105v0)
10-02 06:16:25.277  9860  9860 V threaded_app: NativeWindowResized: 0xb4000075358424f0 -- 0xb4000075c59ee140 ( 2340 x 1080 )
10-02 06:16:25.277  9860  9860 V threaded_app: NativeWindowRedrawNeeded: 0xb4000075358424f0 -- 0xb4000075c59ee140
10-02 06:16:25.278  9860  9881 D EGL_emulation: eglCreateContext: 0xb4000074d5854a90: maj 3 min 0 rcv 3
10-02 06:16:25.280  9860  9881 D EGL_emulation: eglMakeCurrent: 0xb4000074d5854a90: ver 3 0 (tinfo 0x76fbc37100) (first time)
10-02 06:16:25.288  9860  9881 I Gralloc4: mapper 4.x is not supported
10-02 06:16:25.290  9860  9881 D HostConnection: createUnique: call
10-02 06:16:25.290  9860  9881 D HostConnection: HostConnection::get() New Host Connection established 0xb4000074d58540d0, tid 9881
10-02 06:16:25.290  9860  9881 D goldfish-address-space: allocate: Ask for block of size 0x100
10-02 06:16:25.290  9860  9881 D goldfish-address-space: allocate: ioctl allocate returned offset 0x1efff8000 size 0x8000
10-02 06:16:25.291  9860  9881 W Gralloc4: allocator 4.x is not supported
10-02 06:16:25.294  9860  9881 D HostConnection: HostComposition ext ANDROID_EMU_CHECKSUM_HELPER_v1 ANDROID_EMU_native_sync_v2 ANDROID_EMU_native_sync_v3 ANDROID_EMU_native_sync_v4 ANDROID_EMU_dma_v1 ANDROID_EMU_direct_mem ANDROID_EMU_host_composition_v1 ANDROID_EMU_host_composition_v2 ANDROID_EMU_vulkan ANDROID_EMU_deferred_vulkan_commands ANDROID_EMU_vulkan_null_optional_strings ANDROID_EMU_vulkan_create_resources_with_requirements ANDROID_EMU_YUV_Cache ANDROID_EMU_vulkan_ignored_handles ANDROID_EMU_has_shared_slots_host_memory_allocator ANDROID_EMU_vulkan_free_memory_sync ANDROID_EMU_vulkan_shader_float16_int8 ANDROID_EMU_vulkan_async_queue_submit ANDROID_EMU_vulkan_queue_submit_with_commands ANDROID_EMU_sync_buffer_data ANDROID_EMU_vulkan_async_qsri ANDROID_EMU_read_color_buffer_dma ANDROID_EMU_hwc_color_transform GL_OES_EGL_image_external_essl3 GL_OES_vertex_array_object ANDROID_EMU_host_side_tracing ANDROID_EMU_gles_max_version_3_0 
10-02 06:16:25.316  9860  9860 V threaded_app: WindowFocusChanged: 0xb4000075358424f0 -- 1
10-02 06:16:25.333  9860  9860 V GameActivity: onImeInsetsChanged from Text Listener
10-02 06:16:25.333  9860  9860 V threaded_app: WindowInsetsChanged: 0xb4000075358424f0
10-02 06:16:25.402  9860  9885 I event src/item_geometry.rs:127: ANDROID_ITEM_GEOMETRY_READYitems = 1003; state_items = 2380; sources = [("original-ui/Items/meta.json", "ec0eca414ac6c34e17a218f0ed4396f30607c2485482f8760af7706acddcedfe"), ("original-ui/StateItem/meta.json", "7d812a76e9a54b1d0535968a8c21ee2064577e7012572daf79b242221ca72e9a")];
10-02 06:16:25.402  9860  9884 I RustStdoutStderr: [2m2026-10-01T22:16:25.402517Z[0m [32m INFO[0m [2mmir2_platform_android::item_geometry[0m[2m:[0m ANDROID_ITEM_GEOMETRY_READY [3mitems[0m[2m=[0m1003 [3mstate_items[0m[2m=[0m2380 [3msources[0m[2m=[0m[("original-ui/Items/meta.json", "ec0eca414ac6c34e17a218f0ed4396f30607c2485482f8760af7706acddcedfe"), ("original-ui/StateItem/meta.json", "7d812a76e9a54b1d0535968a8c21ee2064577e7012572daf79b242221ca72e9a")]
10-02 06:16:25.402  9860  9884 I RustStdoutStderr: [2m2026-10-01T22:16:25.402704Z[0m [32m INFO[0m [2mmir2_platform_android::ui_preview[0m[2m:[0m ANDROID_NPC_INGRESS_OFFLINE_NOT_LIVE [3mscene[0m[2m=[0m"npcshop-repair" [3mcatalogues[0m[2m=[0m0 [3mservices[0m[2m=[0m1 [3mrejected[0m[2m=[0m0
10-02 06:16:25.402  9860  9885 I event src/ui_preview.rs:1206: ANDROID_NPC_INGRESS_OFFLINE_NOT_LIVEscene = "npcshop-repair"; catalogues = 0; services = 1; rejected = 0;
10-02 06:16:25.403  9860  9885 I event src/ui_preview.rs:1317: ANDROID_INVENTORY_INGRESS_OFFLINE queued owner42 bag12 equip2 sourceFrame30
10-02 06:16:25.403  9860  9885 I event src/ui_preview.rs:816: ANDROID_UI_PREVIEW_READY scene=npcshop-repair
10-02 06:16:25.403  9860  9884 I RustStdoutStderr: [2m2026-10-01T22:16:25.403287Z[0m [32m INFO[0m [2mmir2_platform_android::ui_preview[0m[2m:[0m ANDROID_INVENTORY_INGRESS_OFFLINE queued owner42 bag12 equip2 sourceFrame30
10-02 06:16:25.403  9860  9884 I RustStdoutStderr: [2m2026-10-01T22:16:25.403340Z[0m [32m INFO[0m [2mmir2_platform_android::ui_preview[0m[2m:[0m ANDROID_UI_PREVIEW_READY scene=npcshop-repair
10-02 06:16:25.420  9860  9885 W event /Users/henryliu/.cargo/registry/src/index.crates.io-1949cf8c6b5b557f/winit-0.30.13/src/pTODO: handle Android InsetsChanged notification
10-02 06:16:25.420  9860  9884 I RustStdoutStderr: [2m2026-10-01T22:16:25.420037Z[0m [33m WARN[0m [2mwinit::platform_impl::android[0m[2m:[0m TODO: handle Android InsetsChanged notification
10-02 06:16:25.426  9860  9888 I event src/ui_preview.rs:100: ANDROID_NPC_PREVIEW_SHARED_CONSUMER_OPEN_NOT_LIVEscene = "npcshop-repair"; mode = Repair; goods = 0; first_id = 0; icon_width = 0; icon_height = 0; map_epoch = 0;
10-02 06:16:25.426  9860  9884 I RustStdoutStderr: [2m2026-10-01T22:16:25.426451Z[0m [32m INFO[0m [2mmir2_platform_android::ui_preview[0m[2m:[0m ANDROID_NPC_PREVIEW_SHARED_CONSUMER_OPEN_NOT_LIVE [3mscene[0m[2m=[0m"npcshop-repair" [3mmode[0m[2m=[0mRepair [3mgoods[0m[2m=[0m0 [3mfirst_id[0m[2m=[0m0 [3micon_width[0m[2m=[0m0 [3micon_height[0m[2m=[0m0 [3mmap_epoch[0m[2m=[0m0
10-02 06:16:26.477  9860  9885 D EGL_emulation: app_time_stats: avg=15.18ms min=10.49ms max=108.33ms count=57
10-02 06:16:26.956  9860  9889 I event src/phone_hud.rs:173: ANDROID_PHONE_TEXT_LAYOUTfont = TextFont { font: SystemUi, font_size: Px(23.466667), weight: FontWeight(400), width: FontWidth(1.0), style: Normal, font_smoothing: AntiAliased, font_features: FontFeatures { features: [] }, font_variations: FontVariations { variations: [] } }; color = TextColor(Srgba(Srgba { red: 0.96, green: 0.85, blue: 0.61, alpha: 1.0 })); glyph_masks = [true, true, true];
10-02 06:16:26.956  9860  9889 I event src/phone_hud.rs:173: ANDROID_PHONE_TEXT_LAYOUTfont = TextFont { font: SystemUi, font_size: Px(23.466667), weight: FontWeight(400), width: FontWidth(1.0), style: Normal, font_smoothing: AntiAliased, font_features: FontFeatures { features: [] }, font_variations: FontVariations { variations: [] } }; color = TextColor(Srgba(Srgba { red: 0.96, green: 0.85, blue: 0.61, alpha: 1.0 })); glyph_masks = [true, true, true, true, true];
10-02 06:16:26.956  9860  9889 I event src/phone_hud.rs:173: ANDROID_PHONE_TEXT_LAYOUTfont = TextFont { font: SystemUi, font_size: Px(23.466667), weight: FontWeight(400), width: FontWidth(1.0), style: Normal, font_smoothing: AntiAliased, font_features: FontFeatures { features: [] }, font_variations: FontVariations { variations: [] } }; color = TextColor(Srgba(Srgba { red: 0.96, green: 0.85, blue: 0.61, alpha: 1.0 })); glyph_masks = [true, true, true, true, true, true, true];
10-02 06:16:26.956  9860  9889 I event src/phone_hud.rs:173: ANDROID_PHONE_TEXT_LAYOUTfont = TextFont { font: SystemUi, font_size: Px(23.466667), weight: FontWeight(400), width: FontWidth(1.0), style: Normal, font_smoothing: AntiAliased, font_features: FontFeatures { features: [] }, font_variations: FontVariations { variations: [] } }; color = TextColor(Srgba(Srgba { red: 0.96, green: 0.85, blue: 0.61, alpha: 1.0 })); glyph_masks = [true, true, true, true, true];
10-02 06:16:26.956  9860  9889 I event src/phone_hud.rs:173: ANDROID_PHONE_TEXT_LAYOUTfont = TextFont { font: SystemUi, font_size: Px(23.466667), weight: FontWeight(400), width: FontWidth(1.0), style: Normal, font_smoothing: AntiAliased, font_features: FontFeatures { features: [] }, font_variations: FontVariations { variations: [] } }; color = TextColor(Srgba(Srgba { red: 0.96, green: 0.85, blue: 0.61, alpha: 1.0 })); glyph_masks = [true, true, true, true, true, true];
10-02 06:16:26.956  9860  9889 I event src/phone_hud.rs:173: ANDROID_PHONE_TEXT_LAYOUTfont = TextFont { font: SystemUi, font_size: Px(23.466667), weight: FontWeight(400), width: FontWidth(1.0), style: Normal, font_smoothing: AntiAliased, font_features: FontFeatures { features: [] }, font_variations: FontVariations { variations: [] } }; color = TextColor(Srgba(Srgba { red: 0.96, green: 0.85, blue: 0.61, alpha: 1.0 })); glyph_masks = [true, true, true, true, true];
10-02 06:16:26.956  9860  9889 I event src/phone_hud.rs:173: ANDROID_PHONE_TEXT_LAYOUTfont = TextFont { font: SystemUi, font_size: Px(23.466667), weight: FontWeight(400), width: FontWidth(1.0), style: Normal, font_smoothing: AntiAliased, font_features: FontFeatures { features: [] }, font_variations: FontVariations { variations: [] } }; color = TextColor(Srgba(Srgba { red: 0.96, green: 0.85, blue: 0.61, alpha: 1.0 })); glyph_masks = [true, true, true, true, true];
10-02 06:16:26.956  9860  9889 I event src/phone_hud.rs:173: ANDROID_PHONE_TEXT_LAYOUTfont = TextFont { font: SystemUi, font_size: Px(23.466667), weight: FontWeight(400), width: FontWidth(1.0), style: Normal, font_smoothing: AntiAliased, font_features: FontFeatures { features: [] }, font_variations: FontVariations { variations: [] } }; color = TextColor(Srgba(Srgba { red: 0.96, green: 0.85, blue: 0.61, alpha: 1.0 })); glyph_masks = [true, true, true, true, true];
10-02 06:16:26.956  9860  9889 I event src/phone_hud.rs:173: ANDROID_PHONE_TEXT_LAYOUTfont = TextFont { font: SystemUi, font_size: Px(23.466667), weight: FontWeight(400), width: FontWidth(1.0), style: Normal, font_smoothing: AntiAliased, font_features: FontFeatures { features: [] }, font_variations: FontVariations { variations: [] } }; color = TextColor(Srgba(Srgba { red: 0.96, green: 0.85, blue: 0.61, alpha: 1.0 })); glyph_masks = [true, true, true, true];
10-02 06:16:26.956  9860  9889 I event src/phone_hud.rs:173: ANDROID_PHONE_TEXT_LAYOUTfont = TextFont { font: SystemUi, font_size: Px(23.466667), weight: FontWeight(400), width: FontWidth(1.0), style: Normal, font_smoothing: AntiAliased, font_features: FontFeatures { features: [] }, font_variations: FontVariations { variations: [] } }; color = TextColor(Srgba(Srgba { red: 0.96, green: 0.85, blue: 0.61, alpha: 1.0 })); glyph_masks = [true, true, true];
10-02 06:16:26.956  9860  9889 I event src/phone_hud.rs:173: ANDROID_PHONE_TEXT_LAYOUTfont = TextFont { font: SystemUi, font_size: Px(23.466667), weight: FontWeight(400), width: FontWidth(1.0), style: Normal, font_smoothing: AntiAliased, font_features: FontFeatures { features: [] }, font_variations: FontVariations { variations: [] } }; color = TextColor(Srgba(Srgba { red: 0.96, green: 0.85, blue: 0.61, alpha: 1.0 })); glyph_masks = [true, true];
10-02 06:16:26.956  9860  9889 I event src/phone_hud.rs:173: ANDROID_PHONE_TEXT_LAYOUTfont = TextFont { font: SystemUi, font_size: Px(23.466667), weight: FontWeight(400), width: FontWidth(1.0), style: Normal, font_smoothing: AntiAliased, font_features: FontFeatures { features: [] }, font_variations: FontVariations { variations: [] } }; color = TextColor(Srgba(Srgba { red: 0.96, green: 0.85, blue: 0.61, alpha: 1.0 })); glyph_masks = [true, true, true, true];
10-02 06:16:26.956  9860  9889 I event src/phone_hud.rs:173: ANDROID_PHONE_TEXT_LAYOUTfont = TextFont { font: SystemUi, font_size: Px(23.466667), weight: FontWeight(400), width: FontWidth(1.0), style: Normal, font_smoothing: AntiAliased, font_features: FontFeatures { features: [] }, font_variations: FontVariations { variations: [] } }; color = TextColor(Srgba(Srgba { red: 0.98, green: 0.91, blue: 0.76, alpha: 1.0 })); glyph_masks = [true, true, true, true, true, true, true, true, true, true, true, true, true];
10-02 06:16:26.956  9860  9884 I RustStdoutStderr: [2m2026-10-01T22:16:26.956522Z[0m [32m INFO[0m [2mmir2_platform_android::phone_hud[0m[2m:[0m ANDROID_PHONE_TEXT_LAYOUT [3mfont[0m[2m=[0mTextFont { font: SystemUi, font_size: Px(23.466667), weight: FontWeight(400), width: FontWidth(1.0), style: Normal, font_smoothing: AntiAliased, font_features: FontFeatures { features: [] }, font_variations: FontVariations { variations: [] } } [3mcolor[0m[2m=[0mTextColor(Srgba(Srgba { red: 0.96, green: 0.85, blue: 0.61, alpha: 1.0 })) [3mglyph_masks[0m[2m=[0m[true, true, true]
10-02 06:16:26.956  9860  9884 I RustStdoutStderr: [2m2026-10-01T22:16:26.956670Z[0m [32m INFO[0m [2mmir2_platform_android::phone_hud[0m[2m:[0m ANDROID_PHONE_TEXT_LAYOUT [3mfont[0m[2m=[0mTextFont { font: SystemUi, font_size: Px(23.466667), weight: FontWeight(400), width: FontWidth(1.0), style: Normal, font_smoothing: AntiAliased, font_features: FontFeatures { features: [] }, font_variations: FontVariations { variations: [] } } [3mcolor[0m[2m=[0mTextColor(Srgba(Srgba { red: 0.96, green: 0.85, blue: 0.61, alpha: 1.0 })) [3mglyph_masks[0m[2m=[0m[true, true, true, true, true]
10-02 06:16:26.956  9860  9884 I RustStdoutStderr: [2m2026-10-01T22:16:26.956689Z[0m [32m INFO[0m [2mmir2_platform_android::phone_hud[0m[2m:[0m ANDROID_PHONE_TEXT_LAYOUT [3mfont[0m[2m=[0mTextFont { font: SystemUi, font_size: Px(23.466667), weight: FontWeight(400), width: FontWidth(1.0), style: Normal, font_smoothing: AntiAliased, font_features: FontFeatures { features: [] }, font_variations: FontVariations { variations: [] } } [3mcolor[0m[2m=[0mTextColor(Srgba(Srgba { red: 0.96, green: 0.85, blue: 0.61, alpha: 1.0 })) [3mglyph_masks[0m[2m=[0m[true, true, true, true, true, true, true]
10-02 06:16:26.956  9860  9884 I RustStdoutStderr: [2m2026-10-01T22:16:26.956695Z[0m [32m INFO[0m [2mmir2_platform_android::phone_hud[0m[2m:[0m ANDROID_PHONE_TEXT_LAYOUT [3mfont[0m[2m=[0mTextFont { font: SystemUi, font_size: Px(23.466667), weight: FontWeight(400), width: FontWidth(1.0), style: Normal, font_smoothing: AntiAliased, font_features: FontFeatures { features: [] }, font_variations: FontVariations { variations: [] } } [3mcolor[0m[2m=[0mTextColor(Srgba(Srgba { red: 0.96, green: 0.85, blue: 0.61, alpha: 1.0 })) [3mglyph_masks[0m[2m=[0m[true, true, true, true, true]
10-02 06:16:26.956  9860  9884 I RustStdoutStderr: [2m2026-10-01T22:16:26.956700Z[0m [32m INFO[0m [2mmir2_platform_android::phone_hud[0m[2m:[0m ANDROID_PHONE_TEXT_LAYOUT [3mfont[0m[2m=[0mTextFont { font: SystemUi, font_size: Px(23.466667), weight: FontWeight(400), width: FontWidth(1.0), style: Normal, font_smoothing: AntiAliased, font_features: FontFeatures { features: [] }, font_variations: FontVariations { variations: [] } } [3mcolor[0m[2m=[0mTextColor(Srgba(Srgba { red: 0.96, green: 0.85, blue: 0.61, alpha: 1.0 })) [3mglyph_masks[0m[2m=[0m[true, true, true, true, true, true]
10-02 06:16:26.956  9860  9884 I RustStdoutStderr: [2m2026-10-01T22:16:26.956705Z[0m [32m INFO[0m [2mmir2_platform_android::phone_hud[0m[2m:[0m ANDROID_PHONE_TEXT_LAYOUT [3mfont[0m[2m=[0mTextFont { font: SystemUi, font_size: Px(23.466667), weight: FontWeight(400), width: FontWidth(1.0), style: Normal, font_smoothing: AntiAliased, font_features: FontFeatures { features: [] }, font_variations: FontVariations { variations: [] } } [3mcolor[0m[2m=[0mTextColor(Srgba(Srgba { red: 0.96, green: 0.85, blue: 0.61, alpha: 1.0 })) [3mglyph_masks[0m[2m=[0m[true, true, true, true, true]
10-02 06:16:26.956  9860  9884 I RustStdoutStderr: [2m2026-10-01T22:16:26.956709Z[0m [32m INFO[0m [2mmir2_platform_android::phone_hud[0m[2m:[0m ANDROID_PHONE_TEXT_LAYOUT [3mfont[0m[2m=[0mTextFont { font: SystemUi, font_size: Px(23.466667), weight: FontWeight(400), width: FontWidth(1.0), style: Normal, font_smoothing: AntiAliased, font_features: FontFeatures { features: [] }, font_variations: FontVariations { variations: [] } } [3mcolor[0m[2m=[0mTextColor(Srgba(Srgba { red: 0.96, green: 0.85, blue: 0.61, alpha: 1.0 })) [3mglyph_masks[0m[2m=[0m[true, true, true, true, true]
10-02 06:16:26.956  9860  9884 I RustStdoutStderr: [2m2026-10-01T22:16:26.956714Z[0m [32m INFO[0m [2mmir2_platform_android::phone_hud[0m[2m:[0m ANDROID_PHONE_TEXT_LAYOUT [3mfont[0m[2m=[0mTextFont { font: SystemUi, font_size: Px(23.466667), weight: FontWeight(400), width: FontWidth(1.0), style: Normal, font_smoothing: AntiAliased, font_features: FontFeatures { features: [] }, font_variations: FontVariations { variations: [] } } [3mcolor[0m[2m=[0mTextColor(Srgba(Srgba { red: 0.96, green: 0.85, blue: 0.61, alpha: 1.0 })) [3mglyph_masks[0m[2m=[0m[true, true, true, true, true]
10-02 06:16:26.956  9860  9884 I RustStdoutStderr: [2m2026-10-01T22:16:26.956718Z[0m [32m INFO[0m [2mmir2_platform_android::phone_hud[0m[2m:[0m ANDROID_PHONE_TEXT_LAYOUT [3mfont[0m[2m=[0mTextFont { font: SystemUi, font_size: Px(23.466667), weight: FontWeight(400), width: FontWidth(1.0), style: Normal, font_smoothing: AntiAliased, font_features: FontFeatures { features: [] }, font_variations: FontVariations { variations: [] } } [3mcolor[0m[2m=[0mTextColor(Srgba(Srgba { red: 0.96, green: 0.85, blue: 0.61, alpha: 1.0 })) [3mglyph_masks[0m[2m=[0m[true, true, true, true]
10-02 06:16:26.956  9860  9884 I RustStdoutStderr: [2m2026-10-01T22:16:26.956724Z[0m [32m INFO[0m [2mmir2_platform_android::phone_hud[0m[2m:[0m ANDROID_PHONE_TEXT_LAYOUT [3mfont[0m[2m=[0mTextFont { font: SystemUi, font_size: Px(23.466667), weight: FontWeight(400), width: FontWidth(1.0), style: Normal, font_smoothing: AntiAliased, font_features: FontFeatures { features: [] }, font_variations: FontVariations { variations: [] } } [3mcolor[0m[2m=[0mTextColor(Srgba(Srgba { red: 0.96, green: 0.85, blue: 0.61, alpha: 1.0 })) [3mglyph_masks[0m[2m=[0m[true, true, true]
10-02 06:16:26.956  9860  9884 I RustStdoutStderr: [2m2026-10-01T22:16:26.956729Z[0m [32m INFO[0m [2mmir2_platform_android::phone_hud[0m[2m:[0m ANDROID_PHONE_TEXT_LAYOUT [3mfont[0m[2m=[0mTextFont { font: SystemUi, font_size: Px(23.466667), weight: FontWeight(400), width: FontWidth(1.0), style: Normal, font_smoothing: AntiAliased, font_features: FontFeatures { features: [] }, font_variations: FontVariations { variations: [] } } [3mcolor[0m[2m=[0mTextColor(Srgba(Srgba { red: 0.96, green: 0.85, blue: 0.61, alpha: 1.0 })) [3mglyph_masks[0m[2m=[0m[true, true]
10-02 06:16:26.956  9860  9884 I RustStdoutStderr: [2m2026-10-01T22:16:26.956734Z[0m [32m INFO[0m [2mmir2_platform_android::phone_hud[0m[2m:[0m ANDROID_PHONE_TEXT_LAYOUT [3mfont[0m[2m=[0mTextFont { font: SystemUi, font_size: Px(23.466667), weight: FontWeight(400), width: FontWidth(1.0), style: Normal, font_smoothing: AntiAliased, font_features: FontFeatures { features: [] }, font_variations: FontVariations { variations: [] } } [3mcolor[0m[2m=[0mTextColor(Srgba(Srgba { red: 0.96, green: 0.85, blue: 0.61, alpha: 1.0 })) [3mglyph_masks[0m[2m=[0m[true, true, true, true]
10-02 06:16:26.956  9860  9884 I RustStdoutStderr: [2m2026-10-01T22:16:26.956739Z[0m [32m INFO[0m [2mmir2_platform_android::phone_hud[0m[2m:[0m ANDROID_PHONE_TEXT_LAYOUT [3mfont[0m[2m=[0mTextFont { font: SystemUi, font_size: Px(23.466667), weight: FontWeight(400), width: FontWidth(1.0), style: Normal, font_smoothing: AntiAliased, font_features: FontFeatures { features: [] }, font_variations: FontVariations { variations: [] } } [3mcolor[0m[2m=[0mTextColor(Srgba(Srgba { red: 0.98, green: 0.91, blue: 0.76, alpha: 1.0 })) [3mglyph_masks[0m[2m=[0m[true, true, true, true, true, true, true, true, true, true, true, true, true]
10-02 06:16:27.480  9860  9885 D EGL_emulation: app_time_stats: avg=11.30ms min=10.41ms max=13.03ms count=60
10-02 06:16:28.496  9860  9885 D EGL_emulation: app_time_stats: avg=11.58ms min=10.68ms max=14.72ms count=61
10-02 06:16:29.512  9860  9885 D EGL_emulation: app_time_stats: avg=11.66ms min=10.71ms max=16.20ms count=61
