--------- beginning of main
10-01 23:20:56.416  5562  5562 I .web3.uiprevie: Late-enabling -Xcheck:jni
10-01 23:20:56.447  5562  5562 D CompatibilityChangeReporter: Compat change id reported: 171979766; UID 10146; state: ENABLED
10-01 23:20:56.485  5562  5562 V GraphicsEnvironment: ANGLE Developer option for 'com.mir2.web3.uipreview' set to: 'default'
10-01 23:20:56.485  5562  5562 V GraphicsEnvironment: Neither updatable production driver nor prerelease driver is supported.
10-01 23:20:56.486  5562  5562 D NetworkSecurityConfig: No Network Security Config specified, using platform default
10-01 23:20:56.486  5562  5562 D NetworkSecurityConfig: No Network Security Config specified, using platform default
10-01 23:20:56.514  5562  5583 D libEGL  : loaded /vendor/lib64/egl/libEGL_emulation.so
10-01 23:20:56.516  5562  5583 D libEGL  : loaded /vendor/lib64/egl/libGLESv1_CM_emulation.so
10-01 23:20:56.517  5562  5583 D libEGL  : loaded /vendor/lib64/egl/libGLESv2_emulation.so
10-01 23:20:56.541  5562  5562 D AppCompatDelegate: Checking for metadata for AppLocalesMetadataHolderService : Service not found
10-01 23:20:56.548  5562  5562 D gti.InputConnection: InputConnection created
10-01 23:20:56.551  5562  5562 D gti.InputConnection: setEditorInfo
10-01 23:20:56.554  5562  5562 W .web3.uiprevie: Accessing hidden method Landroid/view/ViewGroup;->makeOptionalFitsSystemWindows()V (unsupported, reflection, allowed)
10-01 23:20:56.555  5562  5562 I GameActivity: Looking for library libmir2_platform_android.so
10-01 23:20:56.555  5562  5562 I GameActivity: Found library libmir2_platform_android.so. Loading...
10-01 23:20:56.557  5562  5562 D GameActivity: GameActivity_register
10-01 23:20:56.557  5562  5562 V GameActivity: Registering com/google/androidgamesdk/GameActivity's 24 native methods...
10-01 23:20:56.557  5562  5562 D GameActivity: SDK version: 31
10-01 23:20:56.557  5562  5562 I android-activity: Creating: Activity = 0x1696, saved state size = 0
10-01 23:20:56.560  5562  5562 V threaded_app: Creating: 0xb400007535841870
10-01 23:20:56.560  5562  5562 V threaded_app: Callbacks set: 0xb4000075358418c0
10-01 23:20:56.560  5562  5562 V threaded_app: Launching android_app_entry in a thread
10-01 23:20:56.560  5562  5585 V threaded_app: android_app_entry called
10-01 23:20:56.560  5562  5585 V threaded_app: android_app = 0xb400007515843290
10-01 23:20:56.560  5562  5585 V threaded_app: config = 0xb4000074858551f0
10-01 23:20:56.560  5562  5585 V threaded_app: activity = 0xb400007535841870
10-01 23:20:56.560  5562  5585 V threaded_app: assetmanager = 0xb40000753583d3b0
10-01 23:20:56.560  5562  5585 V threaded_app: Config: mcc=310 mnc=260 lang=en cnt=US orien=2 touch=3 dens=440 keys=2 nav=2 keysHid=1 navHid=0 sdk=31 size=2 long=2 modetype=1 modenight=1
10-01 23:20:56.571  5562  5585 D HostConnection: createUnique: call
10-01 23:20:56.572  5562  5585 D HostConnection: HostConnection::get() New Host Connection established 0xb4000074d583b710, tid 5585
10-01 23:20:56.574  5562  5585 D HostConnection: HostComposition ext ANDROID_EMU_CHECKSUM_HELPER_v1 ANDROID_EMU_native_sync_v2 ANDROID_EMU_native_sync_v3 ANDROID_EMU_native_sync_v4 ANDROID_EMU_dma_v1 ANDROID_EMU_direct_mem ANDROID_EMU_host_composition_v1 ANDROID_EMU_host_composition_v2 ANDROID_EMU_vulkan ANDROID_EMU_deferred_vulkan_commands ANDROID_EMU_vulkan_null_optional_strings ANDROID_EMU_vulkan_create_resources_with_requirements ANDROID_EMU_YUV_Cache ANDROID_EMU_vulkan_ignored_handles ANDROID_EMU_has_shared_slots_host_memory_allocator ANDROID_EMU_vulkan_free_memory_sync ANDROID_EMU_vulkan_shader_float16_int8 ANDROID_EMU_vulkan_async_queue_submit ANDROID_EMU_vulkan_queue_submit_with_commands ANDROID_EMU_sync_buffer_data ANDROID_EMU_vulkan_async_qsri ANDROID_EMU_read_color_buffer_dma ANDROID_EMU_hwc_color_transform GL_OES_EGL_image_external_essl3 GL_OES_vertex_array_object ANDROID_EMU_host_side_tracing ANDROID_EMU_gles_max_version_3_0 
10-01 23:20:56.576  5562  5585 D EGL_emulation: eglCreateContext: 0xb4000074d583bad0: maj 3 min 0 rcv 3
10-01 23:20:56.578  5562  5585 D EGL_emulation: eglMakeCurrent: 0xb4000074d583bad0: ver 3 0 (tinfo 0x76fbc37080) (first time)
10-01 23:20:56.591  5562  5585 I event /Users/henryliu/obelisk/numeron-worktrees/android-shared-sync/mir2-web3/third_party/bevyAdapterInfo { name: "Android Emulator OpenGL ES Translator (Apple M1 Max)", vendor: 4203, device: 0, device_type: IntegratedGpu, device_pci_bus_id: "", driver: "", driver_info: "OpenGL ES 3.0 (4.1 Metal - 89.4)", backend: Gl, subgroup_min_size: 4, subgroup_max_size: 128, transient_saves_memory: false }
10-01 23:20:56.592  5562  5584 I RustStdoutStderr: [2m2026-10-01T15:20:56.591905Z[0m [32m INFO[0m [2mbevy_render::renderer[0m[2m:[0m AdapterInfo { name: "Android Emulator OpenGL ES Translator (Apple M1 Max)", vendor: 4203, device: 0, device_type: IntegratedGpu, device_pci_bus_id: "", driver: "", driver_info: "OpenGL ES 3.0 (4.1 Metal - 89.4)", backend: Gl, subgroup_min_size: 4, subgroup_max_size: 128, transient_saves_memory: false }
10-01 23:20:56.602  5562  5562 V GameActivity: onStart_native
10-01 23:20:56.602  5562  5562 V threaded_app: Start: 0xb400007535841870
10-01 23:20:56.653  5562  5585 I event /Users/henryliu/obelisk/numeron-worktrees/android-shared-sync/mir2-web3/third_party/bevySparse buffer updates disabled. RenderDevice lacks support: max_storage_buffers_per_shader_stage (0) < 3.
10-01 23:20:56.653  5562  5585 W event /Users/henryliu/.cargo/registry/src/index.crates.io-1949cf8c6b5b557f/bevy_core_pipeline-OrderIndependentTransparencyPlugin not loaded. GPU lacks support: DownlevelFlags::FRAGMENT_WRITABLE_STORAGE.
10-01 23:20:56.653  5562  5585 W event /Users/henryliu/.cargo/registry/src/index.crates.io-1949cf8c6b5b557f/bevy_core_pipeline-BackgroundMotionVectorsPlugin not loaded. GPU lacks support for required downlevel capability flags: DownlevelFlags(INDEPENDENT_BLEND).
10-01 23:20:56.653  5562  5584 I RustStdoutStderr: [2m2026-10-01T15:20:56.653317Z[0m [32m INFO[0m [2mbevy_render::render_resource::sparse_buffer_vec[0m[2m:[0m Sparse buffer updates disabled. RenderDevice lacks support: max_storage_buffers_per_shader_stage (0) < 3.
10-01 23:20:56.653  5562  5584 I RustStdoutStderr: [2m2026-10-01T15:20:56.653605Z[0m [33m WARN[0m [2mbevy_core_pipeline::oit::resolve[0m[2m:[0m OrderIndependentTransparencyPlugin not loaded. GPU lacks support: DownlevelFlags::FRAGMENT_WRITABLE_STORAGE.
10-01 23:20:56.653  5562  5584 I RustStdoutStderr: [2m2026-10-01T15:20:56.653637Z[0m [33m WARN[0m [2mbevy_core_pipeline::prepass::background_motion_vectors[0m[2m:[0m BackgroundMotionVectorsPlugin not loaded. GPU lacks support for required downlevel capability flags: DownlevelFlags(INDEPENDENT_BLEND).
10-01 23:20:56.700  5562  5585 I event /Users/henryliu/obelisk/numeron-worktrees/android-shared-sync/mir2-web3/third_party/bevyGPU preprocessing is not supported on this device. Falling back to CPU preprocessing.
10-01 23:20:56.700  5562  5584 I RustStdoutStderr: [2m2026-10-01T15:20:56.700471Z[0m [32m INFO[0m [2mbevy_render::batching::gpu_preprocessing[0m[2m:[0m GPU preprocessing is not supported on this device. Falling back to CPU preprocessing.
10-01 23:20:56.715  5562  5585 V threaded_app: activityState=11
10-01 23:20:56.716  5562  5584 I RustStdoutStderr: [2m2026-10-01T15:20:56.716247Z[0m [33m WARN[0m [2mwinit::platform_impl::android[0m[2m:[0m TODO: forward onStart notification to application
10-01 23:20:56.716  5562  5585 W event /Users/henryliu/.cargo/registry/src/index.crates.io-1949cf8c6b5b557f/winit-0.30.13/src/pTODO: forward onStart notification to application
10-01 23:20:56.718  5562  5562 V threaded_app: Resume: 0xb400007535841870
10-01 23:20:56.718  5562  5585 V threaded_app: activityState=12
10-01 23:20:56.726  5562  5562 V GameActivity: onImeInsetsChanged from Text Listener
10-01 23:20:56.726  5562  5562 V threaded_app: SoftwareKeyboardVisibilityChanged: 0xb400007535841870 -- 1
10-01 23:20:56.726  5562  5562 V threaded_app: WindowInsetsChanged: 0xb400007535841870
10-01 23:20:56.726  5562  5585 W event /Users/henryliu/.cargo/registry/src/index.crates.io-1949cf8c6b5b557f/winit-0.30.13/src/pTODO: handle Android InsetsChanged notification
10-01 23:20:56.726  5562  5584 I RustStdoutStderr: [2m2026-10-01T15:20:56.726765Z[0m [33m WARN[0m [2mwinit::platform_impl::android[0m[2m:[0m TODO: handle Android InsetsChanged notification
10-01 23:20:56.730  5562  5562 V GameActivity: onImeInsetsChanged from Text Listener
10-01 23:20:56.730  5562  5562 V threaded_app: WindowInsetsChanged: 0xb400007535841870
10-01 23:20:56.730  5562  5581 D HostConnection: createUnique: call
10-01 23:20:56.731  5562  5581 D HostConnection: HostConnection::get() New Host Connection established 0xb4000074d5853110, tid 5581
10-01 23:20:56.731  5562  5585 W event /Users/henryliu/.cargo/registry/src/index.crates.io-1949cf8c6b5b557f/winit-0.30.13/src/pTODO: handle Android InsetsChanged notification
10-01 23:20:56.731  5562  5562 V threaded_app: ContentRectChanged: 0xb400007535841870 -- (0 0) (2340 1080)
10-01 23:20:56.731  5562  5584 I RustStdoutStderr: [2m2026-10-01T15:20:56.731112Z[0m [33m WARN[0m [2mwinit::platform_impl::android[0m[2m:[0m TODO: handle Android InsetsChanged notification
10-01 23:20:56.731  5562  5585 W event /Users/henryliu/.cargo/registry/src/index.crates.io-1949cf8c6b5b557f/winit-0.30.13/src/pTODO: find a way to notify application of content rect change
10-01 23:20:56.732  5562  5584 I RustStdoutStderr: [2m2026-10-01T15:20:56.731921Z[0m [33m WARN[0m [2mwinit::platform_impl::android[0m[2m:[0m TODO: find a way to notify application of content rect change
10-01 23:20:56.733  5562  5581 D HostConnection: HostComposition ext ANDROID_EMU_CHECKSUM_HELPER_v1 ANDROID_EMU_native_sync_v2 ANDROID_EMU_native_sync_v3 ANDROID_EMU_native_sync_v4 ANDROID_EMU_dma_v1 ANDROID_EMU_direct_mem ANDROID_EMU_host_composition_v1 ANDROID_EMU_host_composition_v2 ANDROID_EMU_vulkan ANDROID_EMU_deferred_vulkan_commands ANDROID_EMU_vulkan_null_optional_strings ANDROID_EMU_vulkan_create_resources_with_requirements ANDROID_EMU_YUV_Cache ANDROID_EMU_vulkan_ignored_handles ANDROID_EMU_has_shared_slots_host_memory_allocator ANDROID_EMU_vulkan_free_memory_sync ANDROID_EMU_vulkan_shader_float16_int8 ANDROID_EMU_vulkan_async_queue_submit ANDROID_EMU_vulkan_queue_submit_with_commands ANDROID_EMU_sync_buffer_data ANDROID_EMU_vulkan_async_qsri ANDROID_EMU_read_color_buffer_dma ANDROID_EMU_hwc_color_transform GL_OES_EGL_image_external_essl3 GL_OES_vertex_array_object ANDROID_EMU_host_side_tracing ANDROID_EMU_gles_max_version_3_0 
10-01 23:20:56.733  5562  5581 W OpenGLRenderer: Failed to choose config with EGL_SWAP_BEHAVIOR_PRESERVED, retrying without...
10-01 23:20:56.734  5562  5581 W OpenGLRenderer: Failed to initialize 101010-2 format, error = EGL_SUCCESS
10-01 23:20:56.734  5562  5581 D EGL_emulation: eglCreateContext: 0xb4000074d5853e90: maj 3 min 0 rcv 3
10-01 23:20:56.735  5562  5581 D EGL_emulation: eglMakeCurrent: 0xb4000074d5853e90: ver 3 0 (tinfo 0x76fbc37100) (first time)
10-01 23:20:56.736  5562  5562 V GameActivity: onSurfaceCreated_native
10-01 23:20:56.736  5562  5562 V threaded_app: NativeWindowCreated: 0xb400007535841870 -- 0xb4000075c59ee140
10-01 23:20:56.736  5562  5562 V threaded_app: android_app_set_window called
10-01 23:20:56.736  5562  5585 V threaded_app: APP_CMD_INIT_WINDOW
10-01 23:20:56.737  5562  5585 I event /Users/henryliu/.cargo/registry/src/index.crates.io-1949cf8c6b5b557f/bevy_winit-0.19.0/sCreating new window mir2-web3 (android) (105v0)
10-01 23:20:56.737  5562  5562 V threaded_app: NativeWindowResized: 0xb400007535841870 -- 0xb4000075c59ee140 ( 2340 x 1080 )
10-01 23:20:56.737  5562  5562 V threaded_app: NativeWindowRedrawNeeded: 0xb400007535841870 -- 0xb4000075c59ee140
10-01 23:20:56.737  5562  5584 I RustStdoutStderr: [2m2026-10-01T15:20:56.737029Z[0m [32m INFO[0m [2mbevy_winit::system[0m[2m:[0m Creating new window mir2-web3 (android) (105v0)
10-01 23:20:56.740  5562  5581 I Gralloc4: mapper 4.x is not supported
10-01 23:20:56.742  5562  5581 D HostConnection: createUnique: call
10-01 23:20:56.743  5562  5581 D HostConnection: HostConnection::get() New Host Connection established 0xb4000074d5852c90, tid 5581
10-01 23:20:56.743  5562  5581 D goldfish-address-space: allocate: Ask for block of size 0x100
10-01 23:20:56.743  5562  5581 D goldfish-address-space: allocate: ioctl allocate returned offset 0x1efff8000 size 0x8000
10-01 23:20:56.744  5562  5581 W Gralloc4: allocator 4.x is not supported
10-01 23:20:56.746  5562  5581 D HostConnection: HostComposition ext ANDROID_EMU_CHECKSUM_HELPER_v1 ANDROID_EMU_native_sync_v2 ANDROID_EMU_native_sync_v3 ANDROID_EMU_native_sync_v4 ANDROID_EMU_dma_v1 ANDROID_EMU_direct_mem ANDROID_EMU_host_composition_v1 ANDROID_EMU_host_composition_v2 ANDROID_EMU_vulkan ANDROID_EMU_deferred_vulkan_commands ANDROID_EMU_vulkan_null_optional_strings ANDROID_EMU_vulkan_create_resources_with_requirements ANDROID_EMU_YUV_Cache ANDROID_EMU_vulkan_ignored_handles ANDROID_EMU_has_shared_slots_host_memory_allocator ANDROID_EMU_vulkan_free_memory_sync ANDROID_EMU_vulkan_shader_float16_int8 ANDROID_EMU_vulkan_async_queue_submit ANDROID_EMU_vulkan_queue_submit_with_commands ANDROID_EMU_sync_buffer_data ANDROID_EMU_vulkan_async_qsri ANDROID_EMU_read_color_buffer_dma ANDROID_EMU_hwc_color_transform GL_OES_EGL_image_external_essl3 GL_OES_vertex_array_object ANDROID_EMU_host_side_tracing ANDROID_EMU_gles_max_version_3_0 
10-01 23:20:56.773  5562  5562 V GameActivity: onImeInsetsChanged from Text Listener
10-01 23:20:56.773  5562  5562 V threaded_app: WindowInsetsChanged: 0xb400007535841870
10-01 23:20:56.773  5562  5562 V threaded_app: WindowFocusChanged: 0xb400007535841870 -- 1
10-01 23:20:56.783  5562  5562 V GameActivity: onImeInsetsChanged from Text Listener
10-01 23:20:56.783  5562  5562 V threaded_app: WindowInsetsChanged: 0xb400007535841870
10-01 23:20:56.808  5562  5562 V GameActivity: onImeInsetsChanged from Text Listener
10-01 23:20:56.808  5562  5562 V threaded_app: SoftwareKeyboardVisibilityChanged: 0xb400007535841870 -- 0
10-01 23:20:56.808  5562  5562 V threaded_app: WindowInsetsChanged: 0xb400007535841870
10-01 23:20:56.909  5562  5585 W event /Users/henryliu/.cargo/registry/src/index.crates.io-1949cf8c6b5b557f/winit-0.30.13/src/pTODO: handle Android InsetsChanged notification
10-01 23:20:56.909  5562  5584 I RustStdoutStderr: [2m2026-10-01T15:20:56.909897Z[0m [33m WARN[0m [2mwinit::platform_impl::android[0m[2m:[0m TODO: handle Android InsetsChanged notification
10-01 23:20:56.914  5562  5585 I event src/ui_preview.rs:987: ANDROID_OFFLINE_RECEIVED_CHAT_QUEUED_NOT_LIVEqueued = 2;
10-01 23:20:56.914  5562  5584 I RustStdoutStderr: [2m2026-10-01T15:20:56.914596Z[0m [32m INFO[0m [2mmir2_platform_android::ui_preview[0m[2m:[0m ANDROID_OFFLINE_RECEIVED_CHAT_QUEUED_NOT_LIVE [3mqueued[0m[2m=[0m2
10-01 23:20:56.922  5562  5585 I event src/item_geometry.rs:127: ANDROID_ITEM_GEOMETRY_READYitems = 1003; state_items = 2380; sources = [("original-ui/Items/meta.json", "ec0eca414ac6c34e17a218f0ed4396f30607c2485482f8760af7706acddcedfe"), ("original-ui/StateItem/meta.json", "7d812a76e9a54b1d0535968a8c21ee2064577e7012572daf79b242221ca72e9a")];
10-01 23:20:56.922  5562  5584 I RustStdoutStderr: [2m2026-10-01T15:20:56.922506Z[0m [32m INFO[0m [2mmir2_platform_android::item_geometry[0m[2m:[0m ANDROID_ITEM_GEOMETRY_READY [3mitems[0m[2m=[0m1003 [3mstate_items[0m[2m=[0m2380 [3msources[0m[2m=[0m[("original-ui/Items/meta.json", "ec0eca414ac6c34e17a218f0ed4396f30607c2485482f8760af7706acddcedfe"), ("original-ui/StateItem/meta.json", "7d812a76e9a54b1d0535968a8c21ee2064577e7012572daf79b242221ca72e9a")]
10-01 23:20:56.922  5562  5585 I event src/ui_preview.rs:1169: ANDROID_INVENTORY_INGRESS_OFFLINE queued owner42 bag12 equip2 sourceFrame30
10-01 23:20:56.922  5562  5585 I event src/ui_preview.rs:765: ANDROID_UI_PREVIEW_READY scene=chat-settings
10-01 23:20:56.923  5562  5584 I RustStdoutStderr: [2m2026-10-01T15:20:56.922790Z[0m [32m INFO[0m [2mmir2_platform_android::ui_preview[0m[2m:[0m ANDROID_INVENTORY_INGRESS_OFFLINE queued owner42 bag12 equip2 sourceFrame30
10-01 23:20:56.923  5562  5584 I RustStdoutStderr: [2m2026-10-01T15:20:56.922974Z[0m [32m INFO[0m [2mmir2_platform_android::ui_preview[0m[2m:[0m ANDROID_UI_PREVIEW_READY scene=chat-settings
10-01 23:20:56.989  5562  5585 W event /Users/henryliu/.cargo/registry/src/index.crates.io-1949cf8c6b5b557f/winit-0.30.13/src/pTODO: handle Android InsetsChanged notification
10-01 23:20:56.989  5562  5584 I RustStdoutStderr: [2m2026-10-01T15:20:56.989282Z[0m [33m WARN[0m [2mwinit::platform_impl::android[0m[2m:[0m TODO: handle Android InsetsChanged notification
10-01 23:20:57.014  5562  5585 W event /Users/henryliu/.cargo/registry/src/index.crates.io-1949cf8c6b5b557f/winit-0.30.13/src/pTODO: handle Android InsetsChanged notification
10-01 23:20:57.014  5562  5584 I RustStdoutStderr: [2m2026-10-01T15:20:57.014071Z[0m [33m WARN[0m [2mwinit::platform_impl::android[0m[2m:[0m TODO: handle Android InsetsChanged notification
10-01 23:20:57.995  5562  5585 D EGL_emulation: app_time_stats: avg=15.18ms min=10.60ms max=111.43ms count=57
10-01 23:20:58.476  5562  5588 I event src/phone_hud.rs:167: ANDROID_PHONE_TEXT_LAYOUTfont = TextFont { font: SystemUi, font_size: Px(23.466667), weight: FontWeight(400), width: FontWidth(1.0), style: Normal, font_smoothing: AntiAliased, font_features: FontFeatures { features: [] }, font_variations: FontVariations { variations: [] } }; color = TextColor(Srgba(Srgba { red: 0.96, green: 0.85, blue: 0.61, alpha: 1.0 })); glyph_masks = [true, true, true];
10-01 23:20:58.476  5562  5588 I event src/phone_hud.rs:167: ANDROID_PHONE_TEXT_LAYOUTfont = TextFont { font: SystemUi, font_size: Px(23.466667), weight: FontWeight(400), width: FontWidth(1.0), style: Normal, font_smoothing: AntiAliased, font_features: FontFeatures { features: [] }, font_variations: FontVariations { variations: [] } }; color = TextColor(Srgba(Srgba { red: 0.96, green: 0.85, blue: 0.61, alpha: 1.0 })); glyph_masks = [true, true, true, true, true];
10-01 23:20:58.476  5562  5588 I event src/phone_hud.rs:167: ANDROID_PHONE_TEXT_LAYOUTfont = TextFont { font: SystemUi, font_size: Px(23.466667), weight: FontWeight(400), width: FontWidth(1.0), style: Normal, font_smoothing: AntiAliased, font_features: FontFeatures { features: [] }, font_variations: FontVariations { variations: [] } }; color = TextColor(Srgba(Srgba { red: 0.96, green: 0.85, blue: 0.61, alpha: 1.0 })); glyph_masks = [true, true, true, true, true, true, true];
10-01 23:20:58.476  5562  5588 I event src/phone_hud.rs:167: ANDROID_PHONE_TEXT_LAYOUTfont = TextFont { font: SystemUi, font_size: Px(23.466667), weight: FontWeight(400), width: FontWidth(1.0), style: Normal, font_smoothing: AntiAliased, font_features: FontFeatures { features: [] }, font_variations: FontVariations { variations: [] } }; color = TextColor(Srgba(Srgba { red: 0.96, green: 0.85, blue: 0.61, alpha: 1.0 })); glyph_masks = [true, true, true, true, true];
10-01 23:20:58.476  5562  5588 I event src/phone_hud.rs:167: ANDROID_PHONE_TEXT_LAYOUTfont = TextFont { font: SystemUi, font_size: Px(23.466667), weight: FontWeight(400), width: FontWidth(1.0), style: Normal, font_smoothing: AntiAliased, font_features: FontFeatures { features: [] }, font_variations: FontVariations { variations: [] } }; color = TextColor(Srgba(Srgba { red: 0.96, green: 0.85, blue: 0.61, alpha: 1.0 })); glyph_masks = [true, true, true, true, true, true];
10-01 23:20:58.476  5562  5588 I event src/phone_hud.rs:167: ANDROID_PHONE_TEXT_LAYOUTfont = TextFont { font: SystemUi, font_size: Px(23.466667), weight: FontWeight(400), width: FontWidth(1.0), style: Normal, font_smoothing: AntiAliased, font_features: FontFeatures { features: [] }, font_variations: FontVariations { variations: [] } }; color = TextColor(Srgba(Srgba { red: 0.96, green: 0.85, blue: 0.61, alpha: 1.0 })); glyph_masks = [true, true, true, true, true];
10-01 23:20:58.476  5562  5588 I event src/phone_hud.rs:167: ANDROID_PHONE_TEXT_LAYOUTfont = TextFont { font: SystemUi, font_size: Px(23.466667), weight: FontWeight(400), width: FontWidth(1.0), style: Normal, font_smoothing: AntiAliased, font_features: FontFeatures { features: [] }, font_variations: FontVariations { variations: [] } }; color = TextColor(Srgba(Srgba { red: 0.96, green: 0.85, blue: 0.61, alpha: 1.0 })); glyph_masks = [true, true, true, true, true];
10-01 23:20:58.476  5562  5588 I event src/phone_hud.rs:167: ANDROID_PHONE_TEXT_LAYOUTfont = TextFont { font: SystemUi, font_size: Px(23.466667), weight: FontWeight(400), width: FontWidth(1.0), style: Normal, font_smoothing: AntiAliased, font_features: FontFeatures { features: [] }, font_variations: FontVariations { variations: [] } }; color = TextColor(Srgba(Srgba { red: 0.96, green: 0.85, blue: 0.61, alpha: 1.0 })); glyph_masks = [true, true, true, true, true];
10-01 23:20:58.476  5562  5588 I event src/phone_hud.rs:167: ANDROID_PHONE_TEXT_LAYOUTfont = TextFont { font: SystemUi, font_size: Px(23.466667), weight: FontWeight(400), width: FontWidth(1.0), style: Normal, font_smoothing: AntiAliased, font_features: FontFeatures { features: [] }, font_variations: FontVariations { variations: [] } }; color = TextColor(Srgba(Srgba { red: 0.96, green: 0.85, blue: 0.61, alpha: 1.0 })); glyph_masks = [true, true, true, true];
10-01 23:20:58.476  5562  5588 I event src/phone_hud.rs:167: ANDROID_PHONE_TEXT_LAYOUTfont = TextFont { font: SystemUi, font_size: Px(23.466667), weight: FontWeight(400), width: FontWidth(1.0), style: Normal, font_smoothing: AntiAliased, font_features: FontFeatures { features: [] }, font_variations: FontVariations { variations: [] } }; color = TextColor(Srgba(Srgba { red: 0.96, green: 0.85, blue: 0.61, alpha: 1.0 })); glyph_masks = [true, true, true];
10-01 23:20:58.476  5562  5588 I event src/phone_hud.rs:167: ANDROID_PHONE_TEXT_LAYOUTfont = TextFont { font: SystemUi, font_size: Px(23.466667), weight: FontWeight(400), width: FontWidth(1.0), style: Normal, font_smoothing: AntiAliased, font_features: FontFeatures { features: [] }, font_variations: FontVariations { variations: [] } }; color = TextColor(Srgba(Srgba { red: 0.98, green: 0.91, blue: 0.76, alpha: 1.0 })); glyph_masks = [true, true, true, true, true, true, true, true, true, true, true, true, true];
10-01 23:20:58.476  5562  5588 I event src/phone_hud.rs:167: ANDROID_PHONE_TEXT_LAYOUTfont = TextFont { font: SystemUi, font_size: Px(23.466667), weight: FontWeight(400), width: FontWidth(1.0), style: Normal, font_smoothing: AntiAliased, font_features: FontFeatures { features: [] }, font_variations: FontVariations { variations: [] } }; color = TextColor(Srgba(Srgba { red: 0.96, green: 0.85, blue: 0.61, alpha: 1.0 })); glyph_masks = [true, true];
10-01 23:20:58.476  5562  5588 I event src/phone_hud.rs:167: ANDROID_PHONE_TEXT_LAYOUTfont = TextFont { font: SystemUi, font_size: Px(23.466667), weight: FontWeight(400), width: FontWidth(1.0), style: Normal, font_smoothing: AntiAliased, font_features: FontFeatures { features: [] }, font_variations: FontVariations { variations: [] } }; color = TextColor(Srgba(Srgba { red: 0.96, green: 0.85, blue: 0.61, alpha: 1.0 })); glyph_masks = [true, true, true, true];
10-01 23:20:58.476  5562  5584 I RustStdoutStderr: [2m2026-10-01T15:20:58.476296Z[0m [32m INFO[0m [2mmir2_platform_android::phone_hud[0m[2m:[0m ANDROID_PHONE_TEXT_LAYOUT [3mfont[0m[2m=[0mTextFont { font: SystemUi, font_size: Px(23.466667), weight: FontWeight(400), width: FontWidth(1.0), style: Normal, font_smoothing: AntiAliased, font_features: FontFeatures { features: [] }, font_variations: FontVariations { variations: [] } } [3mcolor[0m[2m=[0mTextColor(Srgba(Srgba { red: 0.96, green: 0.85, blue: 0.61, alpha: 1.0 })) [3mglyph_masks[0m[2m=[0m[true, true, true]
10-01 23:20:58.476  5562  5584 I RustStdoutStderr: [2m2026-10-01T15:20:58.476380Z[0m [32m INFO[0m [2mmir2_platform_android::phone_hud[0m[2m:[0m ANDROID_PHONE_TEXT_LAYOUT [3mfont[0m[2m=[0mTextFont { font: SystemUi, font_size: Px(23.466667), weight: FontWeight(400), width: FontWidth(1.0), style: Normal, font_smoothing: AntiAliased, font_features: FontFeatures { features: [] }, font_variations: FontVariations { variations: [] } } [3mcolor[0m[2m=[0mTextColor(Srgba(Srgba { red: 0.96, green: 0.85, blue: 0.61, alpha: 1.0 })) [3mglyph_masks[0m[2m=[0m[true, true, true, true, true]
10-01 23:20:58.476  5562  5584 I RustStdoutStderr: [2m2026-10-01T15:20:58.476388Z[0m [32m INFO[0m [2mmir2_platform_android::phone_hud[0m[2m:[0m ANDROID_PHONE_TEXT_LAYOUT [3mfont[0m[2m=[0mTextFont { font: SystemUi, font_size: Px(23.466667), weight: FontWeight(400), width: FontWidth(1.0), style: Normal, font_smoothing: AntiAliased, font_features: FontFeatures { features: [] }, font_variations: FontVariations { variations: [] } } [3mcolor[0m[2m=[0mTextColor(Srgba(Srgba { red: 0.96, green: 0.85, blue: 0.61, alpha: 1.0 })) [3mglyph_masks[0m[2m=[0m[true, true, true, true, true, true, true]
10-01 23:20:58.476  5562  5584 I RustStdoutStderr: [2m2026-10-01T15:20:58.476393Z[0m [32m INFO[0m [2mmir2_platform_android::phone_hud[0m[2m:[0m ANDROID_PHONE_TEXT_LAYOUT [3mfont[0m[2m=[0mTextFont { font: SystemUi, font_size: Px(23.466667), weight: FontWeight(400), width: FontWidth(1.0), style: Normal, font_smoothing: AntiAliased, font_features: FontFeatures { features: [] }, font_variations: FontVariations { variations: [] } } [3mcolor[0m[2m=[0mTextColor(Srgba(Srgba { red: 0.96, green: 0.85, blue: 0.61, alpha: 1.0 })) [3mglyph_masks[0m[2m=[0m[true, true, true, true, true]
10-01 23:20:58.476  5562  5584 I RustStdoutStderr: [2m2026-10-01T15:20:58.476398Z[0m [32m INFO[0m [2mmir2_platform_android::phone_hud[0m[2m:[0m ANDROID_PHONE_TEXT_LAYOUT [3mfont[0m[2m=[0mTextFont { font: SystemUi, font_size: Px(23.466667), weight: FontWeight(400), width: FontWidth(1.0), style: Normal, font_smoothing: AntiAliased, font_features: FontFeatures { features: [] }, font_variations: FontVariations { variations: [] } } [3mcolor[0m[2m=[0mTextColor(Srgba(Srgba { red: 0.96, green: 0.85, blue: 0.61, alpha: 1.0 })) [3mglyph_masks[0m[2m=[0m[true, true, true, true, true, true]
10-01 23:20:58.476  5562  5584 I RustStdoutStderr: [2m2026-10-01T15:20:58.476403Z[0m [32m INFO[0m [2mmir2_platform_android::phone_hud[0m[2m:[0m ANDROID_PHONE_TEXT_LAYOUT [3mfont[0m[2m=[0mTextFont { font: SystemUi, font_size: Px(23.466667), weight: FontWeight(400), width: FontWidth(1.0), style: Normal, font_smoothing: AntiAliased, font_features: FontFeatures { features: [] }, font_variations: FontVariations { variations: [] } } [3mcolor[0m[2m=[0mTextColor(Srgba(Srgba { red: 0.96, green: 0.85, blue: 0.61, alpha: 1.0 })) [3mglyph_masks[0m[2m=[0m[true, true, true, true, true]
10-01 23:20:58.476  5562  5584 I RustStdoutStderr: [2m2026-10-01T15:20:58.476407Z[0m [32m INFO[0m [2mmir2_platform_android::phone_hud[0m[2m:[0m ANDROID_PHONE_TEXT_LAYOUT [3mfont[0m[2m=[0mTextFont { font: SystemUi, font_size: Px(23.466667), weight: FontWeight(400), width: FontWidth(1.0), style: Normal, font_smoothing: AntiAliased, font_features: FontFeatures { features: [] }, font_variations: FontVariations { variations: [] } } [3mcolor[0m[2m=[0mTextColor(Srgba(Srgba { red: 0.96, green: 0.85, blue: 0.61, alpha: 1.0 })) [3mglyph_masks[0m[2m=[0m[true, true, true, true, true]
10-01 23:20:58.476  5562  5584 I RustStdoutStderr: [2m2026-10-01T15:20:58.476411Z[0m [32m INFO[0m [2mmir2_platform_android::phone_hud[0m[2m:[0m ANDROID_PHONE_TEXT_LAYOUT [3mfont[0m[2m=[0mTextFont { font: SystemUi, font_size: Px(23.466667), weight: FontWeight(400), width: FontWidth(1.0), style: Normal, font_smoothing: AntiAliased, font_features: FontFeatures { features: [] }, font_variations: FontVariations { variations: [] } } [3mcolor[0m[2m=[0mTextColor(Srgba(Srgba { red: 0.96, green: 0.85, blue: 0.61, alpha: 1.0 })) [3mglyph_masks[0m[2m=[0m[true, true, true, true, true]
10-01 23:20:58.476  5562  5584 I RustStdoutStderr: [2m2026-10-01T15:20:58.476418Z[0m [32m INFO[0m [2mmir2_platform_android::phone_hud[0m[2m:[0m ANDROID_PHONE_TEXT_LAYOUT [3mfont[0m[2m=[0mTextFont { font: SystemUi, font_size: Px(23.466667), weight: FontWeight(400), width: FontWidth(1.0), style: Normal, font_smoothing: AntiAliased, font_features: FontFeatures { features: [] }, font_variations: FontVariations { variations: [] } } [3mcolor[0m[2m=[0mTextColor(Srgba(Srgba { red: 0.96, green: 0.85, blue: 0.61, alpha: 1.0 })) [3mglyph_masks[0m[2m=[0m[true, true, true, true]
10-01 23:20:58.476  5562  5584 I RustStdoutStderr: [2m2026-10-01T15:20:58.476422Z[0m [32m INFO[0m [2mmir2_platform_android::phone_hud[0m[2m:[0m ANDROID_PHONE_TEXT_LAYOUT [3mfont[0m[2m=[0mTextFont { font: SystemUi, font_size: Px(23.466667), weight: FontWeight(400), width: FontWidth(1.0), style: Normal, font_smoothing: AntiAliased, font_features: FontFeatures { features: [] }, font_variations: FontVariations { variations: [] } } [3mcolor[0m[2m=[0mTextColor(Srgba(Srgba { red: 0.96, green: 0.85, blue: 0.61, alpha: 1.0 })) [3mglyph_masks[0m[2m=[0m[true, true, true]
10-01 23:20:58.476  5562  5584 I RustStdoutStderr: [2m2026-10-01T15:20:58.476427Z[0m [32m INFO[0m [2mmir2_platform_android::phone_hud[0m[2m:[0m ANDROID_PHONE_TEXT_LAYOUT [3mfont[0m[2m=[0mTextFont { font: SystemUi, font_size: Px(23.466667), weight: FontWeight(400), width: FontWidth(1.0), style: Normal, font_smoothing: AntiAliased, font_features: FontFeatures { features: [] }, font_variations: FontVariations { variations: [] } } [3mcolor[0m[2m=[0mTextColor(Srgba(Srgba { red: 0.98, green: 0.91, blue: 0.76, alpha: 1.0 })) [3mglyph_masks[0m[2m=[0m[true, true, true, true, true, true, true, true, true, true, true, true, true]
10-01 23:20:58.476  5562  5584 I RustStdoutStderr: [2m2026-10-01T15:20:58.476433Z[0m [32m INFO[0m [2mmir2_platform_android::phone_hud[0m[2m:[0m ANDROID_PHONE_TEXT_LAYOUT [3mfont[0m[2m=[0mTextFont { font: SystemUi, font_size: Px(23.466667), weight: FontWeight(400), width: FontWidth(1.0), style: Normal, font_smoothing: AntiAliased, font_features: FontFeatures { features: [] }, font_variations: FontVariations { variations: [] } } [3mcolor[0m[2m=[0mTextColor(Srgba(Srgba { red: 0.96, green: 0.85, blue: 0.61, alpha: 1.0 })) [3mglyph_masks[0m[2m=[0m[true, true]
10-01 23:20:58.476  5562  5584 I RustStdoutStderr: [2m2026-10-01T15:20:58.476438Z[0m [32m INFO[0m [2mmir2_platform_android::phone_hud[0m[2m:[0m ANDROID_PHONE_TEXT_LAYOUT [3mfont[0m[2m=[0mTextFont { font: SystemUi, font_size: Px(23.466667), weight: FontWeight(400), width: FontWidth(1.0), style: Normal, font_smoothing: AntiAliased, font_features: FontFeatures { features: [] }, font_variations: FontVariations { variations: [] } } [3mcolor[0m[2m=[0mTextColor(Srgba(Srgba { red: 0.96, green: 0.85, blue: 0.61, alpha: 1.0 })) [3mglyph_masks[0m[2m=[0m[true, true, true, true]
10-01 23:20:59.014  5562  5585 D EGL_emulation: app_time_stats: avg=11.63ms min=10.61ms max=16.00ms count=61
10-01 23:21:00.029  5562  5585 D EGL_emulation: app_time_stats: avg=11.50ms min=10.70ms max=17.23ms count=61
10-01 23:21:01.029  5562  5585 D EGL_emulation: app_time_stats: avg=11.82ms min=10.43ms max=17.45ms count=60
10-01 23:21:01.168  5562  5585 I event src/ui_preview.rs:437: ANDROID_REMOTE_BACKSTEP_DIAGNOSTICSdiagnostics = {"enabled":true,"nowMs":1790868061168.3828,"moveClockPulseId":39,"moveClockNextPulseMs":1790868061170.0166,"entryCount":0,"activeEntryCount":0,"processedEventCount":0,"remoteMotionEventCount":0,"remoteRemoveEventCount":0,"ignoredEventCount":0,"staleEventCount":0,"disabledEventCount":0,"pendingEventDropCount":0,"entryEvictionCount":0,"decodeErrorCount":0,"lastDecodeError":null,"offsetQueryCount":0,"offsetMatchCount":0,"targetMismatchCount":0,"inactiveFallbackCount":0,"entries":[]};
10-01 23:21:01.169  5562  5584 I RustStdoutStderr: [2m2026-10-01T15:21:01.168883Z[0m [32m INFO[0m [2mmir2_platform_android::ui_preview[0m[2m:[0m ANDROID_REMOTE_BACKSTEP_DIAGNOSTICS [3mdiagnostics[0m[2m=[0m{"enabled":true,"nowMs":1790868061168.3828,"moveClockPulseId":39,"moveClockNextPulseMs":1790868061170.0166,"entryCount":0,"activeEntryCount":0,"processedEventCount":0,"remoteMotionEventCount":0,"remoteRemoveEventCount":0,"ignoredEventCount":0,"staleEventCount":0,"disabledEventCount":0,"pendingEventDropCount":0,"entryEvictionCount":0,"decodeErrorCount":0,"lastDecodeError":null,"offsetQueryCount":0,"offsetMatchCount":0,"targetMismatchCount":0,"inactiveFallbackCount":0,"entries":[]}
10-01 23:21:02.029  5562  5585 D EGL_emulation: app_time_stats: avg=11.34ms min=10.50ms max=15.65ms count=60
10-01 23:21:02.388  5562  5600 D ProfileInstaller: Installing profile for com.mir2.web3.uipreview
10-01 23:21:03.046  5562  5585 D EGL_emulation: app_time_stats: avg=11.43ms min=10.59ms max=14.36ms count=61
10-01 23:21:04.061  5562  5585 D EGL_emulation: app_time_stats: avg=11.30ms min=10.41ms max=15.13ms count=61
10-01 23:21:05.062  5562  5585 D EGL_emulation: app_time_stats: avg=11.21ms min=10.19ms max=16.26ms count=60
10-01 23:21:06.078  5562  5585 D EGL_emulation: app_time_stats: avg=11.54ms min=10.53ms max=16.09ms count=61
10-01 23:21:07.084  5562  5585 D EGL_emulation: app_time_stats: avg=11.37ms min=10.43ms max=13.11ms count=60
10-01 23:21:08.097  5562  5585 D EGL_emulation: app_time_stats: avg=11.75ms min=10.22ms max=18.57ms count=61
10-01 23:21:09.112  5562  5585 D EGL_emulation: app_time_stats: avg=11.32ms min=10.26ms max=14.41ms count=61
10-01 23:21:10.112  5562  5585 D EGL_emulation: app_time_stats: avg=11.12ms min=10.45ms max=12.72ms count=60
10-01 23:21:11.129  5562  5585 D EGL_emulation: app_time_stats: avg=11.38ms min=10.19ms max=15.13ms count=61
10-01 23:21:12.147  5562  5585 D EGL_emulation: app_time_stats: avg=11.18ms min=10.36ms max=14.12ms count=61
10-01 23:21:13.162  5562  5585 D EGL_emulation: app_time_stats: avg=11.24ms min=10.40ms max=12.72ms count=61
10-01 23:21:14.178  5562  5585 D EGL_emulation: app_time_stats: avg=11.41ms min=10.25ms max=19.94ms count=61
10-01 23:21:15.180  5562  5585 D EGL_emulation: app_time_stats: avg=11.41ms min=10.36ms max=14.47ms count=60
10-01 23:21:16.180  5562  5585 D EGL_emulation: app_time_stats: avg=11.52ms min=10.50ms max=17.70ms count=60
10-01 23:21:17.194  5562  5585 D EGL_emulation: app_time_stats: avg=11.11ms min=10.11ms max=12.10ms count=61
10-01 23:21:18.218  5562  5585 D EGL_emulation: app_time_stats: avg=11.32ms min=10.11ms max=17.48ms count=61
10-01 23:21:19.227  5562  5585 D EGL_emulation: app_time_stats: avg=11.54ms min=10.43ms max=17.17ms count=61
10-01 23:21:20.229  5562  5585 D EGL_emulation: app_time_stats: avg=11.21ms min=10.44ms max=16.03ms count=60
10-01 23:21:21.246  5562  5585 D EGL_emulation: app_time_stats: avg=11.28ms min=10.47ms max=14.05ms count=61
10-01 23:21:22.246  5562  5585 D EGL_emulation: app_time_stats: avg=11.42ms min=10.43ms max=14.05ms count=60
10-01 23:21:23.261  5562  5585 D EGL_emulation: app_time_stats: avg=11.46ms min=10.28ms max=15.27ms count=61
10-01 23:21:24.262  5562  5585 D EGL_emulation: app_time_stats: avg=11.25ms min=10.45ms max=16.29ms count=60
10-01 23:21:25.279  5562  5585 D EGL_emulation: app_time_stats: avg=11.49ms min=10.53ms max=15.55ms count=61
10-01 23:21:26.280  5562  5585 D EGL_emulation: app_time_stats: avg=11.29ms min=10.43ms max=14.02ms count=60
10-01 23:21:27.294  5562  5585 D EGL_emulation: app_time_stats: avg=11.44ms min=10.24ms max=13.23ms count=61
10-01 23:21:28.301  5562  5585 D EGL_emulation: app_time_stats: avg=11.36ms min=10.34ms max=16.56ms count=60
10-01 23:21:29.311  5562  5585 D EGL_emulation: app_time_stats: avg=11.48ms min=10.47ms max=15.69ms count=61
10-01 23:21:30.311  5562  5585 D EGL_emulation: app_time_stats: avg=11.38ms min=10.46ms max=14.09ms count=60
10-01 23:21:31.314  5562  5585 D EGL_emulation: app_time_stats: avg=11.41ms min=10.20ms max=14.18ms count=60
10-01 23:21:32.327  5562  5585 D EGL_emulation: app_time_stats: avg=11.33ms min=10.30ms max=15.43ms count=61
10-01 23:21:33.328  5562  5585 D EGL_emulation: app_time_stats: avg=11.27ms min=10.34ms max=16.72ms count=60
10-01 23:21:34.328  5562  5585 D EGL_emulation: app_time_stats: avg=11.36ms min=10.29ms max=15.00ms count=60
10-01 23:21:35.328  5562  5585 D EGL_emulation: app_time_stats: avg=11.42ms min=10.31ms max=15.94ms count=60
10-01 23:21:36.329  5562  5585 D EGL_emulation: app_time_stats: avg=12.89ms min=10.21ms max=80.75ms count=55
10-01 23:21:37.344  5562  5585 D EGL_emulation: app_time_stats: avg=11.40ms min=10.67ms max=13.25ms count=61
10-01 23:21:38.344  5562  5585 D EGL_emulation: app_time_stats: avg=11.56ms min=10.43ms max=15.03ms count=60
10-01 23:21:39.345  5562  5585 D EGL_emulation: app_time_stats: avg=11.45ms min=10.59ms max=14.38ms count=60
10-01 23:21:40.362  5562  5585 D EGL_emulation: app_time_stats: avg=11.36ms min=10.31ms max=15.16ms count=61
10-01 23:21:41.363  5562  5585 D EGL_emulation: app_time_stats: avg=11.43ms min=10.21ms max=13.27ms count=60
10-01 23:21:42.379  5562  5585 D EGL_emulation: app_time_stats: avg=11.67ms min=10.46ms max=16.06ms count=61
10-01 23:21:43.380  5562  5585 D EGL_emulation: app_time_stats: avg=11.98ms min=10.57ms max=22.83ms count=60
10-01 23:21:44.394  5562  5585 D EGL_emulation: app_time_stats: avg=11.47ms min=10.59ms max=17.55ms count=61
10-01 23:21:45.395  5562  5585 D EGL_emulation: app_time_stats: avg=11.30ms min=10.44ms max=14.00ms count=60
10-01 23:21:46.396  5562  5585 D EGL_emulation: app_time_stats: avg=11.57ms min=10.35ms max=16.13ms count=60
10-01 23:21:47.414  5562  5585 D EGL_emulation: app_time_stats: avg=12.26ms min=10.30ms max=26.73ms count=60
10-01 23:21:48.429  5562  5585 D EGL_emulation: app_time_stats: avg=11.35ms min=10.58ms max=18.86ms count=61
10-01 23:21:49.444  5562  5585 D EGL_emulation: app_time_stats: avg=11.23ms min=10.49ms max=15.33ms count=61
10-01 23:21:50.444  5562  5585 D EGL_emulation: app_time_stats: avg=11.38ms min=10.23ms max=15.14ms count=60
10-01 23:21:51.448  5562  5585 D EGL_emulation: app_time_stats: avg=11.76ms min=10.71ms max=15.32ms count=60
10-01 23:21:52.461  5562  5585 D EGL_emulation: app_time_stats: avg=12.43ms min=10.65ms max=23.86ms count=61
10-01 23:21:53.478  5562  5585 D EGL_emulation: app_time_stats: avg=11.44ms min=10.44ms max=17.72ms count=61
10-01 23:21:54.496  5562  5585 D EGL_emulation: app_time_stats: avg=12.15ms min=10.44ms max=19.39ms count=61
