--------- beginning of main
10-02 16:51:30.524 17484 17484 I com.mir2.web3: Late-enabling -Xcheck:jni
10-02 16:51:30.556 17484 17484 D CompatibilityChangeReporter: Compat change id reported: 171979766; UID 10147; state: ENABLED
10-02 16:51:30.595 17484 17484 V GraphicsEnvironment: ANGLE Developer option for 'com.mir2.web3' set to: 'default'
10-02 16:51:30.595 17484 17484 V GraphicsEnvironment: Neither updatable production driver nor prerelease driver is supported.
10-02 16:51:30.596 17484 17484 D NetworkSecurityConfig: No Network Security Config specified, using platform default
10-02 16:51:30.596 17484 17484 D NetworkSecurityConfig: No Network Security Config specified, using platform default
10-02 16:51:30.627 17484 17505 D libEGL  : loaded /vendor/lib64/egl/libEGL_emulation.so
10-02 16:51:30.628 17484 17505 D libEGL  : loaded /vendor/lib64/egl/libGLESv1_CM_emulation.so
10-02 16:51:30.628 17484 17505 D libEGL  : loaded /vendor/lib64/egl/libGLESv2_emulation.so
10-02 16:51:30.658 17484 17484 D AppCompatDelegate: Checking for metadata for AppLocalesMetadataHolderService : Service not found
10-02 16:51:30.670 17484 17484 D gti.InputConnection: InputConnection created
10-02 16:51:30.672 17484 17484 D gti.InputConnection: setEditorInfo
10-02 16:51:30.675 17484 17484 W com.mir2.web3: Accessing hidden method Landroid/view/ViewGroup;->makeOptionalFitsSystemWindows()V (unsupported, reflection, allowed)
10-02 16:51:30.675 17484 17484 I GameActivity: Looking for library libmir2_platform_android.so
10-02 16:51:30.676 17484 17484 I GameActivity: Found library libmir2_platform_android.so. Loading...
10-02 16:51:30.677 17484 17484 D GameActivity: GameActivity_register
10-02 16:51:30.677 17484 17484 V GameActivity: Registering com/google/androidgamesdk/GameActivity's 24 native methods...
10-02 16:51:30.677 17484 17484 D GameActivity: SDK version: 31
10-02 16:51:30.678 17484 17484 I android-activity: Creating: Activity = 0x1696, saved state size = 0
10-02 16:51:30.683 17484 17484 V threaded_app: Creating: 0xb400007535841870
10-02 16:51:30.683 17484 17484 V threaded_app: Callbacks set: 0xb4000075358418c0
10-02 16:51:30.683 17484 17484 V threaded_app: Launching android_app_entry in a thread
10-02 16:51:30.683 17484 17507 V threaded_app: android_app_entry called
10-02 16:51:30.683 17484 17507 V threaded_app: android_app = 0xb400007515843290
10-02 16:51:30.683 17484 17507 V threaded_app: config = 0xb4000074858556a0
10-02 16:51:30.683 17484 17507 V threaded_app: activity = 0xb400007535841870
10-02 16:51:30.683 17484 17507 V threaded_app: assetmanager = 0xb40000753583d3b0
10-02 16:51:30.683 17484 17507 V threaded_app: Config: mcc=310 mnc=260 lang=en cnt=US orien=2 touch=3 dens=440 keys=2 nav=2 keysHid=1 navHid=0 sdk=31 size=2 long=2 modetype=1 modenight=1
10-02 16:51:30.699 17484 17507 D HostConnection: createUnique: call
10-02 16:51:30.700 17484 17507 D HostConnection: HostConnection::get() New Host Connection established 0xb4000074d58345d0, tid 17507
10-02 16:51:30.701 17484 17507 D HostConnection: HostComposition ext ANDROID_EMU_CHECKSUM_HELPER_v1 ANDROID_EMU_native_sync_v2 ANDROID_EMU_native_sync_v3 ANDROID_EMU_native_sync_v4 ANDROID_EMU_dma_v1 ANDROID_EMU_direct_mem ANDROID_EMU_host_composition_v1 ANDROID_EMU_host_composition_v2 ANDROID_EMU_vulkan ANDROID_EMU_deferred_vulkan_commands ANDROID_EMU_vulkan_null_optional_strings ANDROID_EMU_vulkan_create_resources_with_requirements ANDROID_EMU_YUV_Cache ANDROID_EMU_vulkan_ignored_handles ANDROID_EMU_has_shared_slots_host_memory_allocator ANDROID_EMU_vulkan_free_memory_sync ANDROID_EMU_vulkan_shader_float16_int8 ANDROID_EMU_vulkan_async_queue_submit ANDROID_EMU_vulkan_queue_submit_with_commands ANDROID_EMU_sync_buffer_data ANDROID_EMU_vulkan_async_qsri ANDROID_EMU_read_color_buffer_dma ANDROID_EMU_hwc_color_transform GL_OES_EGL_image_external_essl3 GL_OES_vertex_array_object ANDROID_EMU_host_side_tracing ANDROID_EMU_gles_max_version_3_0 
10-02 16:51:30.703 17484 17507 D EGL_emulation: eglCreateContext: 0xb4000074d58339d0: maj 3 min 0 rcv 3
10-02 16:51:30.704 17484 17507 D EGL_emulation: eglMakeCurrent: 0xb4000074d58339d0: ver 3 0 (tinfo 0x76fbc37080) (first time)
10-02 16:51:30.719 17484 17507 I event /Users/henryliu/obelisk/numeron-worktrees/android-shared-sync/mir2-web3/third_party/bevyAdapterInfo { name: "Android Emulator OpenGL ES Translator (Apple M1 Max)", vendor: 4203, device: 0, device_type: IntegratedGpu, device_pci_bus_id: "", driver: "", driver_info: "OpenGL ES 3.0 (4.1 Metal - 89.4)", backend: Gl, subgroup_min_size: 4, subgroup_max_size: 128, transient_saves_memory: false }
10-02 16:51:30.719 17484 17506 I RustStdoutStderr: [2m2026-10-02T08:51:30.719586Z[0m [32m INFO[0m [2mbevy_render::renderer[0m[2m:[0m AdapterInfo { name: "Android Emulator OpenGL ES Translator (Apple M1 Max)", vendor: 4203, device: 0, device_type: IntegratedGpu, device_pci_bus_id: "", driver: "", driver_info: "OpenGL ES 3.0 (4.1 Metal - 89.4)", backend: Gl, subgroup_min_size: 4, subgroup_max_size: 128, transient_saves_memory: false }
10-02 16:51:30.725 17484 17484 V GameActivity: onStart_native
10-02 16:51:30.725 17484 17484 V threaded_app: Start: 0xb400007535841870
10-02 16:51:30.786 17484 17507 I event /Users/henryliu/obelisk/numeron-worktrees/android-shared-sync/mir2-web3/third_party/bevySparse buffer updates disabled. RenderDevice lacks support: max_storage_buffers_per_shader_stage (0) < 3.
10-02 16:51:30.786 17484 17506 I RustStdoutStderr: [2m2026-10-02T08:51:30.786211Z[0m [32m INFO[0m [2mbevy_render::render_resource::sparse_buffer_vec[0m[2m:[0m Sparse buffer updates disabled. RenderDevice lacks support: max_storage_buffers_per_shader_stage (0) < 3.
10-02 16:51:30.786 17484 17507 W event /Users/henryliu/.cargo/registry/src/index.crates.io-1949cf8c6b5b557f/bevy_core_pipeline-OrderIndependentTransparencyPlugin not loaded. GPU lacks support: DownlevelFlags::FRAGMENT_WRITABLE_STORAGE.
10-02 16:51:30.786 17484 17507 W event /Users/henryliu/.cargo/registry/src/index.crates.io-1949cf8c6b5b557f/bevy_core_pipeline-BackgroundMotionVectorsPlugin not loaded. GPU lacks support for required downlevel capability flags: DownlevelFlags(INDEPENDENT_BLEND).
10-02 16:51:30.786 17484 17506 I RustStdoutStderr: [2m2026-10-02T08:51:30.786316Z[0m [33m WARN[0m [2mbevy_core_pipeline::oit::resolve[0m[2m:[0m OrderIndependentTransparencyPlugin not loaded. GPU lacks support: DownlevelFlags::FRAGMENT_WRITABLE_STORAGE.
10-02 16:51:30.786 17484 17506 I RustStdoutStderr: [2m2026-10-02T08:51:30.786364Z[0m [33m WARN[0m [2mbevy_core_pipeline::prepass::background_motion_vectors[0m[2m:[0m BackgroundMotionVectorsPlugin not loaded. GPU lacks support for required downlevel capability flags: DownlevelFlags(INDEPENDENT_BLEND).
10-02 16:51:30.849 17484 17506 I RustStdoutStderr: [2m2026-10-02T08:51:30.849918Z[0m [32m INFO[0m [2mbevy_render::batching::gpu_preprocessing[0m[2m:[0m GPU preprocessing is not supported on this device. Falling back to CPU preprocessing.
10-02 16:51:30.849 17484 17507 I event /Users/henryliu/obelisk/numeron-worktrees/android-shared-sync/mir2-web3/third_party/bevyGPU preprocessing is not supported on this device. Falling back to CPU preprocessing.
10-02 16:51:30.878 17484 17507 V threaded_app: activityState=11
10-02 16:51:30.878 17484 17506 I RustStdoutStderr: [2m2026-10-02T08:51:30.878170Z[0m [33m WARN[0m [2mwinit::platform_impl::android[0m[2m:[0m TODO: forward onStart notification to application
10-02 16:51:30.878 17484 17507 W event /Users/henryliu/.cargo/registry/src/index.crates.io-1949cf8c6b5b557f/winit-0.30.13/src/pTODO: forward onStart notification to application
10-02 16:51:30.882 17484 17484 V threaded_app: Resume: 0xb400007535841870
10-02 16:51:30.882 17484 17507 V threaded_app: activityState=12
10-02 16:51:30.890 17484 17484 V GameActivity: onImeInsetsChanged from Text Listener
10-02 16:51:30.890 17484 17484 V threaded_app: WindowInsetsChanged: 0xb400007535841870
10-02 16:51:30.890 17484 17506 I RustStdoutStderr: [2m2026-10-02T08:51:30.890977Z[0m [33m WARN[0m [2mwinit::platform_impl::android[0m[2m:[0m TODO: handle Android InsetsChanged notification
10-02 16:51:30.891 17484 17507 W event /Users/henryliu/.cargo/registry/src/index.crates.io-1949cf8c6b5b557f/winit-0.30.13/src/pTODO: handle Android InsetsChanged notification
10-02 16:51:30.900 17484 17484 V GameActivity: onImeInsetsChanged from Text Listener
10-02 16:51:30.900 17484 17484 V threaded_app: WindowInsetsChanged: 0xb400007535841870
10-02 16:51:30.901 17484 17506 I RustStdoutStderr: [2m2026-10-02T08:51:30.901267Z[0m [33m WARN[0m [2mwinit::platform_impl::android[0m[2m:[0m TODO: handle Android InsetsChanged notification
10-02 16:51:30.901 17484 17507 W event /Users/henryliu/.cargo/registry/src/index.crates.io-1949cf8c6b5b557f/winit-0.30.13/src/pTODO: handle Android InsetsChanged notification
10-02 16:51:30.901 17484 17503 D HostConnection: createUnique: call
10-02 16:51:30.901 17484 17503 D HostConnection: HostConnection::get() New Host Connection established 0xb4000074d5854a90, tid 17503
10-02 16:51:30.902 17484 17484 V threaded_app: ContentRectChanged: 0xb400007535841870 -- (0 0) (2340 1080)
10-02 16:51:30.902 17484 17506 I RustStdoutStderr: [2m2026-10-02T08:51:30.902518Z[0m [33m WARN[0m [2mwinit::platform_impl::android[0m[2m:[0m TODO: find a way to notify application of content rect change
10-02 16:51:30.902 17484 17507 W event /Users/henryliu/.cargo/registry/src/index.crates.io-1949cf8c6b5b557f/winit-0.30.13/src/pTODO: find a way to notify application of content rect change
10-02 16:51:30.902 17484 17503 D HostConnection: HostComposition ext ANDROID_EMU_CHECKSUM_HELPER_v1 ANDROID_EMU_native_sync_v2 ANDROID_EMU_native_sync_v3 ANDROID_EMU_native_sync_v4 ANDROID_EMU_dma_v1 ANDROID_EMU_direct_mem ANDROID_EMU_host_composition_v1 ANDROID_EMU_host_composition_v2 ANDROID_EMU_vulkan ANDROID_EMU_deferred_vulkan_commands ANDROID_EMU_vulkan_null_optional_strings ANDROID_EMU_vulkan_create_resources_with_requirements ANDROID_EMU_YUV_Cache ANDROID_EMU_vulkan_ignored_handles ANDROID_EMU_has_shared_slots_host_memory_allocator ANDROID_EMU_vulkan_free_memory_sync ANDROID_EMU_vulkan_shader_float16_int8 ANDROID_EMU_vulkan_async_queue_submit ANDROID_EMU_vulkan_queue_submit_with_commands ANDROID_EMU_sync_buffer_data ANDROID_EMU_vulkan_async_qsri ANDROID_EMU_read_color_buffer_dma ANDROID_EMU_hwc_color_transform GL_OES_EGL_image_external_essl3 GL_OES_vertex_array_object ANDROID_EMU_host_side_tracing ANDROID_EMU_gles_max_version_3_0 
10-02 16:51:30.903 17484 17503 W OpenGLRenderer: Failed to choose config with EGL_SWAP_BEHAVIOR_PRESERVED, retrying without...
10-02 16:51:30.903 17484 17503 W OpenGLRenderer: Failed to initialize 101010-2 format, error = EGL_SUCCESS
10-02 16:51:30.903 17484 17503 D EGL_emulation: eglCreateContext: 0xb4000074d5854310: maj 3 min 0 rcv 3
10-02 16:51:30.903 17484 17484 V GameActivity: onSurfaceCreated_native
10-02 16:51:30.904 17484 17484 V threaded_app: NativeWindowCreated: 0xb400007535841870 -- 0xb4000075c59f0350
10-02 16:51:30.904 17484 17484 V threaded_app: android_app_set_window called
10-02 16:51:30.904 17484 17507 V threaded_app: APP_CMD_INIT_WINDOW
10-02 16:51:30.904 17484 17506 I RustStdoutStderr: [2m2026-10-02T08:51:30.904149Z[0m [32m INFO[0m [2mbevy_winit::system[0m[2m:[0m Creating new window mir2-web3 (android) (105v0)
10-02 16:51:30.904 17484 17484 V threaded_app: NativeWindowResized: 0xb400007535841870 -- 0xb4000075c59f0350 ( 2340 x 1080 )
10-02 16:51:30.904 17484 17484 V threaded_app: NativeWindowRedrawNeeded: 0xb400007535841870 -- 0xb4000075c59f0350
10-02 16:51:30.904 17484 17507 I event /Users/henryliu/.cargo/registry/src/index.crates.io-1949cf8c6b5b557f/bevy_winit-0.19.0/sCreating new window mir2-web3 (android) (105v0)
10-02 16:51:30.904 17484 17503 D EGL_emulation: eglMakeCurrent: 0xb4000074d5854310: ver 3 0 (tinfo 0x76fbc37100) (first time)
10-02 16:51:30.909 17484 17503 I Gralloc4: mapper 4.x is not supported
10-02 16:51:30.909 17484 17503 D HostConnection: createUnique: call
10-02 16:51:30.909 17484 17503 D HostConnection: HostConnection::get() New Host Connection established 0xb4000074d584cc90, tid 17503
10-02 16:51:30.910 17484 17503 D goldfish-address-space: allocate: Ask for block of size 0x100
10-02 16:51:30.910 17484 17503 D goldfish-address-space: allocate: ioctl allocate returned offset 0x1efff8000 size 0x8000
10-02 16:51:30.910 17484 17503 W Gralloc4: allocator 4.x is not supported
10-02 16:51:30.914 17484 17503 D HostConnection: HostComposition ext ANDROID_EMU_CHECKSUM_HELPER_v1 ANDROID_EMU_native_sync_v2 ANDROID_EMU_native_sync_v3 ANDROID_EMU_native_sync_v4 ANDROID_EMU_dma_v1 ANDROID_EMU_direct_mem ANDROID_EMU_host_composition_v1 ANDROID_EMU_host_composition_v2 ANDROID_EMU_vulkan ANDROID_EMU_deferred_vulkan_commands ANDROID_EMU_vulkan_null_optional_strings ANDROID_EMU_vulkan_create_resources_with_requirements ANDROID_EMU_YUV_Cache ANDROID_EMU_vulkan_ignored_handles ANDROID_EMU_has_shared_slots_host_memory_allocator ANDROID_EMU_vulkan_free_memory_sync ANDROID_EMU_vulkan_shader_float16_int8 ANDROID_EMU_vulkan_async_queue_submit ANDROID_EMU_vulkan_queue_submit_with_commands ANDROID_EMU_sync_buffer_data ANDROID_EMU_vulkan_async_qsri ANDROID_EMU_read_color_buffer_dma ANDROID_EMU_hwc_color_transform GL_OES_EGL_image_external_essl3 GL_OES_vertex_array_object ANDROID_EMU_host_side_tracing ANDROID_EMU_gles_max_version_3_0 
10-02 16:51:30.934 17484 17484 V threaded_app: WindowFocusChanged: 0xb400007535841870 -- 1
10-02 16:51:30.948 17484 17484 V GameActivity: onImeInsetsChanged from Text Listener
10-02 16:51:30.948 17484 17484 V threaded_app: WindowInsetsChanged: 0xb400007535841870
10-02 16:51:31.031 17484 17507 W event /Users/henryliu/.cargo/registry/src/index.crates.io-1949cf8c6b5b557f/winit-0.30.13/src/pTODO: handle Android InsetsChanged notification
10-02 16:51:31.033 17484 17506 I RustStdoutStderr: [2m2026-10-02T08:51:31.031284Z[0m [33m WARN[0m [2mwinit::platform_impl::android[0m[2m:[0m TODO: handle Android InsetsChanged notification
10-02 16:51:32.092 17484 17507 D EGL_emulation: app_time_stats: avg=14.31ms min=10.03ms max=104.13ms count=58
10-02 16:51:33.110 17484 17507 D EGL_emulation: app_time_stats: avg=10.61ms min=9.58ms max=11.56ms count=61
10-02 16:51:34.125 17484 17507 D EGL_emulation: app_time_stats: avg=11.07ms min=9.58ms max=19.05ms count=61
10-02 16:51:35.127 17484 17507 D EGL_emulation: app_time_stats: avg=11.21ms min=9.25ms max=16.81ms count=60
10-02 16:51:35.595 17484 17484 V threaded_app: Pause: 0xb400007535841870
10-02 16:51:35.599 17484 17507 V threaded_app: activityState=14
10-02 16:51:35.614 17484 17484 V threaded_app: WindowFocusChanged: 0xb400007535841870 -- 0
10-02 16:51:36.015 17484 17484 V threaded_app: NativeWindowDestroyed: 0xb400007535841870 -- 0xb4000075c59f0350
10-02 16:51:36.015 17484 17484 V threaded_app: android_app_set_window called
10-02 16:51:36.015 17484 17507 V threaded_app: APP_CMD_TERM_WINDOW
10-02 16:51:36.023 17484 17510 D HostConnection: createUnique: call
10-02 16:51:36.024 17484 17510 D HostConnection: HostConnection::get() New Host Connection established 0xb4000074d585a910, tid 17510
10-02 16:51:36.026 17484 17510 D HostConnection: HostComposition ext ANDROID_EMU_CHECKSUM_HELPER_v1 ANDROID_EMU_native_sync_v2 ANDROID_EMU_native_sync_v3 ANDROID_EMU_native_sync_v4 ANDROID_EMU_dma_v1 ANDROID_EMU_direct_mem ANDROID_EMU_host_composition_v1 ANDROID_EMU_host_composition_v2 ANDROID_EMU_vulkan ANDROID_EMU_deferred_vulkan_commands ANDROID_EMU_vulkan_null_optional_strings ANDROID_EMU_vulkan_create_resources_with_requirements ANDROID_EMU_YUV_Cache ANDROID_EMU_vulkan_ignored_handles ANDROID_EMU_has_shared_slots_host_memory_allocator ANDROID_EMU_vulkan_free_memory_sync ANDROID_EMU_vulkan_shader_float16_int8 ANDROID_EMU_vulkan_async_queue_submit ANDROID_EMU_vulkan_queue_submit_with_commands ANDROID_EMU_sync_buffer_data ANDROID_EMU_vulkan_async_qsri ANDROID_EMU_read_color_buffer_dma ANDROID_EMU_hwc_color_transform GL_OES_EGL_image_external_essl3 GL_OES_vertex_array_object ANDROID_EMU_host_side_tracing ANDROID_EMU_gles_max_version_3_0 
10-02 16:51:36.026 17484 17510 D EGL_emulation: eglMakeCurrent: 0xb4000074d58339d0: ver 3 0 (tinfo 0x76fbc37180) (first time)
10-02 16:51:36.036 17484 17507 V threaded_app: APP_CMD_TERM_WINDOW
10-02 16:51:36.044 17484 17484 V threaded_app: TrimMemory: 0xb400007535841870 20
10-02 16:51:36.050 17484 17484 V threaded_app: Stop: 0xb400007535841870
10-02 16:51:36.050 17484 17507 V threaded_app: activityState=15
10-02 16:51:36.050 17484 17507 W event /Users/henryliu/.cargo/registry/src/index.crates.io-1949cf8c6b5b557f/winit-0.30.13/src/pTODO: forward onStop notification to application
10-02 16:51:36.050 17484 17484 V threaded_app: SaveInstanceState: 0xb400007535841870
10-02 16:51:36.050 17484 17507 W event /Users/henryliu/.cargo/registry/src/index.crates.io-1949cf8c6b5b557f/winit-0.30.13/src/pTODO: forward saveState notification to application
10-02 16:51:36.050 17484 17507 V threaded_app: APP_CMD_SAVE_STATE
10-02 16:51:36.051 17484 17506 I RustStdoutStderr: [2m2026-10-02T08:51:36.050051Z[0m [33m WARN[0m [2mwinit::platform_impl::android[0m[2m:[0m TODO: forward onStop notification to application
10-02 16:51:36.051 17484 17506 I RustStdoutStderr: [2m2026-10-02T08:51:36.050426Z[0m [33m WARN[0m [2mwinit::platform_impl::android[0m[2m:[0m TODO: forward saveState notification to application
10-02 16:51:36.633 17484 17484 V GameActivity: onImeInsetsChanged from Text Listener
10-02 16:51:36.634 17484 17484 V threaded_app: WindowInsetsChanged: 0xb400007535841870
10-02 16:51:36.634 17484 17507 W event /Users/henryliu/.cargo/registry/src/index.crates.io-1949cf8c6b5b557f/winit-0.30.13/src/pTODO: handle Android InsetsChanged notification
10-02 16:51:36.634 17484 17506 I RustStdoutStderr: [2m2026-10-02T08:51:36.634201Z[0m [33m WARN[0m [2mwinit::platform_impl::android[0m[2m:[0m TODO: handle Android InsetsChanged notification
10-02 16:51:36.635 17484 17484 V GameActivity: onStart_native
10-02 16:51:36.635 17484 17484 V threaded_app: Start: 0xb400007535841870
10-02 16:51:36.635 17484 17507 V threaded_app: activityState=11
10-02 16:51:36.635 17484 17507 W event /Users/henryliu/.cargo/registry/src/index.crates.io-1949cf8c6b5b557f/winit-0.30.13/src/pTODO: forward onStart notification to application
10-02 16:51:36.635 17484 17506 I RustStdoutStderr: [2m2026-10-02T08:51:36.635731Z[0m [33m WARN[0m [2mwinit::platform_impl::android[0m[2m:[0m TODO: forward onStart notification to application
10-02 16:51:36.636 17484 17484 V threaded_app: Resume: 0xb400007535841870
10-02 16:51:36.636 17484 17507 V threaded_app: activityState=12
10-02 16:51:36.651 17484 17484 V GameActivity: onImeInsetsChanged from Text Listener
10-02 16:51:36.651 17484 17484 V threaded_app: WindowInsetsChanged: 0xb400007535841870
10-02 16:51:36.651 17484 17507 W event /Users/henryliu/.cargo/registry/src/index.crates.io-1949cf8c6b5b557f/winit-0.30.13/src/pTODO: handle Android InsetsChanged notification
10-02 16:51:36.651 17484 17506 I RustStdoutStderr: [2m2026-10-02T08:51:36.651622Z[0m [33m WARN[0m [2mwinit::platform_impl::android[0m[2m:[0m TODO: handle Android InsetsChanged notification
10-02 16:51:36.654 17484 17484 V GameActivity: onSurfaceCreated_native
10-02 16:51:36.654 17484 17484 V threaded_app: NativeWindowCreated: 0xb400007535841870 -- 0xb4000075c59f0350
10-02 16:51:36.654 17484 17484 V threaded_app: android_app_set_window called
10-02 16:51:36.654 17484 17507 V threaded_app: APP_CMD_INIT_WINDOW
10-02 16:51:36.655 17484 17484 V threaded_app: NativeWindowRedrawNeeded: 0xb400007535841870 -- 0xb4000075c59f0350
10-02 16:51:36.664 17484 17484 V GameActivity: onImeInsetsChanged from Text Listener
10-02 16:51:36.664 17484 17484 V threaded_app: WindowInsetsChanged: 0xb400007535841870
10-02 16:51:36.673 17484 17484 V GameActivity: onImeInsetsChanged from Text Listener
10-02 16:51:36.674 17484 17484 V threaded_app: WindowInsetsChanged: 0xb400007535841870
10-02 16:51:36.684 17484 17484 V GameActivity: onImeInsetsChanged from Text Listener
10-02 16:51:36.684 17484 17484 V threaded_app: WindowInsetsChanged: 0xb400007535841870
10-02 16:51:36.684 17484 17484 V threaded_app: WindowFocusChanged: 0xb400007535841870 -- 1
10-02 16:51:36.686 17484 17546 D ProfileInstaller: Installing profile for com.mir2.web3
10-02 16:51:36.687 17484 17507 W event /Users/henryliu/.cargo/registry/src/index.crates.io-1949cf8c6b5b557f/winit-0.30.13/src/pTODO: handle Android InsetsChanged notification
10-02 16:51:36.687 17484 17507 W event /Users/henryliu/.cargo/registry/src/index.crates.io-1949cf8c6b5b557f/winit-0.30.13/src/pTODO: handle Android InsetsChanged notification
10-02 16:51:36.687 17484 17507 W event /Users/henryliu/.cargo/registry/src/index.crates.io-1949cf8c6b5b557f/winit-0.30.13/src/pTODO: handle Android InsetsChanged notification
10-02 16:51:36.687 17484 17506 I RustStdoutStderr: [2m2026-10-02T08:51:36.687217Z[0m [33m WARN[0m [2mwinit::platform_impl::android[0m[2m:[0m TODO: handle Android InsetsChanged notification
10-02 16:51:36.687 17484 17506 I RustStdoutStderr: [2m2026-10-02T08:51:36.687278Z[0m [33m WARN[0m [2mwinit::platform_impl::android[0m[2m:[0m TODO: handle Android InsetsChanged notification
10-02 16:51:36.687 17484 17506 I RustStdoutStderr: [2m2026-10-02T08:51:36.687286Z[0m [33m WARN[0m [2mwinit::platform_impl::android[0m[2m:[0m TODO: handle Android InsetsChanged notification
10-02 16:51:36.697 17484 17484 V GameActivity: onImeInsetsChanged from Text Listener
10-02 16:51:36.697 17484 17484 V threaded_app: WindowInsetsChanged: 0xb400007535841870
10-02 16:51:36.699 17484 17507 W event /Users/henryliu/.cargo/registry/src/index.crates.io-1949cf8c6b5b557f/winit-0.30.13/src/pTODO: handle Android InsetsChanged notification
10-02 16:51:36.699 17484 17506 I RustStdoutStderr: [2m2026-10-02T08:51:36.698934Z[0m [33m WARN[0m [2mwinit::platform_impl::android[0m[2m:[0m TODO: handle Android InsetsChanged notification
10-02 16:51:37.734 17484 17507 D EGL_emulation: app_time_stats: avg=16.72ms min=10.42ms max=46.36ms count=62
10-02 16:51:38.748 17484 17507 D EGL_emulation: app_time_stats: avg=16.46ms min=11.05ms max=20.79ms count=61
10-02 16:51:39.767 17484 17507 D EGL_emulation: app_time_stats: avg=16.43ms min=11.63ms max=20.65ms count=61
10-02 16:51:40.768 17484 17507 D EGL_emulation: app_time_stats: avg=16.32ms min=10.05ms max=22.59ms count=60
