--------- beginning of main
10-02 16:51:51.630 17665 17665 I .web3.uiprevie: Late-enabling -Xcheck:jni
10-02 16:51:51.658 17665 17665 D CompatibilityChangeReporter: Compat change id reported: 171979766; UID 10146; state: ENABLED
10-02 16:51:51.695 17665 17665 V GraphicsEnvironment: ANGLE Developer option for 'com.mir2.web3.uipreview' set to: 'default'
10-02 16:51:51.695 17665 17665 V GraphicsEnvironment: Neither updatable production driver nor prerelease driver is supported.
10-02 16:51:51.698 17665 17665 D NetworkSecurityConfig: No Network Security Config specified, using platform default
10-02 16:51:51.698 17665 17665 D NetworkSecurityConfig: No Network Security Config specified, using platform default
10-02 16:51:51.735 17665 17685 D libEGL  : loaded /vendor/lib64/egl/libEGL_emulation.so
10-02 16:51:51.735 17665 17685 D libEGL  : loaded /vendor/lib64/egl/libGLESv1_CM_emulation.so
10-02 16:51:51.736 17665 17685 D libEGL  : loaded /vendor/lib64/egl/libGLESv2_emulation.so
10-02 16:51:51.757 17665 17665 D AppCompatDelegate: Checking for metadata for AppLocalesMetadataHolderService : Service not found
10-02 16:51:51.767 17665 17665 D gti.InputConnection: InputConnection created
10-02 16:51:51.770 17665 17665 D gti.InputConnection: setEditorInfo
10-02 16:51:51.772 17665 17665 W .web3.uiprevie: Accessing hidden method Landroid/view/ViewGroup;->makeOptionalFitsSystemWindows()V (unsupported, reflection, allowed)
10-02 16:51:51.773 17665 17665 I GameActivity: Looking for library libmir2_platform_android.so
10-02 16:51:51.773 17665 17665 I GameActivity: Found library libmir2_platform_android.so. Loading...
10-02 16:51:51.774 17665 17665 D GameActivity: GameActivity_register
10-02 16:51:51.775 17665 17665 V GameActivity: Registering com/google/androidgamesdk/GameActivity's 24 native methods...
10-02 16:51:51.775 17665 17665 D GameActivity: SDK version: 31
10-02 16:51:51.775 17665 17665 I android-activity: Creating: Activity = 0x1696, saved state size = 0
10-02 16:51:51.777 17665 17665 V threaded_app: Creating: 0xb40000753583ecb0
10-02 16:51:51.777 17665 17665 V threaded_app: Callbacks set: 0xb40000753583ed00
10-02 16:51:51.777 17665 17665 V threaded_app: Launching android_app_entry in a thread
10-02 16:51:51.778 17665 17687 V threaded_app: android_app_entry called
10-02 16:51:51.778 17665 17687 V threaded_app: android_app = 0xb400007515843290
10-02 16:51:51.778 17665 17687 V threaded_app: config = 0xb400007485850970
10-02 16:51:51.778 17665 17687 V threaded_app: activity = 0xb40000753583ecb0
10-02 16:51:51.778 17665 17687 V threaded_app: assetmanager = 0xb40000753583d3b0
10-02 16:51:51.778 17665 17687 V threaded_app: Config: mcc=310 mnc=260 lang=en cnt=US orien=2 touch=3 dens=440 keys=2 nav=2 keysHid=1 navHid=0 sdk=31 size=2 long=2 modetype=1 modenight=1
10-02 16:51:51.787 17665 17687 D HostConnection: createUnique: call
10-02 16:51:51.788 17665 17687 D HostConnection: HostConnection::get() New Host Connection established 0xb4000074d583bad0, tid 17687
10-02 16:51:51.789 17665 17687 D HostConnection: HostComposition ext ANDROID_EMU_CHECKSUM_HELPER_v1 ANDROID_EMU_native_sync_v2 ANDROID_EMU_native_sync_v3 ANDROID_EMU_native_sync_v4 ANDROID_EMU_dma_v1 ANDROID_EMU_direct_mem ANDROID_EMU_host_composition_v1 ANDROID_EMU_host_composition_v2 ANDROID_EMU_vulkan ANDROID_EMU_deferred_vulkan_commands ANDROID_EMU_vulkan_null_optional_strings ANDROID_EMU_vulkan_create_resources_with_requirements ANDROID_EMU_YUV_Cache ANDROID_EMU_vulkan_ignored_handles ANDROID_EMU_has_shared_slots_host_memory_allocator ANDROID_EMU_vulkan_free_memory_sync ANDROID_EMU_vulkan_shader_float16_int8 ANDROID_EMU_vulkan_async_queue_submit ANDROID_EMU_vulkan_queue_submit_with_commands ANDROID_EMU_sync_buffer_data ANDROID_EMU_vulkan_async_qsri ANDROID_EMU_read_color_buffer_dma ANDROID_EMU_hwc_color_transform GL_OES_EGL_image_external_essl3 GL_OES_vertex_array_object ANDROID_EMU_host_side_tracing ANDROID_EMU_gles_max_version_3_0 
10-02 16:51:51.791 17665 17687 D EGL_emulation: eglCreateContext: 0xb4000074d583b410: maj 3 min 0 rcv 3
10-02 16:51:51.792 17665 17687 D EGL_emulation: eglMakeCurrent: 0xb4000074d583b410: ver 3 0 (tinfo 0x76fbc37080) (first time)
10-02 16:51:51.811 17665 17687 I event /Users/henryliu/obelisk/numeron-worktrees/android-shared-sync/mir2-web3/third_party/bevyAdapterInfo { name: "Android Emulator OpenGL ES Translator (Apple M1 Max)", vendor: 4203, device: 0, device_type: IntegratedGpu, device_pci_bus_id: "", driver: "", driver_info: "OpenGL ES 3.0 (4.1 Metal - 89.4)", backend: Gl, subgroup_min_size: 4, subgroup_max_size: 128, transient_saves_memory: false }
10-02 16:51:51.811 17665 17686 I RustStdoutStderr: [2m2026-10-02T08:51:51.811331Z[0m [32m INFO[0m [2mbevy_render::renderer[0m[2m:[0m AdapterInfo { name: "Android Emulator OpenGL ES Translator (Apple M1 Max)", vendor: 4203, device: 0, device_type: IntegratedGpu, device_pci_bus_id: "", driver: "", driver_info: "OpenGL ES 3.0 (4.1 Metal - 89.4)", backend: Gl, subgroup_min_size: 4, subgroup_max_size: 128, transient_saves_memory: false }
10-02 16:51:51.820 17665 17665 V GameActivity: onStart_native
10-02 16:51:51.820 17665 17665 V threaded_app: Start: 0xb40000753583ecb0
10-02 16:51:51.873 17665 17687 I event /Users/henryliu/obelisk/numeron-worktrees/android-shared-sync/mir2-web3/third_party/bevySparse buffer updates disabled. RenderDevice lacks support: max_storage_buffers_per_shader_stage (0) < 3.
10-02 16:51:51.873 17665 17686 I RustStdoutStderr: [2m2026-10-02T08:51:51.873825Z[0m [32m INFO[0m [2mbevy_render::render_resource::sparse_buffer_vec[0m[2m:[0m Sparse buffer updates disabled. RenderDevice lacks support: max_storage_buffers_per_shader_stage (0) < 3.
10-02 16:51:51.873 17665 17686 I RustStdoutStderr: [2m2026-10-02T08:51:51.873963Z[0m [33m WARN[0m [2mbevy_core_pipeline::oit::resolve[0m[2m:[0m OrderIndependentTransparencyPlugin not loaded. GPU lacks support: DownlevelFlags::FRAGMENT_WRITABLE_STORAGE.
10-02 16:51:51.873 17665 17687 W event /Users/henryliu/.cargo/registry/src/index.crates.io-1949cf8c6b5b557f/bevy_core_pipeline-OrderIndependentTransparencyPlugin not loaded. GPU lacks support: DownlevelFlags::FRAGMENT_WRITABLE_STORAGE.
10-02 16:51:51.873 17665 17687 W event /Users/henryliu/.cargo/registry/src/index.crates.io-1949cf8c6b5b557f/bevy_core_pipeline-BackgroundMotionVectorsPlugin not loaded. GPU lacks support for required downlevel capability flags: DownlevelFlags(INDEPENDENT_BLEND).
10-02 16:51:51.874 17665 17686 I RustStdoutStderr: [2m2026-10-02T08:51:51.873977Z[0m [33m WARN[0m [2mbevy_core_pipeline::prepass::background_motion_vectors[0m[2m:[0m BackgroundMotionVectorsPlugin not loaded. GPU lacks support for required downlevel capability flags: DownlevelFlags(INDEPENDENT_BLEND).
10-02 16:51:51.925 17665 17687 I event /Users/henryliu/obelisk/numeron-worktrees/android-shared-sync/mir2-web3/third_party/bevyGPU preprocessing is not supported on this device. Falling back to CPU preprocessing.
10-02 16:51:51.925 17665 17686 I RustStdoutStderr: [2m2026-10-02T08:51:51.925046Z[0m [32m INFO[0m [2mbevy_render::batching::gpu_preprocessing[0m[2m:[0m GPU preprocessing is not supported on this device. Falling back to CPU preprocessing.
10-02 16:51:51.943 17665 17687 V threaded_app: activityState=11
10-02 16:51:51.943 17665 17686 I RustStdoutStderr: [2m2026-10-02T08:51:51.943784Z[0m [33m WARN[0m [2mwinit::platform_impl::android[0m[2m:[0m TODO: forward onStart notification to application
10-02 16:51:51.943 17665 17687 W event /Users/henryliu/.cargo/registry/src/index.crates.io-1949cf8c6b5b557f/winit-0.30.13/src/pTODO: forward onStart notification to application
10-02 16:51:51.944 17665 17665 V threaded_app: Resume: 0xb40000753583ecb0
10-02 16:51:51.945 17665 17687 V threaded_app: activityState=12
10-02 16:51:51.954 17665 17665 V GameActivity: onImeInsetsChanged from Text Listener
10-02 16:51:51.954 17665 17665 V threaded_app: WindowInsetsChanged: 0xb40000753583ecb0
10-02 16:51:51.954 17665 17687 W event /Users/henryliu/.cargo/registry/src/index.crates.io-1949cf8c6b5b557f/winit-0.30.13/src/pTODO: handle Android InsetsChanged notification
10-02 16:51:51.954 17665 17686 I RustStdoutStderr: [2m2026-10-02T08:51:51.954346Z[0m [33m WARN[0m [2mwinit::platform_impl::android[0m[2m:[0m TODO: handle Android InsetsChanged notification
10-02 16:51:51.958 17665 17665 V GameActivity: onImeInsetsChanged from Text Listener
10-02 16:51:51.958 17665 17665 V threaded_app: WindowInsetsChanged: 0xb40000753583ecb0
10-02 16:51:51.958 17665 17687 W event /Users/henryliu/.cargo/registry/src/index.crates.io-1949cf8c6b5b557f/winit-0.30.13/src/pTODO: handle Android InsetsChanged notification
10-02 16:51:51.958 17665 17686 I RustStdoutStderr: [2m2026-10-02T08:51:51.958751Z[0m [33m WARN[0m [2mwinit::platform_impl::android[0m[2m:[0m TODO: handle Android InsetsChanged notification
10-02 16:51:51.959 17665 17683 D HostConnection: createUnique: call
10-02 16:51:51.959 17665 17683 D HostConnection: HostConnection::get() New Host Connection established 0xb4000074d5853950, tid 17683
10-02 16:51:51.961 17665 17683 D HostConnection: HostComposition ext ANDROID_EMU_CHECKSUM_HELPER_v1 ANDROID_EMU_native_sync_v2 ANDROID_EMU_native_sync_v3 ANDROID_EMU_native_sync_v4 ANDROID_EMU_dma_v1 ANDROID_EMU_direct_mem ANDROID_EMU_host_composition_v1 ANDROID_EMU_host_composition_v2 ANDROID_EMU_vulkan ANDROID_EMU_deferred_vulkan_commands ANDROID_EMU_vulkan_null_optional_strings ANDROID_EMU_vulkan_create_resources_with_requirements ANDROID_EMU_YUV_Cache ANDROID_EMU_vulkan_ignored_handles ANDROID_EMU_has_shared_slots_host_memory_allocator ANDROID_EMU_vulkan_free_memory_sync ANDROID_EMU_vulkan_shader_float16_int8 ANDROID_EMU_vulkan_async_queue_submit ANDROID_EMU_vulkan_queue_submit_with_commands ANDROID_EMU_sync_buffer_data ANDROID_EMU_vulkan_async_qsri ANDROID_EMU_read_color_buffer_dma ANDROID_EMU_hwc_color_transform GL_OES_EGL_image_external_essl3 GL_OES_vertex_array_object ANDROID_EMU_host_side_tracing ANDROID_EMU_gles_max_version_3_0 
10-02 16:51:51.961 17665 17683 W OpenGLRenderer: Failed to choose config with EGL_SWAP_BEHAVIOR_PRESERVED, retrying without...
10-02 16:51:51.962 17665 17683 W OpenGLRenderer: Failed to initialize 101010-2 format, error = EGL_SUCCESS
10-02 16:51:51.963 17665 17665 V threaded_app: ContentRectChanged: 0xb40000753583ecb0 -- (0 0) (2340 1080)
10-02 16:51:51.963 17665 17687 W event /Users/henryliu/.cargo/registry/src/index.crates.io-1949cf8c6b5b557f/winit-0.30.13/src/pTODO: find a way to notify application of content rect change
10-02 16:51:51.963 17665 17686 I RustStdoutStderr: [2m2026-10-02T08:51:51.963180Z[0m [33m WARN[0m [2mwinit::platform_impl::android[0m[2m:[0m TODO: find a way to notify application of content rect change
10-02 16:51:51.963 17665 17683 D EGL_emulation: eglCreateContext: 0xb4000074d5854910: maj 3 min 0 rcv 3
10-02 16:51:51.964 17665 17665 V GameActivity: onSurfaceCreated_native
10-02 16:51:51.964 17665 17665 V threaded_app: NativeWindowCreated: 0xb40000753583ecb0 -- 0xb4000075c59f8b90
10-02 16:51:51.964 17665 17665 V threaded_app: android_app_set_window called
10-02 16:51:51.964 17665 17687 V threaded_app: APP_CMD_INIT_WINDOW
10-02 16:51:51.964 17665 17687 I event /Users/henryliu/.cargo/registry/src/index.crates.io-1949cf8c6b5b557f/bevy_winit-0.19.0/sCreating new window mir2-web3 (android) (105v0)
10-02 16:51:51.964 17665 17686 I RustStdoutStderr: [2m2026-10-02T08:51:51.964283Z[0m [32m INFO[0m [2mbevy_winit::system[0m[2m:[0m Creating new window mir2-web3 (android) (105v0)
10-02 16:51:51.965 17665 17683 D EGL_emulation: eglMakeCurrent: 0xb4000074d5854910: ver 3 0 (tinfo 0x76fbc37100) (first time)
10-02 16:51:51.969 17665 17665 V threaded_app: NativeWindowResized: 0xb40000753583ecb0 -- 0xb4000075c59f8b90 ( 2340 x 1080 )
10-02 16:51:51.969 17665 17665 V threaded_app: NativeWindowRedrawNeeded: 0xb40000753583ecb0 -- 0xb4000075c59f8b90
10-02 16:51:51.970 17665 17683 I Gralloc4: mapper 4.x is not supported
10-02 16:51:51.970 17665 17683 D HostConnection: createUnique: call
10-02 16:51:51.971 17665 17683 D HostConnection: HostConnection::get() New Host Connection established 0xb4000074d5852d50, tid 17683
10-02 16:51:51.971 17665 17683 D goldfish-address-space: allocate: Ask for block of size 0x100
10-02 16:51:51.971 17665 17683 D goldfish-address-space: allocate: ioctl allocate returned offset 0x1efff8000 size 0x8000
10-02 16:51:51.971 17665 17683 W Gralloc4: allocator 4.x is not supported
10-02 16:51:51.974 17665 17683 D HostConnection: HostComposition ext ANDROID_EMU_CHECKSUM_HELPER_v1 ANDROID_EMU_native_sync_v2 ANDROID_EMU_native_sync_v3 ANDROID_EMU_native_sync_v4 ANDROID_EMU_dma_v1 ANDROID_EMU_direct_mem ANDROID_EMU_host_composition_v1 ANDROID_EMU_host_composition_v2 ANDROID_EMU_vulkan ANDROID_EMU_deferred_vulkan_commands ANDROID_EMU_vulkan_null_optional_strings ANDROID_EMU_vulkan_create_resources_with_requirements ANDROID_EMU_YUV_Cache ANDROID_EMU_vulkan_ignored_handles ANDROID_EMU_has_shared_slots_host_memory_allocator ANDROID_EMU_vulkan_free_memory_sync ANDROID_EMU_vulkan_shader_float16_int8 ANDROID_EMU_vulkan_async_queue_submit ANDROID_EMU_vulkan_queue_submit_with_commands ANDROID_EMU_sync_buffer_data ANDROID_EMU_vulkan_async_qsri ANDROID_EMU_read_color_buffer_dma ANDROID_EMU_hwc_color_transform GL_OES_EGL_image_external_essl3 GL_OES_vertex_array_object ANDROID_EMU_host_side_tracing ANDROID_EMU_gles_max_version_3_0 
10-02 16:51:52.000 17665 17665 V threaded_app: WindowFocusChanged: 0xb40000753583ecb0 -- 1
10-02 16:51:52.022 17665 17665 V GameActivity: onImeInsetsChanged from Text Listener
10-02 16:51:52.022 17665 17665 V threaded_app: WindowInsetsChanged: 0xb40000753583ecb0
10-02 16:51:52.073 17665 17687 I event src/ui_preview.rs:1183: ANDROID_QUEST_PREVIEW_RECEIVED_MODELS_APPLIED_NOT_LIVEscene = "quests-ingress"; count = 1; quest_id = Some(2100004); dialog_open = false;
10-02 16:51:52.073 17665 17686 I RustStdoutStderr: [2m2026-10-02T08:51:52.073069Z[0m [32m INFO[0m [2mmir2_platform_android::ui_preview[0m[2m:[0m ANDROID_QUEST_PREVIEW_RECEIVED_MODELS_APPLIED_NOT_LIVE [3mscene[0m[2m=[0m"quests-ingress" [3mcount[0m[2m=[0m1 [3mquest_id[0m[2m=[0mSome(2100004) [3mdialog_open[0m[2m=[0mfalse
10-02 16:51:52.079 17665 17687 I event src/item_geometry.rs:127: ANDROID_ITEM_GEOMETRY_READYitems = 1003; state_items = 2380; sources = [("original-ui/Items/meta.json", "ec0eca414ac6c34e17a218f0ed4396f30607c2485482f8760af7706acddcedfe"), ("original-ui/StateItem/meta.json", "7d812a76e9a54b1d0535968a8c21ee2064577e7012572daf79b242221ca72e9a")];
10-02 16:51:52.079 17665 17686 I RustStdoutStderr: [2m2026-10-02T08:51:52.079629Z[0m [32m INFO[0m [2mmir2_platform_android::item_geometry[0m[2m:[0m ANDROID_ITEM_GEOMETRY_READY [3mitems[0m[2m=[0m1003 [3mstate_items[0m[2m=[0m2380 [3msources[0m[2m=[0m[("original-ui/Items/meta.json", "ec0eca414ac6c34e17a218f0ed4396f30607c2485482f8760af7706acddcedfe"), ("original-ui/StateItem/meta.json", "7d812a76e9a54b1d0535968a8c21ee2064577e7012572daf79b242221ca72e9a")]
10-02 16:51:52.080 17665 17686 I RustStdoutStderr: [2m2026-10-02T08:51:52.080157Z[0m [32m INFO[0m [2mmir2_platform_android::ui_preview[0m[2m:[0m ANDROID_INVENTORY_INGRESS_OFFLINE queued owner42 bag12 equip2 sourceFrame30
10-02 16:51:52.080 17665 17687 I event src/ui_preview.rs:1347: ANDROID_INVENTORY_INGRESS_OFFLINE queued owner42 bag12 equip2 sourceFrame30
10-02 16:51:52.080 17665 17686 I RustStdoutStderr: [2m2026-10-02T08:51:52.080432Z[0m [32m INFO[0m [2mmir2_platform_android::ui_preview[0m[2m:[0m ANDROID_UI_PREVIEW_READY scene=quests-ingress
10-02 16:51:52.080 17665 17687 I event src/ui_preview.rs:800: ANDROID_UI_PREVIEW_READY scene=quests-ingress
10-02 16:51:52.103 17665 17687 W event /Users/henryliu/.cargo/registry/src/index.crates.io-1949cf8c6b5b557f/winit-0.30.13/src/pTODO: handle Android InsetsChanged notification
10-02 16:51:52.103 17665 17686 I RustStdoutStderr: [2m2026-10-02T08:51:52.103054Z[0m [33m WARN[0m [2mwinit::platform_impl::android[0m[2m:[0m TODO: handle Android InsetsChanged notification
10-02 16:51:52.159 17665 17687 D eglCodecCommon: checkFramebufferAttachmentCompleteness: rbo not color renderable. format: 0x0
10-02 16:51:52.159 17665 17687 D eglCodecCommon: checkFramebufferCompleteness: color attachment 0 not complete: 0x8cd6
10-02 16:51:52.159 17665 17687 E emuglGLESv2_enc: device/generic/goldfish-opengl/system/GLESv2_enc/GL2Encoder.cpp:s_glDrawElementsInstanced:4585 GL error 0x506 condition [ctx->m_state->checkFramebufferCompleteness(GL_FRAMEBUFFER) != GL_FRAMEBUFFER_COMPLETE]
10-02 16:51:52.159 17665 17687 D eglCodecCommon: checkFramebufferAttachmentCompleteness: rbo not color renderable. format: 0x0
10-02 16:51:52.159 17665 17687 D eglCodecCommon: checkFramebufferCompleteness: color attachment 0 not complete: 0x8cd6
10-02 16:51:52.159 17665 17687 E emuglGLESv2_enc: device/generic/goldfish-opengl/system/GLESv2_enc/GL2Encoder.cpp:s_glDrawElementsInstanced:4585 GL error 0x506 condition [ctx->m_state->checkFramebufferCompleteness(GL_FRAMEBUFFER) != GL_FRAMEBUFFER_COMPLETE]
10-02 16:51:52.159 17665 17687 D eglCodecCommon: checkFramebufferAttachmentCompleteness: rbo not color renderable. format: 0x0
10-02 16:51:52.159 17665 17687 D eglCodecCommon: checkFramebufferCompleteness: color attachment 0 not complete: 0x8cd6
10-02 16:51:52.159 17665 17687 E emuglGLESv2_enc: device/generic/goldfish-opengl/system/GLESv2_enc/GL2Encoder.cpp:s_glDrawElementsInstanced:4585 GL error 0x506 condition [ctx->m_state->checkFramebufferCompleteness(GL_FRAMEBUFFER) != GL_FRAMEBUFFER_COMPLETE]
10-02 16:51:52.159 17665 17687 D eglCodecCommon: checkFramebufferAttachmentCompleteness: rbo not color renderable. format: 0x0
10-02 16:51:52.159 17665 17687 D eglCodecCommon: checkFramebufferCompleteness: color attachment 0 not complete: 0x8cd6
10-02 16:51:52.159 17665 17687 E emuglGLESv2_enc: device/generic/goldfish-opengl/system/GLESv2_enc/GL2Encoder.cpp:s_glDrawElementsInstanced:4585 GL error 0x506 condition [ctx->m_state->checkFramebufferCompleteness(GL_FRAMEBUFFER) != GL_FRAMEBUFFER_COMPLETE]
10-02 16:51:52.159 17665 17687 D eglCodecCommon: checkFramebufferAttachmentCompleteness: rbo not color renderable. format: 0x0
10-02 16:51:52.159 17665 17687 D eglCodecCommon: checkFramebufferCompleteness: color attachment 0 not complete: 0x8cd6
10-02 16:51:52.159 17665 17687 E emuglGLESv2_enc: device/generic/goldfish-opengl/system/GLESv2_enc/GL2Encoder.cpp:s_glDrawElementsInstanced:4585 GL error 0x506 condition [ctx->m_state->checkFramebufferCompleteness(GL_FRAMEBUFFER) != GL_FRAMEBUFFER_COMPLETE]
10-02 16:51:52.159 17665 17687 D eglCodecCommon: checkFramebufferAttachmentCompleteness: rbo not color renderable. format: 0x0
10-02 16:51:52.159 17665 17687 D eglCodecCommon: checkFramebufferCompleteness: color attachment 0 not complete: 0x8cd6
10-02 16:51:52.159 17665 17687 E emuglGLESv2_enc: device/generic/goldfish-opengl/system/GLESv2_enc/GL2Encoder.cpp:s_glDrawElementsInstanced:4585 GL error 0x506 condition [ctx->m_state->checkFramebufferCompleteness(GL_FRAMEBUFFER) != GL_FRAMEBUFFER_COMPLETE]
10-02 16:51:52.159 17665 17687 D eglCodecCommon: checkFramebufferAttachmentCompleteness: rbo not color renderable. format: 0x0
10-02 16:51:52.159 17665 17687 D eglCodecCommon: checkFramebufferCompleteness: color attachment 0 not complete: 0x8cd6
10-02 16:51:52.159 17665 17687 E emuglGLESv2_enc: device/generic/goldfish-opengl/system/GLESv2_enc/GL2Encoder.cpp:s_glDrawElementsInstanced:4585 GL error 0x506 condition [ctx->m_state->checkFramebufferCompleteness(GL_FRAMEBUFFER) != GL_FRAMEBUFFER_COMPLETE]
10-02 16:51:52.159 17665 17687 D eglCodecCommon: checkFramebufferAttachmentCompleteness: rbo not color renderable. format: 0x0
10-02 16:51:52.159 17665 17687 D eglCodecCommon: checkFramebufferCompleteness: color attachment 0 not complete: 0x8cd6
10-02 16:51:52.159 17665 17687 E emuglGLESv2_enc: device/generic/goldfish-opengl/system/GLESv2_enc/GL2Encoder.cpp:s_glDrawElementsInstanced:4585 GL error 0x506 condition [ctx->m_state->checkFramebufferCompleteness(GL_FRAMEBUFFER) != GL_FRAMEBUFFER_COMPLETE]
10-02 16:51:52.159 17665 17687 D eglCodecCommon: checkFramebufferAttachmentCompleteness: rbo not color renderable. format: 0x0
10-02 16:51:52.159 17665 17687 D eglCodecCommon: checkFramebufferCompleteness: color attachment 0 not complete: 0x8cd6
10-02 16:51:52.159 17665 17687 E emuglGLESv2_enc: device/generic/goldfish-opengl/system/GLESv2_enc/GL2Encoder.cpp:s_glDrawElementsInstanced:4585 GL error 0x506 condition [ctx->m_state->checkFramebufferCompleteness(GL_FRAMEBUFFER) != GL_FRAMEBUFFER_COMPLETE]
10-02 16:51:52.159 17665 17687 D eglCodecCommon: checkFramebufferAttachmentCompleteness: rbo not color renderable. format: 0x0
10-02 16:51:52.159 17665 17687 D eglCodecCommon: checkFramebufferCompleteness: color attachment 0 not complete: 0x8cd6
10-02 16:51:52.159 17665 17687 E emuglGLESv2_enc: device/generic/goldfish-opengl/system/GLESv2_enc/GL2Encoder.cpp:s_glDrawElementsInstanced:4585 GL error 0x506 condition [ctx->m_state->checkFramebufferCompleteness(GL_FRAMEBUFFER) != GL_FRAMEBUFFER_COMPLETE]
10-02 16:51:52.159 17665 17687 D eglCodecCommon: checkFramebufferAttachmentCompleteness: rbo not color renderable. format: 0x0
10-02 16:51:52.159 17665 17687 D eglCodecCommon: checkFramebufferCompleteness: color attachment 0 not complete: 0x8cd6
10-02 16:51:52.159 17665 17687 E emuglGLESv2_enc: device/generic/goldfish-opengl/system/GLESv2_enc/GL2Encoder.cpp:s_glDrawElementsInstanced:4585 GL error 0x506 condition [ctx->m_state->checkFramebufferCompleteness(GL_FRAMEBUFFER) != GL_FRAMEBUFFER_COMPLETE]
10-02 16:51:52.159 17665 17687 D eglCodecCommon: checkFramebufferAttachmentCompleteness: rbo not color renderable. format: 0x0
10-02 16:51:52.159 17665 17687 D eglCodecCommon: checkFramebufferCompleteness: color attachment 0 not complete: 0x8cd6
10-02 16:51:52.159 17665 17687 E emuglGLESv2_enc: device/generic/goldfish-opengl/system/GLESv2_enc/GL2Encoder.cpp:s_glDrawElementsInstanced:4585 GL error 0x506 condition [ctx->m_state->checkFramebufferCompleteness(GL_FRAMEBUFFER) != GL_FRAMEBUFFER_COMPLETE]
10-02 16:51:52.227 17665 17687 D eglCodecCommon: checkFramebufferAttachmentCompleteness: rbo not color renderable. format: 0x0
10-02 16:51:52.227 17665 17687 D eglCodecCommon: checkFramebufferCompleteness: color attachment 0 not complete: 0x8cd6
10-02 16:51:52.227 17665 17687 E emuglGLESv2_enc: device/generic/goldfish-opengl/system/GLESv2_enc/GL2Encoder.cpp:s_glDrawElementsInstanced:4585 GL error 0x506 condition [ctx->m_state->checkFramebufferCompleteness(GL_FRAMEBUFFER) != GL_FRAMEBUFFER_COMPLETE]
10-02 16:51:52.227 17665 17687 D eglCodecCommon: checkFramebufferAttachmentCompleteness: rbo not color renderable. format: 0x0
10-02 16:51:52.227 17665 17687 D eglCodecCommon: checkFramebufferCompleteness: color attachment 0 not complete: 0x8cd6
10-02 16:51:52.227 17665 17687 E emuglGLESv2_enc: device/generic/goldfish-opengl/system/GLESv2_enc/GL2Encoder.cpp:s_glDrawElementsInstanced:4585 GL error 0x506 condition [ctx->m_state->checkFramebufferCompleteness(GL_FRAMEBUFFER) != GL_FRAMEBUFFER_COMPLETE]
10-02 16:51:52.227 17665 17687 D eglCodecCommon: checkFramebufferAttachmentCompleteness: rbo not color renderable. format: 0x0
10-02 16:51:52.227 17665 17687 D eglCodecCommon: checkFramebufferCompleteness: color attachment 0 not complete: 0x8cd6
10-02 16:51:52.227 17665 17687 E emuglGLESv2_enc: device/generic/goldfish-opengl/system/GLESv2_enc/GL2Encoder.cpp:s_glDrawElementsInstanced:4585 GL error 0x506 condition [ctx->m_state->checkFramebufferCompleteness(GL_FRAMEBUFFER) != GL_FRAMEBUFFER_COMPLETE]
10-02 16:51:52.227 17665 17687 D eglCodecCommon: checkFramebufferAttachmentCompleteness: rbo not color renderable. format: 0x0
10-02 16:51:52.227 17665 17687 D eglCodecCommon: checkFramebufferCompleteness: color attachment 0 not complete: 0x8cd6
10-02 16:51:52.227 17665 17687 E emuglGLESv2_enc: device/generic/goldfish-opengl/system/GLESv2_enc/GL2Encoder.cpp:s_glDrawElementsInstanced:4585 GL error 0x506 condition [ctx->m_state->checkFramebufferCompleteness(GL_FRAMEBUFFER) != GL_FRAMEBUFFER_COMPLETE]
10-02 16:51:52.227 17665 17687 D eglCodecCommon: checkFramebufferAttachmentCompleteness: rbo not color renderable. format: 0x0
10-02 16:51:52.227 17665 17687 D eglCodecCommon: checkFramebufferCompleteness: color attachment 0 not complete: 0x8cd6
10-02 16:51:52.227 17665 17687 E emuglGLESv2_enc: device/generic/goldfish-opengl/system/GLESv2_enc/GL2Encoder.cpp:s_glDrawElementsInstanced:4585 GL error 0x506 condition [ctx->m_state->checkFramebufferCompleteness(GL_FRAMEBUFFER) != GL_FRAMEBUFFER_COMPLETE]
10-02 16:51:52.227 17665 17687 D eglCodecCommon: checkFramebufferAttachmentCompleteness: rbo not color renderable. format: 0x0
10-02 16:51:52.227 17665 17687 D eglCodecCommon: checkFramebufferCompleteness: color attachment 0 not complete: 0x8cd6
10-02 16:51:52.227 17665 17687 E emuglGLESv2_enc: device/generic/goldfish-opengl/system/GLESv2_enc/GL2Encoder.cpp:s_glDrawElementsInstanced:4585 GL error 0x506 condition [ctx->m_state->checkFramebufferCompleteness(GL_FRAMEBUFFER) != GL_FRAMEBUFFER_COMPLETE]
10-02 16:51:52.227 17665 17687 D eglCodecCommon: checkFramebufferAttachmentCompleteness: rbo not color renderable. format: 0x0
10-02 16:51:52.227 17665 17687 D eglCodecCommon: checkFramebufferCompleteness: color attachment 0 not complete: 0x8cd6
10-02 16:51:52.227 17665 17687 E emuglGLESv2_enc: device/generic/goldfish-opengl/system/GLESv2_enc/GL2Encoder.cpp:s_glDrawElementsInstanced:4585 GL error 0x506 condition [ctx->m_state->checkFramebufferCompleteness(GL_FRAMEBUFFER) != GL_FRAMEBUFFER_COMPLETE]
10-02 16:51:52.227 17665 17687 D eglCodecCommon: checkFramebufferAttachmentCompleteness: rbo not color renderable. format: 0x0
10-02 16:51:52.227 17665 17687 D eglCodecCommon: checkFramebufferCompleteness: color attachment 0 not complete: 0x8cd6
10-02 16:51:52.227 17665 17687 E emuglGLESv2_enc: device/generic/goldfish-opengl/system/GLESv2_enc/GL2Encoder.cpp:s_glDrawElementsInstanced:4585 GL error 0x506 condition [ctx->m_state->checkFramebufferCompleteness(GL_FRAMEBUFFER) != GL_FRAMEBUFFER_COMPLETE]
10-02 16:51:52.227 17665 17687 D eglCodecCommon: checkFramebufferAttachmentCompleteness: rbo not color renderable. format: 0x0
10-02 16:51:52.227 17665 17687 D eglCodecCommon: checkFramebufferCompleteness: color attachment 0 not complete: 0x8cd6
10-02 16:51:52.227 17665 17687 E emuglGLESv2_enc: device/generic/goldfish-opengl/system/GLESv2_enc/GL2Encoder.cpp:s_glDrawElementsInstanced:4585 GL error 0x506 condition [ctx->m_state->checkFramebufferCompleteness(GL_FRAMEBUFFER) != GL_FRAMEBUFFER_COMPLETE]
10-02 16:51:52.227 17665 17687 D eglCodecCommon: checkFramebufferAttachmentCompleteness: rbo not color renderable. format: 0x0
10-02 16:51:52.227 17665 17687 D eglCodecCommon: checkFramebufferCompleteness: color attachment 0 not complete: 0x8cd6
10-02 16:51:52.227 17665 17687 E emuglGLESv2_enc: device/generic/goldfish-opengl/system/GLESv2_enc/GL2Encoder.cpp:s_glDrawElementsInstanced:4585 GL error 0x506 condition [ctx->m_state->checkFramebufferCompleteness(GL_FRAMEBUFFER) != GL_FRAMEBUFFER_COMPLETE]
10-02 16:51:52.227 17665 17687 D eglCodecCommon: checkFramebufferAttachmentCompleteness: rbo not color renderable. format: 0x0
10-02 16:51:52.227 17665 17687 D eglCodecCommon: checkFramebufferCompleteness: color attachment 0 not complete: 0x8cd6
10-02 16:51:52.227 17665 17687 E emuglGLESv2_enc: device/generic/goldfish-opengl/system/GLESv2_enc/GL2Encoder.cpp:s_glDrawElementsInstanced:4585 GL error 0x506 condition [ctx->m_state->checkFramebufferCompleteness(GL_FRAMEBUFFER) != GL_FRAMEBUFFER_COMPLETE]
10-02 16:51:52.227 17665 17687 D eglCodecCommon: checkFramebufferAttachmentCompleteness: rbo not color renderable. format: 0x0
10-02 16:51:52.227 17665 17687 D eglCodecCommon: checkFramebufferCompleteness: color attachment 0 not complete: 0x8cd6
10-02 16:51:52.227 17665 17687 E emuglGLESv2_enc: device/generic/goldfish-opengl/system/GLESv2_enc/GL2Encoder.cpp:s_glDrawElementsInstanced:4585 GL error 0x506 condition [ctx->m_state->checkFramebufferCompleteness(GL_FRAMEBUFFER) != GL_FRAMEBUFFER_COMPLETE]
10-02 16:51:53.178 17665 17687 D EGL_emulation: app_time_stats: avg=15.92ms min=10.28ms max=134.05ms count=57
10-02 16:51:53.656 17665 17690 I event src/phone_hud.rs:173: ANDROID_PHONE_TEXT_LAYOUTfont = TextFont { font: SystemUi, font_size: Px(23.466667), weight: FontWeight(400), width: FontWidth(1.0), style: Normal, font_smoothing: AntiAliased, font_features: FontFeatures { features: [] }, font_variations: FontVariations { variations: [] } }; color = TextColor(Srgba(Srgba { red: 0.98, green: 0.91, blue: 0.76, alpha: 1.0 })); glyph_masks = [true, true, true, true, true, true, true, true, true, true, true, true, true];
10-02 16:51:53.656 17665 17691 I event src/phone_quests.rs:93: ANDROID_PHONE_QUEST_TEXTtext = "任务日志"; font_dp = 16.0; glyphs = 4; alpha_masks = 4;
10-02 16:51:53.656 17665 17691 I event src/phone_quests.rs:93: ANDROID_PHONE_QUEST_TEXTtext = "×"; font_dp = 13.999999046325684; glyphs = 1; alpha_masks = 1;
10-02 16:51:53.656 17665 17691 I event src/phone_quests.rs:93: ANDROID_PHONE_QUEST_TEXTtext = "任务列表: 1/20"; font_dp = 13.999999046325684; glyphs = 10; alpha_masks = 10;
10-02 16:51:53.656 17665 17691 I event src/phone_quests.rs:93: ANDROID_PHONE_QUEST_TEXTtext = "− Daily"; font_dp = 13.999999046325684; glyphs = 7; alpha_masks = 7;
10-02 16:51:53.656 17665 17691 I event src/phone_quests.rs:93: ANDROID_PHONE_QUEST_TEXTtext = "OFFLINE RECEIVED DAILY QUEST · 可交付\n0级 · Daily"; font_dp = 13.999999046325684; glyphs = 44; alpha_masks = 44;
10-02 16:51:53.656 17665 17691 I event src/phone_quests.rs:93: ANDROID_PHONE_QUEST_TEXTtext = "跟踪"; font_dp = 13.999999046325684; glyphs = 2; alpha_masks = 2;
10-02 16:51:53.656 17665 17691 I event src/phone_quests.rs:93: ANDROID_PHONE_QUEST_TEXTtext = "▲"; font_dp = 13.999999046325684; glyphs = 1; alpha_masks = 1;
10-02 16:51:53.656 17665 17691 I event src/phone_quests.rs:93: ANDROID_PHONE_QUEST_TEXTtext = "▼"; font_dp = 13.999999046325684; glyphs = 1; alpha_masks = 1;
10-02 16:51:53.656 17665 17691 I event src/phone_quests.rs:98: ANDROID_PHONE_QUEST_CONTROLsize_dp = Vec2(375.63635, 51.636364); center_dp = Vec2(493.27267, 193.09091);
10-02 16:51:53.656 17665 17691 I event src/phone_quests.rs:98: ANDROID_PHONE_QUEST_CONTROLsize_dp = Vec2(48.0, 48.0); center_dp = Vec2(665.0909, 47.999977);
10-02 16:51:53.656 17665 17691 I event src/phone_quests.rs:98: ANDROID_PHONE_QUEST_CONTROLsize_dp = Vec2(375.63635, 48.0); center_dp = Vec2(493.27267, 135.27272);
10-02 16:51:53.656 17665 17691 I event src/phone_quests.rs:98: ANDROID_PHONE_QUEST_CONTROLsize_dp = Vec2(375.63635, 48.0); center_dp = Vec2(493.27267, 251.27272);
10-02 16:51:53.656 17665 17691 I event src/phone_quests.rs:98: ANDROID_PHONE_QUEST_CONTROLsize_dp = Vec2(192.0, 48.0); center_dp = Vec2(393.4545, 344.7273);
10-02 16:51:53.656 17665 17686 I RustStdoutStderr: [2m2026-10-02T08:51:53.656118Z[0m [32m INFO[0m [2mmir2_platform_android::phone_hud[0m[2m:[0m ANDROID_PHONE_TEXT_LAYOUT [3mfont[0m[2m=[0mTextFont { font: SystemUi, font_size: Px(23.466667), weight: FontWeight(400), width: FontWidth(1.0), style: Normal, font_smoothing: AntiAliased, font_features: FontFeatures { features: [] }, font_variations: FontVariations { variations: [] } } [3mcolor[0m[2m=[0mTextColor(Srgba(Srgba { red: 0.98, green: 0.91, blue: 0.76, alpha: 1.0 })) [3mglyph_masks[0m[2m=[0m[true, true, true, true, true, true, true, true, true, true, true, true, true]
10-02 16:51:53.656 17665 17686 I RustStdoutStderr: [2m2026-10-02T08:51:53.656166Z[0m [32m INFO[0m [2mmir2_platform_android::phone_quests[0m[2m:[0m ANDROID_PHONE_QUEST_TEXT [3mtext[0m[2m=[0m"任务日志" [3mfont_dp[0m[2m=[0m16.0 [3mglyphs[0m[2m=[0m4 [3malpha_masks[0m[2m=[0m4
10-02 16:51:53.656 17665 17686 I RustStdoutStderr: [2m2026-10-02T08:51:53.656333Z[0m [32m INFO[0m [2mmir2_platform_android::phone_quests[0m[2m:[0m ANDROID_PHONE_QUEST_TEXT [3mtext[0m[2m=[0m"×" [3mfont_dp[0m[2m=[0m13.999999046325684 [3mglyphs[0m[2m=[0m1 [3malpha_masks[0m[2m=[0m1
10-02 16:51:53.656 17665 17686 I RustStdoutStderr: [2m2026-10-02T08:51:53.656339Z[0m [32m INFO[0m [2mmir2_platform_android::phone_quests[0m[2m:[0m ANDROID_PHONE_QUEST_TEXT [3mtext[0m[2m=[0m"任务列表: 1/20" [3mfont_dp[0m[2m=[0m13.999999046325684 [3mglyphs[0m[2m=[0m10 [3malpha_masks[0m[2m=[0m10
10-02 16:51:53.656 17665 17686 I RustStdoutStderr: [2m2026-10-02T08:51:53.656344Z[0m [32m INFO[0m [2mmir2_platform_android::phone_quests[0m[2m:[0m ANDROID_PHONE_QUEST_TEXT [3mtext[0m[2m=[0m"− Daily" [3mfont_dp[0m[2m=[0m13.999999046325684 [3mglyphs[0m[2m=[0m7 [3malpha_masks[0m[2m=[0m7
10-02 16:51:53.656 17665 17686 I RustStdoutStderr: [2m2026-10-02T08:51:53.656349Z[0m [32m INFO[0m [2mmir2_platform_android::phone_quests[0m[2m:[0m ANDROID_PHONE_QUEST_TEXT [3mtext[0m[2m=[0m"OFFLINE RECEIVED DAILY QUEST · 可交付\n0级 · Daily" [3mfont_dp[0m[2m=[0m13.999999046325684 [3mglyphs[0m[2m=[0m44 [3malpha_masks[0m[2m=[0m44
10-02 16:51:53.656 17665 17686 I RustStdoutStderr: [2m2026-10-02T08:51:53.656354Z[0m [32m INFO[0m [2mmir2_platform_android::phone_quests[0m[2m:[0m ANDROID_PHONE_QUEST_TEXT [3mtext[0m[2m=[0m"跟踪" [3mfont_dp[0m[2m=[0m13.999999046325684 [3mglyphs[0m[2m=[0m2 [3malpha_masks[0m[2m=[0m2
10-02 16:51:53.656 17665 17686 I RustStdoutStderr: [2m2026-10-02T08:51:53.656358Z[0m [32m INFO[0m [2mmir2_platform_android::phone_quests[0m[2m:[0m ANDROID_PHONE_QUEST_TEXT [3mtext[0m[2m=[0m"▲" [3mfont_dp[0m[2m=[0m13.999999046325684 [3mglyphs[0m[2m=[0m1 [3malpha_masks[0m[2m=[0m1
10-02 16:51:53.656 17665 17686 I RustStdoutStderr: [2m2026-10-02T08:51:53.656363Z[0m [32m INFO[0m [2mmir2_platform_android::phone_quests[0m[2m:[0m ANDROID_PHONE_QUEST_TEXT [3mtext[0m[2m=[0m"▼" [3mfont_dp[0m[2m=[0m13.999999046325684 [3mglyphs[0m[2m=[0m1 [3malpha_masks[0m[2m=[0m1
10-02 16:51:53.656 17665 17686 I RustStdoutStderr: [2m2026-10-02T08:51:53.656367Z[0m [32m INFO[0m [2mmir2_platform_android::phone_quests[0m[2m:[0m ANDROID_PHONE_QUEST_CONTROL [3msize_dp[0m[2m=[0mVec2(375.63635, 51.636364) [3mcenter_dp[0m[2m=[0mVec2(493.27267, 193.09091)
10-02 16:51:53.656 17665 17686 I RustStdoutStderr: [2m2026-10-02T08:51:53.656372Z[0m [32m INFO[0m [2mmir2_platform_android::phone_quests[0m[2m:[0m ANDROID_PHONE_QUEST_CONTROL [3msize_dp[0m[2m=[0mVec2(48.0, 48.0) [3mcenter_dp[0m[2m=[0mVec2(665.0909, 47.999977)
10-02 16:51:53.656 17665 17686 I RustStdoutStderr: [2m2026-10-02T08:51:53.656375Z[0m [32m INFO[0m [2mmir2_platform_android::phone_quests[0m[2m:[0m ANDROID_PHONE_QUEST_CONTROL [3msize_dp[0m[2m=[0mVec2(375.63635, 48.0) [3mcenter_dp[0m[2m=[0mVec2(493.27267, 135.27272)
10-02 16:51:53.656 17665 17686 I RustStdoutStderr: [2m2026-10-02T08:51:53.656379Z[0m [32m INFO[0m [2mmir2_platform_android::phone_quests[0m[2m:[0m ANDROID_PHONE_QUEST_CONTROL [3msize_dp[0m[2m=[0mVec2(375.63635, 48.0) [3mcenter_dp[0m[2m=[0mVec2(493.27267, 251.27272)
10-02 16:51:53.656 17665 17686 I RustStdoutStderr: [2m2026-10-02T08:51:53.656382Z[0m [32m INFO[0m [2mmir2_platform_android::phone_quests[0m[2m:[0m ANDROID_PHONE_QUEST_CONTROL [3msize_dp[0m[2m=[0mVec2(192.0, 48.0) [3mcenter_dp[0m[2m=[0mVec2(393.4545, 344.7273)
10-02 16:51:53.656 17665 17686 I RustStdoutStderr: [2m2026-10-02T08:51:53.656382Z[0m [32m INFO[0m [2mmir2_platform_android::phone_hud[0m[2m:[0m ANDROID_PHONE_TEXT_LAYOUT [3mfont[0m[2m=[0mTextFont { font: SystemUi, font_size: Px(23.466667), weight: FontWeight(400), width: FontWidth(1.0), style: Normal, font_smoothing: AntiAliased, font_features: FontFeatures { features: [] }, font_variations: FontVariations { variations: [] } } [3mcolor[0m[2m=[0mTextColor(Srgba(Srgba { red: 0.96, green: 0.85, blue: 0.61, alpha: 1.0 })) [3mglyph_masks[0m[2m=[0m[true, true, true]
10-02 16:51:53.656 17665 17690 I event src/phone_hud.rs:173: ANDROID_PHONE_TEXT_LAYOUTfont = TextFont { font: SystemUi, font_size: Px(23.466667), weight: FontWeight(400), width: FontWidth(1.0), style: Normal, font_smoothing: AntiAliased, font_features: FontFeatures { features: [] }, font_variations: FontVariations { variations: [] } }; color = TextColor(Srgba(Srgba { red: 0.96, green: 0.85, blue: 0.61, alpha: 1.0 })); glyph_masks = [true, true, true];
10-02 16:51:53.656 17665 17690 I event src/phone_hud.rs:173: ANDROID_PHONE_TEXT_LAYOUTfont = TextFont { font: SystemUi, font_size: Px(23.466667), weight: FontWeight(400), width: FontWidth(1.0), style: Normal, font_smoothing: AntiAliased, font_features: FontFeatures { features: [] }, font_variations: FontVariations { variations: [] } }; color = TextColor(Srgba(Srgba { red: 0.96, green: 0.85, blue: 0.61, alpha: 1.0 })); glyph_masks = [true, true, true];
10-02 16:51:53.656 17665 17690 I event src/phone_hud.rs:173: ANDROID_PHONE_TEXT_LAYOUTfont = TextFont { font: SystemUi, font_size: Px(23.466667), weight: FontWeight(400), width: FontWidth(1.0), style: Normal, font_smoothing: AntiAliased, font_features: FontFeatures { features: [] }, font_variations: FontVariations { variations: [] } }; color = TextColor(Srgba(Srgba { red: 0.96, green: 0.85, blue: 0.61, alpha: 1.0 })); glyph_masks = [true, true, true, true, true];
10-02 16:51:53.656 17665 17690 I event src/phone_hud.rs:173: ANDROID_PHONE_TEXT_LAYOUTfont = TextFont { font: SystemUi, font_size: Px(23.466667), weight: FontWeight(400), width: FontWidth(1.0), style: Normal, font_smoothing: AntiAliased, font_features: FontFeatures { features: [] }, font_variations: FontVariations { variations: [] } }; color = TextColor(Srgba(Srgba { red: 0.96, green: 0.85, blue: 0.61, alpha: 1.0 })); glyph_masks = [true, true, true, true, true, true, true];
10-02 16:51:53.656 17665 17690 I event src/phone_hud.rs:173: ANDROID_PHONE_TEXT_LAYOUTfont = TextFont { font: SystemUi, font_size: Px(23.466667), weight: FontWeight(400), width: FontWidth(1.0), style: Normal, font_smoothing: AntiAliased, font_features: FontFeatures { features: [] }, font_variations: FontVariations { variations: [] } }; color = TextColor(Srgba(Srgba { red: 0.96, green: 0.85, blue: 0.61, alpha: 1.0 })); glyph_masks = [true, true, true, true, true];
10-02 16:51:53.656 17665 17690 I event src/phone_hud.rs:173: ANDROID_PHONE_TEXT_LAYOUTfont = TextFont { font: SystemUi, font_size: Px(23.466667), weight: FontWeight(400), width: FontWidth(1.0), style: Normal, font_smoothing: AntiAliased, font_features: FontFeatures { features: [] }, font_variations: FontVariations { variations: [] } }; color = TextColor(Srgba(Srgba { red: 0.96, green: 0.85, blue: 0.61, alpha: 1.0 })); glyph_masks = [true, true, true, true, true, true];
10-02 16:51:53.656 17665 17690 I event src/phone_hud.rs:173: ANDROID_PHONE_TEXT_LAYOUTfont = TextFont { font: SystemUi, font_size: Px(23.466667), weight: FontWeight(400), width: FontWidth(1.0), style: Normal, font_smoothing: AntiAliased, font_features: FontFeatures { features: [] }, font_variations: FontVariations { variations: [] } }; color = TextColor(Srgba(Srgba { red: 0.96, green: 0.85, blue: 0.61, alpha: 1.0 })); glyph_masks = [true, true, true, true, true];
10-02 16:51:53.656 17665 17690 I event src/phone_hud.rs:173: ANDROID_PHONE_TEXT_LAYOUTfont = TextFont { font: SystemUi, font_size: Px(23.466667), weight: FontWeight(400), width: FontWidth(1.0), style: Normal, font_smoothing: AntiAliased, font_features: FontFeatures { features: [] }, font_variations: FontVariations { variations: [] } }; color = TextColor(Srgba(Srgba { red: 0.96, green: 0.85, blue: 0.61, alpha: 1.0 })); glyph_masks = [true, true, true, true, true];
10-02 16:51:53.656 17665 17690 I event src/phone_hud.rs:173: ANDROID_PHONE_TEXT_LAYOUTfont = TextFont { font: SystemUi, font_size: Px(23.466667), weight: FontWeight(400), width: FontWidth(1.0), style: Normal, font_smoothing: AntiAliased, font_features: FontFeatures { features: [] }, font_variations: FontVariations { variations: [] } }; color = TextColor(Srgba(Srgba { red: 0.96, green: 0.85, blue: 0.61, alpha: 1.0 })); glyph_masks = [true, true, true, true, true];
10-02 16:51:53.656 17665 17690 I event src/phone_hud.rs:173: ANDROID_PHONE_TEXT_LAYOUTfont = TextFont { font: SystemUi, font_size: Px(23.466667), weight: FontWeight(400), width: FontWidth(1.0), style: Normal, font_smoothing: AntiAliased, font_features: FontFeatures { features: [] }, font_variations: FontVariations { variations: [] } }; color = TextColor(Srgba(Srgba { red: 0.96, green: 0.85, blue: 0.61, alpha: 1.0 })); glyph_masks = [true, true, true, true];
10-02 16:51:53.656 17665 17690 I event src/phone_hud.rs:173: ANDROID_PHONE_TEXT_LAYOUTfont = TextFont { font: SystemUi, font_size: Px(23.466667), weight: FontWeight(400), width: FontWidth(1.0), style: Normal, font_smoothing: AntiAliased, font_features: FontFeatures { features: [] }, font_variations: FontVariations { variations: [] } }; color = TextColor(Srgba(Srgba { red: 0.96, green: 0.85, blue: 0.61, alpha: 1.0 })); glyph_masks = [true, true];
10-02 16:51:53.656 17665 17690 I event src/phone_hud.rs:173: ANDROID_PHONE_TEXT_LAYOUTfont = TextFont { font: SystemUi, font_size: Px(23.466667), weight: FontWeight(400), width: FontWidth(1.0), style: Normal, font_smoothing: AntiAliased, font_features: FontFeatures { features: [] }, font_variations: FontVariations { variations: [] } }; color = TextColor(Srgba(Srgba { red: 0.96, green: 0.85, blue: 0.61, alpha: 1.0 })); glyph_masks = [true, true, true, true];
10-02 16:51:53.656 17665 17691 I event src/phone_quests.rs:98: ANDROID_PHONE_QUEST_CONTROLsize_dp = Vec2(191.63637, 48.0); center_dp = Vec2(593.2727, 344.7273);
10-02 16:51:53.656 17665 17691 I event src/phone_quests.rs:102: ANDROID_PHONE_QUEST_SCROLLsize_dp = Vec2(391.63635, 236.36363); content_dp = Vec2(391.63635, 236.36363); offset = Vec2(0.0, 0.0);
10-02 16:51:53.656 17665 17686 I RustStdoutStderr: [2m2026-10-02T08:51:53.656464Z[0m [32m INFO[0m [2mmir2_platform_android::phone_hud[0m[2m:[0m ANDROID_PHONE_TEXT_LAYOUT [3mfont[0m[2m=[0mTextFont { font: SystemUi, font_size: Px(23.466667), weight: FontWeight(400), width: FontWidth(1.0), style: Normal, font_smoothing: AntiAliased, font_features: FontFeatures { features: [] }, font_variations: FontVariations { variations: [] } } [3mcolor[0m[2m=[0mTextColor(Srgba(Srgba { red: 0.96, green: 0.85, blue: 0.61, alpha: 1.0 })) [3mglyph_masks[0m[2m=[0m[true, true, true]
10-02 16:51:53.656 17665 17686 I RustStdoutStderr: [2m2026-10-02T08:51:53.656474Z[0m [32m INFO[0m [2mmir2_platform_android::phone_hud[0m[2m:[0m ANDROID_PHONE_TEXT_LAYOUT [3mfont[0m[2m=[0mTextFont { font: SystemUi, font_size: Px(23.466667), weight: FontWeight(400), width: FontWidth(1.0), style: Normal, font_smoothing: AntiAliased, font_features: FontFeatures { features: [] }, font_variations: FontVariations { variations: [] } } [3mcolor[0m[2m=[0mTextColor(Srgba(Srgba { red: 0.96, green: 0.85, blue: 0.61, alpha: 1.0 })) [3mglyph_masks[0m[2m=[0m[true, true, true, true, true]
10-02 16:51:53.656 17665 17686 I RustStdoutStderr: [2m2026-10-02T08:51:53.656479Z[0m [32m INFO[0m [2mmir2_platform_android::phone_hud[0m[2m:[0m ANDROID_PHONE_TEXT_LAYOUT [3mfont[0m[2m=[0mTextFont { font: SystemUi, font_size: Px(23.466667), weight: FontWeight(400), width: FontWidth(1.0), style: Normal, font_smoothing: AntiAliased, font_features: FontFeatures { features: [] }, font_variations: FontVariations { variations: [] } } [3mcolor[0m[2m=[0mTextColor(Srgba(Srgba { red: 0.96, green: 0.85, blue: 0.61, alpha: 1.0 })) [3mglyph_masks[0m[2m=[0m[true, true, true, true, true, true, true]
10-02 16:51:53.656 17665 17686 I RustStdoutStderr: [2m2026-10-02T08:51:53.656484Z[0m [32m INFO[0m [2mmir2_platform_android::phone_hud[0m[2m:[0m ANDROID_PHONE_TEXT_LAYOUT [3mfont[0m[2m=[0mTextFont { font: SystemUi, font_size: Px(23.466667), weight: FontWeight(400), width: FontWidth(1.0), style: Normal, font_smoothing: AntiAliased, font_features: FontFeatures { features: [] }, font_variations: FontVariations { variations: [] } } [3mcolor[0m[2m=[0mTextColor(Srgba(Srgba { red: 0.96, green: 0.85, blue: 0.61, alpha: 1.0 })) [3mglyph_masks[0m[2m=[0m[true, true, true, true, true]
10-02 16:51:53.656 17665 17686 I RustStdoutStderr: [2m2026-10-02T08:51:53.656489Z[0m [32m INFO[0m [2mmir2_platform_android::phone_hud[0m[2m:[0m ANDROID_PHONE_TEXT_LAYOUT [3mfont[0m[2m=[0mTextFont { font: SystemUi, font_size: Px(23.466667), weight: FontWeight(400), width: FontWidth(1.0), style: Normal, font_smoothing: AntiAliased, font_features: FontFeatures { features: [] }, font_variations: FontVariations { variations: [] } } [3mcolor[0m[2m=[0mTextColor(Srgba(Srgba { red: 0.96, green: 0.85, blue: 0.61, alpha: 1.0 })) [3mglyph_masks[0m[2m=[0m[true, true, true, true, true, true]
10-02 16:51:53.656 17665 17686 I RustStdoutStderr: [2m2026-10-02T08:51:53.656494Z[0m [32m INFO[0m [2mmir2_platform_android::phone_hud[0m[2m:[0m ANDROID_PHONE_TEXT_LAYOUT [3mfont[0m[2m=[0mTextFont { font: SystemUi, font_size: Px(23.466667), weight: FontWeight(400), width: FontWidth(1.0), style: Normal, font_smoothing: AntiAliased, font_features: FontFeatures { features: [] }, font_variations: FontVariations { variations: [] } } [3mcolor[0m[2m=[0mTextColor(Srgba(Srgba { red: 0.96, green: 0.85, blue: 0.61, alpha: 1.0 })) [3mglyph_masks[0m[2m=[0m[true, true, true, true, true]
10-02 16:51:53.656 17665 17686 I RustStdoutStderr: [2m2026-10-02T08:51:53.656498Z[0m [32m INFO[0m [2mmir2_platform_android::phone_hud[0m[2m:[0m ANDROID_PHONE_TEXT_LAYOUT [3mfont[0m[2m=[0mTextFont { font: SystemUi, font_size: Px(23.466667), weight: FontWeight(400), width: FontWidth(1.0), style: Normal, font_smoothing: AntiAliased, font_features: FontFeatures { features: [] }, font_variations: FontVariations { variations: [] } } [3mcolor[0m[2m=[0mTextColor(Srgba(Srgba { red: 0.96, green: 0.85, blue: 0.61, alpha: 1.0 })) [3mglyph_masks[0m[2m=[0m[true, true, true, true, true]
10-02 16:51:53.656 17665 17686 I RustStdoutStderr: [2m2026-10-02T08:51:53.656503Z[0m [32m INFO[0m [2mmir2_platform_android::phone_hud[0m[2m:[0m ANDROID_PHONE_TEXT_LAYOUT [3mfont[0m[2m=[0mTextFont { font: SystemUi, font_size: Px(23.466667), weight: FontWeight(400), width: FontWidth(1.0), style: Normal, font_smoothing: AntiAliased, font_features: FontFeatures { features: [] }, font_variations: FontVariations { variations: [] } } [3mcolor[0m[2m=[0mTextColor(Srgba(Srgba { red: 0.96, green: 0.85, blue: 0.61, alpha: 1.0 })) [3mglyph_masks[0m[2m=[0m[true, true, true, true, true]
10-02 16:51:53.656 17665 17686 I RustStdoutStderr: [2m2026-10-02T08:51:53.656508Z[0m [32m INFO[0m [2mmir2_platform_android::phone_hud[0m[2m:[0m ANDROID_PHONE_TEXT_LAYOUT [3mfont[0m[2m=[0mTextFont { font: SystemUi, font_size: Px(23.466667), weight: FontWeight(400), width: FontWidth(1.0), style: Normal, font_smoothing: AntiAliased, font_features: FontFeatures { features: [] }, font_variations: FontVariations { variations: [] } } [3mcolor[0m[2m=[0mTextColor(Srgba(Srgba { red: 0.96, green: 0.85, blue: 0.61, alpha: 1.0 })) [3mglyph_masks[0m[2m=[0m[true, true, true, true]
10-02 16:51:53.656 17665 17686 I RustStdoutStderr: [2m2026-10-02T08:51:53.656513Z[0m [32m INFO[0m [2mmir2_platform_android::phone_hud[0m[2m:[0m ANDROID_PHONE_TEXT_LAYOUT [3mfont[0m[2m=[0mTextFont { font: SystemUi, font_size: Px(23.466667), weight: FontWeight(400), width: FontWidth(1.0), style: Normal, font_smoothing: AntiAliased, font_features: FontFeatures { features: [] }, font_variations: FontVariations { variations: [] } } [3mcolor[0m[2m=[0mTextColor(Srgba(Srgba { red: 0.96, green: 0.85, blue: 0.61, alpha: 1.0 })) [3mglyph_masks[0m[2m=[0m[true, true]
10-02 16:51:53.656 17665 17686 I RustStdoutStderr: [2m2026-10-02T08:51:53.656517Z[0m [32m INFO[0m [2mmir2_platform_android::phone_hud[0m[2m:[0m ANDROID_PHONE_TEXT_LAYOUT [3mfont[0m[2m=[0mTextFont { font: SystemUi, font_size: Px(23.466667), weight: FontWeight(400), width: FontWidth(1.0), style: Normal, font_smoothing: AntiAliased, font_features: FontFeatures { features: [] }, font_variations: FontVariations { variations: [] } } [3mcolor[0m[2m=[0mTextColor(Srgba(Srgba { red: 0.96, green: 0.85, blue: 0.61, alpha: 1.0 })) [3mglyph_masks[0m[2m=[0m[true, true, true, true]
10-02 16:51:53.656 17665 17686 I RustStdoutStderr: [2m2026-10-02T08:51:53.656386Z[0m [32m INFO[0m [2mmir2_platform_android::phone_quests[0m[2m:[0m ANDROID_PHONE_QUEST_CONTROL [3msize_dp[0m[2m=[0mVec2(191.63637, 48.0) [3mcenter_dp[0m[2m=[0mVec2(593.2727, 344.7273)
10-02 16:51:53.656 17665 17686 I RustStdoutStderr: [2m2026-10-02T08:51:53.656539Z[0m [32m INFO[0m [2mmir2_platform_android::phone_quests[0m[2m:[0m ANDROID_PHONE_QUEST_SCROLL [3msize_dp[0m[2m=[0mVec2(391.63635, 236.36363) [3mcontent_dp[0m[2m=[0mVec2(391.63635, 236.36363) [3moffset[0m[2m=[0mVec2(0.0, 0.0)
10-02 16:51:54.198 17665 17687 D EGL_emulation: app_time_stats: avg=11.45ms min=10.38ms max=14.99ms count=61
10-02 16:51:55.210 17665 17687 D EGL_emulation: app_time_stats: avg=11.39ms min=10.22ms max=14.65ms count=61
10-02 16:51:56.213 17665 17687 D EGL_emulation: app_time_stats: avg=11.79ms min=10.42ms max=15.83ms count=60
10-02 16:51:56.238 17665 17665 V threaded_app: Pause: 0xb40000753583ecb0
10-02 16:51:56.250 17665 17687 V threaded_app: activityState=14
10-02 16:51:56.264 17665 17665 V threaded_app: WindowFocusChanged: 0xb40000753583ecb0 -- 0
10-02 16:51:56.630 17665 17665 V threaded_app: NativeWindowDestroyed: 0xb40000753583ecb0 -- 0xb4000075c59f8b90
10-02 16:51:56.630 17665 17665 V threaded_app: android_app_set_window called
10-02 16:51:56.630 17665 17687 V threaded_app: APP_CMD_TERM_WINDOW
10-02 16:51:56.642 17665 17690 D HostConnection: createUnique: call
10-02 16:51:56.643 17665 17690 D HostConnection: HostConnection::get() New Host Connection established 0xb4000074d583ba10, tid 17690
10-02 16:51:56.644 17665 17690 D HostConnection: HostComposition ext ANDROID_EMU_CHECKSUM_HELPER_v1 ANDROID_EMU_native_sync_v2 ANDROID_EMU_native_sync_v3 ANDROID_EMU_native_sync_v4 ANDROID_EMU_dma_v1 ANDROID_EMU_direct_mem ANDROID_EMU_host_composition_v1 ANDROID_EMU_host_composition_v2 ANDROID_EMU_vulkan ANDROID_EMU_deferred_vulkan_commands ANDROID_EMU_vulkan_null_optional_strings ANDROID_EMU_vulkan_create_resources_with_requirements ANDROID_EMU_YUV_Cache ANDROID_EMU_vulkan_ignored_handles ANDROID_EMU_has_shared_slots_host_memory_allocator ANDROID_EMU_vulkan_free_memory_sync ANDROID_EMU_vulkan_shader_float16_int8 ANDROID_EMU_vulkan_async_queue_submit ANDROID_EMU_vulkan_queue_submit_with_commands ANDROID_EMU_sync_buffer_data ANDROID_EMU_vulkan_async_qsri ANDROID_EMU_read_color_buffer_dma ANDROID_EMU_hwc_color_transform GL_OES_EGL_image_external_essl3 GL_OES_vertex_array_object ANDROID_EMU_host_side_tracing ANDROID_EMU_gles_max_version_3_0 
10-02 16:51:56.647 17665 17690 D EGL_emulation: eglMakeCurrent: 0xb4000074d583b410: ver 3 0 (tinfo 0x76fbc37180) (first time)
10-02 16:51:56.651 17665 17687 V threaded_app: APP_CMD_TERM_WINDOW
10-02 16:51:56.661 17665 17665 V threaded_app: TrimMemory: 0xb40000753583ecb0 20
10-02 16:51:56.667 17665 17665 V threaded_app: Stop: 0xb40000753583ecb0
10-02 16:51:56.667 17665 17687 V threaded_app: activityState=15
10-02 16:51:56.667 17665 17687 W event /Users/henryliu/.cargo/registry/src/index.crates.io-1949cf8c6b5b557f/winit-0.30.13/src/pTODO: forward onStop notification to application
10-02 16:51:56.667 17665 17665 V threaded_app: SaveInstanceState: 0xb40000753583ecb0
10-02 16:51:56.667 17665 17687 W event /Users/henryliu/.cargo/registry/src/index.crates.io-1949cf8c6b5b557f/winit-0.30.13/src/pTODO: forward saveState notification to application
10-02 16:51:56.667 17665 17687 V threaded_app: APP_CMD_SAVE_STATE
10-02 16:51:56.673 17665 17686 I RustStdoutStderr: [2m2026-10-02T08:51:56.667636Z[0m [33m WARN[0m [2mwinit::platform_impl::android[0m[2m:[0m TODO: forward onStop notification to application
10-02 16:51:56.673 17665 17686 I RustStdoutStderr: [2m2026-10-02T08:51:56.667961Z[0m [33m WARN[0m [2mwinit::platform_impl::android[0m[2m:[0m TODO: forward saveState notification to application
10-02 16:51:57.032 17665 17719 D ProfileInstaller: Installing profile for com.mir2.web3.uipreview
10-02 16:51:57.283 17665 17665 V GameActivity: onImeInsetsChanged from Text Listener
10-02 16:51:57.283 17665 17665 V threaded_app: WindowInsetsChanged: 0xb40000753583ecb0
10-02 16:51:57.283 17665 17687 W event /Users/henryliu/.cargo/registry/src/index.crates.io-1949cf8c6b5b557f/winit-0.30.13/src/pTODO: handle Android InsetsChanged notification
10-02 16:51:57.283 17665 17686 I RustStdoutStderr: [2m2026-10-02T08:51:57.283804Z[0m [33m WARN[0m [2mwinit::platform_impl::android[0m[2m:[0m TODO: handle Android InsetsChanged notification
10-02 16:51:57.285 17665 17665 V GameActivity: onStart_native
10-02 16:51:57.285 17665 17665 V threaded_app: Start: 0xb40000753583ecb0
10-02 16:51:57.285 17665 17687 V threaded_app: activityState=11
10-02 16:51:57.285 17665 17687 W event /Users/henryliu/.cargo/registry/src/index.crates.io-1949cf8c6b5b557f/winit-0.30.13/src/pTODO: forward onStart notification to application
10-02 16:51:57.285 17665 17686 I RustStdoutStderr: [2m2026-10-02T08:51:57.285096Z[0m [33m WARN[0m [2mwinit::platform_impl::android[0m[2m:[0m TODO: forward onStart notification to application
10-02 16:51:57.285 17665 17665 V threaded_app: Resume: 0xb40000753583ecb0
10-02 16:51:57.285 17665 17687 V threaded_app: activityState=12
10-02 16:51:57.302 17665 17665 V GameActivity: onImeInsetsChanged from Text Listener
10-02 16:51:57.302 17665 17665 V threaded_app: WindowInsetsChanged: 0xb40000753583ecb0
10-02 16:51:57.303 17665 17687 W event /Users/henryliu/.cargo/registry/src/index.crates.io-1949cf8c6b5b557f/winit-0.30.13/src/pTODO: handle Android InsetsChanged notification
10-02 16:51:57.303 17665 17686 I RustStdoutStderr: [2m2026-10-02T08:51:57.303136Z[0m [33m WARN[0m [2mwinit::platform_impl::android[0m[2m:[0m TODO: handle Android InsetsChanged notification
10-02 16:51:57.306 17665 17665 V GameActivity: onSurfaceCreated_native
10-02 16:51:57.306 17665 17665 V threaded_app: NativeWindowCreated: 0xb40000753583ecb0 -- 0xb4000075c59f8b90
10-02 16:51:57.306 17665 17665 V threaded_app: android_app_set_window called
10-02 16:51:57.306 17665 17687 V threaded_app: APP_CMD_INIT_WINDOW
10-02 16:51:57.306 17665 17665 V threaded_app: NativeWindowRedrawNeeded: 0xb40000753583ecb0 -- 0xb4000075c59f8b90
10-02 16:51:57.308 17665 17687 I event src/ui_preview.rs:480: ANDROID_REMOTE_BACKSTEP_DIAGNOSTICSdiagnostics = {"enabled":true,"nowMs":1790931117306.9343,"moveClockPulseId":40,"moveClockNextPulseMs":1790931117406.9343,"entryCount":0,"activeEntryCount":0,"processedEventCount":0,"remoteMotionEventCount":0,"remoteRemoveEventCount":0,"ignoredEventCount":0,"staleEventCount":0,"disabledEventCount":0,"pendingEventDropCount":0,"entryEvictionCount":0,"decodeErrorCount":0,"lastDecodeError":null,"offsetQueryCount":0,"offsetMatchCount":0,"targetMismatchCount":0,"inactiveFallbackCount":0,"entries":[]};
10-02 16:51:57.308 17665 17686 I RustStdoutStderr: [2m2026-10-02T08:51:57.308378Z[0m [32m INFO[0m [2mmir2_platform_android::ui_preview[0m[2m:[0m ANDROID_REMOTE_BACKSTEP_DIAGNOSTICS [3mdiagnostics[0m[2m=[0m{"enabled":true,"nowMs":1790931117306.9343,"moveClockPulseId":40,"moveClockNextPulseMs":1790931117406.9343,"entryCount":0,"activeEntryCount":0,"processedEventCount":0,"remoteMotionEventCount":0,"remoteRemoveEventCount":0,"ignoredEventCount":0,"staleEventCount":0,"disabledEventCount":0,"pendingEventDropCount":0,"entryEvictionCount":0,"decodeErrorCount":0,"lastDecodeError":null,"offsetQueryCount":0,"offsetMatchCount":0,"targetMismatchCount":0,"inactiveFallbackCount":0,"entries":[]}
10-02 16:51:57.346 17665 17665 V GameActivity: onImeInsetsChanged from Text Listener
10-02 16:51:57.346 17665 17665 V threaded_app: WindowInsetsChanged: 0xb40000753583ecb0
10-02 16:51:57.347 17665 17665 V threaded_app: WindowFocusChanged: 0xb40000753583ecb0 -- 1
10-02 16:51:57.350 17665 17687 W event /Users/henryliu/.cargo/registry/src/index.crates.io-1949cf8c6b5b557f/winit-0.30.13/src/pTODO: handle Android InsetsChanged notification
10-02 16:51:57.350 17665 17686 I RustStdoutStderr: [2m2026-10-02T08:51:57.350586Z[0m [33m WARN[0m [2mwinit::platform_impl::android[0m[2m:[0m TODO: handle Android InsetsChanged notification
10-02 16:51:57.366 17665 17665 V GameActivity: onImeInsetsChanged from Text Listener
10-02 16:51:57.366 17665 17665 V threaded_app: WindowInsetsChanged: 0xb40000753583ecb0
10-02 16:51:57.366 17665 17686 I RustStdoutStderr: [2m2026-10-02T08:51:57.366824Z[0m [33m WARN[0m [2mwinit::platform_impl::android[0m[2m:[0m TODO: handle Android InsetsChanged notification
10-02 16:51:57.366 17665 17687 W event /Users/henryliu/.cargo/registry/src/index.crates.io-1949cf8c6b5b557f/winit-0.30.13/src/pTODO: handle Android InsetsChanged notification
10-02 16:51:58.392 17665 17687 D EGL_emulation: app_time_stats: avg=13.42ms min=10.31ms max=57.91ms count=61
10-02 16:51:59.396 17665 17687 D EGL_emulation: app_time_stats: avg=11.49ms min=10.50ms max=12.76ms count=60
10-02 16:52:00.411 17665 17687 D EGL_emulation: app_time_stats: avg=11.64ms min=9.99ms max=16.69ms count=61
10-02 16:52:01.415 17665 17687 D EGL_emulation: app_time_stats: avg=11.55ms min=10.21ms max=15.99ms count=60
