--------- beginning of main
10-02 12:21:21.723 14109 14109 I com.mir2.web3: Late-enabling -Xcheck:jni
10-02 12:21:21.755 14109 14109 D CompatibilityChangeReporter: Compat change id reported: 171979766; UID 10147; state: ENABLED
10-02 12:21:21.790 14109 14109 V GraphicsEnvironment: ANGLE Developer option for 'com.mir2.web3' set to: 'default'
10-02 12:21:21.790 14109 14109 V GraphicsEnvironment: Neither updatable production driver nor prerelease driver is supported.
10-02 12:21:21.791 14109 14109 D NetworkSecurityConfig: No Network Security Config specified, using platform default
10-02 12:21:21.791 14109 14109 D NetworkSecurityConfig: No Network Security Config specified, using platform default
10-02 12:21:21.834 14109 14130 D libEGL  : loaded /vendor/lib64/egl/libEGL_emulation.so
10-02 12:21:21.849 14109 14130 D libEGL  : loaded /vendor/lib64/egl/libGLESv1_CM_emulation.so
10-02 12:21:21.850 14109 14130 D libEGL  : loaded /vendor/lib64/egl/libGLESv2_emulation.so
10-02 12:21:21.861 14109 14109 D AppCompatDelegate: Checking for metadata for AppLocalesMetadataHolderService : Service not found
10-02 12:21:21.870 14109 14109 D gti.InputConnection: InputConnection created
10-02 12:21:21.872 14109 14109 D gti.InputConnection: setEditorInfo
10-02 12:21:21.875 14109 14109 W com.mir2.web3: Accessing hidden method Landroid/view/ViewGroup;->makeOptionalFitsSystemWindows()V (unsupported, reflection, allowed)
10-02 12:21:21.876 14109 14109 I GameActivity: Looking for library libmir2_platform_android.so
10-02 12:21:21.876 14109 14109 I GameActivity: Found library libmir2_platform_android.so. Loading...
10-02 12:21:21.878 14109 14109 D GameActivity: GameActivity_register
10-02 12:21:21.878 14109 14109 V GameActivity: Registering com/google/androidgamesdk/GameActivity's 24 native methods...
10-02 12:21:21.879 14109 14109 D GameActivity: SDK version: 31
10-02 12:21:21.879 14109 14109 I android-activity: Creating: Activity = 0x1696, saved state size = 0
10-02 12:21:21.882 14109 14109 V threaded_app: Creating: 0xb400007535841870
10-02 12:21:21.882 14109 14109 V threaded_app: Callbacks set: 0xb4000075358418c0
10-02 12:21:21.882 14109 14109 V threaded_app: Launching android_app_entry in a thread
10-02 12:21:21.883 14109 14132 V threaded_app: android_app_entry called
10-02 12:21:21.883 14109 14132 V threaded_app: android_app = 0xb400007515843290
10-02 12:21:21.883 14109 14132 V threaded_app: config = 0xb4000074858551f0
10-02 12:21:21.883 14109 14132 V threaded_app: activity = 0xb400007535841870
10-02 12:21:21.883 14109 14132 V threaded_app: assetmanager = 0xb40000753583d3b0
10-02 12:21:21.883 14109 14132 V threaded_app: Config: mcc=310 mnc=260 lang=en cnt=US orien=2 touch=3 dens=440 keys=2 nav=2 keysHid=1 navHid=0 sdk=31 size=2 long=2 modetype=1 modenight=1
10-02 12:21:21.898 14109 14132 D HostConnection: createUnique: call
10-02 12:21:21.898 14109 14132 D HostConnection: HostConnection::get() New Host Connection established 0xb4000074d583abd0, tid 14132
10-02 12:21:21.899 14109 14132 D HostConnection: HostComposition ext ANDROID_EMU_CHECKSUM_HELPER_v1 ANDROID_EMU_native_sync_v2 ANDROID_EMU_native_sync_v3 ANDROID_EMU_native_sync_v4 ANDROID_EMU_dma_v1 ANDROID_EMU_direct_mem ANDROID_EMU_host_composition_v1 ANDROID_EMU_host_composition_v2 ANDROID_EMU_vulkan ANDROID_EMU_deferred_vulkan_commands ANDROID_EMU_vulkan_null_optional_strings ANDROID_EMU_vulkan_create_resources_with_requirements ANDROID_EMU_YUV_Cache ANDROID_EMU_vulkan_ignored_handles ANDROID_EMU_has_shared_slots_host_memory_allocator ANDROID_EMU_vulkan_free_memory_sync ANDROID_EMU_vulkan_shader_float16_int8 ANDROID_EMU_vulkan_async_queue_submit ANDROID_EMU_vulkan_queue_submit_with_commands ANDROID_EMU_sync_buffer_data ANDROID_EMU_vulkan_async_qsri ANDROID_EMU_read_color_buffer_dma ANDROID_EMU_hwc_color_transform GL_OES_EGL_image_external_essl3 GL_OES_vertex_array_object ANDROID_EMU_host_side_tracing ANDROID_EMU_gles_max_version_3_0 
10-02 12:21:21.901 14109 14132 D EGL_emulation: eglCreateContext: 0xb4000074d583aed0: maj 3 min 0 rcv 3
10-02 12:21:21.902 14109 14132 D EGL_emulation: eglMakeCurrent: 0xb4000074d583aed0: ver 3 0 (tinfo 0x76fbbe1080) (first time)
10-02 12:21:21.916 14109 14132 I event /Users/henryliu/obelisk/numeron-worktrees/android-shared-sync/mir2-web3/third_party/bevyAdapterInfo { name: "Android Emulator OpenGL ES Translator (Apple M1 Max)", vendor: 4203, device: 0, device_type: IntegratedGpu, device_pci_bus_id: "", driver: "", driver_info: "OpenGL ES 3.0 (4.1 Metal - 89.4)", backend: Gl, subgroup_min_size: 4, subgroup_max_size: 128, transient_saves_memory: false }
10-02 12:21:21.916 14109 14131 I RustStdoutStderr: [2m2026-10-02T04:21:21.916888Z[0m [32m INFO[0m [2mbevy_render::renderer[0m[2m:[0m AdapterInfo { name: "Android Emulator OpenGL ES Translator (Apple M1 Max)", vendor: 4203, device: 0, device_type: IntegratedGpu, device_pci_bus_id: "", driver: "", driver_info: "OpenGL ES 3.0 (4.1 Metal - 89.4)", backend: Gl, subgroup_min_size: 4, subgroup_max_size: 128, transient_saves_memory: false }
10-02 12:21:21.926 14109 14109 V GameActivity: onStart_native
10-02 12:21:21.926 14109 14109 V threaded_app: Start: 0xb400007535841870
10-02 12:21:21.982 14109 14132 I event /Users/henryliu/obelisk/numeron-worktrees/android-shared-sync/mir2-web3/third_party/bevySparse buffer updates disabled. RenderDevice lacks support: max_storage_buffers_per_shader_stage (0) < 3.
10-02 12:21:21.982 14109 14131 I RustStdoutStderr: [2m2026-10-02T04:21:21.982219Z[0m [32m INFO[0m [2mbevy_render::render_resource::sparse_buffer_vec[0m[2m:[0m Sparse buffer updates disabled. RenderDevice lacks support: max_storage_buffers_per_shader_stage (0) < 3.
10-02 12:21:21.982 14109 14131 I RustStdoutStderr: [2m2026-10-02T04:21:21.982437Z[0m [33m WARN[0m [2mbevy_core_pipeline::oit::resolve[0m[2m:[0m OrderIndependentTransparencyPlugin not loaded. GPU lacks support: DownlevelFlags::FRAGMENT_WRITABLE_STORAGE.
10-02 12:21:21.982 14109 14132 W event /Users/henryliu/.cargo/registry/src/index.crates.io-1949cf8c6b5b557f/bevy_core_pipeline-OrderIndependentTransparencyPlugin not loaded. GPU lacks support: DownlevelFlags::FRAGMENT_WRITABLE_STORAGE.
10-02 12:21:21.983 14109 14131 I RustStdoutStderr: [2m2026-10-02T04:21:21.982923Z[0m [33m WARN[0m [2mbevy_core_pipeline::prepass::background_motion_vectors[0m[2m:[0m BackgroundMotionVectorsPlugin not loaded. GPU lacks support for required downlevel capability flags: DownlevelFlags(INDEPENDENT_BLEND).
10-02 12:21:21.983 14109 14132 W event /Users/henryliu/.cargo/registry/src/index.crates.io-1949cf8c6b5b557f/bevy_core_pipeline-BackgroundMotionVectorsPlugin not loaded. GPU lacks support for required downlevel capability flags: DownlevelFlags(INDEPENDENT_BLEND).
10-02 12:21:22.058 14109 14132 I event /Users/henryliu/obelisk/numeron-worktrees/android-shared-sync/mir2-web3/third_party/bevyGPU preprocessing is not supported on this device. Falling back to CPU preprocessing.
10-02 12:21:22.058 14109 14131 I RustStdoutStderr: [2m2026-10-02T04:21:22.058474Z[0m [32m INFO[0m [2mbevy_render::batching::gpu_preprocessing[0m[2m:[0m GPU preprocessing is not supported on this device. Falling back to CPU preprocessing.
10-02 12:21:22.078 14109 14132 V threaded_app: activityState=11
10-02 12:21:22.078 14109 14131 I RustStdoutStderr: [2m2026-10-02T04:21:22.078762Z[0m [33m WARN[0m [2mwinit::platform_impl::android[0m[2m:[0m TODO: forward onStart notification to application
10-02 12:21:22.078 14109 14132 W event /Users/henryliu/.cargo/registry/src/index.crates.io-1949cf8c6b5b557f/winit-0.30.13/src/pTODO: forward onStart notification to application
10-02 12:21:22.080 14109 14109 V threaded_app: Resume: 0xb400007535841870
10-02 12:21:22.081 14109 14132 V threaded_app: activityState=12
10-02 12:21:22.091 14109 14109 V GameActivity: onImeInsetsChanged from Text Listener
10-02 12:21:22.092 14109 14109 V threaded_app: WindowInsetsChanged: 0xb400007535841870
10-02 12:21:22.092 14109 14132 W event /Users/henryliu/.cargo/registry/src/index.crates.io-1949cf8c6b5b557f/winit-0.30.13/src/pTODO: handle Android InsetsChanged notification
10-02 12:21:22.092 14109 14131 I RustStdoutStderr: [2m2026-10-02T04:21:22.092271Z[0m [33m WARN[0m [2mwinit::platform_impl::android[0m[2m:[0m TODO: handle Android InsetsChanged notification
10-02 12:21:22.096 14109 14109 V GameActivity: onImeInsetsChanged from Text Listener
10-02 12:21:22.096 14109 14109 V threaded_app: WindowInsetsChanged: 0xb400007535841870
10-02 12:21:22.097 14109 14128 D HostConnection: createUnique: call
10-02 12:21:22.097 14109 14128 D HostConnection: HostConnection::get() New Host Connection established 0xb4000074d58549d0, tid 14128
10-02 12:21:22.099 14109 14128 D HostConnection: HostComposition ext ANDROID_EMU_CHECKSUM_HELPER_v1 ANDROID_EMU_native_sync_v2 ANDROID_EMU_native_sync_v3 ANDROID_EMU_native_sync_v4 ANDROID_EMU_dma_v1 ANDROID_EMU_direct_mem ANDROID_EMU_host_composition_v1 ANDROID_EMU_host_composition_v2 ANDROID_EMU_vulkan ANDROID_EMU_deferred_vulkan_commands ANDROID_EMU_vulkan_null_optional_strings ANDROID_EMU_vulkan_create_resources_with_requirements ANDROID_EMU_YUV_Cache ANDROID_EMU_vulkan_ignored_handles ANDROID_EMU_has_shared_slots_host_memory_allocator ANDROID_EMU_vulkan_free_memory_sync ANDROID_EMU_vulkan_shader_float16_int8 ANDROID_EMU_vulkan_async_queue_submit ANDROID_EMU_vulkan_queue_submit_with_commands ANDROID_EMU_sync_buffer_data ANDROID_EMU_vulkan_async_qsri ANDROID_EMU_read_color_buffer_dma ANDROID_EMU_hwc_color_transform GL_OES_EGL_image_external_essl3 GL_OES_vertex_array_object ANDROID_EMU_host_side_tracing ANDROID_EMU_gles_max_version_3_0 
10-02 12:21:22.099 14109 14128 W OpenGLRenderer: Failed to choose config with EGL_SWAP_BEHAVIOR_PRESERVED, retrying without...
10-02 12:21:22.099 14109 14132 W event /Users/henryliu/.cargo/registry/src/index.crates.io-1949cf8c6b5b557f/winit-0.30.13/src/pTODO: handle Android InsetsChanged notification
10-02 12:21:22.099 14109 14131 I RustStdoutStderr: [2m2026-10-02T04:21:22.099549Z[0m [33m WARN[0m [2mwinit::platform_impl::android[0m[2m:[0m TODO: handle Android InsetsChanged notification
10-02 12:21:22.099 14109 14128 W OpenGLRenderer: Failed to initialize 101010-2 format, error = EGL_SUCCESS
10-02 12:21:22.099 14109 14128 D EGL_emulation: eglCreateContext: 0xb4000074d5852d50: maj 3 min 0 rcv 3
10-02 12:21:22.100 14109 14128 D EGL_emulation: eglMakeCurrent: 0xb4000074d5852d50: ver 3 0 (tinfo 0x76fbbe1100) (first time)
10-02 12:21:22.102 14109 14109 V threaded_app: ContentRectChanged: 0xb400007535841870 -- (0 0) (2340 1080)
10-02 12:21:22.102 14109 14132 W event /Users/henryliu/.cargo/registry/src/index.crates.io-1949cf8c6b5b557f/winit-0.30.13/src/pTODO: find a way to notify application of content rect change
10-02 12:21:22.102 14109 14131 I RustStdoutStderr: [2m2026-10-02T04:21:22.102613Z[0m [33m WARN[0m [2mwinit::platform_impl::android[0m[2m:[0m TODO: find a way to notify application of content rect change
10-02 12:21:22.104 14109 14109 V GameActivity: onSurfaceCreated_native
10-02 12:21:22.104 14109 14109 V threaded_app: NativeWindowCreated: 0xb400007535841870 -- 0xb4000075c59f6980
10-02 12:21:22.104 14109 14109 V threaded_app: android_app_set_window called
10-02 12:21:22.104 14109 14132 V threaded_app: APP_CMD_INIT_WINDOW
10-02 12:21:22.104 14109 14109 V threaded_app: NativeWindowResized: 0xb400007535841870 -- 0xb4000075c59f6980 ( 2340 x 1080 )
10-02 12:21:22.104 14109 14109 V threaded_app: NativeWindowRedrawNeeded: 0xb400007535841870 -- 0xb4000075c59f6980
10-02 12:21:22.105 14109 14132 I event /Users/henryliu/.cargo/registry/src/index.crates.io-1949cf8c6b5b557f/bevy_winit-0.19.0/sCreating new window mir2-web3 (android) (105v0)
10-02 12:21:22.105 14109 14131 I RustStdoutStderr: [2m2026-10-02T04:21:22.105102Z[0m [32m INFO[0m [2mbevy_winit::system[0m[2m:[0m Creating new window mir2-web3 (android) (105v0)
10-02 12:21:22.106 14109 14128 I Gralloc4: mapper 4.x is not supported
10-02 12:21:22.107 14109 14128 D HostConnection: createUnique: call
10-02 12:21:22.107 14109 14128 D HostConnection: HostConnection::get() New Host Connection established 0xb4000074d5854cd0, tid 14128
10-02 12:21:22.107 14109 14128 D goldfish-address-space: allocate: Ask for block of size 0x100
10-02 12:21:22.108 14109 14128 D goldfish-address-space: allocate: ioctl allocate returned offset 0x1efff8000 size 0x8000
10-02 12:21:22.109 14109 14128 W Gralloc4: allocator 4.x is not supported
10-02 12:21:22.112 14109 14128 D HostConnection: HostComposition ext ANDROID_EMU_CHECKSUM_HELPER_v1 ANDROID_EMU_native_sync_v2 ANDROID_EMU_native_sync_v3 ANDROID_EMU_native_sync_v4 ANDROID_EMU_dma_v1 ANDROID_EMU_direct_mem ANDROID_EMU_host_composition_v1 ANDROID_EMU_host_composition_v2 ANDROID_EMU_vulkan ANDROID_EMU_deferred_vulkan_commands ANDROID_EMU_vulkan_null_optional_strings ANDROID_EMU_vulkan_create_resources_with_requirements ANDROID_EMU_YUV_Cache ANDROID_EMU_vulkan_ignored_handles ANDROID_EMU_has_shared_slots_host_memory_allocator ANDROID_EMU_vulkan_free_memory_sync ANDROID_EMU_vulkan_shader_float16_int8 ANDROID_EMU_vulkan_async_queue_submit ANDROID_EMU_vulkan_queue_submit_with_commands ANDROID_EMU_sync_buffer_data ANDROID_EMU_vulkan_async_qsri ANDROID_EMU_read_color_buffer_dma ANDROID_EMU_hwc_color_transform GL_OES_EGL_image_external_essl3 GL_OES_vertex_array_object ANDROID_EMU_host_side_tracing ANDROID_EMU_gles_max_version_3_0 
10-02 12:21:22.134 14109 14109 V threaded_app: WindowFocusChanged: 0xb400007535841870 -- 1
10-02 12:21:22.147 14109 14109 V GameActivity: onImeInsetsChanged from Text Listener
10-02 12:21:22.147 14109 14109 V threaded_app: WindowInsetsChanged: 0xb400007535841870
10-02 12:21:22.215 14109 14131 I RustStdoutStderr: [2m2026-10-02T04:21:22.215263Z[0m [33m WARN[0m [2mwinit::platform_impl::android[0m[2m:[0m TODO: handle Android InsetsChanged notification
10-02 12:21:22.215 14109 14132 W event /Users/henryliu/.cargo/registry/src/index.crates.io-1949cf8c6b5b557f/winit-0.30.13/src/pTODO: handle Android InsetsChanged notification
10-02 12:21:23.260 14109 14132 D EGL_emulation: app_time_stats: avg=13.74ms min=9.12ms max=91.13ms count=57
10-02 12:21:24.261 14109 14132 D EGL_emulation: app_time_stats: avg=10.63ms min=9.64ms max=16.07ms count=60
10-02 12:21:25.262 14109 14132 D EGL_emulation: app_time_stats: avg=10.44ms min=9.35ms max=12.49ms count=60
10-02 12:21:26.279 14109 14132 D EGL_emulation: app_time_stats: avg=10.56ms min=9.00ms max=13.01ms count=61
