warning: unused import: `super::skills::crystal_magic_damage`
  --> apps\simulation\src\runtime\hero_ai.rs:53:5
   |
53 | use super::skills::crystal_magic_damage;
   |     ^^^^^^^^^^^^^^^^^^^^^^^^^^^^^^^^^^^
   |
   = note: `#[warn(unused_imports)]` (part of `#[warn(unused)]`) on by default

warning: unused import: `hero_registry_scan::validate_shared_hero_physical_custody`
  --> apps\simulation\src\runtime\mod.rs:22:16
   |
22 | pub(crate) use hero_registry_scan::validate_shared_hero_physical_custody;
   |                ^^^^^^^^^^^^^^^^^^^^^^^^^^^^^^^^^^^^^^^^^^^^^^^^^^^^^^^^^

warning: unused import: `HeroInventoryResource`
  --> apps\simulation\src\runtime\items.rs:58:19
   |
58 |     BuffResource, HeroInventoryResource, InventoryResource, PlayerPermissionResource,
   |                   ^^^^^^^^^^^^^^^^^^^^^

warning: unused import: `merged_user_item_stats`
  --> apps\simulation\src\runtime\npc.rs:35:72
   |
35 |     crystal_item_key_for_template, crystal_item_template_for_item_key, merged_user_item_stats,
   |                                                                        ^^^^^^^^^^^^^^^^^^^^^^

warning: unused import: `hero_inventory_crystal_stat_total`
  --> apps\simulation\src\runtime\packets.rs:72:22
   |
72 | use super::hero_ai::{hero_inventory_crystal_stat_total, hero_inventory_equipment_slots};
   |                      ^^^^^^^^^^^^^^^^^^^^^^^^^^^^^^^^^

warning: unused import: `crystal_quest_info_by_id`
   --> apps\simulation\src\runtime\packets.rs:108:5
    |
108 |     crystal_quest_info_by_id, crystal_quest_reward_selection_missing,
    |     ^^^^^^^^^^^^^^^^^^^^^^^^

warning: unused import: `intelligent_creature_default_rules`
   --> apps\simulation\src\runtime\packets.rs:125:5
    |
125 |     intelligent_creature_default_rules, is_in_world, mark_crystal_packet_action,
    |     ^^^^^^^^^^^^^^^^^^^^^^^^^^^^^^^^^^

warning: use of deprecated method `bevy_ecs::world::World::iter_entities`: use world.query::<EntityRef>()` instead
  --> apps\simulation\src\runtime\hero_cast.rs:61:22
   |
61 |     let target=world.iter_entities().find_map(|entry| {
   |                      ^^^^^^^^^^^^^
   |
   = note: `#[warn(deprecated)]` on by default

warning: use of deprecated method `bevy_ecs::world::World::iter_entities`: use world.query::<EntityRef>()` instead
  --> apps\simulation\src\runtime\hero_cast.rs:99:27
   |
99 |         let monster=world.iter_entities().find(|e|e.get::<Monster>().is_some()).unwrap().id();
   |                           ^^^^^^^^^^^^^

warning: use of deprecated method `bevy_ecs::world::World::iter_entities`: use world.query::<EntityRef>()` instead
   --> apps\simulation\src\runtime\monster_ai\great_fox_spirit.rs:163:28
    |
163 |     for candidate in world.iter_entities() {
    |                            ^^^^^^^^^^^^^

warning: use of deprecated method `bevy_ecs::world::World::iter_entities`: use world.query::<EntityRef>()` instead
    --> apps\simulation\src\runtime\packets.rs:7936:25
     |
7936 |     for entity in world.iter_entities() {
     |                         ^^^^^^^^^^^^^

warning: use of deprecated method `bevy_ecs::world::World::iter_entities`: use world.query::<EntityRef>()` instead
   --> apps\simulation\src\runtime\session.rs:772:14
    |
772 |             .iter_entities()
    |              ^^^^^^^^^^^^^

warning: use of deprecated method `bevy_ecs::world::World::iter_entities`: use world.query::<EntityRef>()` instead
    --> apps\simulation\src\runtime\skills.rs:5017:10
     |
5017 |         .iter_entities()
     |          ^^^^^^^^^^^^^

warning: use of deprecated method `bevy_ecs::world::World::iter_entities`: use world.query::<EntityRef>()` instead
    --> apps\simulation\src\runtime\skills.rs:5100:10
     |
5100 |         .iter_entities()
     |          ^^^^^^^^^^^^^

warning: type `hero_registry::HeroSourceVersions` is more private than the item `config::AccountStoreRepositorySave::heroes`
   --> apps\simulation\src\config.rs:912:5
    |
912 |     pub(crate) heroes: hero_registry::HeroSourceVersions,
    |     ^^^^^^^^^^^^^^^^^^^^^^^^^^^^^^^^^^^^^^^^^^^^^^^^^^^^ field `config::AccountStoreRepositorySave::heroes` is reachable at visibility `pub(crate)`
    |
note: but type `hero_registry::HeroSourceVersions` is only usable at visibility `pub(in crate::config)`
   --> apps\simulation\src\config_hero_registry.rs:93:1
    |
 93 | pub(super) struct HeroSourceVersions {
    | ^^^^^^^^^^^^^^^^^^^^^^^^^^^^^^^^^^^^
    = note: `#[warn(private_interfaces)]` on by default

warning: type `entity_combat::ZoneCombatEntityRef` is more private than the item `tree_queen_ai::TreeQueenRoot::source_ref`
  --> apps\simulation\src\runtime\zone\runtime\tree_queen_ai.rs:39:5
   |
39 |     pub source_ref: Option<ZoneCombatEntityRef>,
   |     ^^^^^^^^^^^^^^^^^^^^^^^^^^^^^^^^^^^^^^^^^^^ field `tree_queen_ai::TreeQueenRoot::source_ref` is reachable at visibility `pub(in crate::runtime::zone)`
   |
note: but type `entity_combat::ZoneCombatEntityRef` is only usable at visibility `pub(in crate::runtime::zone::runtime)`
  --> apps\simulation\src\runtime\zone\runtime\entity_combat.rs:7:1
   |
 7 | pub(super) enum ZoneCombatEntityRef {
   | ^^^^^^^^^^^^^^^^^^^^^^^^^^^^^^^^^^^

warning: type `entity_combat::ZoneCombatEntityRef` is more private than the item `EvilMirState::target_ref`
  --> apps\simulation\src\runtime\zone\runtime\evil_mir_ai.rs:11:5
   |
11 |     pub target_ref: Option<ZoneCombatEntityRef>,
   |     ^^^^^^^^^^^^^^^^^^^^^^^^^^^^^^^^^^^^^^^^^^^ field `EvilMirState::target_ref` is reachable at visibility `pub(in crate::runtime::zone)`
   |
note: but type `entity_combat::ZoneCombatEntityRef` is only usable at visibility `pub(in crate::runtime::zone::runtime)`
  --> apps\simulation\src\runtime\zone\runtime\entity_combat.rs:7:1
   |
 7 | pub(super) enum ZoneCombatEntityRef {
   | ^^^^^^^^^^^^^^^^^^^^^^^^^^^^^^^^^^^

warning: type `entity_combat::ZoneCombatEntityRef` is more private than the item `EvilMirPendingSource::source`
  --> apps\simulation\src\runtime\zone\runtime\evil_mir_ai.rs:20:5
   |
20 |     pub source: ZoneCombatEntityRef,
   |     ^^^^^^^^^^^^^^^^^^^^^^^^^^^^^^^ field `EvilMirPendingSource::source` is reachable at visibility `pub(in crate::runtime::zone)`
   |
note: but type `entity_combat::ZoneCombatEntityRef` is only usable at visibility `pub(in crate::runtime::zone::runtime)`
  --> apps\simulation\src\runtime\zone\runtime\entity_combat.rs:7:1
   |
 7 | pub(super) enum ZoneCombatEntityRef {
   | ^^^^^^^^^^^^^^^^^^^^^^^^^^^^^^^^^^^

warning: type `entity_combat::ZoneCombatEntityRef` is more private than the item `GreatFoxState::target_ref`
  --> apps\simulation\src\runtime\zone\runtime\great_fox_ai.rs:15:5
   |
15 |     pub target_ref: Option<ZoneCombatEntityRef>,
   |     ^^^^^^^^^^^^^^^^^^^^^^^^^^^^^^^^^^^^^^^^^^^ field `GreatFoxState::target_ref` is reachable at visibility `pub(in crate::runtime::zone)`
   |
note: but type `entity_combat::ZoneCombatEntityRef` is only usable at visibility `pub(in crate::runtime::zone::runtime)`
  --> apps\simulation\src\runtime\zone\runtime\entity_combat.rs:7:1
   |
 7 | pub(super) enum ZoneCombatEntityRef {
   | ^^^^^^^^^^^^^^^^^^^^^^^^^^^^^^^^^^^

warning: type `entity_combat::ZoneCombatEntityRef` is more private than the item `GreatFoxHit::source_ref`
  --> apps\simulation\src\runtime\zone\runtime\great_fox_ai.rs:42:5
   |
42 |     pub source_ref: Option<ZoneCombatEntityRef>,
   |     ^^^^^^^^^^^^^^^^^^^^^^^^^^^^^^^^^^^^^^^^^^^ field `GreatFoxHit::source_ref` is reachable at visibility `pub(in crate::runtime::zone)`
   |
note: but type `entity_combat::ZoneCombatEntityRef` is only usable at visibility `pub(in crate::runtime::zone::runtime)`
  --> apps\simulation\src\runtime\zone\runtime\entity_combat.rs:7:1
   |
 7 | pub(super) enum ZoneCombatEntityRef {
   | ^^^^^^^^^^^^^^^^^^^^^^^^^^^^^^^^^^^

warning: type `entity_combat::ZoneCombatEntityRef` is more private than the item `GreatFoxHit::target_ref`
  --> apps\simulation\src\runtime\zone\runtime\great_fox_ai.rs:44:5
   |
44 |     pub target_ref: Option<ZoneCombatEntityRef>,
   |     ^^^^^^^^^^^^^^^^^^^^^^^^^^^^^^^^^^^^^^^^^^^ field `GreatFoxHit::target_ref` is reachable at visibility `pub(in crate::runtime::zone)`
   |
note: but type `entity_combat::ZoneCombatEntityRef` is only usable at visibility `pub(in crate::runtime::zone::runtime)`
  --> apps\simulation\src\runtime\zone\runtime\entity_combat.rs:7:1
   |
 7 | pub(super) enum ZoneCombatEntityRef {
   | ^^^^^^^^^^^^^^^^^^^^^^^^^^^^^^^^^^^

warning: type `entity_combat::ZoneCombatEntityRef` is more private than the item `HornedEncounterState::target_ref`
  --> apps\simulation\src\runtime\zone\runtime\horned_encounter_ai.rs:12:5
   |
12 |     pub target_ref: Option<ZoneCombatEntityRef>,
   |     ^^^^^^^^^^^^^^^^^^^^^^^^^^^^^^^^^^^^^^^^^^^ field `HornedEncounterState::target_ref` is reachable at visibility `pub(in crate::runtime::zone)`
   |
note: but type `entity_combat::ZoneCombatEntityRef` is only usable at visibility `pub(in crate::runtime::zone::runtime)`
  --> apps\simulation\src\runtime\zone\runtime\entity_combat.rs:7:1
   |
 7 | pub(super) enum ZoneCombatEntityRef {
   | ^^^^^^^^^^^^^^^^^^^^^^^^^^^^^^^^^^^

warning: type `entity_combat::ZoneCombatEntityRef` is more private than the item `HornedEncounterHit::source_ref`
  --> apps\simulation\src\runtime\zone\runtime\horned_encounter_ai.rs:38:5
   |
38 |     pub source_ref: Option<ZoneCombatEntityRef>,
   |     ^^^^^^^^^^^^^^^^^^^^^^^^^^^^^^^^^^^^^^^^^^^ field `HornedEncounterHit::source_ref` is reachable at visibility `pub(in crate::runtime::zone)`
   |
note: but type `entity_combat::ZoneCombatEntityRef` is only usable at visibility `pub(in crate::runtime::zone::runtime)`
  --> apps\simulation\src\runtime\zone\runtime\entity_combat.rs:7:1
   |
 7 | pub(super) enum ZoneCombatEntityRef {
   | ^^^^^^^^^^^^^^^^^^^^^^^^^^^^^^^^^^^

warning: type `entity_combat::ZoneCombatEntityRef` is more private than the item `HornedEncounterHit::target_ref`
  --> apps\simulation\src\runtime\zone\runtime\horned_encounter_ai.rs:41:5
   |
41 |     pub target_ref: Option<ZoneCombatEntityRef>,
   |     ^^^^^^^^^^^^^^^^^^^^^^^^^^^^^^^^^^^^^^^^^^^ field `HornedEncounterHit::target_ref` is reachable at visibility `pub(in crate::runtime::zone)`
   |
note: but type `entity_combat::ZoneCombatEntityRef` is only usable at visibility `pub(in crate::runtime::zone::runtime)`
  --> apps\simulation\src\runtime\zone\runtime\entity_combat.rs:7:1
   |
 7 | pub(super) enum ZoneCombatEntityRef {
   | ^^^^^^^^^^^^^^^^^^^^^^^^^^^^^^^^^^^

warning: type `entity_combat::ZoneCombatEntityRef` is more private than the item `HornedMapSpell::source_ref`
  --> apps\simulation\src\runtime\zone\runtime\horned_encounter_ai.rs:60:5
   |
60 |     pub source_ref: Option<ZoneCombatEntityRef>,
   |     ^^^^^^^^^^^^^^^^^^^^^^^^^^^^^^^^^^^^^^^^^^^ field `HornedMapSpell::source_ref` is reachable at visibility `pub(in crate::runtime::zone)`
   |
note: but type `entity_combat::ZoneCombatEntityRef` is only usable at visibility `pub(in crate::runtime::zone::runtime)`
  --> apps\simulation\src\runtime\zone\runtime\entity_combat.rs:7:1
   |
 7 | pub(super) enum ZoneCombatEntityRef {
   | ^^^^^^^^^^^^^^^^^^^^^^^^^^^^^^^^^^^

warning: type `entity_combat::ZoneCombatEntityRef` is more private than the item `HornedState::target_ref`
  --> apps\simulation\src\runtime\zone\runtime\horned_ai.rs:14:5
   |
14 |     pub target_ref: Option<ZoneCombatEntityRef>,
   |     ^^^^^^^^^^^^^^^^^^^^^^^^^^^^^^^^^^^^^^^^^^^ field `HornedState::target_ref` is reachable at visibility `pub(in crate::runtime::zone)`
   |
note: but type `entity_combat::ZoneCombatEntityRef` is only usable at visibility `pub(in crate::runtime::zone::runtime)`
  --> apps\simulation\src\runtime\zone\runtime\entity_combat.rs:7:1
   |
 7 | pub(super) enum ZoneCombatEntityRef {
   | ^^^^^^^^^^^^^^^^^^^^^^^^^^^^^^^^^^^

warning: type `entity_combat::ZoneCombatEntityRef` is more private than the item `HornedHit::source_ref`
  --> apps\simulation\src\runtime\zone\runtime\horned_ai.rs:28:5
   |
28 |     pub source_ref: Option<ZoneCombatEntityRef>,
   |     ^^^^^^^^^^^^^^^^^^^^^^^^^^^^^^^^^^^^^^^^^^^ field `HornedHit::source_ref` is reachable at visibility `pub(in crate::runtime::zone)`
   |
note: but type `entity_combat::ZoneCombatEntityRef` is only usable at visibility `pub(in crate::runtime::zone::runtime)`
  --> apps\simulation\src\runtime\zone\runtime\entity_combat.rs:7:1
   |
 7 | pub(super) enum ZoneCombatEntityRef {
   | ^^^^^^^^^^^^^^^^^^^^^^^^^^^^^^^^^^^

warning: type `entity_combat::ZoneCombatEntityRef` is more private than the item `HornedHit::target_ref`
  --> apps\simulation\src\runtime\zone\runtime\horned_ai.rs:30:5
   |
30 |     pub target_ref: Option<ZoneCombatEntityRef>,
   |     ^^^^^^^^^^^^^^^^^^^^^^^^^^^^^^^^^^^^^^^^^^^ field `HornedHit::target_ref` is reachable at visibility `pub(in crate::runtime::zone)`
   |
note: but type `entity_combat::ZoneCombatEntityRef` is only usable at visibility `pub(in crate::runtime::zone::runtime)`
  --> apps\simulation\src\runtime\zone\runtime\entity_combat.rs:7:1
   |
 7 | pub(super) enum ZoneCombatEntityRef {
   | ^^^^^^^^^^^^^^^^^^^^^^^^^^^^^^^^^^^

warning: type `entity_combat::ZoneCombatEntityRef` is more private than the item `HellState::explosion_source_ref`
  --> apps\simulation\src\runtime\zone\runtime\hell_ai.rs:14:5
   |
14 |     pub explosion_source_ref: Option<ZoneCombatEntityRef>,
   |     ^^^^^^^^^^^^^^^^^^^^^^^^^^^^^^^^^^^^^^^^^^^^^^^^^^^^^ field `HellState::explosion_source_ref` is reachable at visibility `pub(in crate::runtime::zone)`
   |
note: but type `entity_combat::ZoneCombatEntityRef` is only usable at visibility `pub(in crate::runtime::zone::runtime)`
  --> apps\simulation\src\runtime\zone\runtime\entity_combat.rs:7:1
   |
 7 | pub(super) enum ZoneCombatEntityRef {
   | ^^^^^^^^^^^^^^^^^^^^^^^^^^^^^^^^^^^

warning: type `entity_combat::ZoneCombatEntityRef` is more private than the item `SpiderAiState::parent_ref`
  --> apps\simulation\src\runtime\zone\runtime\spider_ai.rs:40:5
   |
40 |     pub parent_ref: Option<ZoneCombatEntityRef>,
   |     ^^^^^^^^^^^^^^^^^^^^^^^^^^^^^^^^^^^^^^^^^^^ field `SpiderAiState::parent_ref` is reachable at visibility `pub(in crate::runtime::zone)`
   |
note: but type `entity_combat::ZoneCombatEntityRef` is only usable at visibility `pub(in crate::runtime::zone::runtime)`
  --> apps\simulation\src\runtime\zone\runtime\entity_combat.rs:7:1
   |
 7 | pub(super) enum ZoneCombatEntityRef {
   | ^^^^^^^^^^^^^^^^^^^^^^^^^^^^^^^^^^^

warning: type `entity_combat::ZoneCombatEntityRef` is more private than the item `PendingRootSpiderSpawn::source`
  --> apps\simulation\src\runtime\zone\runtime\spider_ai.rs:52:5
   |
52 |     pub source: Option<ZoneCombatEntityRef>,
   |     ^^^^^^^^^^^^^^^^^^^^^^^^^^^^^^^^^^^^^^^ field `PendingRootSpiderSpawn::source` is reachable at visibility `pub(in crate::runtime::zone)`
   |
note: but type `entity_combat::ZoneCombatEntityRef` is only usable at visibility `pub(in crate::runtime::zone::runtime)`
  --> apps\simulation\src\runtime\zone\runtime\entity_combat.rs:7:1
   |
 7 | pub(super) enum ZoneCombatEntityRef {
   | ^^^^^^^^^^^^^^^^^^^^^^^^^^^^^^^^^^^

warning: type `entity_combat::ZoneCombatEntityRef` is more private than the item `PendingRootSpiderSpawn::target`
  --> apps\simulation\src\runtime\zone\runtime\spider_ai.rs:54:5
   |
54 |     pub target: Option<ZoneCombatEntityRef>,
   |     ^^^^^^^^^^^^^^^^^^^^^^^^^^^^^^^^^^^^^^^ field `PendingRootSpiderSpawn::target` is reachable at visibility `pub(in crate::runtime::zone)`
   |
note: but type `entity_combat::ZoneCombatEntityRef` is only usable at visibility `pub(in crate::runtime::zone::runtime)`
  --> apps\simulation\src\runtime\zone\runtime\entity_combat.rs:7:1
   |
 7 | pub(super) enum ZoneCombatEntityRef {
   | ^^^^^^^^^^^^^^^^^^^^^^^^^^^^^^^^^^^

warning: function `bootstrap_mirror` is never used
   --> apps\simulation\src\config_item_identity.rs:143:15
    |
143 | pub(super) fn bootstrap_mirror(
    |               ^^^^^^^^^^^^^^^^
    |
    = note: `#[warn(dead_code)]` (part of `#[warn(unused)]`) on by default

warning: function `mirror_client` is never used
   --> apps\simulation\src\config_item_identity.rs:187:4
    |
187 | fn mirror_client(config: &SimulationConfig) -> Result<postgres::Client, String> {
    |    ^^^^^^^^^^^^^

warning: function `reserve_mirror` is never used
   --> apps\simulation\src\config_item_identity.rs:203:15
    |
203 | pub(super) fn reserve_mirror(
    |               ^^^^^^^^^^^^^^

warning: method `refresh_shared_hero_authority` is never used
 --> apps\simulation\src\config_hero_authority.rs:8:19
  |
7 | impl SimulationConfig {
  | --------------------- method in this implementation
8 |     pub(crate) fn refresh_shared_hero_authority(&self)->Result<(),String>{
  |                   ^^^^^^^^^^^^^^^^^^^^^^^^^^^^^

warning: variant `MacAgility` is never constructed
   --> apps\simulation\src\runtime\combat.rs:787:5
    |
780 | pub(super) enum CrystalDefence {
    |                 -------------- variant in this enum
...
787 |     MacAgility,
    |     ^^^^^^^^^^
    |
    = note: `CrystalDefence` has derived impls for the traits `Debug` and `Clone`, but these are intentionally ignored during dead code analysis

warning: function `crystal_monster_drop_templates` is never used
   --> apps\simulation\src\runtime\drops.rs:537:15
    |
537 | pub(super) fn crystal_monster_drop_templates(
    |               ^^^^^^^^^^^^^^^^^^^^^^^^^^^^^^

warning: function `crystal_resolve_group_drop` is never used
   --> apps\simulation\src\runtime\drops.rs:612:15
    |
612 | pub(super) fn crystal_resolve_group_drop(
    |               ^^^^^^^^^^^^^^^^^^^^^^^^^^

warning: function `equipment_state_identified` is never used
   --> apps\simulation\src\runtime\equipment.rs:309:15
    |
309 | pub(super) fn equipment_state_identified(item: &EquipmentState) -> bool {
    |               ^^^^^^^^^^^^^^^^^^^^^^^^^^

warning: function `equipment_state_soul_bound_id` is never used
   --> apps\simulation\src\runtime\equipment.rs:314:15
    |
314 | pub(super) fn equipment_state_soul_bound_id(item: &EquipmentState) -> i32 {
    |               ^^^^^^^^^^^^^^^^^^^^^^^^^^^^^

warning: method `record_unresolved_legacy` is never used
  --> apps\simulation\src\runtime\hero_registry_carriers.rs:42:12
   |
14 | impl HeroCarrierCensus {
   | ---------------------- method in this implementation
...
42 |     pub fn record_unresolved_legacy(&mut self,root:&super::items::ItemState)->Result<(),String>{
   |            ^^^^^^^^^^^^^^^^^^^^^^^^

warning: function `decode` is never used
 --> apps\simulation\src\runtime\hero_registry_scan.rs:8:4
  |
8 | fn decode<T:DeserializeOwned>(value:&str)->Result<T,String>{serde_json::from_str(value).map_err(|error|format!("invalid Hero custody ...
  |    ^^^^^^

warning: function `add_wire` is never used
 --> apps\simulation\src\runtime\hero_registry_scan.rs:9:4
  |
9 | fn add_wire(census:&mut HeroCarrierCensus,item:&UserItem,origin:CarrierOrigin,forbidden_bind:u16)->Result<(),String>{
  |    ^^^^^^^^

warning: function `add_items` is never used
  --> apps\simulation\src\runtime\hero_registry_scan.rs:21:4
   |
21 | fn add_items(census:&mut HeroCarrierCensus,encoded:&[String],origin:CarrierOrigin,forbidden:u16)->Result<(),String>{
   |    ^^^^^^^^^

warning: function `add_character` is never used
  --> apps\simulation\src\runtime\hero_registry_scan.rs:32:4
   |
32 | fn add_character(census:&mut HeroCarrierCensus,save:&CharacterSaveRecord,mirrored:bool)->Result<(),String>{
   |    ^^^^^^^^^^^^^

warning: function `validate_shared_hero_physical_custody` is never used
  --> apps\simulation\src\runtime\hero_registry_scan.rs:86:15
   |
86 | pub(crate) fn validate_shared_hero_physical_custody(store:&AccountStore)->Result<(),String>{
   |               ^^^^^^^^^^^^^^^^^^^^^^^^^^^^^^^^^^^^^

warning: function `hero_inventory_item_is_broken` is never used
    --> apps\simulation\src\runtime\items.rs:3456:4
     |
3456 | fn hero_inventory_item_is_broken(item: &ItemState) -> bool {
     |    ^^^^^^^^^^^^^^^^^^^^^^^^^^^^^

warning: function `hero_inventory_requirement_stat` is never used
    --> apps\simulation\src\runtime\items.rs:3460:4
     |
3460 | fn hero_inventory_requirement_stat(item: &ItemState, stat: u8) -> i32 {
     |    ^^^^^^^^^^^^^^^^^^^^^^^^^^^^^^^

warning: function `repair_conquest_asset` is never used
    --> apps\simulation\src\runtime\monsters.rs:1879:15
     |
1879 | pub(super) fn repair_conquest_asset(world: &mut World, ai: u8, asset_id: u8) -> bool {
     |               ^^^^^^^^^^^^^^^^^^^^^

warning: function `complete_quest` is never used
    --> apps\simulation\src\runtime\quests.rs:1104:15
     |
1104 | pub(super) fn complete_quest(world: &mut World, quest_id: i32) {
     |               ^^^^^^^^^^^^^^

warning: function `quest_info_by_id_unchecked` is never used
   --> apps\simulation\src\runtime\newcomer_v2.rs:231:27
    |
231 | pub(in crate::runtime) fn quest_info_by_id_unchecked(quest_id: i32) -> Option<ClientQuestInfo> {
    |                           ^^^^^^^^^^^^^^^^^^^^^^^^^^

warning: function `persist_character_save` is never used
   --> apps\simulation\src\runtime\save.rs:929:15
    |
929 | pub(super) fn persist_character_save(
    |               ^^^^^^^^^^^^^^^^^^^^^^

warning: method `nearest_native_summon_target` is never used
     --> apps\simulation\src\runtime\zone\runtime.rs:12284:8
      |
  599 | impl ZoneRuntime {
      | ---------------- method in this implementation
...
12284 |     fn nearest_native_summon_target(
      |        ^^^^^^^^^^^^^^^^^^^^^^^^^^^^

warning: function `zone_native_summon_monster_attack_damage` is never used
     --> apps\simulation\src\runtime\zone\runtime.rs:14697:4
      |
14697 | fn zone_native_summon_monster_attack_damage(monster: &ZoneNativeMonster, target: &Point) -> i32 {
      |    ^^^^^^^^^^^^^^^^^^^^^^^^^^^^^^^^^^^^^^^^

warning: method `tick_shared_spitting_toad` is never used
   --> apps\simulation\src\runtime\zone\runtime\pet_special_ai.rs:191:19
    |
 48 | impl ZoneRuntime {
    | ---------------- method in this implementation
...
191 |     pub(super) fn tick_shared_spitting_toad(&mut self, id: u32, now: u64) -> Vec<ZoneOutbound> {
    |                   ^^^^^^^^^^^^^^^^^^^^^^^^^

warning: function `hell_can_move` is never used
  --> apps\simulation\src\runtime\zone\runtime\hell_ai.rs:68:15
   |
68 | pub(super) fn hell_can_move(m: &ZoneNativeMonster) -> bool {
   |               ^^^^^^^^^^^^^

warning: function `hell_can_regen` is never used
  --> apps\simulation\src\runtime\zone\runtime\hell_ai.rs:74:15
   |
74 | pub(super) fn hell_can_regen(m: &ZoneNativeMonster) -> bool {
   |               ^^^^^^^^^^^^^^

warning: unused `std::result::Result` that must be used
  --> apps\simulation\src\runtime\mail_parcel_tests.rs:42:5
   |
42 |     session.save_active_character();
   |     ^^^^^^^^^^^^^^^^^^^^^^^^^^^^^^^
   |
   = note: this `Result` may be an `Err` variant, which should be handled
   = note: `#[warn(unused_must_use)]` (part of `#[warn(unused)]`) on by default
help: use `let _ = ...` to ignore the resulting value
   |
42 |     let _ = session.save_active_character();
   |     +++++++

warning: unused `std::result::Result` that must be used
    --> apps\simulation\src\runtime\tests.rs:1732:5
     |
1732 |     sender.save_active_character();
     |     ^^^^^^^^^^^^^^^^^^^^^^^^^^^^^^
     |
     = note: this `Result` may be an `Err` variant, which should be handled
help: use `let _ = ...` to ignore the resulting value
     |
1732 |     let _ = sender.save_active_character();
     |     +++++++

warning: unused `std::result::Result` that must be used
    --> apps\simulation\src\runtime\tests.rs:3025:5
     |
3025 |     session.save_active_character();
     |     ^^^^^^^^^^^^^^^^^^^^^^^^^^^^^^^
     |
     = note: this `Result` may be an `Err` variant, which should be handled
help: use `let _ = ...` to ignore the resulting value
     |
3025 |     let _ = session.save_active_character();
     |     +++++++

warning: unused `std::result::Result` that must be used
    --> apps\simulation\src\runtime\tests.rs:3048:5
     |
3048 |     session.save_active_character();
     |     ^^^^^^^^^^^^^^^^^^^^^^^^^^^^^^^
     |
     = note: this `Result` may be an `Err` variant, which should be handled
help: use `let _ = ...` to ignore the resulting value
     |
3048 |     let _ = session.save_active_character();
     |     +++++++

warning: unused `std::result::Result` that must be used
    --> apps\simulation\src\runtime\tests.rs:3138:5
     |
3138 |     first.save_active_character();
     |     ^^^^^^^^^^^^^^^^^^^^^^^^^^^^^
     |
     = note: this `Result` may be an `Err` variant, which should be handled
help: use `let _ = ...` to ignore the resulting value
     |
3138 |     let _ = first.save_active_character();
     |     +++++++

warning: unused `std::result::Result` that must be used
    --> apps\simulation\src\runtime\tests.rs:3202:5
     |
3202 |     session.save_active_character();
     |     ^^^^^^^^^^^^^^^^^^^^^^^^^^^^^^^
     |
     = note: this `Result` may be an `Err` variant, which should be handled
help: use `let _ = ...` to ignore the resulting value
     |
3202 |     let _ = session.save_active_character();
     |     +++++++

warning: unused `std::result::Result` that must be used
    --> apps\simulation\src\runtime\tests.rs:3269:5
     |
3269 |     first.save_active_character();
     |     ^^^^^^^^^^^^^^^^^^^^^^^^^^^^^
     |
     = note: this `Result` may be an `Err` variant, which should be handled
help: use `let _ = ...` to ignore the resulting value
     |
3269 |     let _ = first.save_active_character();
     |     +++++++

warning: unused `std::result::Result` that must be used
    --> apps\simulation\src\runtime\tests.rs:3492:5
     |
3492 |     alpha.save_active_character();
     |     ^^^^^^^^^^^^^^^^^^^^^^^^^^^^^
     |
     = note: this `Result` may be an `Err` variant, which should be handled
help: use `let _ = ...` to ignore the resulting value
     |
3492 |     let _ = alpha.save_active_character();
     |     +++++++

warning: unused `std::result::Result` that must be used
    --> apps\simulation\src\runtime\tests.rs:3493:5
     |
3493 |     beta.save_active_character();
     |     ^^^^^^^^^^^^^^^^^^^^^^^^^^^^
     |
     = note: this `Result` may be an `Err` variant, which should be handled
help: use `let _ = ...` to ignore the resulting value
     |
3493 |     let _ = beta.save_active_character();
     |     +++++++

warning: unused `std::result::Result` that must be used
    --> apps\simulation\src\runtime\tests.rs:6691:5
     |
6691 |     session.save_active_character();
     |     ^^^^^^^^^^^^^^^^^^^^^^^^^^^^^^^
     |
     = note: this `Result` may be an `Err` variant, which should be handled
help: use `let _ = ...` to ignore the resulting value
     |
6691 |     let _ = session.save_active_character();
     |     +++++++

warning: unused `std::result::Result` that must be used
     --> apps\simulation\src\runtime\tests.rs:28446:5
      |
28446 |     session.save_active_character();
      |     ^^^^^^^^^^^^^^^^^^^^^^^^^^^^^^^
      |
      = note: this `Result` may be an `Err` variant, which should be handled
help: use `let _ = ...` to ignore the resulting value
      |
28446 |     let _ = session.save_active_character();
      |     +++++++

warning: unused `std::result::Result` that must be used
     --> apps\simulation\src\runtime\tests.rs:29434:5
      |
29434 |     first.save_active_character();
      |     ^^^^^^^^^^^^^^^^^^^^^^^^^^^^^
      |
      = note: this `Result` may be an `Err` variant, which should be handled
help: use `let _ = ...` to ignore the resulting value
      |
29434 |     let _ = first.save_active_character();
      |     +++++++

warning: unused `std::result::Result` that must be used
     --> apps\simulation\src\runtime\tests.rs:30462:5
      |
30462 |     first.save_active_character();
      |     ^^^^^^^^^^^^^^^^^^^^^^^^^^^^^
      |
      = note: this `Result` may be an `Err` variant, which should be handled
help: use `let _ = ...` to ignore the resulting value
      |
30462 |     let _ = first.save_active_character();
      |     +++++++

warning: unused `std::result::Result` that must be used
     --> apps\simulation\src\runtime\tests.rs:32354:5
      |
32354 |     first.save_active_character();
      |     ^^^^^^^^^^^^^^^^^^^^^^^^^^^^^
      |
      = note: this `Result` may be an `Err` variant, which should be handled
help: use `let _ = ...` to ignore the resulting value
      |
32354 |     let _ = first.save_active_character();
      |     +++++++

warning: unused `std::result::Result` that must be used
     --> apps\simulation\src\runtime\tests.rs:35515:5
      |
35515 |     session.save_active_character();
      |     ^^^^^^^^^^^^^^^^^^^^^^^^^^^^^^^
      |
      = note: this `Result` may be an `Err` variant, which should be handled
help: use `let _ = ...` to ignore the resulting value
      |
35515 |     let _ = session.save_active_character();
      |     +++++++

warning: unused `std::result::Result` that must be used
     --> apps\simulation\src\runtime\tests.rs:42464:5
      |
42464 |     session.save_active_character();
      |     ^^^^^^^^^^^^^^^^^^^^^^^^^^^^^^^
      |
      = note: this `Result` may be an `Err` variant, which should be handled
help: use `let _ = ...` to ignore the resulting value
      |
42464 |     let _ = session.save_active_character();
      |     +++++++

warning: unused `std::result::Result` that must be used
     --> apps\simulation\src\runtime\tests.rs:42789:5
      |
42789 |     session.save_active_character();
      |     ^^^^^^^^^^^^^^^^^^^^^^^^^^^^^^^
      |
      = note: this `Result` may be an `Err` variant, which should be handled
help: use `let _ = ...` to ignore the resulting value
      |
42789 |     let _ = session.save_active_character();
      |     +++++++

warning: unused `std::result::Result` that must be used
     --> apps\simulation\src\runtime\tests.rs:56546:5
      |
56546 |     session.save_active_character();
      |     ^^^^^^^^^^^^^^^^^^^^^^^^^^^^^^^
      |
      = note: this `Result` may be an `Err` variant, which should be handled
help: use `let _ = ...` to ignore the resulting value
      |
56546 |     let _ = session.save_active_character();
      |     +++++++

warning: unused `std::result::Result` that must be used
     --> apps\simulation\src\runtime\tests.rs:57648:5
      |
57648 |     session.save_active_character();
      |     ^^^^^^^^^^^^^^^^^^^^^^^^^^^^^^^
      |
      = note: this `Result` may be an `Err` variant, which should be handled
help: use `let _ = ...` to ignore the resulting value
      |
57648 |     let _ = session.save_active_character();
      |     +++++++

warning: unused `std::result::Result` that must be used
     --> apps\simulation\src\runtime\tests.rs:59205:5
      |
59205 |     session.save_active_character();
      |     ^^^^^^^^^^^^^^^^^^^^^^^^^^^^^^^
      |
      = note: this `Result` may be an `Err` variant, which should be handled
help: use `let _ = ...` to ignore the resulting value
      |
59205 |     let _ = session.save_active_character();
      |     +++++++

warning: unused `std::result::Result` that must be used
     --> apps\simulation\src\runtime\tests.rs:61130:5
      |
61130 |     first.save_active_character();
      |     ^^^^^^^^^^^^^^^^^^^^^^^^^^^^^
      |
      = note: this `Result` may be an `Err` variant, which should be handled
help: use `let _ = ...` to ignore the resulting value
      |
61130 |     let _ = first.save_active_character();
      |     +++++++

warning: unused `std::result::Result` that must be used
     --> apps\simulation\src\runtime\tests.rs:62792:5
      |
62792 |     session.save_active_character();
      |     ^^^^^^^^^^^^^^^^^^^^^^^^^^^^^^^
      |
      = note: this `Result` may be an `Err` variant, which should be handled
help: use `let _ = ...` to ignore the resulting value
      |
62792 |     let _ = session.save_active_character();
      |     +++++++

warning: unused `std::result::Result` that must be used
     --> apps\simulation\src\runtime\tests.rs:63148:5
      |
63148 |     sender.save_active_character();
      |     ^^^^^^^^^^^^^^^^^^^^^^^^^^^^^^
      |
      = note: this `Result` may be an `Err` variant, which should be handled
help: use `let _ = ...` to ignore the resulting value
      |
63148 |     let _ = sender.save_active_character();
      |     +++++++

warning: unused `std::result::Result` that must be used
     --> apps\simulation\src\runtime\tests.rs:63582:5
      |
63582 |     first.save_active_character();
      |     ^^^^^^^^^^^^^^^^^^^^^^^^^^^^^
      |
      = note: this `Result` may be an `Err` variant, which should be handled
help: use `let _ = ...` to ignore the resulting value
      |
63582 |     let _ = first.save_active_character();
      |     +++++++

warning: unused `std::result::Result` that must be used
     --> apps\simulation\src\runtime\tests.rs:63781:5
      |
63781 |     recipient.save_active_character();
      |     ^^^^^^^^^^^^^^^^^^^^^^^^^^^^^^^^^
      |
      = note: this `Result` may be an `Err` variant, which should be handled
help: use `let _ = ...` to ignore the resulting value
      |
63781 |     let _ = recipient.save_active_character();
      |     +++++++

warning: unused `std::result::Result` that must be used
     --> apps\simulation\src\runtime\tests.rs:63899:5
      |
63899 |     recipient.save_active_character();
      |     ^^^^^^^^^^^^^^^^^^^^^^^^^^^^^^^^^
      |
      = note: this `Result` may be an `Err` variant, which should be handled
help: use `let _ = ...` to ignore the resulting value
      |
63899 |     let _ = recipient.save_active_character();
      |     +++++++

warning: unused `std::result::Result` that must be used
     --> apps\simulation\src\runtime\tests.rs:64300:5
      |
64300 |     recipient.save_active_character();
      |     ^^^^^^^^^^^^^^^^^^^^^^^^^^^^^^^^^
      |
      = note: this `Result` may be an `Err` variant, which should be handled
help: use `let _ = ...` to ignore the resulting value
      |
64300 |     let _ = recipient.save_active_character();
      |     +++++++

warning: unused `std::result::Result` that must be used
     --> apps\simulation\src\runtime\tests.rs:64351:5
      |
64351 |     recipient.save_active_character();
      |     ^^^^^^^^^^^^^^^^^^^^^^^^^^^^^^^^^
      |
      = note: this `Result` may be an `Err` variant, which should be handled
help: use `let _ = ...` to ignore the resulting value
      |
64351 |     let _ = recipient.save_active_character();
      |     +++++++

warning: unused `std::result::Result` that must be used
     --> apps\simulation\src\runtime\tests.rs:64361:5
      |
64361 |     recipient.save_active_character();
      |     ^^^^^^^^^^^^^^^^^^^^^^^^^^^^^^^^^
      |
      = note: this `Result` may be an `Err` variant, which should be handled
help: use `let _ = ...` to ignore the resulting value
      |
64361 |     let _ = recipient.save_active_character();
      |     +++++++

warning: unused `std::result::Result` that must be used
     --> apps\simulation\src\runtime\tests.rs:65584:5
      |
65584 |     first.save_active_character();
      |     ^^^^^^^^^^^^^^^^^^^^^^^^^^^^^
      |
      = note: this `Result` may be an `Err` variant, which should be handled
help: use `let _ = ...` to ignore the resulting value
      |
65584 |     let _ = first.save_active_character();
      |     +++++++

warning: unused `std::result::Result` that must be used
     --> apps\simulation\src\runtime\tests.rs:66715:5
      |
66715 |     session.save_active_character();
      |     ^^^^^^^^^^^^^^^^^^^^^^^^^^^^^^^
      |
      = note: this `Result` may be an `Err` variant, which should be handled
help: use `let _ = ...` to ignore the resulting value
      |
66715 |     let _ = session.save_active_character();
      |     +++++++

warning: unused `std::result::Result` that must be used
     --> apps\simulation\src\runtime\tests.rs:70174:5
      |
70174 |     first.save_active_character();
      |     ^^^^^^^^^^^^^^^^^^^^^^^^^^^^^
      |
      = note: this `Result` may be an `Err` variant, which should be handled
help: use `let _ = ...` to ignore the resulting value
      |
70174 |     let _ = first.save_active_character();
      |     +++++++

warning: unused `std::result::Result` that must be used
    --> apps\simulation\src\runtime\stage5.rs:2694:9
     |
2694 |         session_a.save_active_character();
     |         ^^^^^^^^^^^^^^^^^^^^^^^^^^^^^^^^^
     |
     = note: this `Result` may be an `Err` variant, which should be handled
help: use `let _ = ...` to ignore the resulting value
     |
2694 |         let _ = session_a.save_active_character();
     |         +++++++

warning: `mir2-simulation` (lib test) generated 91 warnings (run `cargo fix --lib -p mir2-simulation --tests` to apply 7 suggestions)
    Finished `test` profile [unoptimized] target(s) in 0.23s
     Running unittests src\lib.rs (C:/mir2-build/npc-pet-source-semantics-20261008\debug\deps\mir2_simulation-bb33300b7b93280a.exe)

running 56 tests
test runtime::session::tests::crystal_npc_admin_light_and_group_nearby_conditions_use_current_baseline ... ok
test runtime::session::tests::crystal_npc_buy_back_expiry_moves_items_to_used_goods ... ok
test runtime::session::tests::crystal_npc_buy_back_persists_across_save_and_reload ... ok
test runtime::session::tests::crystal_npc_buy_item_dead_player_is_silent_and_preserves_state ... FAILED
test runtime::session::tests::crystal_npc_buy_item_invalid_contexts_are_silent_and_preserve_state ... ok
test runtime::session::tests::crystal_npc_buy_item_packet_purchases_trade_goods ... ok
test runtime::session::tests::crystal_npc_buy_item_service_context_rejects_when_player_leaves_data_range ... ok
test runtime::session::tests::crystal_npc_calc_concatenates_non_numeric_values_like_crystal ... ok
test runtime::session::tests::crystal_npc_calc_updates_numeric_variable_and_checkcalc_observes_result ... ok
test runtime::session::tests::crystal_npc_check_and_set_flag_drive_followup_dialog_branch ... ok
test runtime::session::tests::crystal_npc_checkexactmon_counts_named_runtime_monsters ... ok
test runtime::session::tests::crystal_npc_checkitem_takeitem_and_move_with_coordinates_execute_together ... ok
test runtime::session::tests::crystal_npc_checkmon_becomes_true_after_param_and_mongen ... ok
test runtime::session::tests::crystal_npc_checkmon_counts_runtime_monsters_on_current_map ... ok
test runtime::session::tests::crystal_npc_checkquest_supports_active_and_complete_keywords ... ok
test runtime::session::tests::crystal_npc_dialog_target_runs_followup_section_and_can_return_main ... ok
test runtime::session::tests::crystal_npc_dynamic_visibility_matches_character_flags_and_crystal_schedule ... ok
test runtime::session::tests::crystal_npc_else_say_branch_renders_when_if_conditions_fail ... ok
test runtime::session::tests::crystal_npc_flag_changes_reconcile_live_aoi_and_block_hidden_interaction ... ok
test runtime::session::tests::crystal_npc_flags_persist_across_save_and_reload ... ok
test runtime::session::tests::crystal_npc_giveexp_updates_runtime_and_user_information ... ok
test runtime::session::tests::crystal_npc_givegold_checkclass_and_gender_execute_expected_branch ... ok
test runtime::session::tests::crystal_npc_giveitem_adds_reward_to_inventory ... ok
test runtime::session::tests::crystal_npc_giveitem_full_bag_preserves_inventory ... ok
test runtime::session::tests::crystal_npc_givepet_pet_checks_and_clearpets_follow_crystal_pet_flow ... ok
test runtime::session::tests::crystal_npc_giveskill_maps_runtime_and_crystal_manifest_entries ... ok
test runtime::session::tests::crystal_npc_goto_loop_stops_at_section_hop_limit ... ok
test runtime::session::tests::crystal_npc_group_and_conquest_runtime_use_configured_members_and_state ... ok
test runtime::session::tests::crystal_npc_input_label_waits_for_input_and_replaces_inputstr_on_submit ... ok
test runtime::session::tests::crystal_npc_local_message_break_and_close_emit_message_and_dismiss_dialog ... ok
test runtime::session::tests::crystal_npc_monclear_marks_current_map_monsters_dead ... ok
test runtime::session::tests::crystal_npc_mov_and_checkcalc_drive_lottery_guess_flow ... ok
test runtime::session::tests::crystal_npc_move_with_gold_condition_charges_and_transfers_player ... ok
test runtime::session::tests::crystal_npc_move_without_coordinates_returns_no_transfer_packets_yet ... ok
test runtime::session::tests::crystal_npc_param_and_mongen_spawn_runtime_monsters_on_current_map ... ok
test runtime::session::tests::crystal_npc_random_condition_uses_runtime_rng_progression ... ok
test runtime::session::tests::crystal_npc_removepet_only_despawns_matching_pet_name ... ok
test runtime::session::tests::crystal_npc_reserved_service_labels_map_to_crystal_packets ... ok
test runtime::session::tests::crystal_npc_runtime_token_resolution_replaces_embedded_variables_and_output_placeholders ... ok
test runtime::session::tests::crystal_npc_savevalue_and_loadvalue_persist_across_reload ... ok
test runtime::session::tests::crystal_npc_say_section_strips_comment_lines ... ok
test runtime::session::tests::crystal_npc_script_key_renders_main_say_and_links ... ok
test runtime::session::tests::crystal_npc_sell_and_repair_contexts_reject_when_player_leaves_data_range ... ok
test runtime::session::tests::crystal_npc_sell_updates_buy_back_goods_for_active_service ... ok
test runtime::session::tests::crystal_npc_service_links_emit_packets_and_close_dialog ... ok
test runtime::session::tests::crystal_npc_stage5_conquest_and_guild_territory_commands_have_stateful_baselines ... ok
test runtime::session::tests::crystal_npc_stage5_message_buff_appearance_name_list_and_hero_commands_execute ... FAILED
test runtime::session::tests::crystal_npc_storage_open_sends_full_backing_storage_even_when_expansion_inactive ... ok
test runtime::session::tests::crystal_npc_storage_reopen_without_state_change_only_emits_npc_storage_after_first_open ... ok
test runtime::session::tests::crystal_npc_storage_service_context_allows_store_and_take_back_without_helper ... ok
test runtime::session::tests::crystal_npc_storage_service_context_rejects_storage_actions_when_player_leaves_data_range ... ok
test runtime::session::tests::crystal_npc_storage_service_reopen_resets_session_unlock ... ok
test runtime::session::tests::crystal_npc_time_and_bag_conditions_follow_runtime_state ... ok
test runtime::session::tests::crystal_npc_unknown_action_records_script_diagnostic ... ok
test runtime::session::tests::crystal_npc_unknown_condition_records_script_diagnostic ... ok
test runtime::session::tests::crystal_npc_world_event_conditions_check_current_map_range_and_humans ... ok

failures:

---- runtime::session::tests::crystal_npc_buy_item_dead_player_is_silent_and_preserves_state stdout ----

thread 'runtime::session::tests::crystal_npc_buy_item_dead_player_is_silent_and_preserves_state' (167976) panicked at apps\simulation\src\runtime\tests.rs:28642:5:
assertion failed: buy_packets.is_empty()
note: run with `RUST_BACKTRACE=1` environment variable to display a backtrace

---- runtime::session::tests::crystal_npc_stage5_message_buff_appearance_name_list_and_hero_commands_execute stdout ----

thread 'runtime::session::tests::crystal_npc_stage5_message_buff_appearance_name_list_and_hero_commands_execute' (169148) panicked at apps\simulation\src\runtime\tests.rs:30382:5:
assertion failed: evaluate_crystal_npc_condition(session.app.world_mut(), "CHECKBUFF PRISON")


failures:
    runtime::session::tests::crystal_npc_buy_item_dead_player_is_silent_and_preserves_state
    runtime::session::tests::crystal_npc_stage5_message_buff_appearance_name_list_and_hero_commands_execute

test result: FAILED. 54 passed; 2 failed; 0 ignored; 0 measured; 2139 filtered out; finished in 17.20s

error: test failed, to rerun pass `-p mir2-simulation --lib`
