--------- beginning of main
10-02 18:26:22.968 18223 18223 I com.mir2.web3: Late-enabling -Xcheck:jni
10-02 18:26:23.003 18223 18223 D CompatibilityChangeReporter: Compat change id reported: 171979766; UID 10147; state: ENABLED
10-02 18:26:23.039 18223 18223 V GraphicsEnvironment: ANGLE Developer option for 'com.mir2.web3' set to: 'default'
10-02 18:26:23.039 18223 18223 V GraphicsEnvironment: Neither updatable production driver nor prerelease driver is supported.
10-02 18:26:23.040 18223 18223 D NetworkSecurityConfig: No Network Security Config specified, using platform default
10-02 18:26:23.040 18223 18223 D NetworkSecurityConfig: No Network Security Config specified, using platform default
10-02 18:26:23.069 18223 18243 D libEGL  : loaded /vendor/lib64/egl/libEGL_emulation.so
10-02 18:26:23.086 18223 18243 D libEGL  : loaded /vendor/lib64/egl/libGLESv1_CM_emulation.so
10-02 18:26:23.087 18223 18243 D libEGL  : loaded /vendor/lib64/egl/libGLESv2_emulation.so
10-02 18:26:23.095 18223 18223 D AppCompatDelegate: Checking for metadata for AppLocalesMetadataHolderService : Service not found
10-02 18:26:23.108 18223 18223 D gti.InputConnection: InputConnection created
10-02 18:26:23.110 18223 18223 D gti.InputConnection: setEditorInfo
10-02 18:26:23.115 18223 18223 W com.mir2.web3: Accessing hidden method Landroid/view/ViewGroup;->makeOptionalFitsSystemWindows()V (unsupported, reflection, allowed)
10-02 18:26:23.116 18223 18223 I GameActivity: Looking for library libmir2_platform_android.so
10-02 18:26:23.116 18223 18223 I GameActivity: Found library libmir2_platform_android.so. Loading...
10-02 18:26:23.118 18223 18223 D GameActivity: GameActivity_register
10-02 18:26:23.118 18223 18223 V GameActivity: Registering com/google/androidgamesdk/GameActivity's 24 native methods...
10-02 18:26:23.118 18223 18223 D GameActivity: SDK version: 31
10-02 18:26:23.118 18223 18223 I android-activity: Creating: Activity = 0x1696, saved state size = 0
10-02 18:26:23.121 18223 18223 V threaded_app: Creating: 0xb40000753583ecb0
10-02 18:26:23.121 18223 18223 V threaded_app: Callbacks set: 0xb40000753583ed00
10-02 18:26:23.121 18223 18223 V threaded_app: Launching android_app_entry in a thread
10-02 18:26:23.121 18223 18245 V threaded_app: android_app_entry called
10-02 18:26:23.121 18223 18245 V threaded_app: android_app = 0xb400007515843290
10-02 18:26:23.121 18223 18245 V threaded_app: config = 0xb400007485851320
10-02 18:26:23.121 18223 18245 V threaded_app: activity = 0xb40000753583ecb0
10-02 18:26:23.121 18223 18245 V threaded_app: assetmanager = 0xb40000753583d3b0
10-02 18:26:23.121 18223 18245 V threaded_app: Config: mcc=310 mnc=260 lang=en cnt=US orien=2 touch=3 dens=440 keys=2 nav=2 keysHid=1 navHid=0 sdk=31 size=2 long=2 modetype=1 modenight=1
10-02 18:26:23.213 18223 18245 D HostConnection: createUnique: call
10-02 18:26:23.215 18223 18245 D HostConnection: HostConnection::get() New Host Connection established 0xb4000074d583aed0, tid 18245
10-02 18:26:23.217 18223 18245 D HostConnection: HostComposition ext ANDROID_EMU_CHECKSUM_HELPER_v1 ANDROID_EMU_native_sync_v2 ANDROID_EMU_native_sync_v3 ANDROID_EMU_native_sync_v4 ANDROID_EMU_dma_v1 ANDROID_EMU_direct_mem ANDROID_EMU_host_composition_v1 ANDROID_EMU_host_composition_v2 ANDROID_EMU_vulkan ANDROID_EMU_deferred_vulkan_commands ANDROID_EMU_vulkan_null_optional_strings ANDROID_EMU_vulkan_create_resources_with_requirements ANDROID_EMU_YUV_Cache ANDROID_EMU_vulkan_ignored_handles ANDROID_EMU_has_shared_slots_host_memory_allocator ANDROID_EMU_vulkan_free_memory_sync ANDROID_EMU_vulkan_shader_float16_int8 ANDROID_EMU_vulkan_async_queue_submit ANDROID_EMU_vulkan_queue_submit_with_commands ANDROID_EMU_sync_buffer_data ANDROID_EMU_vulkan_async_qsri ANDROID_EMU_read_color_buffer_dma ANDROID_EMU_hwc_color_transform GL_OES_EGL_image_external_essl3 GL_OES_vertex_array_object ANDROID_EMU_host_side_tracing ANDROID_EMU_gles_max_version_3_0 
10-02 18:26:23.220 18223 18245 D EGL_emulation: eglCreateContext: 0xb4000074d583b7d0: maj 3 min 0 rcv 3
10-02 18:26:23.223 18223 18245 D EGL_emulation: eglMakeCurrent: 0xb4000074d583b7d0: ver 3 0 (tinfo 0x76fbc37080) (first time)
10-02 18:26:23.243 18223 18245 I event /Users/henryliu/obelisk/numeron-worktrees/android-shared-sync/mir2-web3/third_party/bevyAdapterInfo { name: "Android Emulator OpenGL ES Translator (Apple M1 Max)", vendor: 4203, device: 0, device_type: IntegratedGpu, device_pci_bus_id: "", driver: "", driver_info: "OpenGL ES 3.0 (4.1 Metal - 89.4)", backend: Gl, subgroup_min_size: 4, subgroup_max_size: 128, transient_saves_memory: false }
10-02 18:26:23.243 18223 18244 I RustStdoutStderr: [2m2026-10-02T10:26:23.243086Z[0m [32m INFO[0m [2mbevy_render::renderer[0m[2m:[0m AdapterInfo { name: "Android Emulator OpenGL ES Translator (Apple M1 Max)", vendor: 4203, device: 0, device_type: IntegratedGpu, device_pci_bus_id: "", driver: "", driver_info: "OpenGL ES 3.0 (4.1 Metal - 89.4)", backend: Gl, subgroup_min_size: 4, subgroup_max_size: 128, transient_saves_memory: false }
10-02 18:26:23.244 18223 18223 V GameActivity: onStart_native
10-02 18:26:23.244 18223 18223 V threaded_app: Start: 0xb40000753583ecb0
10-02 18:26:23.329 18223 18245 I event /Users/henryliu/obelisk/numeron-worktrees/android-shared-sync/mir2-web3/third_party/bevySparse buffer updates disabled. RenderDevice lacks support: max_storage_buffers_per_shader_stage (0) < 3.
10-02 18:26:23.329 18223 18244 I RustStdoutStderr: [2m2026-10-02T10:26:23.329003Z[0m [32m INFO[0m [2mbevy_render::render_resource::sparse_buffer_vec[0m[2m:[0m Sparse buffer updates disabled. RenderDevice lacks support: max_storage_buffers_per_shader_stage (0) < 3.
10-02 18:26:23.329 18223 18245 W event /Users/henryliu/.cargo/registry/src/index.crates.io-1949cf8c6b5b557f/bevy_core_pipeline-OrderIndependentTransparencyPlugin not loaded. GPU lacks support: DownlevelFlags::FRAGMENT_WRITABLE_STORAGE.
10-02 18:26:23.329 18223 18245 W event /Users/henryliu/.cargo/registry/src/index.crates.io-1949cf8c6b5b557f/bevy_core_pipeline-BackgroundMotionVectorsPlugin not loaded. GPU lacks support for required downlevel capability flags: DownlevelFlags(INDEPENDENT_BLEND).
10-02 18:26:23.329 18223 18244 I RustStdoutStderr: [2m2026-10-02T10:26:23.329104Z[0m [33m WARN[0m [2mbevy_core_pipeline::oit::resolve[0m[2m:[0m OrderIndependentTransparencyPlugin not loaded. GPU lacks support: DownlevelFlags::FRAGMENT_WRITABLE_STORAGE.
10-02 18:26:23.329 18223 18244 I RustStdoutStderr: [2m2026-10-02T10:26:23.329171Z[0m [33m WARN[0m [2mbevy_core_pipeline::prepass::background_motion_vectors[0m[2m:[0m BackgroundMotionVectorsPlugin not loaded. GPU lacks support for required downlevel capability flags: DownlevelFlags(INDEPENDENT_BLEND).
10-02 18:26:23.385 18223 18245 I event /Users/henryliu/obelisk/numeron-worktrees/android-shared-sync/mir2-web3/third_party/bevyGPU preprocessing is not supported on this device. Falling back to CPU preprocessing.
10-02 18:26:23.385 18223 18244 I RustStdoutStderr: [2m2026-10-02T10:26:23.385174Z[0m [32m INFO[0m [2mbevy_render::batching::gpu_preprocessing[0m[2m:[0m GPU preprocessing is not supported on this device. Falling back to CPU preprocessing.
10-02 18:26:23.406 18223 18245 V threaded_app: activityState=11
10-02 18:26:23.406 18223 18245 W event /Users/henryliu/.cargo/registry/src/index.crates.io-1949cf8c6b5b557f/winit-0.30.13/src/pTODO: forward onStart notification to application
10-02 18:26:23.406 18223 18244 I RustStdoutStderr: [2m2026-10-02T10:26:23.406860Z[0m [33m WARN[0m [2mwinit::platform_impl::android[0m[2m:[0m TODO: forward onStart notification to application
10-02 18:26:23.407 18223 18223 V threaded_app: Resume: 0xb40000753583ecb0
10-02 18:26:23.407 18223 18245 V threaded_app: activityState=12
10-02 18:26:23.416 18223 18223 V GameActivity: onImeInsetsChanged from Text Listener
10-02 18:26:23.416 18223 18223 V threaded_app: WindowInsetsChanged: 0xb40000753583ecb0
10-02 18:26:23.417 18223 18245 W event /Users/henryliu/.cargo/registry/src/index.crates.io-1949cf8c6b5b557f/winit-0.30.13/src/pTODO: handle Android InsetsChanged notification
10-02 18:26:23.417 18223 18244 I RustStdoutStderr: [2m2026-10-02T10:26:23.417656Z[0m [33m WARN[0m [2mwinit::platform_impl::android[0m[2m:[0m TODO: handle Android InsetsChanged notification
10-02 18:26:23.421 18223 18223 V GameActivity: onImeInsetsChanged from Text Listener
10-02 18:26:23.422 18223 18223 V threaded_app: WindowInsetsChanged: 0xb40000753583ecb0
10-02 18:26:23.422 18223 18244 I RustStdoutStderr: [2m2026-10-02T10:26:23.422163Z[0m [33m WARN[0m [2mwinit::platform_impl::android[0m[2m:[0m TODO: handle Android InsetsChanged notification
10-02 18:26:23.422 18223 18245 W event /Users/henryliu/.cargo/registry/src/index.crates.io-1949cf8c6b5b557f/winit-0.30.13/src/pTODO: handle Android InsetsChanged notification
10-02 18:26:23.422 18223 18241 D HostConnection: createUnique: call
10-02 18:26:23.422 18223 18241 D HostConnection: HostConnection::get() New Host Connection established 0xb4000074d5854790, tid 18241
10-02 18:26:23.423 18223 18223 V threaded_app: ContentRectChanged: 0xb40000753583ecb0 -- (0 0) (2340 1080)
10-02 18:26:23.423 18223 18244 I RustStdoutStderr: [2m2026-10-02T10:26:23.423194Z[0m [33m WARN[0m [2mwinit::platform_impl::android[0m[2m:[0m TODO: find a way to notify application of content rect change
10-02 18:26:23.423 18223 18245 W event /Users/henryliu/.cargo/registry/src/index.crates.io-1949cf8c6b5b557f/winit-0.30.13/src/pTODO: find a way to notify application of content rect change
10-02 18:26:23.424 18223 18241 D HostConnection: HostComposition ext ANDROID_EMU_CHECKSUM_HELPER_v1 ANDROID_EMU_native_sync_v2 ANDROID_EMU_native_sync_v3 ANDROID_EMU_native_sync_v4 ANDROID_EMU_dma_v1 ANDROID_EMU_direct_mem ANDROID_EMU_host_composition_v1 ANDROID_EMU_host_composition_v2 ANDROID_EMU_vulkan ANDROID_EMU_deferred_vulkan_commands ANDROID_EMU_vulkan_null_optional_strings ANDROID_EMU_vulkan_create_resources_with_requirements ANDROID_EMU_YUV_Cache ANDROID_EMU_vulkan_ignored_handles ANDROID_EMU_has_shared_slots_host_memory_allocator ANDROID_EMU_vulkan_free_memory_sync ANDROID_EMU_vulkan_shader_float16_int8 ANDROID_EMU_vulkan_async_queue_submit ANDROID_EMU_vulkan_queue_submit_with_commands ANDROID_EMU_sync_buffer_data ANDROID_EMU_vulkan_async_qsri ANDROID_EMU_read_color_buffer_dma ANDROID_EMU_hwc_color_transform GL_OES_EGL_image_external_essl3 GL_OES_vertex_array_object ANDROID_EMU_host_side_tracing ANDROID_EMU_gles_max_version_3_0 
10-02 18:26:23.424 18223 18241 W OpenGLRenderer: Failed to choose config with EGL_SWAP_BEHAVIOR_PRESERVED, retrying without...
10-02 18:26:23.424 18223 18223 V GameActivity: onSurfaceCreated_native
10-02 18:26:23.424 18223 18223 V threaded_app: NativeWindowCreated: 0xb40000753583ecb0 -- 0xb4000075c59f0350
10-02 18:26:23.424 18223 18223 V threaded_app: android_app_set_window called
10-02 18:26:23.424 18223 18241 W OpenGLRenderer: Failed to initialize 101010-2 format, error = EGL_SUCCESS
10-02 18:26:23.424 18223 18245 V threaded_app: APP_CMD_INIT_WINDOW
10-02 18:26:23.424 18223 18244 I RustStdoutStderr: [2m2026-10-02T10:26:23.424951Z[0m [32m INFO[0m [2mbevy_winit::system[0m[2m:[0m Creating new window mir2-web3 (android) (105v0)
10-02 18:26:23.424 18223 18245 I event /Users/henryliu/.cargo/registry/src/index.crates.io-1949cf8c6b5b557f/bevy_winit-0.19.0/sCreating new window mir2-web3 (android) (105v0)
10-02 18:26:23.425 18223 18223 V threaded_app: NativeWindowResized: 0xb40000753583ecb0 -- 0xb4000075c59f0350 ( 2340 x 1080 )
10-02 18:26:23.425 18223 18223 V threaded_app: NativeWindowRedrawNeeded: 0xb40000753583ecb0 -- 0xb4000075c59f0350
10-02 18:26:23.425 18223 18241 D EGL_emulation: eglCreateContext: 0xb4000074d5852b10: maj 3 min 0 rcv 3
10-02 18:26:23.426 18223 18241 D EGL_emulation: eglMakeCurrent: 0xb4000074d5852b10: ver 3 0 (tinfo 0x76fbc37100) (first time)
10-02 18:26:23.434 18223 18241 I Gralloc4: mapper 4.x is not supported
10-02 18:26:23.434 18223 18241 D HostConnection: createUnique: call
10-02 18:26:23.435 18223 18241 D HostConnection: HostConnection::get() New Host Connection established 0xb4000074d5854910, tid 18241
10-02 18:26:23.435 18223 18241 D goldfish-address-space: allocate: Ask for block of size 0x100
10-02 18:26:23.435 18223 18241 D goldfish-address-space: allocate: ioctl allocate returned offset 0x1efff8000 size 0x8000
10-02 18:26:23.436 18223 18241 W Gralloc4: allocator 4.x is not supported
10-02 18:26:23.439 18223 18241 D HostConnection: HostComposition ext ANDROID_EMU_CHECKSUM_HELPER_v1 ANDROID_EMU_native_sync_v2 ANDROID_EMU_native_sync_v3 ANDROID_EMU_native_sync_v4 ANDROID_EMU_dma_v1 ANDROID_EMU_direct_mem ANDROID_EMU_host_composition_v1 ANDROID_EMU_host_composition_v2 ANDROID_EMU_vulkan ANDROID_EMU_deferred_vulkan_commands ANDROID_EMU_vulkan_null_optional_strings ANDROID_EMU_vulkan_create_resources_with_requirements ANDROID_EMU_YUV_Cache ANDROID_EMU_vulkan_ignored_handles ANDROID_EMU_has_shared_slots_host_memory_allocator ANDROID_EMU_vulkan_free_memory_sync ANDROID_EMU_vulkan_shader_float16_int8 ANDROID_EMU_vulkan_async_queue_submit ANDROID_EMU_vulkan_queue_submit_with_commands ANDROID_EMU_sync_buffer_data ANDROID_EMU_vulkan_async_qsri ANDROID_EMU_read_color_buffer_dma ANDROID_EMU_hwc_color_transform GL_OES_EGL_image_external_essl3 GL_OES_vertex_array_object ANDROID_EMU_host_side_tracing ANDROID_EMU_gles_max_version_3_0 
10-02 18:26:23.463 18223 18223 V threaded_app: WindowFocusChanged: 0xb40000753583ecb0 -- 1
10-02 18:26:23.480 18223 18223 V GameActivity: onImeInsetsChanged from Text Listener
10-02 18:26:23.481 18223 18223 V threaded_app: WindowInsetsChanged: 0xb40000753583ecb0
10-02 18:26:23.548 18223 18245 W event /Users/henryliu/.cargo/registry/src/index.crates.io-1949cf8c6b5b557f/winit-0.30.13/src/pTODO: handle Android InsetsChanged notification
10-02 18:26:23.549 18223 18244 I RustStdoutStderr: [2m2026-10-02T10:26:23.548676Z[0m [33m WARN[0m [2mwinit::platform_impl::android[0m[2m:[0m TODO: handle Android InsetsChanged notification
10-02 18:26:23.586 18223 18245 D eglCodecCommon: checkFramebufferAttachmentCompleteness: rbo not color renderable. format: 0x0
10-02 18:26:23.586 18223 18245 D eglCodecCommon: checkFramebufferCompleteness: color attachment 0 not complete: 0x8cd6
10-02 18:26:23.586 18223 18245 E emuglGLESv2_enc: device/generic/goldfish-opengl/system/GLESv2_enc/GL2Encoder.cpp:s_glDrawElementsInstanced:4585 GL error 0x506 condition [ctx->m_state->checkFramebufferCompleteness(GL_FRAMEBUFFER) != GL_FRAMEBUFFER_COMPLETE]
10-02 18:26:23.613 18223 18245 D eglCodecCommon: checkFramebufferAttachmentCompleteness: rbo not color renderable. format: 0x0
10-02 18:26:23.613 18223 18245 D eglCodecCommon: checkFramebufferCompleteness: color attachment 0 not complete: 0x8cd6
10-02 18:26:23.613 18223 18245 E emuglGLESv2_enc: device/generic/goldfish-opengl/system/GLESv2_enc/GL2Encoder.cpp:s_glDrawElementsInstanced:4585 GL error 0x506 condition [ctx->m_state->checkFramebufferCompleteness(GL_FRAMEBUFFER) != GL_FRAMEBUFFER_COMPLETE]
10-02 18:26:23.613 18223 18245 D eglCodecCommon: checkFramebufferAttachmentCompleteness: rbo not color renderable. format: 0x0
10-02 18:26:23.613 18223 18245 D eglCodecCommon: checkFramebufferCompleteness: color attachment 0 not complete: 0x8cd6
10-02 18:26:23.613 18223 18245 E emuglGLESv2_enc: device/generic/goldfish-opengl/system/GLESv2_enc/GL2Encoder.cpp:s_glDrawElementsInstanced:4585 GL error 0x506 condition [ctx->m_state->checkFramebufferCompleteness(GL_FRAMEBUFFER) != GL_FRAMEBUFFER_COMPLETE]
10-02 18:26:23.635 18223 18245 D eglCodecCommon: checkFramebufferAttachmentCompleteness: rbo not color renderable. format: 0x0
10-02 18:26:23.635 18223 18245 D eglCodecCommon: checkFramebufferCompleteness: color attachment 0 not complete: 0x8cd6
10-02 18:26:23.635 18223 18245 E emuglGLESv2_enc: device/generic/goldfish-opengl/system/GLESv2_enc/GL2Encoder.cpp:s_glDrawElementsInstanced:4585 GL error 0x506 condition [ctx->m_state->checkFramebufferCompleteness(GL_FRAMEBUFFER) != GL_FRAMEBUFFER_COMPLETE]
10-02 18:26:23.635 18223 18245 D eglCodecCommon: checkFramebufferAttachmentCompleteness: rbo not color renderable. format: 0x0
10-02 18:26:23.635 18223 18245 D eglCodecCommon: checkFramebufferCompleteness: color attachment 0 not complete: 0x8cd6
10-02 18:26:23.635 18223 18245 E emuglGLESv2_enc: device/generic/goldfish-opengl/system/GLESv2_enc/GL2Encoder.cpp:s_glDrawElementsInstanced:4585 GL error 0x506 condition [ctx->m_state->checkFramebufferCompleteness(GL_FRAMEBUFFER) != GL_FRAMEBUFFER_COMPLETE]
10-02 18:26:23.635 18223 18245 D eglCodecCommon: checkFramebufferAttachmentCompleteness: rbo not color renderable. format: 0x0
10-02 18:26:23.635 18223 18245 D eglCodecCommon: checkFramebufferCompleteness: color attachment 0 not complete: 0x8cd6
10-02 18:26:23.635 18223 18245 E emuglGLESv2_enc: device/generic/goldfish-opengl/system/GLESv2_enc/GL2Encoder.cpp:s_glDrawElementsInstanced:4585 GL error 0x506 condition [ctx->m_state->checkFramebufferCompleteness(GL_FRAMEBUFFER) != GL_FRAMEBUFFER_COMPLETE]
10-02 18:26:23.695 18223 18245 D eglCodecCommon: checkFramebufferAttachmentCompleteness: rbo not color renderable. format: 0x0
10-02 18:26:23.695 18223 18245 D eglCodecCommon: checkFramebufferCompleteness: color attachment 0 not complete: 0x8cd6
10-02 18:26:23.695 18223 18245 E emuglGLESv2_enc: device/generic/goldfish-opengl/system/GLESv2_enc/GL2Encoder.cpp:s_glDrawElementsInstanced:4585 GL error 0x506 condition [ctx->m_state->checkFramebufferCompleteness(GL_FRAMEBUFFER) != GL_FRAMEBUFFER_COMPLETE]
10-02 18:26:23.695 18223 18245 D eglCodecCommon: checkFramebufferAttachmentCompleteness: rbo not color renderable. format: 0x0
10-02 18:26:23.695 18223 18245 D eglCodecCommon: checkFramebufferCompleteness: color attachment 0 not complete: 0x8cd6
10-02 18:26:23.695 18223 18245 E emuglGLESv2_enc: device/generic/goldfish-opengl/system/GLESv2_enc/GL2Encoder.cpp:s_glDrawElementsInstanced:4585 GL error 0x506 condition [ctx->m_state->checkFramebufferCompleteness(GL_FRAMEBUFFER) != GL_FRAMEBUFFER_COMPLETE]
10-02 18:26:23.695 18223 18245 D eglCodecCommon: checkFramebufferAttachmentCompleteness: rbo not color renderable. format: 0x0
10-02 18:26:23.695 18223 18245 D eglCodecCommon: checkFramebufferCompleteness: color attachment 0 not complete: 0x8cd6
10-02 18:26:23.695 18223 18245 E emuglGLESv2_enc: device/generic/goldfish-opengl/system/GLESv2_enc/GL2Encoder.cpp:s_glDrawElementsInstanced:4585 GL error 0x506 condition [ctx->m_state->checkFramebufferCompleteness(GL_FRAMEBUFFER) != GL_FRAMEBUFFER_COMPLETE]
10-02 18:26:24.610 18223 18245 D EGL_emulation: app_time_stats: avg=13.73ms min=9.35ms max=97.86ms count=59
10-02 18:26:25.624 18223 18245 D EGL_emulation: app_time_stats: avg=10.43ms min=9.46ms max=11.25ms count=61
10-02 18:26:26.642 18223 18245 D EGL_emulation: app_time_stats: avg=10.05ms min=9.30ms max=11.26ms count=61
10-02 18:26:27.644 18223 18245 D EGL_emulation: app_time_stats: avg=10.61ms min=9.31ms max=16.83ms count=60
10-02 18:26:28.072 18223 18223 V threaded_app: Pause: 0xb40000753583ecb0
10-02 18:26:28.082 18223 18245 V threaded_app: activityState=14
10-02 18:26:28.097 18223 18223 V threaded_app: WindowFocusChanged: 0xb40000753583ecb0 -- 0
10-02 18:26:28.479 18223 18223 V threaded_app: NativeWindowDestroyed: 0xb40000753583ecb0 -- 0xb4000075c59f0350
10-02 18:26:28.479 18223 18223 V threaded_app: android_app_set_window called
10-02 18:26:28.479 18223 18245 V threaded_app: APP_CMD_TERM_WINDOW
10-02 18:26:28.504 18223 18248 D HostConnection: createUnique: call
10-02 18:26:28.504 18223 18248 D HostConnection: HostConnection::get() New Host Connection established 0xb4000074d5853890, tid 18248
10-02 18:26:28.506 18223 18248 D HostConnection: HostComposition ext ANDROID_EMU_CHECKSUM_HELPER_v1 ANDROID_EMU_native_sync_v2 ANDROID_EMU_native_sync_v3 ANDROID_EMU_native_sync_v4 ANDROID_EMU_dma_v1 ANDROID_EMU_direct_mem ANDROID_EMU_host_composition_v1 ANDROID_EMU_host_composition_v2 ANDROID_EMU_vulkan ANDROID_EMU_deferred_vulkan_commands ANDROID_EMU_vulkan_null_optional_strings ANDROID_EMU_vulkan_create_resources_with_requirements ANDROID_EMU_YUV_Cache ANDROID_EMU_vulkan_ignored_handles ANDROID_EMU_has_shared_slots_host_memory_allocator ANDROID_EMU_vulkan_free_memory_sync ANDROID_EMU_vulkan_shader_float16_int8 ANDROID_EMU_vulkan_async_queue_submit ANDROID_EMU_vulkan_queue_submit_with_commands ANDROID_EMU_sync_buffer_data ANDROID_EMU_vulkan_async_qsri ANDROID_EMU_read_color_buffer_dma ANDROID_EMU_hwc_color_transform GL_OES_EGL_image_external_essl3 GL_OES_vertex_array_object ANDROID_EMU_host_side_tracing ANDROID_EMU_gles_max_version_3_0 
10-02 18:26:28.506 18223 18248 D EGL_emulation: eglMakeCurrent: 0xb4000074d583b7d0: ver 3 0 (tinfo 0x76fbc37180) (first time)
10-02 18:26:28.509 18223 18245 V threaded_app: APP_CMD_TERM_WINDOW
10-02 18:26:28.516 18223 18223 V threaded_app: TrimMemory: 0xb40000753583ecb0 20
10-02 18:26:28.520 18223 18223 V threaded_app: Stop: 0xb40000753583ecb0
10-02 18:26:28.520 18223 18245 V threaded_app: activityState=15
10-02 18:26:28.520 18223 18244 I RustStdoutStderr: [2m2026-10-02T10:26:28.520816Z[0m [33m WARN[0m [2mwinit::platform_impl::android[0m[2m:[0m TODO: forward onStop notification to application
10-02 18:26:28.520 18223 18245 W event /Users/henryliu/.cargo/registry/src/index.crates.io-1949cf8c6b5b557f/winit-0.30.13/src/pTODO: forward onStop notification to application
10-02 18:26:28.521 18223 18223 V threaded_app: SaveInstanceState: 0xb40000753583ecb0
10-02 18:26:28.521 18223 18244 I RustStdoutStderr: [2m2026-10-02T10:26:28.521200Z[0m [33m WARN[0m [2mwinit::platform_impl::android[0m[2m:[0m TODO: forward saveState notification to application
10-02 18:26:28.521 18223 18245 W event /Users/henryliu/.cargo/registry/src/index.crates.io-1949cf8c6b5b557f/winit-0.30.13/src/pTODO: forward saveState notification to application
10-02 18:26:28.521 18223 18245 V threaded_app: APP_CMD_SAVE_STATE
10-02 18:26:29.115 18223 18223 V GameActivity: onImeInsetsChanged from Text Listener
10-02 18:26:29.115 18223 18223 V threaded_app: WindowInsetsChanged: 0xb40000753583ecb0
10-02 18:26:29.115 18223 18245 W event /Users/henryliu/.cargo/registry/src/index.crates.io-1949cf8c6b5b557f/winit-0.30.13/src/pTODO: handle Android InsetsChanged notification
10-02 18:26:29.116 18223 18244 I RustStdoutStderr: [2m2026-10-02T10:26:29.115914Z[0m [33m WARN[0m [2mwinit::platform_impl::android[0m[2m:[0m TODO: handle Android InsetsChanged notification
10-02 18:26:29.116 18223 18223 V GameActivity: onStart_native
10-02 18:26:29.116 18223 18223 V threaded_app: Start: 0xb40000753583ecb0
10-02 18:26:29.117 18223 18245 V threaded_app: activityState=11
10-02 18:26:29.117 18223 18245 W event /Users/henryliu/.cargo/registry/src/index.crates.io-1949cf8c6b5b557f/winit-0.30.13/src/pTODO: forward onStart notification to application
10-02 18:26:29.117 18223 18244 I RustStdoutStderr: [2m2026-10-02T10:26:29.117191Z[0m [33m WARN[0m [2mwinit::platform_impl::android[0m[2m:[0m TODO: forward onStart notification to application
10-02 18:26:29.118 18223 18223 V threaded_app: Resume: 0xb40000753583ecb0
10-02 18:26:29.118 18223 18245 V threaded_app: activityState=12
10-02 18:26:29.135 18223 18223 V GameActivity: onImeInsetsChanged from Text Listener
10-02 18:26:29.135 18223 18223 V threaded_app: WindowInsetsChanged: 0xb40000753583ecb0
10-02 18:26:29.135 18223 18245 W event /Users/henryliu/.cargo/registry/src/index.crates.io-1949cf8c6b5b557f/winit-0.30.13/src/pTODO: handle Android InsetsChanged notification
10-02 18:26:29.135 18223 18244 I RustStdoutStderr: [2m2026-10-02T10:26:29.135385Z[0m [33m WARN[0m [2mwinit::platform_impl::android[0m[2m:[0m TODO: handle Android InsetsChanged notification
10-02 18:26:29.137 18223 18223 V GameActivity: onSurfaceCreated_native
10-02 18:26:29.137 18223 18223 V threaded_app: NativeWindowCreated: 0xb40000753583ecb0 -- 0xb4000075c59f0350
10-02 18:26:29.137 18223 18223 V threaded_app: android_app_set_window called
10-02 18:26:29.138 18223 18245 V threaded_app: APP_CMD_INIT_WINDOW
10-02 18:26:29.138 18223 18223 V threaded_app: NativeWindowRedrawNeeded: 0xb40000753583ecb0 -- 0xb4000075c59f0350
10-02 18:26:29.158 18223 18223 V threaded_app: WindowFocusChanged: 0xb40000753583ecb0 -- 1
10-02 18:26:29.168 18223 18223 V GameActivity: onImeInsetsChanged from Text Listener
10-02 18:26:29.169 18223 18223 V threaded_app: WindowInsetsChanged: 0xb40000753583ecb0
10-02 18:26:29.174 18223 18245 W event /Users/henryliu/.cargo/registry/src/index.crates.io-1949cf8c6b5b557f/winit-0.30.13/src/pTODO: handle Android InsetsChanged notification
10-02 18:26:29.174 18223 18244 I RustStdoutStderr: [2m2026-10-02T10:26:29.174439Z[0m [33m WARN[0m [2mwinit::platform_impl::android[0m[2m:[0m TODO: handle Android InsetsChanged notification
10-02 18:26:29.320 18223 18287 D ProfileInstaller: Installing profile for com.mir2.web3
10-02 18:26:30.208 18223 18245 D EGL_emulation: app_time_stats: avg=12.56ms min=8.27ms max=47.21ms count=61
10-02 18:26:31.224 18223 18245 D EGL_emulation: app_time_stats: avg=10.26ms min=9.31ms max=11.28ms count=61
10-02 18:26:32.241 18223 18245 D EGL_emulation: app_time_stats: avg=10.08ms min=9.14ms max=10.83ms count=61
10-02 18:26:33.250 18223 18245 D EGL_emulation: app_time_stats: avg=10.72ms min=9.07ms max=19.05ms count=60
