--------- beginning of main
10-02 18:26:44.043 18404 18404 I .web3.uiprevie: Late-enabling -Xcheck:jni
10-02 18:26:44.072 18404 18404 D CompatibilityChangeReporter: Compat change id reported: 171979766; UID 10146; state: ENABLED
10-02 18:26:44.108 18404 18404 V GraphicsEnvironment: ANGLE Developer option for 'com.mir2.web3.uipreview' set to: 'default'
10-02 18:26:44.108 18404 18404 V GraphicsEnvironment: Neither updatable production driver nor prerelease driver is supported.
10-02 18:26:44.109 18404 18404 D NetworkSecurityConfig: No Network Security Config specified, using platform default
10-02 18:26:44.109 18404 18404 D NetworkSecurityConfig: No Network Security Config specified, using platform default
10-02 18:26:44.148 18404 18425 D libEGL  : loaded /vendor/lib64/egl/libEGL_emulation.so
10-02 18:26:44.149 18404 18425 D libEGL  : loaded /vendor/lib64/egl/libGLESv1_CM_emulation.so
10-02 18:26:44.151 18404 18425 D libEGL  : loaded /vendor/lib64/egl/libGLESv2_emulation.so
10-02 18:26:44.173 18404 18404 D AppCompatDelegate: Checking for metadata for AppLocalesMetadataHolderService : Service not found
10-02 18:26:44.180 18404 18404 D gti.InputConnection: InputConnection created
10-02 18:26:44.182 18404 18404 D gti.InputConnection: setEditorInfo
10-02 18:26:44.185 18404 18404 W .web3.uiprevie: Accessing hidden method Landroid/view/ViewGroup;->makeOptionalFitsSystemWindows()V (unsupported, reflection, allowed)
10-02 18:26:44.186 18404 18404 I GameActivity: Looking for library libmir2_platform_android.so
10-02 18:26:44.186 18404 18404 I GameActivity: Found library libmir2_platform_android.so. Loading...
10-02 18:26:44.188 18404 18404 D GameActivity: GameActivity_register
10-02 18:26:44.188 18404 18404 V GameActivity: Registering com/google/androidgamesdk/GameActivity's 24 native methods...
10-02 18:26:44.188 18404 18404 D GameActivity: SDK version: 31
10-02 18:26:44.188 18404 18404 I android-activity: Creating: Activity = 0x1696, saved state size = 0
10-02 18:26:44.191 18404 18404 V threaded_app: Creating: 0xb400007535841870
10-02 18:26:44.191 18404 18404 V threaded_app: Callbacks set: 0xb4000075358418c0
10-02 18:26:44.191 18404 18404 V threaded_app: Launching android_app_entry in a thread
10-02 18:26:44.191 18404 18427 V threaded_app: android_app_entry called
10-02 18:26:44.191 18404 18427 V threaded_app: android_app = 0xb400007515843290
10-02 18:26:44.191 18404 18427 V threaded_app: config = 0xb400007485854980
10-02 18:26:44.191 18404 18427 V threaded_app: activity = 0xb400007535841870
10-02 18:26:44.191 18404 18427 V threaded_app: assetmanager = 0xb40000753583d3b0
10-02 18:26:44.191 18404 18427 V threaded_app: Config: mcc=310 mnc=260 lang=en cnt=US orien=2 touch=3 dens=440 keys=2 nav=2 keysHid=1 navHid=0 sdk=31 size=2 long=2 modetype=1 modenight=1
10-02 18:26:44.204 18404 18427 D HostConnection: createUnique: call
10-02 18:26:44.205 18404 18427 D HostConnection: HostConnection::get() New Host Connection established 0xb4000074d583b710, tid 18427
10-02 18:26:44.206 18404 18427 D HostConnection: HostComposition ext ANDROID_EMU_CHECKSUM_HELPER_v1 ANDROID_EMU_native_sync_v2 ANDROID_EMU_native_sync_v3 ANDROID_EMU_native_sync_v4 ANDROID_EMU_dma_v1 ANDROID_EMU_direct_mem ANDROID_EMU_host_composition_v1 ANDROID_EMU_host_composition_v2 ANDROID_EMU_vulkan ANDROID_EMU_deferred_vulkan_commands ANDROID_EMU_vulkan_null_optional_strings ANDROID_EMU_vulkan_create_resources_with_requirements ANDROID_EMU_YUV_Cache ANDROID_EMU_vulkan_ignored_handles ANDROID_EMU_has_shared_slots_host_memory_allocator ANDROID_EMU_vulkan_free_memory_sync ANDROID_EMU_vulkan_shader_float16_int8 ANDROID_EMU_vulkan_async_queue_submit ANDROID_EMU_vulkan_queue_submit_with_commands ANDROID_EMU_sync_buffer_data ANDROID_EMU_vulkan_async_qsri ANDROID_EMU_read_color_buffer_dma ANDROID_EMU_hwc_color_transform GL_OES_EGL_image_external_essl3 GL_OES_vertex_array_object ANDROID_EMU_host_side_tracing ANDROID_EMU_gles_max_version_3_0 
10-02 18:26:44.208 18404 18427 D EGL_emulation: eglCreateContext: 0xb4000074d583bad0: maj 3 min 0 rcv 3
10-02 18:26:44.209 18404 18427 D EGL_emulation: eglMakeCurrent: 0xb4000074d583bad0: ver 3 0 (tinfo 0x76fbc37080) (first time)
10-02 18:26:44.224 18404 18427 I event /Users/henryliu/obelisk/numeron-worktrees/android-shared-sync/mir2-web3/third_party/bevyAdapterInfo { name: "Android Emulator OpenGL ES Translator (Apple M1 Max)", vendor: 4203, device: 0, device_type: IntegratedGpu, device_pci_bus_id: "", driver: "", driver_info: "OpenGL ES 3.0 (4.1 Metal - 89.4)", backend: Gl, subgroup_min_size: 4, subgroup_max_size: 128, transient_saves_memory: false }
10-02 18:26:44.224 18404 18426 I RustStdoutStderr: [2m2026-10-02T10:26:44.224258Z[0m [32m INFO[0m [2mbevy_render::renderer[0m[2m:[0m AdapterInfo { name: "Android Emulator OpenGL ES Translator (Apple M1 Max)", vendor: 4203, device: 0, device_type: IntegratedGpu, device_pci_bus_id: "", driver: "", driver_info: "OpenGL ES 3.0 (4.1 Metal - 89.4)", backend: Gl, subgroup_min_size: 4, subgroup_max_size: 128, transient_saves_memory: false }
10-02 18:26:44.234 18404 18404 V GameActivity: onStart_native
10-02 18:26:44.234 18404 18404 V threaded_app: Start: 0xb400007535841870
10-02 18:26:44.286 18404 18427 I event /Users/henryliu/obelisk/numeron-worktrees/android-shared-sync/mir2-web3/third_party/bevySparse buffer updates disabled. RenderDevice lacks support: max_storage_buffers_per_shader_stage (0) < 3.
10-02 18:26:44.286 18404 18426 I RustStdoutStderr: [2m2026-10-02T10:26:44.286701Z[0m [32m INFO[0m [2mbevy_render::render_resource::sparse_buffer_vec[0m[2m:[0m Sparse buffer updates disabled. RenderDevice lacks support: max_storage_buffers_per_shader_stage (0) < 3.
10-02 18:26:44.286 18404 18427 W event /Users/henryliu/.cargo/registry/src/index.crates.io-1949cf8c6b5b557f/bevy_core_pipeline-OrderIndependentTransparencyPlugin not loaded. GPU lacks support: DownlevelFlags::FRAGMENT_WRITABLE_STORAGE.
10-02 18:26:44.286 18404 18427 W event /Users/henryliu/.cargo/registry/src/index.crates.io-1949cf8c6b5b557f/bevy_core_pipeline-BackgroundMotionVectorsPlugin not loaded. GPU lacks support for required downlevel capability flags: DownlevelFlags(INDEPENDENT_BLEND).
10-02 18:26:44.286 18404 18426 I RustStdoutStderr: [2m2026-10-02T10:26:44.286803Z[0m [33m WARN[0m [2mbevy_core_pipeline::oit::resolve[0m[2m:[0m OrderIndependentTransparencyPlugin not loaded. GPU lacks support: DownlevelFlags::FRAGMENT_WRITABLE_STORAGE.
10-02 18:26:44.286 18404 18426 I RustStdoutStderr: [2m2026-10-02T10:26:44.286832Z[0m [33m WARN[0m [2mbevy_core_pipeline::prepass::background_motion_vectors[0m[2m:[0m BackgroundMotionVectorsPlugin not loaded. GPU lacks support for required downlevel capability flags: DownlevelFlags(INDEPENDENT_BLEND).
10-02 18:26:44.336 18404 18427 I event /Users/henryliu/obelisk/numeron-worktrees/android-shared-sync/mir2-web3/third_party/bevyGPU preprocessing is not supported on this device. Falling back to CPU preprocessing.
10-02 18:26:44.336 18404 18426 I RustStdoutStderr: [2m2026-10-02T10:26:44.335981Z[0m [32m INFO[0m [2mbevy_render::batching::gpu_preprocessing[0m[2m:[0m GPU preprocessing is not supported on this device. Falling back to CPU preprocessing.
10-02 18:26:44.356 18404 18427 V threaded_app: activityState=11
10-02 18:26:44.356 18404 18426 I RustStdoutStderr: [2m2026-10-02T10:26:44.356231Z[0m [33m WARN[0m [2mwinit::platform_impl::android[0m[2m:[0m TODO: forward onStart notification to application
10-02 18:26:44.356 18404 18427 W event /Users/henryliu/.cargo/registry/src/index.crates.io-1949cf8c6b5b557f/winit-0.30.13/src/pTODO: forward onStart notification to application
10-02 18:26:44.357 18404 18404 V threaded_app: Resume: 0xb400007535841870
10-02 18:26:44.357 18404 18427 V threaded_app: activityState=12
10-02 18:26:44.366 18404 18404 V GameActivity: onImeInsetsChanged from Text Listener
10-02 18:26:44.366 18404 18404 V threaded_app: WindowInsetsChanged: 0xb400007535841870
10-02 18:26:44.367 18404 18426 I RustStdoutStderr: [2m2026-10-02T10:26:44.367599Z[0m [33m WARN[0m [2mwinit::platform_impl::android[0m[2m:[0m TODO: handle Android InsetsChanged notification
10-02 18:26:44.367 18404 18427 W event /Users/henryliu/.cargo/registry/src/index.crates.io-1949cf8c6b5b557f/winit-0.30.13/src/pTODO: handle Android InsetsChanged notification
10-02 18:26:44.371 18404 18404 V GameActivity: onImeInsetsChanged from Text Listener
10-02 18:26:44.371 18404 18404 V threaded_app: WindowInsetsChanged: 0xb400007535841870
10-02 18:26:44.371 18404 18426 I RustStdoutStderr: [2m2026-10-02T10:26:44.371579Z[0m [33m WARN[0m [2mwinit::platform_impl::android[0m[2m:[0m TODO: handle Android InsetsChanged notification
10-02 18:26:44.371 18404 18427 W event /Users/henryliu/.cargo/registry/src/index.crates.io-1949cf8c6b5b557f/winit-0.30.13/src/pTODO: handle Android InsetsChanged notification
10-02 18:26:44.371 18404 18423 D HostConnection: createUnique: call
10-02 18:26:44.371 18404 18423 D HostConnection: HostConnection::get() New Host Connection established 0xb4000074d5852b10, tid 18423
10-02 18:26:44.373 18404 18423 D HostConnection: HostComposition ext ANDROID_EMU_CHECKSUM_HELPER_v1 ANDROID_EMU_native_sync_v2 ANDROID_EMU_native_sync_v3 ANDROID_EMU_native_sync_v4 ANDROID_EMU_dma_v1 ANDROID_EMU_direct_mem ANDROID_EMU_host_composition_v1 ANDROID_EMU_host_composition_v2 ANDROID_EMU_vulkan ANDROID_EMU_deferred_vulkan_commands ANDROID_EMU_vulkan_null_optional_strings ANDROID_EMU_vulkan_create_resources_with_requirements ANDROID_EMU_YUV_Cache ANDROID_EMU_vulkan_ignored_handles ANDROID_EMU_has_shared_slots_host_memory_allocator ANDROID_EMU_vulkan_free_memory_sync ANDROID_EMU_vulkan_shader_float16_int8 ANDROID_EMU_vulkan_async_queue_submit ANDROID_EMU_vulkan_queue_submit_with_commands ANDROID_EMU_sync_buffer_data ANDROID_EMU_vulkan_async_qsri ANDROID_EMU_read_color_buffer_dma ANDROID_EMU_hwc_color_transform GL_OES_EGL_image_external_essl3 GL_OES_vertex_array_object ANDROID_EMU_host_side_tracing ANDROID_EMU_gles_max_version_3_0 
10-02 18:26:44.373 18404 18423 W OpenGLRenderer: Failed to choose config with EGL_SWAP_BEHAVIOR_PRESERVED, retrying without...
10-02 18:26:44.373 18404 18423 W OpenGLRenderer: Failed to initialize 101010-2 format, error = EGL_SUCCESS
10-02 18:26:44.374 18404 18423 D EGL_emulation: eglCreateContext: 0xb4000074d5854a90: maj 3 min 0 rcv 3
10-02 18:26:44.375 18404 18423 D EGL_emulation: eglMakeCurrent: 0xb4000074d5854a90: ver 3 0 (tinfo 0x76fbc37100) (first time)
10-02 18:26:44.377 18404 18404 V threaded_app: ContentRectChanged: 0xb400007535841870 -- (0 0) (2340 1080)
10-02 18:26:44.377 18404 18423 I Gralloc4: mapper 4.x is not supported
10-02 18:26:44.377 18404 18426 I RustStdoutStderr: [2m2026-10-02T10:26:44.377890Z[0m [33m WARN[0m [2mwinit::platform_impl::android[0m[2m:[0m TODO: find a way to notify application of content rect change
10-02 18:26:44.377 18404 18427 W event /Users/henryliu/.cargo/registry/src/index.crates.io-1949cf8c6b5b557f/winit-0.30.13/src/pTODO: find a way to notify application of content rect change
10-02 18:26:44.378 18404 18423 D HostConnection: createUnique: call
10-02 18:26:44.378 18404 18423 D HostConnection: HostConnection::get() New Host Connection established 0xb4000074d5853710, tid 18423
10-02 18:26:44.378 18404 18423 D goldfish-address-space: allocate: Ask for block of size 0x100
10-02 18:26:44.378 18404 18423 D goldfish-address-space: allocate: ioctl allocate returned offset 0x1efff8000 size 0x8000
10-02 18:26:44.380 18404 18423 W Gralloc4: allocator 4.x is not supported
10-02 18:26:44.381 18404 18404 V GameActivity: onSurfaceCreated_native
10-02 18:26:44.381 18404 18404 V threaded_app: NativeWindowCreated: 0xb400007535841870 -- 0xb4000075c59f2560
10-02 18:26:44.381 18404 18404 V threaded_app: android_app_set_window called
10-02 18:26:44.383 18404 18423 D HostConnection: HostComposition ext ANDROID_EMU_CHECKSUM_HELPER_v1 ANDROID_EMU_native_sync_v2 ANDROID_EMU_native_sync_v3 ANDROID_EMU_native_sync_v4 ANDROID_EMU_dma_v1 ANDROID_EMU_direct_mem ANDROID_EMU_host_composition_v1 ANDROID_EMU_host_composition_v2 ANDROID_EMU_vulkan ANDROID_EMU_deferred_vulkan_commands ANDROID_EMU_vulkan_null_optional_strings ANDROID_EMU_vulkan_create_resources_with_requirements ANDROID_EMU_YUV_Cache ANDROID_EMU_vulkan_ignored_handles ANDROID_EMU_has_shared_slots_host_memory_allocator ANDROID_EMU_vulkan_free_memory_sync ANDROID_EMU_vulkan_shader_float16_int8 ANDROID_EMU_vulkan_async_queue_submit ANDROID_EMU_vulkan_queue_submit_with_commands ANDROID_EMU_sync_buffer_data ANDROID_EMU_vulkan_async_qsri ANDROID_EMU_read_color_buffer_dma ANDROID_EMU_hwc_color_transform GL_OES_EGL_image_external_essl3 GL_OES_vertex_array_object ANDROID_EMU_host_side_tracing ANDROID_EMU_gles_max_version_3_0 
10-02 18:26:44.383 18404 18427 V threaded_app: APP_CMD_INIT_WINDOW
10-02 18:26:44.383 18404 18426 I RustStdoutStderr: [2m2026-10-02T10:26:44.383799Z[0m [32m INFO[0m [2mbevy_winit::system[0m[2m:[0m Creating new window mir2-web3 (android) (105v0)
10-02 18:26:44.383 18404 18427 I event /Users/henryliu/.cargo/registry/src/index.crates.io-1949cf8c6b5b557f/bevy_winit-0.19.0/sCreating new window mir2-web3 (android) (105v0)
10-02 18:26:44.383 18404 18404 V threaded_app: NativeWindowResized: 0xb400007535841870 -- 0xb4000075c59f2560 ( 2340 x 1080 )
10-02 18:26:44.383 18404 18404 V threaded_app: NativeWindowRedrawNeeded: 0xb400007535841870 -- 0xb4000075c59f2560
10-02 18:26:44.399 18404 18404 V threaded_app: WindowFocusChanged: 0xb400007535841870 -- 1
10-02 18:26:44.413 18404 18404 V GameActivity: onImeInsetsChanged from Text Listener
10-02 18:26:44.413 18404 18404 V threaded_app: WindowInsetsChanged: 0xb400007535841870
10-02 18:26:44.499 18404 18427 I event src/ui_preview.rs:1206: ANDROID_QUEST_PREVIEW_RECEIVED_MODELS_APPLIED_NOT_LIVEscene = "quests-ingress"; count = 1; quest_id = Some(2100004); dialog_open = false;
10-02 18:26:44.499 18404 18426 I RustStdoutStderr: [2m2026-10-02T10:26:44.499443Z[0m [32m INFO[0m [2mmir2_platform_android::ui_preview[0m[2m:[0m ANDROID_QUEST_PREVIEW_RECEIVED_MODELS_APPLIED_NOT_LIVE [3mscene[0m[2m=[0m"quests-ingress" [3mcount[0m[2m=[0m1 [3mquest_id[0m[2m=[0mSome(2100004) [3mdialog_open[0m[2m=[0mfalse
10-02 18:26:44.505 18404 18427 I event src/item_geometry.rs:127: ANDROID_ITEM_GEOMETRY_READYitems = 1003; state_items = 2380; sources = [("original-ui/Items/meta.json", "ec0eca414ac6c34e17a218f0ed4396f30607c2485482f8760af7706acddcedfe"), ("original-ui/StateItem/meta.json", "7d812a76e9a54b1d0535968a8c21ee2064577e7012572daf79b242221ca72e9a")];
10-02 18:26:44.506 18404 18426 I RustStdoutStderr: [2m2026-10-02T10:26:44.505889Z[0m [32m INFO[0m [2mmir2_platform_android::item_geometry[0m[2m:[0m ANDROID_ITEM_GEOMETRY_READY [3mitems[0m[2m=[0m1003 [3mstate_items[0m[2m=[0m2380 [3msources[0m[2m=[0m[("original-ui/Items/meta.json", "ec0eca414ac6c34e17a218f0ed4396f30607c2485482f8760af7706acddcedfe"), ("original-ui/StateItem/meta.json", "7d812a76e9a54b1d0535968a8c21ee2064577e7012572daf79b242221ca72e9a")]
10-02 18:26:44.506 18404 18427 I event src/ui_preview.rs:1370: ANDROID_INVENTORY_INGRESS_OFFLINE queued owner42 bag12 equip2 sourceFrame30
10-02 18:26:44.506 18404 18427 I event src/ui_preview.rs:802: ANDROID_UI_PREVIEW_READY scene=quests-ingress
10-02 18:26:44.506 18404 18426 I RustStdoutStderr: [2m2026-10-02T10:26:44.506184Z[0m [32m INFO[0m [2mmir2_platform_android::ui_preview[0m[2m:[0m ANDROID_INVENTORY_INGRESS_OFFLINE queued owner42 bag12 equip2 sourceFrame30
10-02 18:26:44.506 18404 18426 I RustStdoutStderr: [2m2026-10-02T10:26:44.506254Z[0m [32m INFO[0m [2mmir2_platform_android::ui_preview[0m[2m:[0m ANDROID_UI_PREVIEW_READY scene=quests-ingress
10-02 18:26:44.527 18404 18427 W event /Users/henryliu/.cargo/registry/src/index.crates.io-1949cf8c6b5b557f/winit-0.30.13/src/pTODO: handle Android InsetsChanged notification
10-02 18:26:44.527 18404 18426 I RustStdoutStderr: [2m2026-10-02T10:26:44.527207Z[0m [33m WARN[0m [2mwinit::platform_impl::android[0m[2m:[0m TODO: handle Android InsetsChanged notification
10-02 18:26:44.593 18404 18427 D eglCodecCommon: checkFramebufferAttachmentCompleteness: rbo not color renderable. format: 0x0
10-02 18:26:44.593 18404 18427 D eglCodecCommon: checkFramebufferCompleteness: color attachment 0 not complete: 0x8cd6
10-02 18:26:44.593 18404 18427 E emuglGLESv2_enc: device/generic/goldfish-opengl/system/GLESv2_enc/GL2Encoder.cpp:s_glDrawElementsInstanced:4585 GL error 0x506 condition [ctx->m_state->checkFramebufferCompleteness(GL_FRAMEBUFFER) != GL_FRAMEBUFFER_COMPLETE]
10-02 18:26:44.660 18404 18427 D eglCodecCommon: checkFramebufferAttachmentCompleteness: rbo not color renderable. format: 0x0
10-02 18:26:44.660 18404 18427 D eglCodecCommon: checkFramebufferCompleteness: color attachment 0 not complete: 0x8cd6
10-02 18:26:44.660 18404 18427 E emuglGLESv2_enc: device/generic/goldfish-opengl/system/GLESv2_enc/GL2Encoder.cpp:s_glDrawElementsInstanced:4585 GL error 0x506 condition [ctx->m_state->checkFramebufferCompleteness(GL_FRAMEBUFFER) != GL_FRAMEBUFFER_COMPLETE]
10-02 18:26:44.660 18404 18427 D eglCodecCommon: checkFramebufferAttachmentCompleteness: rbo not color renderable. format: 0x0
10-02 18:26:44.660 18404 18427 D eglCodecCommon: checkFramebufferCompleteness: color attachment 0 not complete: 0x8cd6
10-02 18:26:44.660 18404 18427 E emuglGLESv2_enc: device/generic/goldfish-opengl/system/GLESv2_enc/GL2Encoder.cpp:s_glDrawElementsInstanced:4585 GL error 0x506 condition [ctx->m_state->checkFramebufferCompleteness(GL_FRAMEBUFFER) != GL_FRAMEBUFFER_COMPLETE]
10-02 18:26:44.660 18404 18427 D eglCodecCommon: checkFramebufferAttachmentCompleteness: rbo not color renderable. format: 0x0
10-02 18:26:44.660 18404 18427 D eglCodecCommon: checkFramebufferCompleteness: color attachment 0 not complete: 0x8cd6
10-02 18:26:44.660 18404 18427 E emuglGLESv2_enc: device/generic/goldfish-opengl/system/GLESv2_enc/GL2Encoder.cpp:s_glDrawElementsInstanced:4585 GL error 0x506 condition [ctx->m_state->checkFramebufferCompleteness(GL_FRAMEBUFFER) != GL_FRAMEBUFFER_COMPLETE]
10-02 18:26:44.660 18404 18427 D eglCodecCommon: checkFramebufferAttachmentCompleteness: rbo not color renderable. format: 0x0
10-02 18:26:44.660 18404 18427 D eglCodecCommon: checkFramebufferCompleteness: color attachment 0 not complete: 0x8cd6
10-02 18:26:44.660 18404 18427 E emuglGLESv2_enc: device/generic/goldfish-opengl/system/GLESv2_enc/GL2Encoder.cpp:s_glDrawElementsInstanced:4585 GL error 0x506 condition [ctx->m_state->checkFramebufferCompleteness(GL_FRAMEBUFFER) != GL_FRAMEBUFFER_COMPLETE]
10-02 18:26:44.660 18404 18427 D eglCodecCommon: checkFramebufferAttachmentCompleteness: rbo not color renderable. format: 0x0
10-02 18:26:44.660 18404 18427 D eglCodecCommon: checkFramebufferCompleteness: color attachment 0 not complete: 0x8cd6
10-02 18:26:44.660 18404 18427 E emuglGLESv2_enc: device/generic/goldfish-opengl/system/GLESv2_enc/GL2Encoder.cpp:s_glDrawElementsInstanced:4585 GL error 0x506 condition [ctx->m_state->checkFramebufferCompleteness(GL_FRAMEBUFFER) != GL_FRAMEBUFFER_COMPLETE]
10-02 18:26:44.660 18404 18427 D eglCodecCommon: checkFramebufferAttachmentCompleteness: rbo not color renderable. format: 0x0
10-02 18:26:44.660 18404 18427 D eglCodecCommon: checkFramebufferCompleteness: color attachment 0 not complete: 0x8cd6
10-02 18:26:44.660 18404 18427 E emuglGLESv2_enc: device/generic/goldfish-opengl/system/GLESv2_enc/GL2Encoder.cpp:s_glDrawElementsInstanced:4585 GL error 0x506 condition [ctx->m_state->checkFramebufferCompleteness(GL_FRAMEBUFFER) != GL_FRAMEBUFFER_COMPLETE]
10-02 18:26:44.660 18404 18427 D eglCodecCommon: checkFramebufferAttachmentCompleteness: rbo not color renderable. format: 0x0
10-02 18:26:44.660 18404 18427 D eglCodecCommon: checkFramebufferCompleteness: color attachment 0 not complete: 0x8cd6
10-02 18:26:44.660 18404 18427 E emuglGLESv2_enc: device/generic/goldfish-opengl/system/GLESv2_enc/GL2Encoder.cpp:s_glDrawElementsInstanced:4585 GL error 0x506 condition [ctx->m_state->checkFramebufferCompleteness(GL_FRAMEBUFFER) != GL_FRAMEBUFFER_COMPLETE]
10-02 18:26:45.609 18404 18427 D EGL_emulation: app_time_stats: avg=16.13ms min=10.66ms max=145.33ms count=57
10-02 18:26:46.089 18404 18430 I event src/phone_hud.rs:173: ANDROID_PHONE_TEXT_LAYOUTfont = TextFont { font: SystemUi, font_size: Px(23.466667), weight: FontWeight(400), width: FontWidth(1.0), style: Normal, font_smoothing: AntiAliased, font_features: FontFeatures { features: [] }, font_variations: FontVariations { variations: [] } }; color = TextColor(Srgba(Srgba { red: 0.98, green: 0.91, blue: 0.76, alpha: 1.0 })); glyph_masks = [true, true, true, true, true, true, true, true, true, true, true, true, true];
10-02 18:26:46.089 18404 18430 I event src/phone_hud.rs:173: ANDROID_PHONE_TEXT_LAYOUTfont = TextFont { font: SystemUi, font_size: Px(23.466667), weight: FontWeight(400), width: FontWidth(1.0), style: Normal, font_smoothing: AntiAliased, font_features: FontFeatures { features: [] }, font_variations: FontVariations { variations: [] } }; color = TextColor(Srgba(Srgba { red: 0.96, green: 0.85, blue: 0.61, alpha: 1.0 })); glyph_masks = [true, true, true];
10-02 18:26:46.089 18404 18430 I event src/phone_hud.rs:173: ANDROID_PHONE_TEXT_LAYOUTfont = TextFont { font: SystemUi, font_size: Px(23.466667), weight: FontWeight(400), width: FontWidth(1.0), style: Normal, font_smoothing: AntiAliased, font_features: FontFeatures { features: [] }, font_variations: FontVariations { variations: [] } }; color = TextColor(Srgba(Srgba { red: 0.96, green: 0.85, blue: 0.61, alpha: 1.0 })); glyph_masks = [true, true, true];
10-02 18:26:46.089 18404 18430 I event src/phone_hud.rs:173: ANDROID_PHONE_TEXT_LAYOUTfont = TextFont { font: SystemUi, font_size: Px(23.466667), weight: FontWeight(400), width: FontWidth(1.0), style: Normal, font_smoothing: AntiAliased, font_features: FontFeatures { features: [] }, font_variations: FontVariations { variations: [] } }; color = TextColor(Srgba(Srgba { red: 0.96, green: 0.85, blue: 0.61, alpha: 1.0 })); glyph_masks = [true, true, true, true, true];
10-02 18:26:46.089 18404 18430 I event src/phone_hud.rs:173: ANDROID_PHONE_TEXT_LAYOUTfont = TextFont { font: SystemUi, font_size: Px(23.466667), weight: FontWeight(400), width: FontWidth(1.0), style: Normal, font_smoothing: AntiAliased, font_features: FontFeatures { features: [] }, font_variations: FontVariations { variations: [] } }; color = TextColor(Srgba(Srgba { red: 0.96, green: 0.85, blue: 0.61, alpha: 1.0 })); glyph_masks = [true, true, true, true, true, true, true];
10-02 18:26:46.089 18404 18430 I event src/phone_hud.rs:173: ANDROID_PHONE_TEXT_LAYOUTfont = TextFont { font: SystemUi, font_size: Px(23.466667), weight: FontWeight(400), width: FontWidth(1.0), style: Normal, font_smoothing: AntiAliased, font_features: FontFeatures { features: [] }, font_variations: FontVariations { variations: [] } }; color = TextColor(Srgba(Srgba { red: 0.96, green: 0.85, blue: 0.61, alpha: 1.0 })); glyph_masks = [true, true, true, true, true];
10-02 18:26:46.089 18404 18430 I event src/phone_hud.rs:173: ANDROID_PHONE_TEXT_LAYOUTfont = TextFont { font: SystemUi, font_size: Px(23.466667), weight: FontWeight(400), width: FontWidth(1.0), style: Normal, font_smoothing: AntiAliased, font_features: FontFeatures { features: [] }, font_variations: FontVariations { variations: [] } }; color = TextColor(Srgba(Srgba { red: 0.96, green: 0.85, blue: 0.61, alpha: 1.0 })); glyph_masks = [true, true, true, true, true, true];
10-02 18:26:46.089 18404 18430 I event src/phone_hud.rs:173: ANDROID_PHONE_TEXT_LAYOUTfont = TextFont { font: SystemUi, font_size: Px(23.466667), weight: FontWeight(400), width: FontWidth(1.0), style: Normal, font_smoothing: AntiAliased, font_features: FontFeatures { features: [] }, font_variations: FontVariations { variations: [] } }; color = TextColor(Srgba(Srgba { red: 0.96, green: 0.85, blue: 0.61, alpha: 1.0 })); glyph_masks = [true, true, true, true, true];
10-02 18:26:46.089 18404 18430 I event src/phone_hud.rs:173: ANDROID_PHONE_TEXT_LAYOUTfont = TextFont { font: SystemUi, font_size: Px(23.466667), weight: FontWeight(400), width: FontWidth(1.0), style: Normal, font_smoothing: AntiAliased, font_features: FontFeatures { features: [] }, font_variations: FontVariations { variations: [] } }; color = TextColor(Srgba(Srgba { red: 0.96, green: 0.85, blue: 0.61, alpha: 1.0 })); glyph_masks = [true, true, true, true, true];
10-02 18:26:46.089 18404 18426 I RustStdoutStderr: [2m2026-10-02T10:26:46.089093Z[0m [32m INFO[0m [2mmir2_platform_android::phone_hud[0m[2m:[0m ANDROID_PHONE_TEXT_LAYOUT [3mfont[0m[2m=[0mTextFont { font: SystemUi, font_size: Px(23.466667), weight: FontWeight(400), width: FontWidth(1.0), style: Normal, font_smoothing: AntiAliased, font_features: FontFeatures { features: [] }, font_variations: FontVariations { variations: [] } } [3mcolor[0m[2m=[0mTextColor(Srgba(Srgba { red: 0.98, green: 0.91, blue: 0.76, alpha: 1.0 })) [3mglyph_masks[0m[2m=[0m[true, true, true, true, true, true, true, true, true, true, true, true, true]
10-02 18:26:46.089 18404 18426 I RustStdoutStderr: [2m2026-10-02T10:26:46.089139Z[0m [32m INFO[0m [2mmir2_platform_android::phone_quests[0m[2m:[0m ANDROID_PHONE_QUEST_TEXT [3mtext[0m[2m=[0m"任务日志" [3mfont_dp[0m[2m=[0m16.0 [3mglyphs[0m[2m=[0m4 [3malpha_masks[0m[2m=[0m4
10-02 18:26:46.089 18404 18426 I RustStdoutStderr: [2m2026-10-02T10:26:46.089239Z[0m [32m INFO[0m [2mmir2_platform_android::phone_hud[0m[2m:[0m ANDROID_PHONE_TEXT_LAYOUT [3mfont[0m[2m=[0mTextFont { font: SystemUi, font_size: Px(23.466667), weight: FontWeight(400), width: FontWidth(1.0), style: Normal, font_smoothing: AntiAliased, font_features: FontFeatures { features: [] }, font_variations: FontVariations { variations: [] } } [3mcolor[0m[2m=[0mTextColor(Srgba(Srgba { red: 0.96, green: 0.85, blue: 0.61, alpha: 1.0 })) [3mglyph_masks[0m[2m=[0m[true, true, true]
10-02 18:26:46.089 18404 18426 I RustStdoutStderr: [2m2026-10-02T10:26:46.089254Z[0m [32m INFO[0m [2mmir2_platform_android::phone_hud[0m[2m:[0m ANDROID_PHONE_TEXT_LAYOUT [3mfont[0m[2m=[0mTextFont { font: SystemUi, font_size: Px(23.466667), weight: FontWeight(400), width: FontWidth(1.0), style: Normal, font_smoothing: AntiAliased, font_features: FontFeatures { features: [] }, font_variations: FontVariations { variations: [] } } [3mcolor[0m[2m=[0mTextColor(Srgba(Srgba { red: 0.96, green: 0.85, blue: 0.61, alpha: 1.0 })) [3mglyph_masks[0m[2m=[0m[true, true, true]
10-02 18:26:46.089 18404 18426 I RustStdoutStderr: [2m2026-10-02T10:26:46.089260Z[0m [32m INFO[0m [2mmir2_platform_android::phone_hud[0m[2m:[0m ANDROID_PHONE_TEXT_LAYOUT [3mfont[0m[2m=[0mTextFont { font: SystemUi, font_size: Px(23.466667), weight: FontWeight(400), width: FontWidth(1.0), style: Normal, font_smoothing: AntiAliased, font_features: FontFeatures { features: [] }, font_variations: FontVariations { variations: [] } } [3mcolor[0m[2m=[0mTextColor(Srgba(Srgba { red: 0.96, green: 0.85, blue: 0.61, alpha: 1.0 })) [3mglyph_masks[0m[2m=[0m[true, true, true, true, true]
10-02 18:26:46.089 18404 18426 I RustStdoutStderr: [2m2026-10-02T10:26:46.089265Z[0m [32m INFO[0m [2mmir2_platform_android::phone_hud[0m[2m:[0m ANDROID_PHONE_TEXT_LAYOUT [3mfont[0m[2m=[0mTextFont { font: SystemUi, font_size: Px(23.466667), weight: FontWeight(400), width: FontWidth(1.0), style: Normal, font_smoothing: AntiAliased, font_features: FontFeatures { features: [] }, font_variations: FontVariations { variations: [] } } [3mcolor[0m[2m=[0mTextColor(Srgba(Srgba { red: 0.96, green: 0.85, blue: 0.61, alpha: 1.0 })) [3mglyph_masks[0m[2m=[0m[true, true, true, true, true, true, true]
10-02 18:26:46.089 18404 18426 I RustStdoutStderr: [2m2026-10-02T10:26:46.089270Z[0m [32m INFO[0m [2mmir2_platform_android::phone_hud[0m[2m:[0m ANDROID_PHONE_TEXT_LAYOUT [3mfont[0m[2m=[0mTextFont { font: SystemUi, font_size: Px(23.466667), weight: FontWeight(400), width: FontWidth(1.0), style: Normal, font_smoothing: AntiAliased, font_features: FontFeatures { features: [] }, font_variations: FontVariations { variations: [] } } [3mcolor[0m[2m=[0mTextColor(Srgba(Srgba { red: 0.96, green: 0.85, blue: 0.61, alpha: 1.0 })) [3mglyph_masks[0m[2m=[0m[true, true, true, true, true]
10-02 18:26:46.089 18404 18426 I RustStdoutStderr: [2m2026-10-02T10:26:46.089275Z[0m [32m INFO[0m [2mmir2_platform_android::phone_hud[0m[2m:[0m ANDROID_PHONE_TEXT_LAYOUT [3mfont[0m[2m=[0mTextFont { font: SystemUi, font_size: Px(23.466667), weight: FontWeight(400), width: FontWidth(1.0), style: Normal, font_smoothing: AntiAliased, font_features: FontFeatures { features: [] }, font_variations: FontVariations { variations: [] } } [3mcolor[0m[2m=[0mTextColor(Srgba(Srgba { red: 0.96, green: 0.85, blue: 0.61, alpha: 1.0 })) [3mglyph_masks[0m[2m=[0m[true, true, true, true, true, true]
10-02 18:26:46.089 18404 18426 I RustStdoutStderr: [2m2026-10-02T10:26:46.089281Z[0m [32m INFO[0m [2mmir2_platform_android::phone_hud[0m[2m:[0m ANDROID_PHONE_TEXT_LAYOUT [3mfont[0m[2m=[0mTextFont { font: SystemUi, font_size: Px(23.466667), weight: FontWeight(400), width: FontWidth(1.0), style: Normal, font_smoothing: AntiAliased, font_features: FontFeatures { features: [] }, font_variations: FontVariations { variations: [] } } [3mcolor[0m[2m=[0mTextColor(Srgba(Srgba { red: 0.96, green: 0.85, blue: 0.61, alpha: 1.0 })) [3mglyph_masks[0m[2m=[0m[true, true, true, true, true]
10-02 18:26:46.089 18404 18426 I RustStdoutStderr: [2m2026-10-02T10:26:46.089285Z[0m [32m INFO[0m [2mmir2_platform_android::phone_hud[0m[2m:[0m ANDROID_PHONE_TEXT_LAYOUT [3mfont[0m[2m=[0mTextFont { font: SystemUi, font_size: Px(23.466667), weight: FontWeight(400), width: FontWidth(1.0), style: Normal, font_smoothing: AntiAliased, font_features: FontFeatures { features: [] }, font_variations: FontVariations { variations: [] } } [3mcolor[0m[2m=[0mTextColor(Srgba(Srgba { red: 0.96, green: 0.85, blue: 0.61, alpha: 1.0 })) [3mglyph_masks[0m[2m=[0m[true, true, true, true, true]
10-02 18:26:46.089 18404 18426 I RustStdoutStderr: [2m2026-10-02T10:26:46.089290Z[0m [32m INFO[0m [2mmir2_platform_android::phone_hud[0m[2m:[0m ANDROID_PHONE_TEXT_LAYOUT [3mfont[0m[2m=[0mTextFont { font: SystemUi, font_size: Px(23.466667), weight: FontWeight(400), width: FontWidth(1.0), style: Normal, font_smoothing: AntiAliased, font_features: FontFeatures { features: [] }, font_variations: FontVariations { variations: [] } } [3mcolor[0m[2m=[0mTextColor(Srgba(Srgba { red: 0.96, green: 0.85, blue: 0.61, alpha: 1.0 })) [3mglyph_masks[0m[2m=[0m[true, true, true, true, true]
10-02 18:26:46.089 18404 18430 I event src/phone_hud.rs:173: ANDROID_PHONE_TEXT_LAYOUTfont = TextFont { font: SystemUi, font_size: Px(23.466667), weight: FontWeight(400), width: FontWidth(1.0), style: Normal, font_smoothing: AntiAliased, font_features: FontFeatures { features: [] }, font_variations: FontVariations { variations: [] } }; color = TextColor(Srgba(Srgba { red: 0.96, green: 0.85, blue: 0.61, alpha: 1.0 })); glyph_masks = [true, true, true, true, true];
10-02 18:26:46.089 18404 18430 I event src/phone_hud.rs:173: ANDROID_PHONE_TEXT_LAYOUTfont = TextFont { font: SystemUi, font_size: Px(23.466667), weight: FontWeight(400), width: FontWidth(1.0), style: Normal, font_smoothing: AntiAliased, font_features: FontFeatures { features: [] }, font_variations: FontVariations { variations: [] } }; color = TextColor(Srgba(Srgba { red: 0.96, green: 0.85, blue: 0.61, alpha: 1.0 })); glyph_masks = [true, true, true, true];
10-02 18:26:46.089 18404 18430 I event src/phone_hud.rs:173: ANDROID_PHONE_TEXT_LAYOUTfont = TextFont { font: SystemUi, font_size: Px(23.466667), weight: FontWeight(400), width: FontWidth(1.0), style: Normal, font_smoothing: AntiAliased, font_features: FontFeatures { features: [] }, font_variations: FontVariations { variations: [] } }; color = TextColor(Srgba(Srgba { red: 0.96, green: 0.85, blue: 0.61, alpha: 1.0 })); glyph_masks = [true, true];
10-02 18:26:46.089 18404 18430 I event src/phone_hud.rs:173: ANDROID_PHONE_TEXT_LAYOUTfont = TextFont { font: SystemUi, font_size: Px(23.466667), weight: FontWeight(400), width: FontWidth(1.0), style: Normal, font_smoothing: AntiAliased, font_features: FontFeatures { features: [] }, font_variations: FontVariations { variations: [] } }; color = TextColor(Srgba(Srgba { red: 0.96, green: 0.85, blue: 0.61, alpha: 1.0 })); glyph_masks = [true, true, true, true];
10-02 18:26:46.089 18404 18426 I RustStdoutStderr: [2m2026-10-02T10:26:46.089443Z[0m [32m INFO[0m [2mmir2_platform_android::phone_hud[0m[2m:[0m ANDROID_PHONE_TEXT_LAYOUT [3mfont[0m[2m=[0mTextFont { font: SystemUi, font_size: Px(23.466667), weight: FontWeight(400), width: FontWidth(1.0), style: Normal, font_smoothing: AntiAliased, font_features: FontFeatures { features: [] }, font_variations: FontVariations { variations: [] } } [3mcolor[0m[2m=[0mTextColor(Srgba(Srgba { red: 0.96, green: 0.85, blue: 0.61, alpha: 1.0 })) [3mglyph_masks[0m[2m=[0m[true, true, true, true]
10-02 18:26:46.089 18404 18426 I RustStdoutStderr: [2m2026-10-02T10:26:46.089713Z[0m [32m INFO[0m [2mmir2_platform_android::phone_hud[0m[2m:[0m ANDROID_PHONE_TEXT_LAYOUT [3mfont[0m[2m=[0mTextFont { font: SystemUi, font_size: Px(23.466667), weight: FontWeight(400), width: FontWidth(1.0), style: Normal, font_smoothing: AntiAliased, font_features: FontFeatures { features: [] }, font_variations: FontVariations { variations: [] } } [3mcolor[0m[2m=[0mTextColor(Srgba(Srgba { red: 0.96, green: 0.85, blue: 0.61, alpha: 1.0 })) [3mglyph_masks[0m[2m=[0m[true, true]
10-02 18:26:46.089 18404 18426 I RustStdoutStderr: [2m2026-10-02T10:26:46.089726Z[0m [32m INFO[0m [2mmir2_platform_android::phone_hud[0m[2m:[0m ANDROID_PHONE_TEXT_LAYOUT [3mfont[0m[2m=[0mTextFont { font: SystemUi, font_size: Px(23.466667), weight: FontWeight(400), width: FontWidth(1.0), style: Normal, font_smoothing: AntiAliased, font_features: FontFeatures { features: [] }, font_variations: FontVariations { variations: [] } } [3mcolor[0m[2m=[0mTextColor(Srgba(Srgba { red: 0.96, green: 0.85, blue: 0.61, alpha: 1.0 })) [3mglyph_masks[0m[2m=[0m[true, true, true, true]
10-02 18:26:46.089 18404 18431 I event src/phone_quests.rs:95: ANDROID_PHONE_QUEST_TEXTtext = "任务日志"; font_dp = 16.0; glyphs = 4; alpha_masks = 4;
10-02 18:26:46.089 18404 18431 I event src/phone_quests.rs:95: ANDROID_PHONE_QUEST_TEXTtext = "×"; font_dp = 13.999999046325684; glyphs = 1; alpha_masks = 1;
10-02 18:26:46.089 18404 18431 I event src/phone_quests.rs:95: ANDROID_PHONE_QUEST_TEXTtext = "任务列表: 1/20"; font_dp = 13.999999046325684; glyphs = 10; alpha_masks = 10;
10-02 18:26:46.089 18404 18431 I event src/phone_quests.rs:95: ANDROID_PHONE_QUEST_TEXTtext = "− Daily"; font_dp = 13.999999046325684; glyphs = 7; alpha_masks = 7;
10-02 18:26:46.089 18404 18431 I event src/phone_quests.rs:95: ANDROID_PHONE_QUEST_TEXTtext = "OFFLINE RECEIVED DAILY QUEST · 可交付\n0级 · Daily"; font_dp = 13.999999046325684; glyphs = 44; alpha_masks = 44;
10-02 18:26:46.089 18404 18431 I event src/phone_quests.rs:95: ANDROID_PHONE_QUEST_TEXTtext = "跟踪"; font_dp = 13.999999046325684; glyphs = 2; alpha_masks = 2;
10-02 18:26:46.089 18404 18431 I event src/phone_quests.rs:95: ANDROID_PHONE_QUEST_TEXTtext = "▲"; font_dp = 13.999999046325684; glyphs = 1; alpha_masks = 1;
10-02 18:26:46.089 18404 18431 I event src/phone_quests.rs:95: ANDROID_PHONE_QUEST_TEXTtext = "▼"; font_dp = 13.999999046325684; glyphs = 1; alpha_masks = 1;
10-02 18:26:46.089 18404 18431 I event src/phone_quests.rs:100: ANDROID_PHONE_QUEST_CONTROLsize_dp = Vec2(375.63635, 51.636364); center_dp = Vec2(493.27267, 193.09091);
10-02 18:26:46.089 18404 18431 I event src/phone_quests.rs:100: ANDROID_PHONE_QUEST_CONTROLsize_dp = Vec2(48.0, 48.0); center_dp = Vec2(665.0909, 47.999977);
10-02 18:26:46.089 18404 18431 I event src/phone_quests.rs:100: ANDROID_PHONE_QUEST_CONTROLsize_dp = Vec2(375.63635, 48.0); center_dp = Vec2(493.27267, 135.27272);
10-02 18:26:46.089 18404 18431 I event src/phone_quests.rs:100: ANDROID_PHONE_QUEST_CONTROLsize_dp = Vec2(375.63635, 48.0); center_dp = Vec2(493.27267, 251.27272);
10-02 18:26:46.089 18404 18431 I event src/phone_quests.rs:100: ANDROID_PHONE_QUEST_CONTROLsize_dp = Vec2(192.0, 48.0); center_dp = Vec2(393.4545, 344.7273);
10-02 18:26:46.089 18404 18431 I event src/phone_quests.rs:100: ANDROID_PHONE_QUEST_CONTROLsize_dp = Vec2(191.63637, 48.0); center_dp = Vec2(593.2727, 344.7273);
10-02 18:26:46.089 18404 18431 I event src/phone_quests.rs:104: ANDROID_PHONE_QUEST_SCROLLsize_dp = Vec2(391.63635, 236.36363); content_dp = Vec2(391.63635, 236.36363); offset = Vec2(0.0, 0.0);
10-02 18:26:46.090 18404 18426 I RustStdoutStderr: [2m2026-10-02T10:26:46.089911Z[0m [32m INFO[0m [2mmir2_platform_android::phone_quests[0m[2m:[0m ANDROID_PHONE_QUEST_TEXT [3mtext[0m[2m=[0m"×" [3mfont_dp[0m[2m=[0m13.999999046325684 [3mglyphs[0m[2m=[0m1 [3malpha_masks[0m[2m=[0m1
10-02 18:26:46.090 18404 18426 I RustStdoutStderr: [2m2026-10-02T10:26:46.089935Z[0m [32m INFO[0m [2mmir2_platform_android::phone_quests[0m[2m:[0m ANDROID_PHONE_QUEST_TEXT [3mtext[0m[2m=[0m"任务列表: 1/20" [3mfont_dp[0m[2m=[0m13.999999046325684 [3mglyphs[0m[2m=[0m10 [3malpha_masks[0m[2m=[0m10
10-02 18:26:46.090 18404 18426 I RustStdoutStderr: [2m2026-10-02T10:26:46.089942Z[0m [32m INFO[0m [2mmir2_platform_android::phone_quests[0m[2m:[0m ANDROID_PHONE_QUEST_TEXT [3mtext[0m[2m=[0m"− Daily" [3mfont_dp[0m[2m=[0m13.999999046325684 [3mglyphs[0m[2m=[0m7 [3malpha_masks[0m[2m=[0m7
10-02 18:26:46.090 18404 18426 I RustStdoutStderr: [2m2026-10-02T10:26:46.089946Z[0m [32m INFO[0m [2mmir2_platform_android::phone_quests[0m[2m:[0m ANDROID_PHONE_QUEST_TEXT [3mtext[0m[2m=[0m"OFFLINE RECEIVED DAILY QUEST · 可交付\n0级 · Daily" [3mfont_dp[0m[2m=[0m13.999999046325684 [3mglyphs[0m[2m=[0m44 [3malpha_masks[0m[2m=[0m44
10-02 18:26:46.090 18404 18426 I RustStdoutStderr: [2m2026-10-02T10:26:46.089951Z[0m [32m INFO[0m [2mmir2_platform_android::phone_quests[0m[2m:[0m ANDROID_PHONE_QUEST_TEXT [3mtext[0m[2m=[0m"跟踪" [3mfont_dp[0m[2m=[0m13.999999046325684 [3mglyphs[0m[2m=[0m2 [3malpha_masks[0m[2m=[0m2
10-02 18:26:46.090 18404 18426 I RustStdoutStderr: [2m2026-10-02T10:26:46.089955Z[0m [32m INFO[0m [2mmir2_platform_android::phone_quests[0m[2m:[0m ANDROID_PHONE_QUEST_TEXT [3mtext[0m[2m=[0m"▲" [3mfont_dp[0m[2m=[0m13.999999046325684 [3mglyphs[0m[2m=[0m1 [3malpha_masks[0m[2m=[0m1
10-02 18:26:46.090 18404 18426 I RustStdoutStderr: [2m2026-10-02T10:26:46.089959Z[0m [32m INFO[0m [2mmir2_platform_android::phone_quests[0m[2m:[0m ANDROID_PHONE_QUEST_TEXT [3mtext[0m[2m=[0m"▼" [3mfont_dp[0m[2m=[0m13.999999046325684 [3mglyphs[0m[2m=[0m1 [3malpha_masks[0m[2m=[0m1
10-02 18:26:46.090 18404 18426 I RustStdoutStderr: [2m2026-10-02T10:26:46.089963Z[0m [32m INFO[0m [2mmir2_platform_android::phone_quests[0m[2m:[0m ANDROID_PHONE_QUEST_CONTROL [3msize_dp[0m[2m=[0mVec2(375.63635, 51.636364) [3mcenter_dp[0m[2m=[0mVec2(493.27267, 193.09091)
10-02 18:26:46.090 18404 18426 I RustStdoutStderr: [2m2026-10-02T10:26:46.089968Z[0m [32m INFO[0m [2mmir2_platform_android::phone_quests[0m[2m:[0m ANDROID_PHONE_QUEST_CONTROL [3msize_dp[0m[2m=[0mVec2(48.0, 48.0) [3mcenter_dp[0m[2m=[0mVec2(665.0909, 47.999977)
10-02 18:26:46.090 18404 18426 I RustStdoutStderr: [2m2026-10-02T10:26:46.089972Z[0m [32m INFO[0m [2mmir2_platform_android::phone_quests[0m[2m:[0m ANDROID_PHONE_QUEST_CONTROL [3msize_dp[0m[2m=[0mVec2(375.63635, 48.0) [3mcenter_dp[0m[2m=[0mVec2(493.27267, 135.27272)
10-02 18:26:46.090 18404 18426 I RustStdoutStderr: [2m2026-10-02T10:26:46.089975Z[0m [32m INFO[0m [2mmir2_platform_android::phone_quests[0m[2m:[0m ANDROID_PHONE_QUEST_CONTROL [3msize_dp[0m[2m=[0mVec2(375.63635, 48.0) [3mcenter_dp[0m[2m=[0mVec2(493.27267, 251.27272)
10-02 18:26:46.090 18404 18426 I RustStdoutStderr: [2m2026-10-02T10:26:46.089979Z[0m [32m INFO[0m [2mmir2_platform_android::phone_quests[0m[2m:[0m ANDROID_PHONE_QUEST_CONTROL [3msize_dp[0m[2m=[0mVec2(192.0, 48.0) [3mcenter_dp[0m[2m=[0mVec2(393.4545, 344.7273)
10-02 18:26:46.090 18404 18426 I RustStdoutStderr: [2m2026-10-02T10:26:46.089983Z[0m [32m INFO[0m [2mmir2_platform_android::phone_quests[0m[2m:[0m ANDROID_PHONE_QUEST_CONTROL [3msize_dp[0m[2m=[0mVec2(191.63637, 48.0) [3mcenter_dp[0m[2m=[0mVec2(593.2727, 344.7273)
10-02 18:26:46.090 18404 18426 I RustStdoutStderr: [2m2026-10-02T10:26:46.089986Z[0m [32m INFO[0m [2mmir2_platform_android::phone_quests[0m[2m:[0m ANDROID_PHONE_QUEST_SCROLL [3msize_dp[0m[2m=[0mVec2(391.63635, 236.36363) [3mcontent_dp[0m[2m=[0mVec2(391.63635, 236.36363) [3moffset[0m[2m=[0mVec2(0.0, 0.0)
10-02 18:26:46.627 18404 18427 D EGL_emulation: app_time_stats: avg=11.18ms min=10.36ms max=13.20ms count=61
10-02 18:26:47.642 18404 18427 D EGL_emulation: app_time_stats: avg=11.25ms min=10.33ms max=12.53ms count=61
10-02 18:26:48.641 18404 18404 V threaded_app: Pause: 0xb400007535841870
10-02 18:26:48.646 18404 18427 D EGL_emulation: app_time_stats: avg=11.71ms min=10.31ms max=19.57ms count=60
10-02 18:26:48.652 18404 18427 V threaded_app: activityState=14
10-02 18:26:48.665 18404 18404 V threaded_app: WindowFocusChanged: 0xb400007535841870 -- 0
10-02 18:26:49.049 18404 18404 V threaded_app: NativeWindowDestroyed: 0xb400007535841870 -- 0xb4000075c59f2560
10-02 18:26:49.049 18404 18404 V threaded_app: android_app_set_window called
10-02 18:26:49.049 18404 18427 V threaded_app: APP_CMD_TERM_WINDOW
10-02 18:26:49.058 18404 18431 D HostConnection: createUnique: call
10-02 18:26:49.058 18404 18431 D HostConnection: HostConnection::get() New Host Connection established 0xb4000074d5875fd0, tid 18431
10-02 18:26:49.060 18404 18431 D HostConnection: HostComposition ext ANDROID_EMU_CHECKSUM_HELPER_v1 ANDROID_EMU_native_sync_v2 ANDROID_EMU_native_sync_v3 ANDROID_EMU_native_sync_v4 ANDROID_EMU_dma_v1 ANDROID_EMU_direct_mem ANDROID_EMU_host_composition_v1 ANDROID_EMU_host_composition_v2 ANDROID_EMU_vulkan ANDROID_EMU_deferred_vulkan_commands ANDROID_EMU_vulkan_null_optional_strings ANDROID_EMU_vulkan_create_resources_with_requirements ANDROID_EMU_YUV_Cache ANDROID_EMU_vulkan_ignored_handles ANDROID_EMU_has_shared_slots_host_memory_allocator ANDROID_EMU_vulkan_free_memory_sync ANDROID_EMU_vulkan_shader_float16_int8 ANDROID_EMU_vulkan_async_queue_submit ANDROID_EMU_vulkan_queue_submit_with_commands ANDROID_EMU_sync_buffer_data ANDROID_EMU_vulkan_async_qsri ANDROID_EMU_read_color_buffer_dma ANDROID_EMU_hwc_color_transform GL_OES_EGL_image_external_essl3 GL_OES_vertex_array_object ANDROID_EMU_host_side_tracing ANDROID_EMU_gles_max_version_3_0 
10-02 18:26:49.060 18404 18431 D EGL_emulation: eglMakeCurrent: 0xb4000074d583bad0: ver 3 0 (tinfo 0x76fbc37180) (first time)
10-02 18:26:49.066 18404 18427 V threaded_app: APP_CMD_TERM_WINDOW
10-02 18:26:49.071 18404 18404 V threaded_app: TrimMemory: 0xb400007535841870 20
10-02 18:26:49.075 18404 18404 V threaded_app: Stop: 0xb400007535841870
10-02 18:26:49.075 18404 18427 V threaded_app: activityState=15
10-02 18:26:49.075 18404 18427 W event /Users/henryliu/.cargo/registry/src/index.crates.io-1949cf8c6b5b557f/winit-0.30.13/src/pTODO: forward onStop notification to application
10-02 18:26:49.075 18404 18426 I RustStdoutStderr: [2m2026-10-02T10:26:49.075403Z[0m [33m WARN[0m [2mwinit::platform_impl::android[0m[2m:[0m TODO: forward onStop notification to application
10-02 18:26:49.075 18404 18404 V threaded_app: SaveInstanceState: 0xb400007535841870
10-02 18:26:49.075 18404 18427 W event /Users/henryliu/.cargo/registry/src/index.crates.io-1949cf8c6b5b557f/winit-0.30.13/src/pTODO: forward saveState notification to application
10-02 18:26:49.075 18404 18427 V threaded_app: APP_CMD_SAVE_STATE
10-02 18:26:49.075 18404 18426 I RustStdoutStderr: [2m2026-10-02T10:26:49.075847Z[0m [33m WARN[0m [2mwinit::platform_impl::android[0m[2m:[0m TODO: forward saveState notification to application
10-02 18:26:49.682 18404 18404 V GameActivity: onImeInsetsChanged from Text Listener
10-02 18:26:49.683 18404 18404 V threaded_app: WindowInsetsChanged: 0xb400007535841870
10-02 18:26:49.683 18404 18427 W event /Users/henryliu/.cargo/registry/src/index.crates.io-1949cf8c6b5b557f/winit-0.30.13/src/pTODO: handle Android InsetsChanged notification
10-02 18:26:49.683 18404 18426 I RustStdoutStderr: [2m2026-10-02T10:26:49.683354Z[0m [33m WARN[0m [2mwinit::platform_impl::android[0m[2m:[0m TODO: handle Android InsetsChanged notification
10-02 18:26:49.684 18404 18404 V GameActivity: onStart_native
10-02 18:26:49.684 18404 18404 V threaded_app: Start: 0xb400007535841870
10-02 18:26:49.685 18404 18427 V threaded_app: activityState=11
10-02 18:26:49.685 18404 18427 W event /Users/henryliu/.cargo/registry/src/index.crates.io-1949cf8c6b5b557f/winit-0.30.13/src/pTODO: forward onStart notification to application
10-02 18:26:49.685 18404 18426 I RustStdoutStderr: [2m2026-10-02T10:26:49.685086Z[0m [33m WARN[0m [2mwinit::platform_impl::android[0m[2m:[0m TODO: forward onStart notification to application
10-02 18:26:49.686 18404 18404 V threaded_app: Resume: 0xb400007535841870
10-02 18:26:49.686 18404 18427 V threaded_app: activityState=12
10-02 18:26:49.701 18404 18404 V GameActivity: onImeInsetsChanged from Text Listener
10-02 18:26:49.701 18404 18404 V threaded_app: WindowInsetsChanged: 0xb400007535841870
10-02 18:26:49.702 18404 18427 W event /Users/henryliu/.cargo/registry/src/index.crates.io-1949cf8c6b5b557f/winit-0.30.13/src/pTODO: handle Android InsetsChanged notification
10-02 18:26:49.702 18404 18426 I RustStdoutStderr: [2m2026-10-02T10:26:49.702088Z[0m [33m WARN[0m [2mwinit::platform_impl::android[0m[2m:[0m TODO: handle Android InsetsChanged notification
10-02 18:26:49.704 18404 18404 V GameActivity: onSurfaceCreated_native
10-02 18:26:49.704 18404 18404 V threaded_app: NativeWindowCreated: 0xb400007535841870 -- 0xb4000075c59f2560
10-02 18:26:49.704 18404 18404 V threaded_app: android_app_set_window called
10-02 18:26:49.704 18404 18427 V threaded_app: APP_CMD_INIT_WINDOW
10-02 18:26:49.705 18404 18404 V threaded_app: NativeWindowRedrawNeeded: 0xb400007535841870 -- 0xb4000075c59f2560
10-02 18:26:49.705 18404 18427 I event src/ui_preview.rs:482: ANDROID_REMOTE_BACKSTEP_DIAGNOSTICSdiagnostics = {"enabled":true,"nowMs":1790936809705.474,"moveClockPulseId":40,"moveClockNextPulseMs":1790936809805.474,"entryCount":0,"activeEntryCount":0,"processedEventCount":0,"remoteMotionEventCount":0,"remoteRemoveEventCount":0,"ignoredEventCount":0,"staleEventCount":0,"disabledEventCount":0,"pendingEventDropCount":0,"entryEvictionCount":0,"decodeErrorCount":0,"lastDecodeError":null,"offsetQueryCount":0,"offsetMatchCount":0,"targetMismatchCount":0,"inactiveFallbackCount":0,"entries":[]};
10-02 18:26:49.705 18404 18426 I RustStdoutStderr: [2m2026-10-02T10:26:49.705822Z[0m [32m INFO[0m [2mmir2_platform_android::ui_preview[0m[2m:[0m ANDROID_REMOTE_BACKSTEP_DIAGNOSTICS [3mdiagnostics[0m[2m=[0m{"enabled":true,"nowMs":1790936809705.474,"moveClockPulseId":40,"moveClockNextPulseMs":1790936809805.474,"entryCount":0,"activeEntryCount":0,"processedEventCount":0,"remoteMotionEventCount":0,"remoteRemoveEventCount":0,"ignoredEventCount":0,"staleEventCount":0,"disabledEventCount":0,"pendingEventDropCount":0,"entryEvictionCount":0,"decodeErrorCount":0,"lastDecodeError":null,"offsetQueryCount":0,"offsetMatchCount":0,"targetMismatchCount":0,"inactiveFallbackCount":0,"entries":[]}
10-02 18:26:49.725 18404 18404 V threaded_app: WindowFocusChanged: 0xb400007535841870 -- 1
10-02 18:26:49.730 18404 18404 V GameActivity: onImeInsetsChanged from Text Listener
10-02 18:26:49.730 18404 18404 V threaded_app: WindowInsetsChanged: 0xb400007535841870
10-02 18:26:49.742 18404 18427 W event /Users/henryliu/.cargo/registry/src/index.crates.io-1949cf8c6b5b557f/winit-0.30.13/src/pTODO: handle Android InsetsChanged notification
10-02 18:26:49.742 18404 18426 I RustStdoutStderr: [2m2026-10-02T10:26:49.742498Z[0m [33m WARN[0m [2mwinit::platform_impl::android[0m[2m:[0m TODO: handle Android InsetsChanged notification
10-02 18:26:50.191 18404 18463 D ProfileInstaller: Installing profile for com.mir2.web3.uipreview
10-02 18:26:50.776 18404 18427 D EGL_emulation: app_time_stats: avg=13.64ms min=10.59ms max=48.76ms count=61
10-02 18:26:51.792 18404 18427 D EGL_emulation: app_time_stats: avg=11.28ms min=10.26ms max=12.86ms count=61
10-02 18:26:52.809 18404 18427 D EGL_emulation: app_time_stats: avg=11.44ms min=10.57ms max=12.48ms count=61
10-02 18:26:53.810 18404 18427 D EGL_emulation: app_time_stats: avg=11.44ms min=10.15ms max=14.30ms count=60
