--------- beginning of main
10-02 18:26:33.823 18316 18316 I .web3.uiprevie: Late-enabling -Xcheck:jni
10-02 18:26:33.856 18316 18316 D CompatibilityChangeReporter: Compat change id reported: 171979766; UID 10146; state: ENABLED
10-02 18:26:33.888 18316 18316 V GraphicsEnvironment: ANGLE Developer option for 'com.mir2.web3.uipreview' set to: 'default'
10-02 18:26:33.888 18316 18316 V GraphicsEnvironment: Neither updatable production driver nor prerelease driver is supported.
10-02 18:26:33.889 18316 18316 D NetworkSecurityConfig: No Network Security Config specified, using platform default
10-02 18:26:33.889 18316 18316 D NetworkSecurityConfig: No Network Security Config specified, using platform default
10-02 18:26:33.924 18316 18337 D libEGL  : loaded /vendor/lib64/egl/libEGL_emulation.so
10-02 18:26:33.924 18316 18337 D libEGL  : loaded /vendor/lib64/egl/libGLESv1_CM_emulation.so
10-02 18:26:33.925 18316 18337 D libEGL  : loaded /vendor/lib64/egl/libGLESv2_emulation.so
10-02 18:26:33.949 18316 18316 D AppCompatDelegate: Checking for metadata for AppLocalesMetadataHolderService : Service not found
10-02 18:26:33.956 18316 18316 D gti.InputConnection: InputConnection created
10-02 18:26:33.959 18316 18316 D gti.InputConnection: setEditorInfo
10-02 18:26:33.961 18316 18316 W .web3.uiprevie: Accessing hidden method Landroid/view/ViewGroup;->makeOptionalFitsSystemWindows()V (unsupported, reflection, allowed)
10-02 18:26:33.962 18316 18316 I GameActivity: Looking for library libmir2_platform_android.so
10-02 18:26:33.962 18316 18316 I GameActivity: Found library libmir2_platform_android.so. Loading...
10-02 18:26:33.964 18316 18316 D GameActivity: GameActivity_register
10-02 18:26:33.964 18316 18316 V GameActivity: Registering com/google/androidgamesdk/GameActivity's 24 native methods...
10-02 18:26:33.964 18316 18316 D GameActivity: SDK version: 31
10-02 18:26:33.965 18316 18316 I android-activity: Creating: Activity = 0x1696, saved state size = 0
10-02 18:26:33.967 18316 18316 V threaded_app: Creating: 0xb400007535841870
10-02 18:26:33.967 18316 18316 V threaded_app: Callbacks set: 0xb4000075358418c0
10-02 18:26:33.967 18316 18316 V threaded_app: Launching android_app_entry in a thread
10-02 18:26:33.968 18316 18339 V threaded_app: android_app_entry called
10-02 18:26:33.968 18316 18339 V threaded_app: android_app = 0xb400007515843290
10-02 18:26:33.968 18316 18339 V threaded_app: config = 0xb4000074858551f0
10-02 18:26:33.968 18316 18339 V threaded_app: activity = 0xb400007535841870
10-02 18:26:33.968 18316 18339 V threaded_app: assetmanager = 0xb40000753583d3b0
10-02 18:26:33.968 18316 18339 V threaded_app: Config: mcc=310 mnc=260 lang=en cnt=US orien=2 touch=3 dens=440 keys=2 nav=2 keysHid=1 navHid=0 sdk=31 size=2 long=2 modetype=1 modenight=1
10-02 18:26:33.983 18316 18339 D HostConnection: createUnique: call
10-02 18:26:33.983 18316 18339 D HostConnection: HostConnection::get() New Host Connection established 0xb4000074d58345d0, tid 18339
10-02 18:26:33.985 18316 18339 D HostConnection: HostComposition ext ANDROID_EMU_CHECKSUM_HELPER_v1 ANDROID_EMU_native_sync_v2 ANDROID_EMU_native_sync_v3 ANDROID_EMU_native_sync_v4 ANDROID_EMU_dma_v1 ANDROID_EMU_direct_mem ANDROID_EMU_host_composition_v1 ANDROID_EMU_host_composition_v2 ANDROID_EMU_vulkan ANDROID_EMU_deferred_vulkan_commands ANDROID_EMU_vulkan_null_optional_strings ANDROID_EMU_vulkan_create_resources_with_requirements ANDROID_EMU_YUV_Cache ANDROID_EMU_vulkan_ignored_handles ANDROID_EMU_has_shared_slots_host_memory_allocator ANDROID_EMU_vulkan_free_memory_sync ANDROID_EMU_vulkan_shader_float16_int8 ANDROID_EMU_vulkan_async_queue_submit ANDROID_EMU_vulkan_queue_submit_with_commands ANDROID_EMU_sync_buffer_data ANDROID_EMU_vulkan_async_qsri ANDROID_EMU_read_color_buffer_dma ANDROID_EMU_hwc_color_transform GL_OES_EGL_image_external_essl3 GL_OES_vertex_array_object ANDROID_EMU_host_side_tracing ANDROID_EMU_gles_max_version_3_0 
10-02 18:26:33.987 18316 18339 D EGL_emulation: eglCreateContext: 0xb4000074d58339d0: maj 3 min 0 rcv 3
10-02 18:26:33.987 18316 18339 D EGL_emulation: eglMakeCurrent: 0xb4000074d58339d0: ver 3 0 (tinfo 0x76fbc37080) (first time)
10-02 18:26:34.003 18316 18339 I event /Users/henryliu/obelisk/numeron-worktrees/android-shared-sync/mir2-web3/third_party/bevyAdapterInfo { name: "Android Emulator OpenGL ES Translator (Apple M1 Max)", vendor: 4203, device: 0, device_type: IntegratedGpu, device_pci_bus_id: "", driver: "", driver_info: "OpenGL ES 3.0 (4.1 Metal - 89.4)", backend: Gl, subgroup_min_size: 4, subgroup_max_size: 128, transient_saves_memory: false }
10-02 18:26:34.003 18316 18338 I RustStdoutStderr: [2m2026-10-02T10:26:34.003558Z[0m [32m INFO[0m [2mbevy_render::renderer[0m[2m:[0m AdapterInfo { name: "Android Emulator OpenGL ES Translator (Apple M1 Max)", vendor: 4203, device: 0, device_type: IntegratedGpu, device_pci_bus_id: "", driver: "", driver_info: "OpenGL ES 3.0 (4.1 Metal - 89.4)", backend: Gl, subgroup_min_size: 4, subgroup_max_size: 128, transient_saves_memory: false }
10-02 18:26:34.011 18316 18316 V GameActivity: onStart_native
10-02 18:26:34.011 18316 18316 V threaded_app: Start: 0xb400007535841870
10-02 18:26:34.068 18316 18339 I event /Users/henryliu/obelisk/numeron-worktrees/android-shared-sync/mir2-web3/third_party/bevySparse buffer updates disabled. RenderDevice lacks support: max_storage_buffers_per_shader_stage (0) < 3.
10-02 18:26:34.068 18316 18339 W event /Users/henryliu/.cargo/registry/src/index.crates.io-1949cf8c6b5b557f/bevy_core_pipeline-OrderIndependentTransparencyPlugin not loaded. GPU lacks support: DownlevelFlags::FRAGMENT_WRITABLE_STORAGE.
10-02 18:26:34.069 18316 18339 W event /Users/henryliu/.cargo/registry/src/index.crates.io-1949cf8c6b5b557f/bevy_core_pipeline-BackgroundMotionVectorsPlugin not loaded. GPU lacks support for required downlevel capability flags: DownlevelFlags(INDEPENDENT_BLEND).
10-02 18:26:34.069 18316 18338 I RustStdoutStderr: [2m2026-10-02T10:26:34.068801Z[0m [32m INFO[0m [2mbevy_render::render_resource::sparse_buffer_vec[0m[2m:[0m Sparse buffer updates disabled. RenderDevice lacks support: max_storage_buffers_per_shader_stage (0) < 3.
10-02 18:26:34.069 18316 18338 I RustStdoutStderr: [2m2026-10-02T10:26:34.068982Z[0m [33m WARN[0m [2mbevy_core_pipeline::oit::resolve[0m[2m:[0m OrderIndependentTransparencyPlugin not loaded. GPU lacks support: DownlevelFlags::FRAGMENT_WRITABLE_STORAGE.
10-02 18:26:34.069 18316 18338 I RustStdoutStderr: [2m2026-10-02T10:26:34.068998Z[0m [33m WARN[0m [2mbevy_core_pipeline::prepass::background_motion_vectors[0m[2m:[0m BackgroundMotionVectorsPlugin not loaded. GPU lacks support for required downlevel capability flags: DownlevelFlags(INDEPENDENT_BLEND).
10-02 18:26:34.122 18316 18339 I event /Users/henryliu/obelisk/numeron-worktrees/android-shared-sync/mir2-web3/third_party/bevyGPU preprocessing is not supported on this device. Falling back to CPU preprocessing.
10-02 18:26:34.123 18316 18338 I RustStdoutStderr: [2m2026-10-02T10:26:34.122945Z[0m [32m INFO[0m [2mbevy_render::batching::gpu_preprocessing[0m[2m:[0m GPU preprocessing is not supported on this device. Falling back to CPU preprocessing.
10-02 18:26:34.143 18316 18339 V threaded_app: activityState=11
10-02 18:26:34.144 18316 18338 I RustStdoutStderr: [2m2026-10-02T10:26:34.143991Z[0m [33m WARN[0m [2mwinit::platform_impl::android[0m[2m:[0m TODO: forward onStart notification to application
10-02 18:26:34.144 18316 18339 W event /Users/henryliu/.cargo/registry/src/index.crates.io-1949cf8c6b5b557f/winit-0.30.13/src/pTODO: forward onStart notification to application
10-02 18:26:34.145 18316 18316 V threaded_app: Resume: 0xb400007535841870
10-02 18:26:34.145 18316 18339 V threaded_app: activityState=12
10-02 18:26:34.154 18316 18316 V GameActivity: onImeInsetsChanged from Text Listener
10-02 18:26:34.154 18316 18316 V threaded_app: WindowInsetsChanged: 0xb400007535841870
10-02 18:26:34.155 18316 18338 I RustStdoutStderr: [2m2026-10-02T10:26:34.155036Z[0m [33m WARN[0m [2mwinit::platform_impl::android[0m[2m:[0m TODO: handle Android InsetsChanged notification
10-02 18:26:34.155 18316 18339 W event /Users/henryliu/.cargo/registry/src/index.crates.io-1949cf8c6b5b557f/winit-0.30.13/src/pTODO: handle Android InsetsChanged notification
10-02 18:26:34.159 18316 18316 V GameActivity: onImeInsetsChanged from Text Listener
10-02 18:26:34.159 18316 18316 V threaded_app: WindowInsetsChanged: 0xb400007535841870
10-02 18:26:34.159 18316 18335 D HostConnection: createUnique: call
10-02 18:26:34.160 18316 18335 D HostConnection: HostConnection::get() New Host Connection established 0xb4000074d5854850, tid 18335
10-02 18:26:34.160 18316 18338 I RustStdoutStderr: [2m2026-10-02T10:26:34.160151Z[0m [33m WARN[0m [2mwinit::platform_impl::android[0m[2m:[0m TODO: handle Android InsetsChanged notification
10-02 18:26:34.160 18316 18339 W event /Users/henryliu/.cargo/registry/src/index.crates.io-1949cf8c6b5b557f/winit-0.30.13/src/pTODO: handle Android InsetsChanged notification
10-02 18:26:34.161 18316 18335 D HostConnection: HostComposition ext ANDROID_EMU_CHECKSUM_HELPER_v1 ANDROID_EMU_native_sync_v2 ANDROID_EMU_native_sync_v3 ANDROID_EMU_native_sync_v4 ANDROID_EMU_dma_v1 ANDROID_EMU_direct_mem ANDROID_EMU_host_composition_v1 ANDROID_EMU_host_composition_v2 ANDROID_EMU_vulkan ANDROID_EMU_deferred_vulkan_commands ANDROID_EMU_vulkan_null_optional_strings ANDROID_EMU_vulkan_create_resources_with_requirements ANDROID_EMU_YUV_Cache ANDROID_EMU_vulkan_ignored_handles ANDROID_EMU_has_shared_slots_host_memory_allocator ANDROID_EMU_vulkan_free_memory_sync ANDROID_EMU_vulkan_shader_float16_int8 ANDROID_EMU_vulkan_async_queue_submit ANDROID_EMU_vulkan_queue_submit_with_commands ANDROID_EMU_sync_buffer_data ANDROID_EMU_vulkan_async_qsri ANDROID_EMU_read_color_buffer_dma ANDROID_EMU_hwc_color_transform GL_OES_EGL_image_external_essl3 GL_OES_vertex_array_object ANDROID_EMU_host_side_tracing ANDROID_EMU_gles_max_version_3_0 
10-02 18:26:34.161 18316 18335 W OpenGLRenderer: Failed to choose config with EGL_SWAP_BEHAVIOR_PRESERVED, retrying without...
10-02 18:26:34.162 18316 18335 W OpenGLRenderer: Failed to initialize 101010-2 format, error = EGL_SUCCESS
10-02 18:26:34.164 18316 18335 D EGL_emulation: eglCreateContext: 0xb4000074d5854790: maj 3 min 0 rcv 3
10-02 18:26:34.166 18316 18335 D EGL_emulation: eglMakeCurrent: 0xb4000074d5854790: ver 3 0 (tinfo 0x76fbc37100) (first time)
10-02 18:26:34.168 18316 18316 V threaded_app: ContentRectChanged: 0xb400007535841870 -- (0 0) (2340 1080)
10-02 18:26:34.168 18316 18338 I RustStdoutStderr: [2m2026-10-02T10:26:34.168772Z[0m [33m WARN[0m [2mwinit::platform_impl::android[0m[2m:[0m TODO: find a way to notify application of content rect change
10-02 18:26:34.168 18316 18339 W event /Users/henryliu/.cargo/registry/src/index.crates.io-1949cf8c6b5b557f/winit-0.30.13/src/pTODO: find a way to notify application of content rect change
10-02 18:26:34.168 18316 18335 I Gralloc4: mapper 4.x is not supported
10-02 18:26:34.169 18316 18335 D HostConnection: createUnique: call
10-02 18:26:34.169 18316 18335 D HostConnection: HostConnection::get() New Host Connection established 0xb4000074d5854010, tid 18335
10-02 18:26:34.169 18316 18316 V GameActivity: onSurfaceCreated_native
10-02 18:26:34.169 18316 18316 V threaded_app: NativeWindowCreated: 0xb400007535841870 -- 0xb4000075c59ee140
10-02 18:26:34.169 18316 18316 V threaded_app: android_app_set_window called
10-02 18:26:34.169 18316 18335 D goldfish-address-space: allocate: Ask for block of size 0x100
10-02 18:26:34.169 18316 18339 V threaded_app: APP_CMD_INIT_WINDOW
10-02 18:26:34.169 18316 18338 I RustStdoutStderr: [2m2026-10-02T10:26:34.169981Z[0m [32m INFO[0m [2mbevy_winit::system[0m[2m:[0m Creating new window mir2-web3 (android) (105v0)
10-02 18:26:34.170 18316 18339 I event /Users/henryliu/.cargo/registry/src/index.crates.io-1949cf8c6b5b557f/bevy_winit-0.19.0/sCreating new window mir2-web3 (android) (105v0)
10-02 18:26:34.170 18316 18316 V threaded_app: NativeWindowResized: 0xb400007535841870 -- 0xb4000075c59ee140 ( 2340 x 1080 )
10-02 18:26:34.170 18316 18316 V threaded_app: NativeWindowRedrawNeeded: 0xb400007535841870 -- 0xb4000075c59ee140
10-02 18:26:34.170 18316 18335 D goldfish-address-space: allocate: ioctl allocate returned offset 0x1efff8000 size 0x8000
10-02 18:26:34.170 18316 18335 W Gralloc4: allocator 4.x is not supported
10-02 18:26:34.173 18316 18335 D HostConnection: HostComposition ext ANDROID_EMU_CHECKSUM_HELPER_v1 ANDROID_EMU_native_sync_v2 ANDROID_EMU_native_sync_v3 ANDROID_EMU_native_sync_v4 ANDROID_EMU_dma_v1 ANDROID_EMU_direct_mem ANDROID_EMU_host_composition_v1 ANDROID_EMU_host_composition_v2 ANDROID_EMU_vulkan ANDROID_EMU_deferred_vulkan_commands ANDROID_EMU_vulkan_null_optional_strings ANDROID_EMU_vulkan_create_resources_with_requirements ANDROID_EMU_YUV_Cache ANDROID_EMU_vulkan_ignored_handles ANDROID_EMU_has_shared_slots_host_memory_allocator ANDROID_EMU_vulkan_free_memory_sync ANDROID_EMU_vulkan_shader_float16_int8 ANDROID_EMU_vulkan_async_queue_submit ANDROID_EMU_vulkan_queue_submit_with_commands ANDROID_EMU_sync_buffer_data ANDROID_EMU_vulkan_async_qsri ANDROID_EMU_read_color_buffer_dma ANDROID_EMU_hwc_color_transform GL_OES_EGL_image_external_essl3 GL_OES_vertex_array_object ANDROID_EMU_host_side_tracing ANDROID_EMU_gles_max_version_3_0 
10-02 18:26:34.199 18316 18316 V threaded_app: WindowFocusChanged: 0xb400007535841870 -- 1
10-02 18:26:34.221 18316 18316 V GameActivity: onImeInsetsChanged from Text Listener
10-02 18:26:34.221 18316 18316 V threaded_app: WindowInsetsChanged: 0xb400007535841870
10-02 18:26:34.283 18316 18339 I event src/item_geometry.rs:127: ANDROID_ITEM_GEOMETRY_READYitems = 1003; state_items = 2380; sources = [("original-ui/Items/meta.json", "ec0eca414ac6c34e17a218f0ed4396f30607c2485482f8760af7706acddcedfe"), ("original-ui/StateItem/meta.json", "7d812a76e9a54b1d0535968a8c21ee2064577e7012572daf79b242221ca72e9a")];
10-02 18:26:34.283 18316 18338 I RustStdoutStderr: [2m2026-10-02T10:26:34.283694Z[0m [32m INFO[0m [2mmir2_platform_android::item_geometry[0m[2m:[0m ANDROID_ITEM_GEOMETRY_READY [3mitems[0m[2m=[0m1003 [3mstate_items[0m[2m=[0m2380 [3msources[0m[2m=[0m[("original-ui/Items/meta.json", "ec0eca414ac6c34e17a218f0ed4396f30607c2485482f8760af7706acddcedfe"), ("original-ui/StateItem/meta.json", "7d812a76e9a54b1d0535968a8c21ee2064577e7012572daf79b242221ca72e9a")]
10-02 18:26:34.284 18316 18339 I event src/ui_preview.rs:1370: ANDROID_INVENTORY_INGRESS_OFFLINE queued owner42 bag12 equip2 sourceFrame30
10-02 18:26:34.284 18316 18339 I event src/ui_preview.rs:802: ANDROID_UI_PREVIEW_READY scene=world-render
10-02 18:26:34.284 18316 18338 I RustStdoutStderr: [2m2026-10-02T10:26:34.283992Z[0m [32m INFO[0m [2mmir2_platform_android::ui_preview[0m[2m:[0m ANDROID_INVENTORY_INGRESS_OFFLINE queued owner42 bag12 equip2 sourceFrame30
10-02 18:26:34.284 18316 18338 I RustStdoutStderr: [2m2026-10-02T10:26:34.284049Z[0m [32m INFO[0m [2mmir2_platform_android::ui_preview[0m[2m:[0m ANDROID_UI_PREVIEW_READY scene=world-render
10-02 18:26:34.300 18316 18339 W event /Users/henryliu/.cargo/registry/src/index.crates.io-1949cf8c6b5b557f/winit-0.30.13/src/pTODO: handle Android InsetsChanged notification
10-02 18:26:34.300 18316 18338 I RustStdoutStderr: [2m2026-10-02T10:26:34.300703Z[0m [33m WARN[0m [2mwinit::platform_impl::android[0m[2m:[0m TODO: handle Android InsetsChanged notification
10-02 18:26:34.692 18316 18338 I RustStdoutStderr: [android-world-render] map_current=false map_live=0 map_missing=0 map_image_revision=38 entity_live=false entity_self_visible=false entity_layers=2
10-02 18:26:34.719 18316 18338 I RustStdoutStderr: [runtime-map] waiting-images center=Some(PresentationGridCenter { x: 302, y: 634 }) states=[native-map-keyed:00e3342688edb59d7ccd3784567586b3ab4c28c1b3bb0fbb928fb8560bb937e8=missing-handle,native-map-keyed:0222e758190fb702f62c1180c302535fa88376dc4d91515f6a3da6858692d879=missing-handle,native-map-keyed:02fcf4c4c475d1c1002d45563f34bf90aabc5d57865a90a9c1d738eea292c519=missing-handle,native-map-keyed:0446dc96478c6a6426006d4ebcd9b473422254a4a3b87d13e6513a4664cc1674=missing-handle,native-map-keyed:04f2f6406275680ee10c2bb613e324d59e0dea10befb67479d5db488f1e5e9bf=missing-handle,native-map-keyed:09c1aeb9a676d9b5e9156dd6302baf429a788ede13eb2561f72752639991cfa2=missing-handle,native-map-keyed:0bb6e8f16b06e61e5485cd9c69682635bc4d076e78f3e426bc7c1c0cdf92d50b=missing-handle,native-map-keyed:101d496a3e3006b8a0640e530d7bb5aaabfc3cc9f7a8844fd83450a65903a0ef=missing-handle,native-map-keyed:1203923d4b3d4f36b85a86235cc024c8987f9aff48ff3f045d589d4fe5efe878=missing-handle,native-map-keyed:120fd8e86ad6a1121b73b64f684cad8a6e301c75c6a40787a4a564c5aadaab4a=missing-handle,native-map-keyed:142960f1af1b8faa165eb1b55b57fc14db26156287a4c5ca23e035daf9f10e33=missing-handle,native-map-keyed:16f3602253a4256b8bf51a103e6bbe9d36a4cfaf6771bebc72d7ca43a25c1de6=missing-handle,native-map-keyed:1a753eed19dc81252971e03a9ea302f2c31bc3cf51d92b187b664a1e8b1936b1=missing-handle,native-map-keyed:1a9940adbeeef6d18f251666fccf2028a616a92cc7a402f3ac04181f56823124=missing-handle,native-map-keyed:1ca36e41f059441aa1750c0cfbddec4904a1b5165d8cfba430f194e286eaee45=missing-handle,native-map-keyed:1d68e7a7c4fdfe49cedb75b5678139cb152cb5b0ebe59b0542935d1fd67d87ae=missing-handle,native-map-keyed:1ef61cf6318b9db7968b35797c3a62b27e08c1ef2475a23ec3ca379b729d92f1=missing-handle,native-map-keyed:1f4a39a368bbaca431ec450a830e3c0bdcaabe0af6de5730eb1f28e59b8dd533=missing-handle,native-map-keyed:20625ebb957139dcbec35004f2ca784c926cdee1439035eb896dbf427495872d=missing-handle,native-map-keyed:219bb835f8f28e6bf59b93f1d069b437875a5d49dbd7631ff34176c572d7a14d=missing-handle,native-map-keyed:22659e86e5cbf79236e023e40ac092600ac5e9ede72a34077c802b5518eb4573=missing-handle,native-map-keyed:226a0bac665d1bf713b8baf39ecf7ae61be856189d1cf823921ed0e53a5c29fe=missing-handle,native-map-keyed:23035e5244797f2f70bbeaa5c393d6d112a6196b5ab8e4d02b351fbf38f8101a=missing-handle,native-map-keyed:230966b0481d315c12097d9ff7d4da07aa1cdf981552a5323ab088ba990ba950=missing-handle,native-map-keyed:232bfc461f055784e7d90e5e0378d3cea8317eb078c4bf66e7afe999812ff902=missing-handle,native-map-keyed:24ec1f87eb0856b5498709b2be2776f9a3627519b839633e9db0a690a7d9b980=missing-handle,native-map-keyed:2675a421a8639ea87dcfc98b62558519a15cedc35d925663b6909d4988742940=missing-handle,native-map-keyed:26aa612a5755ef95b03c2bfb8c32208b7b862aa4abbf134fa4f9741e95aa173b=missing-handle,native-map-keyed:270c75661f320e8c98c039a8c4a26724a568469937485ff8f748e5e7045d0239=missing-handle,native-map-keyed:2775964d9f9d7b8b06e60a4bc848015817a1fa04cccfffe2e936202ea0756d4b=missing-handle,native-map-keyed:289cb8d084c1cc6b504d8152af2de8f7372c563f8104a8c78ad208caccefb34b=missing-handle,native-map-keyed:2a537899c5467f32f4e30a657c233ed270db6f829d90106b7fa0704f469d167c=missing-handle,native-map-keyed:2a7228b716f29f6fb29a9b41ed3f1ce17ec6cdbfd89b69ca7c38b6c8b5b5d72a=missing-handle,native-map-keyed:2c23c96dff1833158278c530f06f4b8d8fdd63615784baa209e77d87ba9607f7=missing-handle,native-map-keyed:2c76f7575f3d1661681533a2ed2893f96c1f4b914bcfd60ae32c207561eb263b=missing-handle,native-map-keyed:2cd7444281094e689c5fe7c22a994aa527766e0665fc32b2cec42cbdc9978ab4=missing-handle,native-map-keyed:313c3e7a3a4bef6d0ef6b02a9b0c37230ef819d06c72012bb513a591244a393d=missing-handle,native-map-keyed:33b2f84e21bb7bb379950d3da05ce44d393d84ca43f7044b6a8d1fba68a4c3a0=missing-handle,native-map-keyed:354a710bc4fda3d19397bf717ca33f56979dd060b1538402c6dcd8a12eb31a81=missing-handle,native-map-keyed:357ae499cdc01c6fb8e7f6a351f31e453a56bc0be6a8b044a7d5b03d97e69edc=missing-handle,native-map-keyed:359c62fe94c5cd29c97b629749c8
10-02 18:26:34.720 18316 18338 I RustStdoutStderr: 
10-02 18:26:34.722 18316 18338 I RustStdoutStderr: [android-world-render] map_current=false map_live=0 map_missing=0 map_image_revision=209 entity_live=false entity_self_visible=false entity_layers=3
10-02 18:26:34.753 18316 18338 I RustStdoutStderr: [runtime-map] waiting-images center=Some(PresentationGridCenter { x: 302, y: 634 }) states=[native-map-keyed:0bb6e8f16b06e61e5485cd9c69682635bc4d076e78f3e426bc7c1c0cdf92d50b=missing-handle,native-map-keyed:1d68e7a7c4fdfe49cedb75b5678139cb152cb5b0ebe59b0542935d1fd67d87ae=missing-handle,native-map-keyed:22659e86e5cbf79236e023e40ac092600ac5e9ede72a34077c802b5518eb4573=missing-handle,native-map-keyed:357ae499cdc01c6fb8e7f6a351f31e453a56bc0be6a8b044a7d5b03d97e69edc=missing-handle,native-map-keyed:42d34f1d442eadab3e5d1c8ea87fc26e9fb798c17e878e481a22c03f164b2808=missing-handle,native-map-keyed:43496065ffed924960b5b8951a1ef1da2c29d8dd3f38c021e962e263d58c172b=missing-handle,native-map-keyed:5b989e10335bf3eab5150333209b45050a280e234a8be2cefa3bed4eca0fb430=missing-handle,native-map-keyed:60593053797e508260c66f2dccb2147fab3fd0583aebd36139637b2191310d19=missing-handle,native-map-keyed:79e6ce053dc8315b85563d4404dea96d04bfb1848b6c239bb5f6ab74c33cc78c=missing-handle,native-map-keyed:83fe69b285e2c48039f45287661717e3d7ab55e747ff43c05212d3221f41f2c3=missing-handle,native-map-keyed:858b0efdc34b96b2fbdb1cd0af54ed14c4095b3e54baf458d1fbccc4c0519f2b=missing-handle,native-map-keyed:aef4fccac01ea2dca6f66ec6737cd6828d16767a484153370d5ad62843f15f2d=missing-handle,native-map-keyed:b40a54a9b34fa287ee6653b2dcaf2656625c161702c51ae2e9ebb9e00e57926d=missing-handle,native-map-keyed:c10b9612d5c06ceef42df71402d8c1245b3ba31bc842e08d0f6003fed13daa63=missing-handle,native-map-keyed:deacfb9fd76215077a031e013406b68fff63b6cad2b0efc6545151365d689725=missing-handle,native-map-keyed:e008caae374d182fa781623593fb300ab554f9516842e34baf7aabb415c85e72=missing-handle,native-map-keyed:e8411c39eebac124a550dc010f60bc9ca0133f45ecef561d421b7c05b25fadb4=missing-handle,native-map-keyed:e9dd462fc074a92c26c83c7b4a454297692d018514df07416b374da71fb48af4=missing-handle,native-map-keyed:eb0860d3f49ccd4daae782a8815e78ec60259ce05644fcefc9b152b590107e52=missing-handle]
10-02 18:26:34.755 18316 18338 I RustStdoutStderr: [android-world-render] map_current=false map_live=0 map_missing=0 map_image_revision=228 entity_live=false entity_self_visible=false entity_layers=3
10-02 18:26:34.806 18316 18338 I RustStdoutStderr: [runtime-map] synced center=Some(PresentationGridCenter { x: 302, y: 634 }) tiles=607 standalone=242 live=849 missingBindings=0 sample=[]
10-02 18:26:34.809 18316 18338 I RustStdoutStderr: [android-world-render] map_current=true map_live=849 map_missing=0 map_image_revision=228 entity_live=false entity_self_visible=false entity_layers=7
10-02 18:26:34.875 18316 18338 I RustStdoutStderr: [android-world-render] map_current=true map_live=849 map_missing=0 map_image_revision=228 entity_live=true entity_self_visible=true entity_layers=13
10-02 18:26:34.897 18316 18342 I event src/shared_shell.rs:1330: packaged Android world frame queuedrequest_id = 18446744073709551615; pages = 7; sprites = 2111; compressed_bytes = 14785921; rgba_bytes = 7340032; map_object_rgba_bytes = 10489920; map_width = 700; map_height = 700; map_atlases = 7; map_tiles = 607; map_standalone_tiles = 242; unresolved_draws = 0; entity_pages = 5; entities = 8; entity_layers = 13; unresolved_entities = 0; entity_unindexed_rects = 24; entity_compressed_bytes = 11209197; entity_rgba_bytes = 83886080; entity_manifest_sha256 = "929d146535bde9b61c75c33af0e98852dcc3aef83320869aac9f06f4bdd530d9";
10-02 18:26:34.898 18316 18338 I RustStdoutStderr: [2m2026-10-02T10:26:34.897855Z[0m [32m INFO[0m [2mmir2_platform_android::shared_shell[0m[2m:[0m packaged Android world frame queued [3mrequest_id[0m[2m=[0m18446744073709551615 [3mpages[0m[2m=[0m7 [3msprites[0m[2m=[0m2111 [3mcompressed_bytes[0m[2m=[0m14785921 [3mrgba_bytes[0m[2m=[0m7340032 [3mmap_object_rgba_bytes[0m[2m=[0m10489920 [3mmap_width[0m[2m=[0m700 [3mmap_height[0m[2m=[0m700 [3mmap_atlases[0m[2m=[0m7 [3mmap_tiles[0m[2m=[0m607 [3mmap_standalone_tiles[0m[2m=[0m242 [3munresolved_draws[0m[2m=[0m0 [3mentity_pages[0m[2m=[0m5 [3mentities[0m[2m=[0m8 [3mentity_layers[0m[2m=[0m13 [3munresolved_entities[0m[2m=[0m0 [3mentity_unindexed_rects[0m[2m=[0m24 [3mentity_compressed_bytes[0m[2m=[0m11209197 [3mentity_rgba_bytes[0m[2m=[0m83886080 [3mentity_manifest_sha256[0m[2m=[0m"929d146535bde9b61c75c33af0e98852dcc3aef83320869aac9f06f4bdd530d9"
10-02 18:26:34.920 18316 18342 I event src/ui_preview.rs:560: ANDROID_OBJECT_METADATA_PRESENTATION_APPLIED
10-02 18:26:34.920 18316 18338 I RustStdoutStderr: [2m2026-10-02T10:26:34.920463Z[0m [32m INFO[0m [2mmir2_platform_android::ui_preview[0m[2m:[0m ANDROID_OBJECT_METADATA_PRESENTATION_APPLIED
10-02 18:26:34.922 18316 18342 I event src/ui_preview.rs:565: ANDROID_OBJECT_POISON_PRESENTATION_APPLIED
10-02 18:26:34.922 18316 18338 I RustStdoutStderr: [2m2026-10-02T10:26:34.922071Z[0m [32m INFO[0m [2mmir2_platform_android::ui_preview[0m[2m:[0m ANDROID_OBJECT_POISON_PRESENTATION_APPLIED
10-02 18:26:34.923 18316 18342 I event src/ui_preview.rs:570: ANDROID_OBJECT_HIDDEN_PRESENTATION_APPLIED
10-02 18:26:34.923 18316 18338 I RustStdoutStderr: [2m2026-10-02T10:26:34.923121Z[0m [32m INFO[0m [2mmir2_platform_android::ui_preview[0m[2m:[0m ANDROID_OBJECT_HIDDEN_PRESENTATION_APPLIED
10-02 18:26:34.923 18316 18342 I event src/ui_preview.rs:575: ANDROID_OWNED_HERO_VITALS_APPLIED
10-02 18:26:34.923 18316 18338 I RustStdoutStderr: [2m2026-10-02T10:26:34.923384Z[0m [32m INFO[0m [2mmir2_platform_android::ui_preview[0m[2m:[0m ANDROID_OWNED_HERO_VITALS_APPLIED
10-02 18:26:34.923 18316 18338 I RustStdoutStderr: [2m2026-10-02T10:26:34.923470Z[0m [32m INFO[0m [2mmir2_platform_android::ui_preview[0m[2m:[0m ANDROID_WORLD_RENDER_READY [3mrequest_id[0m[2m=[0m18446744073709551615 [3mcenter_x[0m[2m=[0m302 [3mcenter_y[0m[2m=[0m634 [3mmap_tiles[0m[2m=[0m849 [3mentities[0m[2m=[0m8 [3mentity_layers[0m[2m=[0m13
10-02 18:26:34.923 18316 18342 I event src/ui_preview.rs:608: ANDROID_WORLD_RENDER_READYrequest_id = 18446744073709551615; center_x = 302; center_y = 634; map_tiles = 849; entities = 8; entity_layers = 13;
10-02 18:26:34.944 18316 18343 I event src/shared_shell.rs:2013: ANDROID_EFFECT_RENDER_STATE_READYeffect_count = 2;
10-02 18:26:34.945 18316 18338 I RustStdoutStderr: [2m2026-10-02T10:26:34.944723Z[0m [32m INFO[0m [2mmir2_platform_android::shared_shell[0m[2m:[0m ANDROID_EFFECT_RENDER_STATE_READY [3meffect_count[0m[2m=[0m2
10-02 18:26:34.945 18316 18342 I event src/ui_preview.rs:117: ANDROID_OWNED_HERO_MANA_VISIBLEcount = 1;
10-02 18:26:34.946 18316 18338 I RustStdoutStderr: [2m2026-10-02T10:26:34.945837Z[0m [32m INFO[0m [2mmir2_platform_android::ui_preview[0m[2m:[0m ANDROID_OWNED_HERO_MANA_VISIBLE [3mcount[0m[2m=[0m1
10-02 18:26:35.587 18316 18339 D EGL_emulation: app_time_stats: avg=55.38ms min=11.16ms max=314.60ms count=24
10-02 18:26:36.550 18316 18342 I event src/ui_preview.rs:162: ANDROID_REMOTE_BACKSTEP_PRESENTATION_STARTED
10-02 18:26:36.550 18316 18338 I RustStdoutStderr: [2m2026-10-02T10:26:36.550012Z[0m [32m INFO[0m [2mmir2_platform_android::ui_preview[0m[2m:[0m ANDROID_REMOTE_BACKSTEP_PRESENTATION_STARTED
10-02 18:26:36.552 18316 18342 I event src/ui_preview.rs:170: ANDROID_ASSASSIN_ATTACK_PRESENTATION_STARTED
10-02 18:26:36.552 18316 18338 I RustStdoutStderr: [2m2026-10-02T10:26:36.552274Z[0m [32m INFO[0m [2mmir2_platform_android::ui_preview[0m[2m:[0m ANDROID_ASSASSIN_ATTACK_PRESENTATION_STARTED
10-02 18:26:36.554 18316 18342 I event src/ui_preview.rs:181: ANDROID_USER_DASH_PRESENTATION_APPLIED
10-02 18:26:36.554 18316 18338 I RustStdoutStderr: [2m2026-10-02T10:26:36.554167Z[0m [32m INFO[0m [2mmir2_platform_android::ui_preview[0m[2m:[0m ANDROID_USER_DASH_PRESENTATION_APPLIED
10-02 18:26:36.555 18316 18342 I event src/ui_preview.rs:224: ANDROID_LOCAL_PUSHED_PRESENTATION_APPLIED
10-02 18:26:36.555 18316 18338 I RustStdoutStderr: [2m2026-10-02T10:26:36.555803Z[0m [32m INFO[0m [2mmir2_platform_android::ui_preview[0m[2m:[0m ANDROID_LOCAL_PUSHED_PRESENTATION_APPLIED
10-02 18:26:36.557 18316 18342 I event src/ui_preview.rs:224: ANDROID_LOCAL_BACKSTEP_PRESENTATION_APPLIED
10-02 18:26:36.557 18316 18338 I RustStdoutStderr: [2m2026-10-02T10:26:36.557460Z[0m [32m INFO[0m [2mmir2_platform_android::ui_preview[0m[2m:[0m ANDROID_LOCAL_BACKSTEP_PRESENTATION_APPLIED
10-02 18:26:36.559 18316 18342 I event src/ui_preview.rs:224: ANDROID_LOCAL_ATTACK_MOVE_PRESENTATION_APPLIED
10-02 18:26:36.559 18316 18338 I RustStdoutStderr: [2m2026-10-02T10:26:36.559054Z[0m [32m INFO[0m [2mmir2_platform_android::ui_preview[0m[2m:[0m ANDROID_LOCAL_ATTACK_MOVE_PRESENTATION_APPLIED
10-02 18:26:36.560 18316 18342 I event src/ui_preview.rs:224: ANDROID_LOCAL_DASH_ATTACK_PRESENTATION_APPLIED
10-02 18:26:36.560 18316 18338 I RustStdoutStderr: [2m2026-10-02T10:26:36.560631Z[0m [32m INFO[0m [2mmir2_platform_android::ui_preview[0m[2m:[0m ANDROID_LOCAL_DASH_ATTACK_PRESENTATION_APPLIED
10-02 18:26:36.562 18316 18342 I event src/ui_preview.rs:236: ANDROID_ARCHER_RANGE_PRESENTATION_STARTED
10-02 18:26:36.562 18316 18338 I RustStdoutStderr: [2m2026-10-02T10:26:36.562325Z[0m [32m INFO[0m [2mmir2_platform_android::ui_preview[0m[2m:[0m ANDROID_ARCHER_RANGE_PRESENTATION_STARTED
10-02 18:26:36.566 18316 18342 I event src/ui_preview.rs:247: ANDROID_OBJECT_DASH_PRESENTATION_APPLIED
10-02 18:26:36.566 18316 18338 I RustStdoutStderr: [2m2026-10-02T10:26:36.566745Z[0m [32m INFO[0m [2mmir2_platform_android::ui_preview[0m[2m:[0m ANDROID_OBJECT_DASH_PRESENTATION_APPLIED
10-02 18:26:36.568 18316 18342 I event src/ui_preview.rs:258: ANDROID_MOUNTED_ATTACK_PRESENTATION_STARTED
10-02 18:26:36.568 18316 18338 I RustStdoutStderr: [2m2026-10-02T10:26:36.568147Z[0m [32m INFO[0m [2mmir2_platform_android::ui_preview[0m[2m:[0m ANDROID_MOUNTED_ATTACK_PRESENTATION_STARTED
10-02 18:26:36.569 18316 18342 I event src/ui_preview.rs:269: ANDROID_OBJECT_PUSHED_PRESENTATION_APPLIED
10-02 18:26:36.569 18316 18338 I RustStdoutStderr: [2m2026-10-02T10:26:36.569338Z[0m [32m INFO[0m [2mmir2_platform_android::ui_preview[0m[2m:[0m ANDROID_OBJECT_PUSHED_PRESENTATION_APPLIED
10-02 18:26:36.585 18316 18339 I event src/ui_preview.rs:536: ANDROID_LOCAL_MOVEMENT_SKILL_ACTION_ACTIVE
10-02 18:26:36.585 18316 18338 I RustStdoutStderr: [2m2026-10-02T10:26:36.585591Z[0m [32m INFO[0m [2mmir2_platform_android::ui_preview[0m[2m:[0m ANDROID_LOCAL_MOVEMENT_SKILL_ACTION_ACTIVE
10-02 18:26:36.602 18316 18339 D EGL_emulation: app_time_stats: avg=14.99ms min=12.13ms max=35.84ms count=60
10-02 18:26:36.603 18316 18339 I event src/ui_preview.rs:487: ANDROID_REMOTE_BACKSTEP_POSE_ACTIVEoffset_x = 84.0; offset_y = 0.0;
10-02 18:26:36.603 18316 18339 I event src/ui_preview.rs:501: ANDROID_OBJECT_PUSHED_POSE_ACTIVEoffset_x = 32.0; offset_y = 0.0;
10-02 18:26:36.603 18316 18339 I event src/ui_preview.rs:518: ANDROID_OBJECT_DASH_POSE_ACTIVEoffset_x = -32.0; offset_y = 0.0;
10-02 18:26:36.604 18316 18338 I RustStdoutStderr: [2m2026-10-02T10:26:36.603905Z[0m [32m INFO[0m [2mmir2_platform_android::ui_preview[0m[2m:[0m ANDROID_REMOTE_BACKSTEP_POSE_ACTIVE [3moffset_x[0m[2m=[0m84.0 [3moffset_y[0m[2m=[0m0.0
10-02 18:26:36.604 18316 18338 I RustStdoutStderr: [2m2026-10-02T10:26:36.603969Z[0m [32m INFO[0m [2mmir2_platform_android::ui_preview[0m[2m:[0m ANDROID_OBJECT_PUSHED_POSE_ACTIVE [3moffset_x[0m[2m=[0m32.0 [3moffset_y[0m[2m=[0m0.0
10-02 18:26:36.604 18316 18338 I RustStdoutStderr: [2m2026-10-02T10:26:36.603976Z[0m [32m INFO[0m [2mmir2_platform_android::ui_preview[0m[2m:[0m ANDROID_OBJECT_DASH_POSE_ACTIVE [3moffset_x[0m[2m=[0m-32.0 [3moffset_y[0m[2m=[0m0.0
10-02 18:26:36.627 18316 18342 I event src/phone_hud.rs:173: ANDROID_PHONE_TEXT_LAYOUTfont = TextFont { font: SystemUi, font_size: Px(23.466667), weight: FontWeight(400), width: FontWidth(1.0), style: Normal, font_smoothing: AntiAliased, font_features: FontFeatures { features: [] }, font_variations: FontVariations { variations: [] } }; color = TextColor(Srgba(Srgba { red: 0.98, green: 0.91, blue: 0.76, alpha: 1.0 })); glyph_masks = [true, true, true, true, true, true, true, true, true, true, true, true, true];
10-02 18:26:36.627 18316 18342 I event src/phone_hud.rs:173: ANDROID_PHONE_TEXT_LAYOUTfont = TextFont { font: SystemUi, font_size: Px(23.466667), weight: FontWeight(400), width: FontWidth(1.0), style: Normal, font_smoothing: AntiAliased, font_features: FontFeatures { features: [] }, font_variations: FontVariations { variations: [] } }; color = TextColor(Srgba(Srgba { red: 0.96, green: 0.85, blue: 0.61, alpha: 1.0 })); glyph_masks = [true, true, true];
10-02 18:26:36.627 18316 18342 I event src/phone_hud.rs:173: ANDROID_PHONE_TEXT_LAYOUTfont = TextFont { font: SystemUi, font_size: Px(23.466667), weight: FontWeight(400), width: FontWidth(1.0), style: Normal, font_smoothing: AntiAliased, font_features: FontFeatures { features: [] }, font_variations: FontVariations { variations: [] } }; color = TextColor(Srgba(Srgba { red: 0.96, green: 0.85, blue: 0.61, alpha: 1.0 })); glyph_masks = [true, true, true];
10-02 18:26:36.627 18316 18342 I event src/phone_hud.rs:173: ANDROID_PHONE_TEXT_LAYOUTfont = TextFont { font: SystemUi, font_size: Px(23.466667), weight: FontWeight(400), width: FontWidth(1.0), style: Normal, font_smoothing: AntiAliased, font_features: FontFeatures { features: [] }, font_variations: FontVariations { variations: [] } }; color = TextColor(Srgba(Srgba { red: 0.96, green: 0.85, blue: 0.61, alpha: 1.0 })); glyph_masks = [true, true, true, true, true];
10-02 18:26:36.627 18316 18342 I event src/phone_hud.rs:173: ANDROID_PHONE_TEXT_LAYOUTfont = TextFont { font: SystemUi, font_size: Px(23.466667), weight: FontWeight(400), width: FontWidth(1.0), style: Normal, font_smoothing: AntiAliased, font_features: FontFeatures { features: [] }, font_variations: FontVariations { variations: [] } }; color = TextColor(Srgba(Srgba { red: 0.96, green: 0.85, blue: 0.61, alpha: 1.0 })); glyph_masks = [true, true, true, true, true, true, true];
10-02 18:26:36.627 18316 18342 I event src/phone_hud.rs:173: ANDROID_PHONE_TEXT_LAYOUTfont = TextFont { font: SystemUi, font_size: Px(23.466667), weight: FontWeight(400), width: FontWidth(1.0), style: Normal, font_smoothing: AntiAliased, font_features: FontFeatures { features: [] }, font_variations: FontVariations { variations: [] } }; color = TextColor(Srgba(Srgba { red: 0.96, green: 0.85, blue: 0.61, alpha: 1.0 })); glyph_masks = [true, true, true, true, true];
10-02 18:26:36.627 18316 18342 I event src/phone_hud.rs:173: ANDROID_PHONE_TEXT_LAYOUTfont = TextFont { font: SystemUi, font_size: Px(23.466667), weight: FontWeight(400), width: FontWidth(1.0), style: Normal, font_smoothing: AntiAliased, font_features: FontFeatures { features: [] }, font_variations: FontVariations { variations: [] } }; color = TextColor(Srgba(Srgba { red: 0.96, green: 0.85, blue: 0.61, alpha: 1.0 })); glyph_masks = [true, true, true, true, true, true];
10-02 18:26:36.627 18316 18342 I event src/phone_hud.rs:173: ANDROID_PHONE_TEXT_LAYOUTfont = TextFont { font: SystemUi, font_size: Px(23.466667), weight: FontWeight(400), width: FontWidth(1.0), style: Normal, font_smoothing: AntiAliased, font_features: FontFeatures { features: [] }, font_variations: FontVariations { variations: [] } }; color = TextColor(Srgba(Srgba { red: 0.96, green: 0.85, blue: 0.61, alpha: 1.0 })); glyph_masks = [true, true, true, true, true];
10-02 18:26:36.627 18316 18342 I event src/phone_hud.rs:173: ANDROID_PHONE_TEXT_LAYOUTfont = TextFont { font: SystemUi, font_size: Px(23.466667), weight: FontWeight(400), width: FontWidth(1.0), style: Normal, font_smoothing: AntiAliased, font_features: FontFeatures { features: [] }, font_variations: FontVariations { variations: [] } }; color = TextColor(Srgba(Srgba { red: 0.96, green: 0.85, blue: 0.61, alpha: 1.0 })); glyph_masks = [true, true, true, true, true];
10-02 18:26:36.627 18316 18342 I event src/phone_hud.rs:173: ANDROID_PHONE_TEXT_LAYOUTfont = TextFont { font: SystemUi, font_size: Px(23.466667), weight: FontWeight(400), width: FontWidth(1.0), style: Normal, font_smoothing: AntiAliased, font_features: FontFeatures { features: [] }, font_variations: FontVariations { variations: [] } }; color = TextColor(Srgba(Srgba { red: 0.96, green: 0.85, blue: 0.61, alpha: 1.0 })); glyph_masks = [true, true, true, true, true];
10-02 18:26:36.627 18316 18342 I event src/phone_hud.rs:173: ANDROID_PHONE_TEXT_LAYOUTfont = TextFont { font: SystemUi, font_size: Px(23.466667), weight: FontWeight(400), width: FontWidth(1.0), style: Normal, font_smoothing: AntiAliased, font_features: FontFeatures { features: [] }, font_variations: FontVariations { variations: [] } }; color = TextColor(Srgba(Srgba { red: 0.96, green: 0.85, blue: 0.61, alpha: 1.0 })); glyph_masks = [true, true, true, true];
10-02 18:26:36.627 18316 18342 I event src/phone_hud.rs:173: ANDROID_PHONE_TEXT_LAYOUTfont = TextFont { font: SystemUi, font_size: Px(23.466667), weight: FontWeight(400), width: FontWidth(1.0), style: Normal, font_smoothing: AntiAliased, font_features: FontFeatures { features: [] }, font_variations: FontVariations { variations: [] } }; color = TextColor(Srgba(Srgba { red: 0.96, green: 0.85, blue: 0.61, alpha: 1.0 })); glyph_masks = [true, true];
10-02 18:26:36.627 18316 18342 I event src/phone_hud.rs:173: ANDROID_PHONE_TEXT_LAYOUTfont = TextFont { font: SystemUi, font_size: Px(23.466667), weight: FontWeight(400), width: FontWidth(1.0), style: Normal, font_smoothing: AntiAliased, font_features: FontFeatures { features: [] }, font_variations: FontVariations { variations: [] } }; color = TextColor(Srgba(Srgba { red: 0.96, green: 0.85, blue: 0.61, alpha: 1.0 })); glyph_masks = [true, true, true, true];
10-02 18:26:36.627 18316 18338 I RustStdoutStderr: [2m2026-10-02T10:26:36.627258Z[0m [32m INFO[0m [2mmir2_platform_android::phone_hud[0m[2m:[0m ANDROID_PHONE_TEXT_LAYOUT [3mfont[0m[2m=[0mTextFont { font: SystemUi, font_size: Px(23.466667), weight: FontWeight(400), width: FontWidth(1.0), style: Normal, font_smoothing: AntiAliased, font_features: FontFeatures { features: [] }, font_variations: FontVariations { variations: [] } } [3mcolor[0m[2m=[0mTextColor(Srgba(Srgba { red: 0.98, green: 0.91, blue: 0.76, alpha: 1.0 })) [3mglyph_masks[0m[2m=[0m[true, true, true, true, true, true, true, true, true, true, true, true, true]
10-02 18:26:36.627 18316 18338 I RustStdoutStderr: [2m2026-10-02T10:26:36.627447Z[0m [32m INFO[0m [2mmir2_platform_android::phone_hud[0m[2m:[0m ANDROID_PHONE_TEXT_LAYOUT [3mfont[0m[2m=[0mTextFont { font: SystemUi, font_size: Px(23.466667), weight: FontWeight(400), width: FontWidth(1.0), style: Normal, font_smoothing: AntiAliased, font_features: FontFeatures { features: [] }, font_variations: FontVariations { variations: [] } } [3mcolor[0m[2m=[0mTextColor(Srgba(Srgba { red: 0.96, green: 0.85, blue: 0.61, alpha: 1.0 })) [3mglyph_masks[0m[2m=[0m[true, true, true]
10-02 18:26:36.627 18316 18338 I RustStdoutStderr: [2m2026-10-02T10:26:36.627537Z[0m [32m INFO[0m [2mmir2_platform_android::phone_hud[0m[2m:[0m ANDROID_PHONE_TEXT_LAYOUT [3mfont[0m[2m=[0mTextFont { font: SystemUi, font_size: Px(23.466667), weight: FontWeight(400), width: FontWidth(1.0), style: Normal, font_smoothing: AntiAliased, font_features: FontFeatures { features: [] }, font_variations: FontVariations { variations: [] } } [3mcolor[0m[2m=[0mTextColor(Srgba(Srgba { red: 0.96, green: 0.85, blue: 0.61, alpha: 1.0 })) [3mglyph_masks[0m[2m=[0m[true, true, true]
10-02 18:26:36.627 18316 18338 I RustStdoutStderr: [2m2026-10-02T10:26:36.627562Z[0m [32m INFO[0m [2mmir2_platform_android::phone_hud[0m[2m:[0m ANDROID_PHONE_TEXT_LAYOUT [3mfont[0m[2m=[0mTextFont { font: SystemUi, font_size: Px(23.466667), weight: FontWeight(400), width: FontWidth(1.0), style: Normal, font_smoothing: AntiAliased, font_features: FontFeatures { features: [] }, font_variations: FontVariations { variations: [] } } [3mcolor[0m[2m=[0mTextColor(Srgba(Srgba { red: 0.96, green: 0.85, blue: 0.61, alpha: 1.0 })) [3mglyph_masks[0m[2m=[0m[true, true, true, true, true]
10-02 18:26:36.627 18316 18338 I RustStdoutStderr: [2m2026-10-02T10:26:36.627573Z[0m [32m INFO[0m [2mmir2_platform_android::phone_hud[0m[2m:[0m ANDROID_PHONE_TEXT_LAYOUT [3mfont[0m[2m=[0mTextFont { font: SystemUi, font_size: Px(23.466667), weight: FontWeight(400), width: FontWidth(1.0), style: Normal, font_smoothing: AntiAliased, font_features: FontFeatures { features: [] }, font_variations: FontVariations { variations: [] } } [3mcolor[0m[2m=[0mTextColor(Srgba(Srgba { red: 0.96, green: 0.85, blue: 0.61, alpha: 1.0 })) [3mglyph_masks[0m[2m=[0m[true, true, true, true, true, true, true]
10-02 18:26:36.627 18316 18338 I RustStdoutStderr: [2m2026-10-02T10:26:36.627587Z[0m [32m INFO[0m [2mmir2_platform_android::phone_hud[0m[2m:[0m ANDROID_PHONE_TEXT_LAYOUT [3mfont[0m[2m=[0mTextFont { font: SystemUi, font_size: Px(23.466667), weight: FontWeight(400), width: FontWidth(1.0), style: Normal, font_smoothing: AntiAliased, font_features: FontFeatures { features: [] }, font_variations: FontVariations { variations: [] } } [3mcolor[0m[2m=[0mTextColor(Srgba(Srgba { red: 0.96, green: 0.85, blue: 0.61, alpha: 1.0 })) [3mglyph_masks[0m[2m=[0m[true, true, true, true, true]
10-02 18:26:36.627 18316 18338 I RustStdoutStderr: [2m2026-10-02T10:26:36.627596Z[0m [32m INFO[0m [2mmir2_platform_android::phone_hud[0m[2m:[0m ANDROID_PHONE_TEXT_LAYOUT [3mfont[0m[2m=[0mTextFont { font: SystemUi, font_size: Px(23.466667), weight: FontWeight(400), width: FontWidth(1.0), style: Normal, font_smoothing: AntiAliased, font_features: FontFeatures { features: [] }, font_variations: FontVariations { variations: [] } } [3mcolor[0m[2m=[0mTextColor(Srgba(Srgba { red: 0.96, green: 0.85, blue: 0.61, alpha: 1.0 })) [3mglyph_masks[0m[2m=[0m[true, true, true, true, true, true]
10-02 18:26:36.627 18316 18338 I RustStdoutStderr: [2m2026-10-02T10:26:36.627604Z[0m [32m INFO[0m [2mmir2_platform_android::phone_hud[0m[2m:[0m ANDROID_PHONE_TEXT_LAYOUT [3mfont[0m[2m=[0mTextFont { font: SystemUi, font_size: Px(23.466667), weight: FontWeight(400), width: FontWidth(1.0), style: Normal, font_smoothing: AntiAliased, font_features: FontFeatures { features: [] }, font_variations: FontVariations { variations: [] } } [3mcolor[0m[2m=[0mTextColor(Srgba(Srgba { red: 0.96, green: 0.85, blue: 0.61, alpha: 1.0 })) [3mglyph_masks[0m[2m=[0m[true, true, true, true, true]
10-02 18:26:36.627 18316 18338 I RustStdoutStderr: [2m2026-10-02T10:26:36.627613Z[0m [32m INFO[0m [2mmir2_platform_android::phone_hud[0m[2m:[0m ANDROID_PHONE_TEXT_LAYOUT [3mfont[0m[2m=[0mTextFont { font: SystemUi, font_size: Px(23.466667), weight: FontWeight(400), width: FontWidth(1.0), style: Normal, font_smoothing: AntiAliased, font_features: FontFeatures { features: [] }, font_variations: FontVariations { variations: [] } } [3mcolor[0m[2m=[0mTextColor(Srgba(Srgba { red: 0.96, green: 0.85, blue: 0.61, alpha: 1.0 })) [3mglyph_masks[0m[2m=[0m[true, true, true, true, true]
10-02 18:26:36.627 18316 18338 I RustStdoutStderr: [2m2026-10-02T10:26:36.627621Z[0m [32m INFO[0m [2mmir2_platform_android::phone_hud[0m[2m:[0m ANDROID_PHONE_TEXT_LAYOUT [3mfont[0m[2m=[0mTextFont { font: SystemUi, font_size: Px(23.466667), weight: FontWeight(400), width: FontWidth(1.0), style: Normal, font_smoothing: AntiAliased, font_features: FontFeatures { features: [] }, font_variations: FontVariations { variations: [] } } [3mcolor[0m[2m=[0mTextColor(Srgba(Srgba { red: 0.96, green: 0.85, blue: 0.61, alpha: 1.0 })) [3mglyph_masks[0m[2m=[0m[true, true, true, true, true]
10-02 18:26:36.627 18316 18338 I RustStdoutStderr: [2m2026-10-02T10:26:36.627629Z[0m [32m INFO[0m [2mmir2_platform_android::phone_hud[0m[2m:[0m ANDROID_PHONE_TEXT_LAYOUT [3mfont[0m[2m=[0mTextFont { font: SystemUi, font_size: Px(23.466667), weight: FontWeight(400), width: FontWidth(1.0), style: Normal, font_smoothing: AntiAliased, font_features: FontFeatures { features: [] }, font_variations: FontVariations { variations: [] } } [3mcolor[0m[2m=[0mTextColor(Srgba(Srgba { red: 0.96, green: 0.85, blue: 0.61, alpha: 1.0 })) [3mglyph_masks[0m[2m=[0m[true, true, true, true]
10-02 18:26:36.627 18316 18338 I RustStdoutStderr: [2m2026-10-02T10:26:36.627638Z[0m [32m INFO[0m [2mmir2_platform_android::phone_hud[0m[2m:[0m ANDROID_PHONE_TEXT_LAYOUT [3mfont[0m[2m=[0mTextFont { font: SystemUi, font_size: Px(23.466667), weight: FontWeight(400), width: FontWidth(1.0), style: Normal, font_smoothing: AntiAliased, font_features: FontFeatures { features: [] }, font_variations: FontVariations { variations: [] } } [3mcolor[0m[2m=[0mTextColor(Srgba(Srgba { red: 0.96, green: 0.85, blue: 0.61, alpha: 1.0 })) [3mglyph_masks[0m[2m=[0m[true, true]
10-02 18:26:36.627 18316 18338 I RustStdoutStderr: [2m2026-10-02T10:26:36.627646Z[0m [32m INFO[0m [2mmir2_platform_android::phone_hud[0m[2m:[0m ANDROID_PHONE_TEXT_LAYOUT [3mfont[0m[2m=[0mTextFont { font: SystemUi, font_size: Px(23.466667), weight: FontWeight(400), width: FontWidth(1.0), style: Normal, font_smoothing: AntiAliased, font_features: FontFeatures { features: [] }, font_variations: FontVariations { variations: [] } } [3mcolor[0m[2m=[0mTextColor(Srgba(Srgba { red: 0.96, green: 0.85, blue: 0.61, alpha: 1.0 })) [3mglyph_masks[0m[2m=[0m[true, true, true, true]
10-02 18:26:36.815 18316 18339 I event src/ui_preview.rs:512: ANDROID_OBJECT_PUSHED_POSE_SETTLED
10-02 18:26:36.815 18316 18339 I event src/ui_preview.rs:529: ANDROID_OBJECT_DASH_POSE_SETTLED
10-02 18:26:36.816 18316 18338 I RustStdoutStderr: [2m2026-10-02T10:26:36.815773Z[0m [32m INFO[0m [2mmir2_platform_android::ui_preview[0m[2m:[0m ANDROID_OBJECT_PUSHED_POSE_SETTLED
10-02 18:26:36.816 18316 18338 I RustStdoutStderr: [2m2026-10-02T10:26:36.815887Z[0m [32m INFO[0m [2mmir2_platform_android::ui_preview[0m[2m:[0m ANDROID_OBJECT_DASH_POSE_SETTLED
10-02 18:26:36.866 18316 18339 I event src/ui_preview.rs:539: ANDROID_LOCAL_MOVEMENT_SKILL_ACTION_SETTLED
10-02 18:26:36.866 18316 18338 I RustStdoutStderr: [2m2026-10-02T10:26:36.866588Z[0m [32m INFO[0m [2mmir2_platform_android::ui_preview[0m[2m:[0m ANDROID_LOCAL_MOVEMENT_SKILL_ACTION_SETTLED
10-02 18:26:37.366 18316 18339 I event src/ui_preview.rs:495: ANDROID_REMOTE_BACKSTEP_POSE_SETTLED
10-02 18:26:37.366 18316 18338 I RustStdoutStderr: [2m2026-10-02T10:26:37.366631Z[0m [32m INFO[0m [2mmir2_platform_android::ui_preview[0m[2m:[0m ANDROID_REMOTE_BACKSTEP_POSE_SETTLED
10-02 18:26:37.611 18316 18339 D EGL_emulation: app_time_stats: avg=13.92ms min=12.06ms max=18.27ms count=61
10-02 18:26:38.540 18316 18316 V threaded_app: Pause: 0xb400007535841870
10-02 18:26:38.555 18316 18339 V threaded_app: activityState=14
10-02 18:26:38.566 18316 18316 V threaded_app: WindowFocusChanged: 0xb400007535841870 -- 0
10-02 18:26:38.967 18316 18316 V threaded_app: NativeWindowDestroyed: 0xb400007535841870 -- 0xb4000075c59ee140
10-02 18:26:38.967 18316 18316 V threaded_app: android_app_set_window called
10-02 18:26:38.967 18316 18339 V threaded_app: APP_CMD_TERM_WINDOW
10-02 18:26:38.988 18316 18342 D HostConnection: createUnique: call
10-02 18:26:38.989 18316 18342 D HostConnection: HostConnection::get() New Host Connection established 0xb4000074d587a110, tid 18342
10-02 18:26:38.991 18316 18342 D HostConnection: HostComposition ext ANDROID_EMU_CHECKSUM_HELPER_v1 ANDROID_EMU_native_sync_v2 ANDROID_EMU_native_sync_v3 ANDROID_EMU_native_sync_v4 ANDROID_EMU_dma_v1 ANDROID_EMU_direct_mem ANDROID_EMU_host_composition_v1 ANDROID_EMU_host_composition_v2 ANDROID_EMU_vulkan ANDROID_EMU_deferred_vulkan_commands ANDROID_EMU_vulkan_null_optional_strings ANDROID_EMU_vulkan_create_resources_with_requirements ANDROID_EMU_YUV_Cache ANDROID_EMU_vulkan_ignored_handles ANDROID_EMU_has_shared_slots_host_memory_allocator ANDROID_EMU_vulkan_free_memory_sync ANDROID_EMU_vulkan_shader_float16_int8 ANDROID_EMU_vulkan_async_queue_submit ANDROID_EMU_vulkan_queue_submit_with_commands ANDROID_EMU_sync_buffer_data ANDROID_EMU_vulkan_async_qsri ANDROID_EMU_read_color_buffer_dma ANDROID_EMU_hwc_color_transform GL_OES_EGL_image_external_essl3 GL_OES_vertex_array_object ANDROID_EMU_host_side_tracing ANDROID_EMU_gles_max_version_3_0 
10-02 18:26:38.991 18316 18342 D EGL_emulation: eglMakeCurrent: 0xb4000074d58339d0: ver 3 0 (tinfo 0x76fbc37180) (first time)
10-02 18:26:38.995 18316 18339 V threaded_app: APP_CMD_TERM_WINDOW
10-02 18:26:39.001 18316 18316 V threaded_app: TrimMemory: 0xb400007535841870 20
10-02 18:26:39.005 18316 18316 V threaded_app: Stop: 0xb400007535841870
10-02 18:26:39.005 18316 18339 V threaded_app: activityState=15
10-02 18:26:39.005 18316 18339 W event /Users/henryliu/.cargo/registry/src/index.crates.io-1949cf8c6b5b557f/winit-0.30.13/src/pTODO: forward onStop notification to application
10-02 18:26:39.005 18316 18338 I RustStdoutStderr: [2m2026-10-02T10:26:39.005598Z[0m [33m WARN[0m [2mwinit::platform_impl::android[0m[2m:[0m TODO: forward onStop notification to application
10-02 18:26:39.006 18316 18316 V threaded_app: SaveInstanceState: 0xb400007535841870
10-02 18:26:39.006 18316 18339 W event /Users/henryliu/.cargo/registry/src/index.crates.io-1949cf8c6b5b557f/winit-0.30.13/src/pTODO: forward saveState notification to application
10-02 18:26:39.006 18316 18339 V threaded_app: APP_CMD_SAVE_STATE
10-02 18:26:39.006 18316 18338 I RustStdoutStderr: [2m2026-10-02T10:26:39.006473Z[0m [33m WARN[0m [2mwinit::platform_impl::android[0m[2m:[0m TODO: forward saveState notification to application
10-02 18:26:39.587 18316 18376 D ProfileInstaller: Installing profile for com.mir2.web3.uipreview
10-02 18:26:39.587 18316 18316 V GameActivity: onStart_native
10-02 18:26:39.587 18316 18316 V threaded_app: Start: 0xb400007535841870
10-02 18:26:39.587 18316 18339 V threaded_app: activityState=11
10-02 18:26:39.587 18316 18339 W event /Users/henryliu/.cargo/registry/src/index.crates.io-1949cf8c6b5b557f/winit-0.30.13/src/pTODO: forward onStart notification to application
10-02 18:26:39.587 18316 18338 I RustStdoutStderr: [2m2026-10-02T10:26:39.587573Z[0m [33m WARN[0m [2mwinit::platform_impl::android[0m[2m:[0m TODO: forward onStart notification to application
10-02 18:26:39.588 18316 18316 V threaded_app: Resume: 0xb400007535841870
10-02 18:26:39.588 18316 18339 V threaded_app: activityState=12
10-02 18:26:39.602 18316 18316 V GameActivity: onImeInsetsChanged from Text Listener
10-02 18:26:39.602 18316 18316 V threaded_app: WindowInsetsChanged: 0xb400007535841870
10-02 18:26:39.602 18316 18339 W event /Users/henryliu/.cargo/registry/src/index.crates.io-1949cf8c6b5b557f/winit-0.30.13/src/pTODO: handle Android InsetsChanged notification
10-02 18:26:39.602 18316 18338 I RustStdoutStderr: [2m2026-10-02T10:26:39.602364Z[0m [33m WARN[0m [2mwinit::platform_impl::android[0m[2m:[0m TODO: handle Android InsetsChanged notification
10-02 18:26:39.605 18316 18316 V GameActivity: onSurfaceCreated_native
10-02 18:26:39.605 18316 18316 V threaded_app: NativeWindowCreated: 0xb400007535841870 -- 0xb4000075c59ee140
10-02 18:26:39.605 18316 18316 V threaded_app: android_app_set_window called
10-02 18:26:39.605 18316 18339 V threaded_app: APP_CMD_INIT_WINDOW
10-02 18:26:39.606 18316 18316 V threaded_app: NativeWindowRedrawNeeded: 0xb400007535841870 -- 0xb4000075c59ee140
10-02 18:26:39.607 18316 18339 I event src/ui_preview.rs:482: ANDROID_REMOTE_BACKSTEP_DIAGNOSTICSdiagnostics = {"enabled":true,"nowMs":1790936799606.4624,"moveClockPulseId":37,"moveClockNextPulseMs":1790936799706.4624,"entryCount":3,"activeEntryCount":0,"processedEventCount":3,"remoteMotionEventCount":3,"remoteRemoveEventCount":0,"ignoredEventCount":0,"staleEventCount":0,"disabledEventCount":0,"pendingEventDropCount":0,"entryEvictionCount":0,"decodeErrorCount":0,"lastDecodeError":null,"offsetQueryCount":357,"offsetMatchCount":92,"targetMismatchCount":0,"inactiveFallbackCount":265,"entries":[{"atMs":2494.0,"packet":"ObjectPushed","objectId":"9002","fromX":304.0,"fromY":634.0,"toX":303.0,"toY":634.0,"direction":"Left","mode":"pushed","phaseCount":3,"startedMs":1790936796584.7383,"startedPulseId":18,"expiresMs":1790936799606.4624,"phaseIndex":2,"nextPhaseMs":1790936799706.4624,"completed":true},{"atMs":2350.0,"packet":"ObjectBackStep","objectId":"9003","fromX":301.0,"fromY":634.0,"toX":299.0,"toY":634.0,"direction":"Right","mode":"backstep","phaseCount":8,"startedMs":1790936796584.7383,"startedPulseId":18,"expiresMs":1790936799606.4624,"phaseIndex":7,"nextPhaseMs":1790936799706.4624,"completed":true},{"atMs":2488.0,"packet":"ObjectDash","objectId":"9004","fromX":301.0,"fromY":631.0,"toX":302.0,"toY":631.0,"direction":"Right","mode":"dashL","phaseCount":3,"startedMs":1790936796584.7383,"startedPulseId":18,"expiresMs":1790936799606.4624,"phaseIndex":2,"nextPhaseMs":1790936799706.4624,"completed":true}]};
10-02 18:26:39.610 18316 18338 I RustStdoutStderr: [2m2026-10-02T10:26:39.607946Z[0m [32m INFO[0m [2mmir2_platform_android::ui_preview[0m[2m:[0m ANDROID_REMOTE_BACKSTEP_DIAGNOSTICS [3mdiagnostics[0m[2m=[0m{"enabled":true,"nowMs":1790936799606.4624,"moveClockPulseId":37,"moveClockNextPulseMs":1790936799706.4624,"entryCount":3,"activeEntryCount":0,"processedEventCount":3,"remoteMotionEventCount":3,"remoteRemoveEventCount":0,"ignoredEventCount":0,"staleEventCount":0,"disabledEventCount":0,"pendingEventDropCount":0,"entryEvictionCount":0,"decodeErrorCount":0,"lastDecodeError":null,"offsetQueryCount":357,"offsetMatchCount":92,"targetMismatchCount":0,"inactiveFallbackCount":265,"entries":[{"atMs":2494.0,"packet":"ObjectPushed","objectId":"9002","fromX":304.0,"fromY":634.0,"toX":303.0,"toY":634.0,"direction":"Left","mode":"pushed","phaseCount":3,"startedMs":1790936796584.7383,"startedPulseId":18,"expiresMs":1790936799606.4624,"phaseIndex":2,"nextPhaseMs":1790936799706.4624,"completed":true},{"atMs":2350.0,"packet":"ObjectBackStep","objectId":"9003","fromX":301.0,"fromY":634.0,"toX":299.0,"toY":634.0,"direction":"Right","mode":"backstep","phaseCount":8,"startedMs":1790936796584.7383,"startedPulseId":18,"expiresMs":1790936799606.4624,"phaseIndex":7,"nextPhaseMs":1790936799706.4624,"completed":true},{"atMs":2488.0,"packet":"ObjectDash","objectId":"9004","fromX":301.0,"fromY":631.0,"toX":302.0,"toY":631.0,"direction":"Right","mode":"dashL","phaseCount":3,"startedMs":1790936796584.7383,"startedPulseId":18,"expiresMs":1790936799606.4624,"phaseIndex":2,"nextPhaseMs":1790936799706.4624,"completed":true}]}
10-02 18:26:39.623 18316 18316 V threaded_app: WindowFocusChanged: 0xb400007535841870 -- 1
10-02 18:26:39.629 18316 18316 V GameActivity: onImeInsetsChanged from Text Listener
10-02 18:26:39.629 18316 18316 V threaded_app: WindowInsetsChanged: 0xb400007535841870
10-02 18:26:39.644 18316 18339 W event /Users/henryliu/.cargo/registry/src/index.crates.io-1949cf8c6b5b557f/winit-0.30.13/src/pTODO: handle Android InsetsChanged notification
10-02 18:26:39.645 18316 18338 I RustStdoutStderr: [2m2026-10-02T10:26:39.644954Z[0m [33m WARN[0m [2mwinit::platform_impl::android[0m[2m:[0m TODO: handle Android InsetsChanged notification
10-02 18:26:40.694 18316 18339 D EGL_emulation: app_time_stats: avg=14.58ms min=11.91ms max=54.14ms count=62
10-02 18:26:41.711 18316 18339 D EGL_emulation: app_time_stats: avg=13.29ms min=12.18ms max=17.78ms count=61
10-02 18:26:42.726 18316 18339 D EGL_emulation: app_time_stats: avg=12.80ms min=11.77ms max=14.92ms count=61
10-02 18:26:43.748 18316 18339 D EGL_emulation: app_time_stats: avg=13.25ms min=11.77ms max=18.26ms count=61
