warning: unused import: `super::skills::crystal_magic_damage`
  --> apps\simulation\src\runtime\hero_ai.rs:53:5
   |
53 | use super::skills::crystal_magic_damage;
   |     ^^^^^^^^^^^^^^^^^^^^^^^^^^^^^^^^^^^
   |
   = note: `#[warn(unused_imports)]` (part of `#[warn(unused)]`) on by default

warning: unused import: `hero_registry_scan::validate_shared_hero_physical_custody`
  --> apps\simulation\src\runtime\mod.rs:22:16
   |
22 | pub(crate) use hero_registry_scan::validate_shared_hero_physical_custody;
   |                ^^^^^^^^^^^^^^^^^^^^^^^^^^^^^^^^^^^^^^^^^^^^^^^^^^^^^^^^^

warning: unused import: `HeroInventoryResource`
  --> apps\simulation\src\runtime\items.rs:58:19
   |
58 |     BuffResource, HeroInventoryResource, InventoryResource, PlayerPermissionResource,
   |                   ^^^^^^^^^^^^^^^^^^^^^

warning: unused import: `merged_user_item_stats`
  --> apps\simulation\src\runtime\npc.rs:38:72
   |
38 |     crystal_item_key_for_template, crystal_item_template_for_item_key, merged_user_item_stats,
   |                                                                        ^^^^^^^^^^^^^^^^^^^^^^

warning: unused import: `hero_inventory_crystal_stat_total`
  --> apps\simulation\src\runtime\packets.rs:72:22
   |
72 | use super::hero_ai::{hero_inventory_crystal_stat_total, hero_inventory_equipment_slots};
   |                      ^^^^^^^^^^^^^^^^^^^^^^^^^^^^^^^^^

warning: unused import: `crystal_quest_info_by_id`
   --> apps\simulation\src\runtime\packets.rs:108:5
    |
108 |     crystal_quest_info_by_id, crystal_quest_reward_selection_missing,
    |     ^^^^^^^^^^^^^^^^^^^^^^^^

warning: unused import: `intelligent_creature_default_rules`
   --> apps\simulation\src\runtime\packets.rs:131:5
    |
131 |     intelligent_creature_default_rules, is_in_world, mark_crystal_packet_action,
    |     ^^^^^^^^^^^^^^^^^^^^^^^^^^^^^^^^^^

warning: unused import: `ZoneExperienceProfile`
 --> apps\simulation\src\runtime\zone\mod.rs:6:22
  |
6 | pub use experience::{ZoneExperienceProfile,ZoneExperienceSelection,ZoneGuildExperienceMembership};
  |                      ^^^^^^^^^^^^^^^^^^^^^

warning: use of deprecated method `bevy_ecs::world::World::iter_entities`: use world.query::<EntityRef>()` instead
  --> apps\simulation\src\runtime\hero_cast.rs:61:22
   |
61 |     let target=world.iter_entities().find_map(|entry| {
   |                      ^^^^^^^^^^^^^
   |
   = note: `#[warn(deprecated)]` on by default

warning: use of deprecated method `bevy_ecs::world::World::iter_entities`: use world.query::<EntityRef>()` instead
  --> apps\simulation\src\runtime\hero_cast.rs:99:27
   |
99 |         let monster=world.iter_entities().find(|e|e.get::<Monster>().is_some()).unwrap().id();
   |                           ^^^^^^^^^^^^^

warning: use of deprecated method `bevy_ecs::world::World::iter_entities`: use world.query::<EntityRef>()` instead
   --> apps\simulation\src\runtime\monster_ai\great_fox_spirit.rs:163:28
    |
163 |     for candidate in world.iter_entities() {
    |                            ^^^^^^^^^^^^^

warning: use of deprecated method `bevy_ecs::world::World::iter_entities`: use world.query::<EntityRef>()` instead
    --> apps\simulation\src\runtime\packets.rs:7902:25
     |
7902 |     for entity in world.iter_entities() {
     |                         ^^^^^^^^^^^^^

warning: use of deprecated method `bevy_ecs::world::World::iter_entities`: use world.query::<EntityRef>()` instead
   --> apps\simulation\src\runtime\session.rs:760:14
    |
760 |             .iter_entities()
    |              ^^^^^^^^^^^^^

warning: use of deprecated method `bevy_ecs::world::World::iter_entities`: use world.query::<EntityRef>()` instead
    --> apps\simulation\src\runtime\skills.rs:5013:10
     |
5013 |         .iter_entities()
     |          ^^^^^^^^^^^^^

warning: use of deprecated method `bevy_ecs::world::World::iter_entities`: use world.query::<EntityRef>()` instead
    --> apps\simulation\src\runtime\skills.rs:5096:10
     |
5096 |         .iter_entities()
     |          ^^^^^^^^^^^^^

warning: type `hero_registry::HeroSourceVersions` is more private than the item `config::AccountStoreRepositorySave::heroes`
   --> apps\simulation\src\config.rs:899:5
    |
899 |     pub(crate) heroes: hero_registry::HeroSourceVersions,
    |     ^^^^^^^^^^^^^^^^^^^^^^^^^^^^^^^^^^^^^^^^^^^^^^^^^^^^ field `config::AccountStoreRepositorySave::heroes` is reachable at visibility `pub(crate)`
    |
note: but type `hero_registry::HeroSourceVersions` is only usable at visibility `pub(in crate::config)`
   --> apps\simulation\src\config_hero_registry.rs:93:1
    |
 93 | pub(super) struct HeroSourceVersions {
    | ^^^^^^^^^^^^^^^^^^^^^^^^^^^^^^^^^^^^
    = note: `#[warn(private_interfaces)]` on by default

warning: type `entity_combat::ZoneCombatEntityRef` is more private than the item `tree_queen_ai::TreeQueenRoot::source_ref`
  --> apps\simulation\src\runtime\zone\runtime\tree_queen_ai.rs:39:5
   |
39 |     pub source_ref: Option<ZoneCombatEntityRef>,
   |     ^^^^^^^^^^^^^^^^^^^^^^^^^^^^^^^^^^^^^^^^^^^ field `tree_queen_ai::TreeQueenRoot::source_ref` is reachable at visibility `pub(in crate::runtime::zone)`
   |
note: but type `entity_combat::ZoneCombatEntityRef` is only usable at visibility `pub(in crate::runtime::zone::runtime)`
  --> apps\simulation\src\runtime\zone\runtime\entity_combat.rs:7:1
   |
 7 | pub(super) enum ZoneCombatEntityRef {
   | ^^^^^^^^^^^^^^^^^^^^^^^^^^^^^^^^^^^

warning: type `entity_combat::ZoneCombatEntityRef` is more private than the item `EvilMirState::target_ref`
  --> apps\simulation\src\runtime\zone\runtime\evil_mir_ai.rs:11:5
   |
11 |     pub target_ref: Option<ZoneCombatEntityRef>,
   |     ^^^^^^^^^^^^^^^^^^^^^^^^^^^^^^^^^^^^^^^^^^^ field `EvilMirState::target_ref` is reachable at visibility `pub(in crate::runtime::zone)`
   |
note: but type `entity_combat::ZoneCombatEntityRef` is only usable at visibility `pub(in crate::runtime::zone::runtime)`
  --> apps\simulation\src\runtime\zone\runtime\entity_combat.rs:7:1
   |
 7 | pub(super) enum ZoneCombatEntityRef {
   | ^^^^^^^^^^^^^^^^^^^^^^^^^^^^^^^^^^^

warning: type `entity_combat::ZoneCombatEntityRef` is more private than the item `EvilMirPendingSource::source`
  --> apps\simulation\src\runtime\zone\runtime\evil_mir_ai.rs:20:5
   |
20 |     pub source: ZoneCombatEntityRef,
   |     ^^^^^^^^^^^^^^^^^^^^^^^^^^^^^^^ field `EvilMirPendingSource::source` is reachable at visibility `pub(in crate::runtime::zone)`
   |
note: but type `entity_combat::ZoneCombatEntityRef` is only usable at visibility `pub(in crate::runtime::zone::runtime)`
  --> apps\simulation\src\runtime\zone\runtime\entity_combat.rs:7:1
   |
 7 | pub(super) enum ZoneCombatEntityRef {
   | ^^^^^^^^^^^^^^^^^^^^^^^^^^^^^^^^^^^

warning: type `entity_combat::ZoneCombatEntityRef` is more private than the item `GreatFoxState::target_ref`
  --> apps\simulation\src\runtime\zone\runtime\great_fox_ai.rs:15:5
   |
15 |     pub target_ref: Option<ZoneCombatEntityRef>,
   |     ^^^^^^^^^^^^^^^^^^^^^^^^^^^^^^^^^^^^^^^^^^^ field `GreatFoxState::target_ref` is reachable at visibility `pub(in crate::runtime::zone)`
   |
note: but type `entity_combat::ZoneCombatEntityRef` is only usable at visibility `pub(in crate::runtime::zone::runtime)`
  --> apps\simulation\src\runtime\zone\runtime\entity_combat.rs:7:1
   |
 7 | pub(super) enum ZoneCombatEntityRef {
   | ^^^^^^^^^^^^^^^^^^^^^^^^^^^^^^^^^^^

warning: type `entity_combat::ZoneCombatEntityRef` is more private than the item `GreatFoxHit::source_ref`
  --> apps\simulation\src\runtime\zone\runtime\great_fox_ai.rs:42:5
   |
42 |     pub source_ref: Option<ZoneCombatEntityRef>,
   |     ^^^^^^^^^^^^^^^^^^^^^^^^^^^^^^^^^^^^^^^^^^^ field `GreatFoxHit::source_ref` is reachable at visibility `pub(in crate::runtime::zone)`
   |
note: but type `entity_combat::ZoneCombatEntityRef` is only usable at visibility `pub(in crate::runtime::zone::runtime)`
  --> apps\simulation\src\runtime\zone\runtime\entity_combat.rs:7:1
   |
 7 | pub(super) enum ZoneCombatEntityRef {
   | ^^^^^^^^^^^^^^^^^^^^^^^^^^^^^^^^^^^

warning: type `entity_combat::ZoneCombatEntityRef` is more private than the item `GreatFoxHit::target_ref`
  --> apps\simulation\src\runtime\zone\runtime\great_fox_ai.rs:44:5
   |
44 |     pub target_ref: Option<ZoneCombatEntityRef>,
   |     ^^^^^^^^^^^^^^^^^^^^^^^^^^^^^^^^^^^^^^^^^^^ field `GreatFoxHit::target_ref` is reachable at visibility `pub(in crate::runtime::zone)`
   |
note: but type `entity_combat::ZoneCombatEntityRef` is only usable at visibility `pub(in crate::runtime::zone::runtime)`
  --> apps\simulation\src\runtime\zone\runtime\entity_combat.rs:7:1
   |
 7 | pub(super) enum ZoneCombatEntityRef {
   | ^^^^^^^^^^^^^^^^^^^^^^^^^^^^^^^^^^^

warning: type `entity_combat::ZoneCombatEntityRef` is more private than the item `HornedEncounterState::target_ref`
  --> apps\simulation\src\runtime\zone\runtime\horned_encounter_ai.rs:12:5
   |
12 |     pub target_ref: Option<ZoneCombatEntityRef>,
   |     ^^^^^^^^^^^^^^^^^^^^^^^^^^^^^^^^^^^^^^^^^^^ field `HornedEncounterState::target_ref` is reachable at visibility `pub(in crate::runtime::zone)`
   |
note: but type `entity_combat::ZoneCombatEntityRef` is only usable at visibility `pub(in crate::runtime::zone::runtime)`
  --> apps\simulation\src\runtime\zone\runtime\entity_combat.rs:7:1
   |
 7 | pub(super) enum ZoneCombatEntityRef {
   | ^^^^^^^^^^^^^^^^^^^^^^^^^^^^^^^^^^^

warning: type `entity_combat::ZoneCombatEntityRef` is more private than the item `HornedEncounterHit::source_ref`
  --> apps\simulation\src\runtime\zone\runtime\horned_encounter_ai.rs:38:5
   |
38 |     pub source_ref: Option<ZoneCombatEntityRef>,
   |     ^^^^^^^^^^^^^^^^^^^^^^^^^^^^^^^^^^^^^^^^^^^ field `HornedEncounterHit::source_ref` is reachable at visibility `pub(in crate::runtime::zone)`
   |
note: but type `entity_combat::ZoneCombatEntityRef` is only usable at visibility `pub(in crate::runtime::zone::runtime)`
  --> apps\simulation\src\runtime\zone\runtime\entity_combat.rs:7:1
   |
 7 | pub(super) enum ZoneCombatEntityRef {
   | ^^^^^^^^^^^^^^^^^^^^^^^^^^^^^^^^^^^

warning: type `entity_combat::ZoneCombatEntityRef` is more private than the item `HornedEncounterHit::target_ref`
  --> apps\simulation\src\runtime\zone\runtime\horned_encounter_ai.rs:41:5
   |
41 |     pub target_ref: Option<ZoneCombatEntityRef>,
   |     ^^^^^^^^^^^^^^^^^^^^^^^^^^^^^^^^^^^^^^^^^^^ field `HornedEncounterHit::target_ref` is reachable at visibility `pub(in crate::runtime::zone)`
   |
note: but type `entity_combat::ZoneCombatEntityRef` is only usable at visibility `pub(in crate::runtime::zone::runtime)`
  --> apps\simulation\src\runtime\zone\runtime\entity_combat.rs:7:1
   |
 7 | pub(super) enum ZoneCombatEntityRef {
   | ^^^^^^^^^^^^^^^^^^^^^^^^^^^^^^^^^^^

warning: type `entity_combat::ZoneCombatEntityRef` is more private than the item `HornedMapSpell::source_ref`
  --> apps\simulation\src\runtime\zone\runtime\horned_encounter_ai.rs:60:5
   |
60 |     pub source_ref: Option<ZoneCombatEntityRef>,
   |     ^^^^^^^^^^^^^^^^^^^^^^^^^^^^^^^^^^^^^^^^^^^ field `HornedMapSpell::source_ref` is reachable at visibility `pub(in crate::runtime::zone)`
   |
note: but type `entity_combat::ZoneCombatEntityRef` is only usable at visibility `pub(in crate::runtime::zone::runtime)`
  --> apps\simulation\src\runtime\zone\runtime\entity_combat.rs:7:1
   |
 7 | pub(super) enum ZoneCombatEntityRef {
   | ^^^^^^^^^^^^^^^^^^^^^^^^^^^^^^^^^^^

warning: type `entity_combat::ZoneCombatEntityRef` is more private than the item `HornedState::target_ref`
  --> apps\simulation\src\runtime\zone\runtime\horned_ai.rs:14:5
   |
14 |     pub target_ref: Option<ZoneCombatEntityRef>,
   |     ^^^^^^^^^^^^^^^^^^^^^^^^^^^^^^^^^^^^^^^^^^^ field `HornedState::target_ref` is reachable at visibility `pub(in crate::runtime::zone)`
   |
note: but type `entity_combat::ZoneCombatEntityRef` is only usable at visibility `pub(in crate::runtime::zone::runtime)`
  --> apps\simulation\src\runtime\zone\runtime\entity_combat.rs:7:1
   |
 7 | pub(super) enum ZoneCombatEntityRef {
   | ^^^^^^^^^^^^^^^^^^^^^^^^^^^^^^^^^^^

warning: type `entity_combat::ZoneCombatEntityRef` is more private than the item `HornedHit::source_ref`
  --> apps\simulation\src\runtime\zone\runtime\horned_ai.rs:28:5
   |
28 |     pub source_ref: Option<ZoneCombatEntityRef>,
   |     ^^^^^^^^^^^^^^^^^^^^^^^^^^^^^^^^^^^^^^^^^^^ field `HornedHit::source_ref` is reachable at visibility `pub(in crate::runtime::zone)`
   |
note: but type `entity_combat::ZoneCombatEntityRef` is only usable at visibility `pub(in crate::runtime::zone::runtime)`
  --> apps\simulation\src\runtime\zone\runtime\entity_combat.rs:7:1
   |
 7 | pub(super) enum ZoneCombatEntityRef {
   | ^^^^^^^^^^^^^^^^^^^^^^^^^^^^^^^^^^^

warning: type `entity_combat::ZoneCombatEntityRef` is more private than the item `HornedHit::target_ref`
  --> apps\simulation\src\runtime\zone\runtime\horned_ai.rs:30:5
   |
30 |     pub target_ref: Option<ZoneCombatEntityRef>,
   |     ^^^^^^^^^^^^^^^^^^^^^^^^^^^^^^^^^^^^^^^^^^^ field `HornedHit::target_ref` is reachable at visibility `pub(in crate::runtime::zone)`
   |
note: but type `entity_combat::ZoneCombatEntityRef` is only usable at visibility `pub(in crate::runtime::zone::runtime)`
  --> apps\simulation\src\runtime\zone\runtime\entity_combat.rs:7:1
   |
 7 | pub(super) enum ZoneCombatEntityRef {
   | ^^^^^^^^^^^^^^^^^^^^^^^^^^^^^^^^^^^

warning: type `entity_combat::ZoneCombatEntityRef` is more private than the item `HellState::explosion_source_ref`
  --> apps\simulation\src\runtime\zone\runtime\hell_ai.rs:14:5
   |
14 |     pub explosion_source_ref: Option<ZoneCombatEntityRef>,
   |     ^^^^^^^^^^^^^^^^^^^^^^^^^^^^^^^^^^^^^^^^^^^^^^^^^^^^^ field `HellState::explosion_source_ref` is reachable at visibility `pub(in crate::runtime::zone)`
   |
note: but type `entity_combat::ZoneCombatEntityRef` is only usable at visibility `pub(in crate::runtime::zone::runtime)`
  --> apps\simulation\src\runtime\zone\runtime\entity_combat.rs:7:1
   |
 7 | pub(super) enum ZoneCombatEntityRef {
   | ^^^^^^^^^^^^^^^^^^^^^^^^^^^^^^^^^^^

warning: type `entity_combat::ZoneCombatEntityRef` is more private than the item `SpiderAiState::parent_ref`
  --> apps\simulation\src\runtime\zone\runtime\spider_ai.rs:40:5
   |
40 |     pub parent_ref: Option<ZoneCombatEntityRef>,
   |     ^^^^^^^^^^^^^^^^^^^^^^^^^^^^^^^^^^^^^^^^^^^ field `SpiderAiState::parent_ref` is reachable at visibility `pub(in crate::runtime::zone)`
   |
note: but type `entity_combat::ZoneCombatEntityRef` is only usable at visibility `pub(in crate::runtime::zone::runtime)`
  --> apps\simulation\src\runtime\zone\runtime\entity_combat.rs:7:1
   |
 7 | pub(super) enum ZoneCombatEntityRef {
   | ^^^^^^^^^^^^^^^^^^^^^^^^^^^^^^^^^^^

warning: type `entity_combat::ZoneCombatEntityRef` is more private than the item `PendingRootSpiderSpawn::source`
  --> apps\simulation\src\runtime\zone\runtime\spider_ai.rs:52:5
   |
52 |     pub source: Option<ZoneCombatEntityRef>,
   |     ^^^^^^^^^^^^^^^^^^^^^^^^^^^^^^^^^^^^^^^ field `PendingRootSpiderSpawn::source` is reachable at visibility `pub(in crate::runtime::zone)`
   |
note: but type `entity_combat::ZoneCombatEntityRef` is only usable at visibility `pub(in crate::runtime::zone::runtime)`
  --> apps\simulation\src\runtime\zone\runtime\entity_combat.rs:7:1
   |
 7 | pub(super) enum ZoneCombatEntityRef {
   | ^^^^^^^^^^^^^^^^^^^^^^^^^^^^^^^^^^^

warning: type `entity_combat::ZoneCombatEntityRef` is more private than the item `PendingRootSpiderSpawn::target`
  --> apps\simulation\src\runtime\zone\runtime\spider_ai.rs:54:5
   |
54 |     pub target: Option<ZoneCombatEntityRef>,
   |     ^^^^^^^^^^^^^^^^^^^^^^^^^^^^^^^^^^^^^^^ field `PendingRootSpiderSpawn::target` is reachable at visibility `pub(in crate::runtime::zone)`
   |
note: but type `entity_combat::ZoneCombatEntityRef` is only usable at visibility `pub(in crate::runtime::zone::runtime)`
  --> apps\simulation\src\runtime\zone\runtime\entity_combat.rs:7:1
   |
 7 | pub(super) enum ZoneCombatEntityRef {
   | ^^^^^^^^^^^^^^^^^^^^^^^^^^^^^^^^^^^

warning: function `bootstrap_mirror` is never used
   --> apps\simulation\src\config_item_identity.rs:143:15
    |
143 | pub(super) fn bootstrap_mirror(
    |               ^^^^^^^^^^^^^^^^
    |
    = note: `#[warn(dead_code)]` (part of `#[warn(unused)]`) on by default

warning: function `mirror_client` is never used
   --> apps\simulation\src\config_item_identity.rs:187:4
    |
187 | fn mirror_client(config: &SimulationConfig) -> Result<postgres::Client, String> {
    |    ^^^^^^^^^^^^^

warning: function `reserve_mirror` is never used
   --> apps\simulation\src\config_item_identity.rs:203:15
    |
203 | pub(super) fn reserve_mirror(
    |               ^^^^^^^^^^^^^^

warning: method `refresh_shared_hero_authority` is never used
 --> apps\simulation\src\config_hero_authority.rs:8:19
  |
7 | impl SimulationConfig {
  | --------------------- method in this implementation
8 |     pub(crate) fn refresh_shared_hero_authority(&self)->Result<(),String>{
  |                   ^^^^^^^^^^^^^^^^^^^^^^^^^^^^^

warning: variant `MacAgility` is never constructed
   --> apps\simulation\src\runtime\combat.rs:780:5
    |
773 | pub(super) enum CrystalDefence {
    |                 -------------- variant in this enum
...
780 |     MacAgility,
    |     ^^^^^^^^^^
    |
    = note: `CrystalDefence` has derived impls for the traits `Debug` and `Clone`, but these are intentionally ignored during dead code analysis

warning: function `crystal_monster_drop_templates` is never used
   --> apps\simulation\src\runtime\drops.rs:539:15
    |
539 | pub(super) fn crystal_monster_drop_templates(
    |               ^^^^^^^^^^^^^^^^^^^^^^^^^^^^^^

warning: function `crystal_resolve_group_drop` is never used
   --> apps\simulation\src\runtime\drops.rs:614:15
    |
614 | pub(super) fn crystal_resolve_group_drop(
    |               ^^^^^^^^^^^^^^^^^^^^^^^^^^

warning: function `equipment_state_identified` is never used
   --> apps\simulation\src\runtime\equipment.rs:309:15
    |
309 | pub(super) fn equipment_state_identified(item: &EquipmentState) -> bool {
    |               ^^^^^^^^^^^^^^^^^^^^^^^^^^

warning: function `equipment_state_soul_bound_id` is never used
   --> apps\simulation\src\runtime\equipment.rs:314:15
    |
314 | pub(super) fn equipment_state_soul_bound_id(item: &EquipmentState) -> i32 {
    |               ^^^^^^^^^^^^^^^^^^^^^^^^^^^^^

warning: method `record_unresolved_legacy` is never used
  --> apps\simulation\src\runtime\hero_registry_carriers.rs:42:12
   |
14 | impl HeroCarrierCensus {
   | ---------------------- method in this implementation
...
42 |     pub fn record_unresolved_legacy(&mut self,root:&super::items::ItemState)->Result<(),String>{
   |            ^^^^^^^^^^^^^^^^^^^^^^^^

warning: function `decode` is never used
 --> apps\simulation\src\runtime\hero_registry_scan.rs:8:4
  |
8 | fn decode<T:DeserializeOwned>(value:&str)->Result<T,String>{serde_json::from_str(value).map_err(|error|format!("invalid Hero custody ...
  |    ^^^^^^

warning: function `add_wire` is never used
 --> apps\simulation\src\runtime\hero_registry_scan.rs:9:4
  |
9 | fn add_wire(census:&mut HeroCarrierCensus,item:&UserItem,origin:CarrierOrigin,forbidden_bind:u16)->Result<(),String>{
  |    ^^^^^^^^

warning: function `add_items` is never used
  --> apps\simulation\src\runtime\hero_registry_scan.rs:21:4
   |
21 | fn add_items(census:&mut HeroCarrierCensus,encoded:&[String],origin:CarrierOrigin,forbidden:u16)->Result<(),String>{
   |    ^^^^^^^^^

warning: function `add_character` is never used
  --> apps\simulation\src\runtime\hero_registry_scan.rs:32:4
   |
32 | fn add_character(census:&mut HeroCarrierCensus,save:&CharacterSaveRecord,mirrored:bool)->Result<(),String>{
   |    ^^^^^^^^^^^^^

warning: function `validate_shared_hero_physical_custody` is never used
  --> apps\simulation\src\runtime\hero_registry_scan.rs:86:15
   |
86 | pub(crate) fn validate_shared_hero_physical_custody(store:&AccountStore)->Result<(),String>{
   |               ^^^^^^^^^^^^^^^^^^^^^^^^^^^^^^^^^^^^^

warning: function `hero_inventory_item_is_broken` is never used
    --> apps\simulation\src\runtime\items.rs:3456:4
     |
3456 | fn hero_inventory_item_is_broken(item: &ItemState) -> bool {
     |    ^^^^^^^^^^^^^^^^^^^^^^^^^^^^^

warning: function `hero_inventory_requirement_stat` is never used
    --> apps\simulation\src\runtime\items.rs:3460:4
     |
3460 | fn hero_inventory_requirement_stat(item: &ItemState, stat: u8) -> i32 {
     |    ^^^^^^^^^^^^^^^^^^^^^^^^^^^^^^^

warning: function `repair_conquest_asset` is never used
    --> apps\simulation\src\runtime\monsters.rs:1878:15
     |
1878 | pub(super) fn repair_conquest_asset(world: &mut World, ai: u8, asset_id: u8) -> bool {
     |               ^^^^^^^^^^^^^^^^^^^^^

warning: function `remove_crystal_npc_buy_back_item` is never used
    --> apps\simulation\src\runtime\npc.rs:1239:15
     |
1239 | pub(super) fn remove_crystal_npc_buy_back_item(
     |               ^^^^^^^^^^^^^^^^^^^^^^^^^^^^^^^^

warning: function `remove_crystal_npc_used_good_item` is never used
    --> apps\simulation\src\runtime\npc.rs:1258:15
     |
1258 | pub(super) fn remove_crystal_npc_used_good_item(
     |               ^^^^^^^^^^^^^^^^^^^^^^^^^^^^^^^^^

warning: function `complete_quest` is never used
    --> apps\simulation\src\runtime\quests.rs:1065:15
     |
1065 | pub(super) fn complete_quest(world: &mut World, quest_id: i32) {
     |               ^^^^^^^^^^^^^^

warning: function `quest_info_by_id_unchecked` is never used
   --> apps\simulation\src\runtime\newcomer_v2.rs:231:27
    |
231 | pub(in crate::runtime) fn quest_info_by_id_unchecked(quest_id: i32) -> Option<ClientQuestInfo> {
    |                           ^^^^^^^^^^^^^^^^^^^^^^^^^^

warning: methods `character` and `saved_character` are never used
   --> apps\simulation\src\runtime\ranking_inspect.rs:129:12
    |
120 | impl RankingInspectTarget<'_> {
    | ----------------------------- methods in this implementation
...
129 |     pub fn character(&self) -> &CharacterRecord {
    |            ^^^^^^^^^
...
133 |     pub fn saved_character(&self) -> Option<&CharacterSaveRecord> {
    |            ^^^^^^^^^^^^^^^

warning: function `persist_character_save` is never used
   --> apps\simulation\src\runtime\save.rs:928:15
    |
928 | pub(super) fn persist_character_save(
    |               ^^^^^^^^^^^^^^^^^^^^^^

warning: function `hell_can_move` is never used
  --> apps\simulation\src\runtime\zone\runtime\hell_ai.rs:68:15
   |
68 | pub(super) fn hell_can_move(m: &ZoneNativeMonster) -> bool {
   |               ^^^^^^^^^^^^^

warning: function `hell_can_regen` is never used
  --> apps\simulation\src\runtime\zone\runtime\hell_ai.rs:74:15
   |
74 | pub(super) fn hell_can_regen(m: &ZoneNativeMonster) -> bool {
   |               ^^^^^^^^^^^^^^

warning: unused `std::result::Result` that must be used
  --> apps\simulation\src\runtime\mail_parcel_tests.rs:42:5
   |
42 |     session.save_active_character();
   |     ^^^^^^^^^^^^^^^^^^^^^^^^^^^^^^^
   |
   = note: this `Result` may be an `Err` variant, which should be handled
   = note: `#[warn(unused_must_use)]` (part of `#[warn(unused)]`) on by default
help: use `let _ = ...` to ignore the resulting value
   |
42 |     let _ = session.save_active_character();
   |     +++++++

warning: unused `std::result::Result` that must be used
    --> apps\simulation\src\runtime\tests.rs:1716:5
     |
1716 |     sender.save_active_character();
     |     ^^^^^^^^^^^^^^^^^^^^^^^^^^^^^^
     |
     = note: this `Result` may be an `Err` variant, which should be handled
help: use `let _ = ...` to ignore the resulting value
     |
1716 |     let _ = sender.save_active_character();
     |     +++++++

warning: unused `std::result::Result` that must be used
    --> apps\simulation\src\runtime\tests.rs:3009:5
     |
3009 |     session.save_active_character();
     |     ^^^^^^^^^^^^^^^^^^^^^^^^^^^^^^^
     |
     = note: this `Result` may be an `Err` variant, which should be handled
help: use `let _ = ...` to ignore the resulting value
     |
3009 |     let _ = session.save_active_character();
     |     +++++++

warning: unused `std::result::Result` that must be used
    --> apps\simulation\src\runtime\tests.rs:3032:5
     |
3032 |     session.save_active_character();
     |     ^^^^^^^^^^^^^^^^^^^^^^^^^^^^^^^
     |
     = note: this `Result` may be an `Err` variant, which should be handled
help: use `let _ = ...` to ignore the resulting value
     |
3032 |     let _ = session.save_active_character();
     |     +++++++

warning: unused `std::result::Result` that must be used
    --> apps\simulation\src\runtime\tests.rs:3122:5
     |
3122 |     first.save_active_character();
     |     ^^^^^^^^^^^^^^^^^^^^^^^^^^^^^
     |
     = note: this `Result` may be an `Err` variant, which should be handled
help: use `let _ = ...` to ignore the resulting value
     |
3122 |     let _ = first.save_active_character();
     |     +++++++

warning: unused `std::result::Result` that must be used
    --> apps\simulation\src\runtime\tests.rs:3186:5
     |
3186 |     session.save_active_character();
     |     ^^^^^^^^^^^^^^^^^^^^^^^^^^^^^^^
     |
     = note: this `Result` may be an `Err` variant, which should be handled
help: use `let _ = ...` to ignore the resulting value
     |
3186 |     let _ = session.save_active_character();
     |     +++++++

warning: unused `std::result::Result` that must be used
    --> apps\simulation\src\runtime\tests.rs:3253:5
     |
3253 |     first.save_active_character();
     |     ^^^^^^^^^^^^^^^^^^^^^^^^^^^^^
     |
     = note: this `Result` may be an `Err` variant, which should be handled
help: use `let _ = ...` to ignore the resulting value
     |
3253 |     let _ = first.save_active_character();
     |     +++++++

warning: unused `std::result::Result` that must be used
    --> apps\simulation\src\runtime\tests.rs:3476:5
     |
3476 |     alpha.save_active_character();
     |     ^^^^^^^^^^^^^^^^^^^^^^^^^^^^^
     |
     = note: this `Result` may be an `Err` variant, which should be handled
help: use `let _ = ...` to ignore the resulting value
     |
3476 |     let _ = alpha.save_active_character();
     |     +++++++

warning: unused `std::result::Result` that must be used
    --> apps\simulation\src\runtime\tests.rs:3477:5
     |
3477 |     beta.save_active_character();
     |     ^^^^^^^^^^^^^^^^^^^^^^^^^^^^
     |
     = note: this `Result` may be an `Err` variant, which should be handled
help: use `let _ = ...` to ignore the resulting value
     |
3477 |     let _ = beta.save_active_character();
     |     +++++++

warning: unused `std::result::Result` that must be used
    --> apps\simulation\src\runtime\tests.rs:6675:5
     |
6675 |     session.save_active_character();
     |     ^^^^^^^^^^^^^^^^^^^^^^^^^^^^^^^
     |
     = note: this `Result` may be an `Err` variant, which should be handled
help: use `let _ = ...` to ignore the resulting value
     |
6675 |     let _ = session.save_active_character();
     |     +++++++

warning: unused `std::result::Result` that must be used
     --> apps\simulation\src\runtime\tests.rs:28428:5
      |
28428 |     session.save_active_character();
      |     ^^^^^^^^^^^^^^^^^^^^^^^^^^^^^^^
      |
      = note: this `Result` may be an `Err` variant, which should be handled
help: use `let _ = ...` to ignore the resulting value
      |
28428 |     let _ = session.save_active_character();
      |     +++++++

warning: unused `std::result::Result` that must be used
     --> apps\simulation\src\runtime\tests.rs:29418:5
      |
29418 |     first.save_active_character();
      |     ^^^^^^^^^^^^^^^^^^^^^^^^^^^^^
      |
      = note: this `Result` may be an `Err` variant, which should be handled
help: use `let _ = ...` to ignore the resulting value
      |
29418 |     let _ = first.save_active_character();
      |     +++++++

warning: unused `std::result::Result` that must be used
     --> apps\simulation\src\runtime\tests.rs:30446:5
      |
30446 |     first.save_active_character();
      |     ^^^^^^^^^^^^^^^^^^^^^^^^^^^^^
      |
      = note: this `Result` may be an `Err` variant, which should be handled
help: use `let _ = ...` to ignore the resulting value
      |
30446 |     let _ = first.save_active_character();
      |     +++++++

warning: unused `std::result::Result` that must be used
     --> apps\simulation\src\runtime\tests.rs:32339:5
      |
32339 |     first.save_active_character();
      |     ^^^^^^^^^^^^^^^^^^^^^^^^^^^^^
      |
      = note: this `Result` may be an `Err` variant, which should be handled
help: use `let _ = ...` to ignore the resulting value
      |
32339 |     let _ = first.save_active_character();
      |     +++++++

warning: unused `std::result::Result` that must be used
     --> apps\simulation\src\runtime\tests.rs:35494:5
      |
35494 |     session.save_active_character();
      |     ^^^^^^^^^^^^^^^^^^^^^^^^^^^^^^^
      |
      = note: this `Result` may be an `Err` variant, which should be handled
help: use `let _ = ...` to ignore the resulting value
      |
35494 |     let _ = session.save_active_character();
      |     +++++++

warning: unused `std::result::Result` that must be used
     --> apps\simulation\src\runtime\tests.rs:42436:5
      |
42436 |     session.save_active_character();
      |     ^^^^^^^^^^^^^^^^^^^^^^^^^^^^^^^
      |
      = note: this `Result` may be an `Err` variant, which should be handled
help: use `let _ = ...` to ignore the resulting value
      |
42436 |     let _ = session.save_active_character();
      |     +++++++

warning: unused `std::result::Result` that must be used
     --> apps\simulation\src\runtime\tests.rs:42761:5
      |
42761 |     session.save_active_character();
      |     ^^^^^^^^^^^^^^^^^^^^^^^^^^^^^^^
      |
      = note: this `Result` may be an `Err` variant, which should be handled
help: use `let _ = ...` to ignore the resulting value
      |
42761 |     let _ = session.save_active_character();
      |     +++++++

warning: unused `std::result::Result` that must be used
     --> apps\simulation\src\runtime\tests.rs:56493:5
      |
56493 |     session.save_active_character();
      |     ^^^^^^^^^^^^^^^^^^^^^^^^^^^^^^^
      |
      = note: this `Result` may be an `Err` variant, which should be handled
help: use `let _ = ...` to ignore the resulting value
      |
56493 |     let _ = session.save_active_character();
      |     +++++++

warning: unused `std::result::Result` that must be used
     --> apps\simulation\src\runtime\tests.rs:57595:5
      |
57595 |     session.save_active_character();
      |     ^^^^^^^^^^^^^^^^^^^^^^^^^^^^^^^
      |
      = note: this `Result` may be an `Err` variant, which should be handled
help: use `let _ = ...` to ignore the resulting value
      |
57595 |     let _ = session.save_active_character();
      |     +++++++

warning: unused `std::result::Result` that must be used
     --> apps\simulation\src\runtime\tests.rs:59147:5
      |
59147 |     session.save_active_character();
      |     ^^^^^^^^^^^^^^^^^^^^^^^^^^^^^^^
      |
      = note: this `Result` may be an `Err` variant, which should be handled
help: use `let _ = ...` to ignore the resulting value
      |
59147 |     let _ = session.save_active_character();
      |     +++++++

warning: unused `std::result::Result` that must be used
     --> apps\simulation\src\runtime\tests.rs:61072:5
      |
61072 |     first.save_active_character();
      |     ^^^^^^^^^^^^^^^^^^^^^^^^^^^^^
      |
      = note: this `Result` may be an `Err` variant, which should be handled
help: use `let _ = ...` to ignore the resulting value
      |
61072 |     let _ = first.save_active_character();
      |     +++++++

warning: unused `std::result::Result` that must be used
     --> apps\simulation\src\runtime\tests.rs:62734:5
      |
62734 |     session.save_active_character();
      |     ^^^^^^^^^^^^^^^^^^^^^^^^^^^^^^^
      |
      = note: this `Result` may be an `Err` variant, which should be handled
help: use `let _ = ...` to ignore the resulting value
      |
62734 |     let _ = session.save_active_character();
      |     +++++++

warning: unused `std::result::Result` that must be used
     --> apps\simulation\src\runtime\tests.rs:63090:5
      |
63090 |     sender.save_active_character();
      |     ^^^^^^^^^^^^^^^^^^^^^^^^^^^^^^
      |
      = note: this `Result` may be an `Err` variant, which should be handled
help: use `let _ = ...` to ignore the resulting value
      |
63090 |     let _ = sender.save_active_character();
      |     +++++++

warning: unused `std::result::Result` that must be used
     --> apps\simulation\src\runtime\tests.rs:63524:5
      |
63524 |     first.save_active_character();
      |     ^^^^^^^^^^^^^^^^^^^^^^^^^^^^^
      |
      = note: this `Result` may be an `Err` variant, which should be handled
help: use `let _ = ...` to ignore the resulting value
      |
63524 |     let _ = first.save_active_character();
      |     +++++++

warning: unused `std::result::Result` that must be used
     --> apps\simulation\src\runtime\tests.rs:63723:5
      |
63723 |     recipient.save_active_character();
      |     ^^^^^^^^^^^^^^^^^^^^^^^^^^^^^^^^^
      |
      = note: this `Result` may be an `Err` variant, which should be handled
help: use `let _ = ...` to ignore the resulting value
      |
63723 |     let _ = recipient.save_active_character();
      |     +++++++

warning: unused `std::result::Result` that must be used
     --> apps\simulation\src\runtime\tests.rs:63841:5
      |
63841 |     recipient.save_active_character();
      |     ^^^^^^^^^^^^^^^^^^^^^^^^^^^^^^^^^
      |
      = note: this `Result` may be an `Err` variant, which should be handled
help: use `let _ = ...` to ignore the resulting value
      |
63841 |     let _ = recipient.save_active_character();
      |     +++++++

warning: unused `std::result::Result` that must be used
     --> apps\simulation\src\runtime\tests.rs:64242:5
      |
64242 |     recipient.save_active_character();
      |     ^^^^^^^^^^^^^^^^^^^^^^^^^^^^^^^^^
      |
      = note: this `Result` may be an `Err` variant, which should be handled
help: use `let _ = ...` to ignore the resulting value
      |
64242 |     let _ = recipient.save_active_character();
      |     +++++++

warning: unused `std::result::Result` that must be used
     --> apps\simulation\src\runtime\tests.rs:64293:5
      |
64293 |     recipient.save_active_character();
      |     ^^^^^^^^^^^^^^^^^^^^^^^^^^^^^^^^^
      |
      = note: this `Result` may be an `Err` variant, which should be handled
help: use `let _ = ...` to ignore the resulting value
      |
64293 |     let _ = recipient.save_active_character();
      |     +++++++

warning: unused `std::result::Result` that must be used
     --> apps\simulation\src\runtime\tests.rs:64303:5
      |
64303 |     recipient.save_active_character();
      |     ^^^^^^^^^^^^^^^^^^^^^^^^^^^^^^^^^
      |
      = note: this `Result` may be an `Err` variant, which should be handled
help: use `let _ = ...` to ignore the resulting value
      |
64303 |     let _ = recipient.save_active_character();
      |     +++++++

warning: unused `std::result::Result` that must be used
     --> apps\simulation\src\runtime\tests.rs:65501:5
      |
65501 |     first.save_active_character();
      |     ^^^^^^^^^^^^^^^^^^^^^^^^^^^^^
      |
      = note: this `Result` may be an `Err` variant, which should be handled
help: use `let _ = ...` to ignore the resulting value
      |
65501 |     let _ = first.save_active_character();
      |     +++++++

warning: unused `std::result::Result` that must be used
     --> apps\simulation\src\runtime\tests.rs:66625:5
      |
66625 |     session.save_active_character();
      |     ^^^^^^^^^^^^^^^^^^^^^^^^^^^^^^^
      |
      = note: this `Result` may be an `Err` variant, which should be handled
help: use `let _ = ...` to ignore the resulting value
      |
66625 |     let _ = session.save_active_character();
      |     +++++++

warning: unused `std::result::Result` that must be used
     --> apps\simulation\src\runtime\tests.rs:70081:5
      |
70081 |     first.save_active_character();
      |     ^^^^^^^^^^^^^^^^^^^^^^^^^^^^^
      |
      = note: this `Result` may be an `Err` variant, which should be handled
help: use `let _ = ...` to ignore the resulting value
      |
70081 |     let _ = first.save_active_character();
      |     +++++++

warning: unused `std::result::Result` that must be used
    --> apps\simulation\src\runtime\stage5.rs:2695:9
     |
2695 |         session_a.save_active_character();
     |         ^^^^^^^^^^^^^^^^^^^^^^^^^^^^^^^^^
     |
     = note: this `Result` may be an `Err` variant, which should be handled
help: use `let _ = ...` to ignore the resulting value
     |
2695 |         let _ = session_a.save_active_character();
     |         +++++++

warning: `mir2-simulation` (lib test) generated 92 warnings (run `cargo fix --lib -p mir2-simulation --tests` to apply 8 suggestions)
    Finished `test` profile [unoptimized + debuginfo] target(s) in 0.26s
     Running unittests src\lib.rs (E:\mir2-player-journey\work\slg-stonecutting-20261009\target\debug\deps\mir2_simulation-ce097f0588ae25bc.exe)

running 60 tests
test runtime::inventory::npc_gold_trade_evidence_tests::actual_snapshot_serializes_capacity_and_accepts_missing_or_null_legacy_field ... ok
test runtime::inventory::npc_gold_trade_evidence_tests::captured_and_reserved_root_conflicts_block_the_whole_roster ... ok
test runtime::inventory::npc_gold_trade_evidence_tests::conflicting_raw_template_identity_is_not_a_compatible_row ... ok
test runtime::inventory::npc_gold_trade_evidence_tests::evidence_never_mutates_inventory_or_allocates_live_identity ... ok
test runtime::inventory::npc_gold_trade_evidence_tests::full_roster_without_any_gain_capacity_still_reports_valid_identity ... ok
test runtime::inventory::npc_gold_trade_evidence_tests::functional_carrier_differences_are_not_erased_by_equal_user_item ... ok
test runtime::inventory::npc_gold_trade_evidence_tests::invalid_carried_cells_and_own_quantities_publish_false ... ok
test runtime::inventory::npc_gold_trade_evidence_tests::legacy_cross_grid_roots_stay_occupied_but_unlisted ... ok
test runtime::inventory::npc_gold_trade_evidence_tests::metadata_durability_and_socket_differences_are_not_fresh_compatible ... ok
test runtime::inventory::npc_gold_trade_evidence_tests::modern_roots_are_listed_independently_of_current_slack ... ok
test runtime::inventory::npc_gold_trade_evidence_tests::packed_capacity_deserialization_is_strict_bounded_and_lossless ... ok
test runtime::inventory::npc_gold_trade_evidence_tests::quest_root_and_nested_conflicts_block_without_quest_capacity ... ok
test runtime::inventory::npc_gold_trade_evidence_tests::sidecarless_canonical_root_is_not_merge_evidence ... ok
test runtime::npc::gold_trade_capacity_tests::npc_gold_trade_default_legacy_grid_aliases_preserve_roster_and_accept_fresh_delivery ... ok
test runtime::npc::gold_trade_capacity_tests::npc_gold_trade_duplicate_carried_uid_rejects_even_when_physical_cell_is_free ... ok
test runtime::npc::gold_trade_capacity_tests::npc_gold_trade_duplicate_cell_rejects_entire_staged_plan ... ok
test runtime::npc::gold_trade_capacity_tests::npc_gold_trade_fresh_delivery_uses_full_canonical_metadata_and_excludes_catalog_uid ... ok
test runtime::npc::gold_trade_capacity_tests::npc_gold_trade_full_bag_and_belt_merge_preserves_exact_existing_carrier ... ok
test runtime::npc::gold_trade_capacity_tests::npc_gold_trade_full_roster_legacy_lookalike_stack_supplies_no_merge_slack ... ok
test runtime::npc::gold_trade_capacity_tests::npc_gold_trade_funds_count_panel_catalog_and_service_range_guards_preserve_state ... ok
test runtime::npc::gold_trade_capacity_tests::npc_gold_trade_illegal_cells_cannot_supply_capacity_even_with_other_empty_cells ... ok
test runtime::npc::gold_trade_capacity_tests::npc_gold_trade_invalid_carrier_or_external_identity_overlap_never_partially_commits ... ok
test runtime::npc::gold_trade_capacity_tests::npc_gold_trade_last_legal_bag2_cell_receives_fresh_item_without_duplicate_grid ... ok
test runtime::npc::gold_trade_capacity_tests::npc_gold_trade_legacy_root_cannot_alias_exact_nested_or_reserved_ownership ... ok
test runtime::npc::gold_trade_capacity_tests::npc_gold_trade_multiple_belt_and_bag_stacks_absorb_exact_purchase_delta ... ok
test runtime::npc::gold_trade_capacity_tests::npc_gold_trade_partial_multiple_stack_absorption_without_remainder_cell_rolls_back ... ok
test runtime::npc::gold_trade_capacity_tests::npc_gold_trade_potion_capacity_uses_only_its_legal_belt_partition ... ok
test runtime::npc::gold_trade_capacity_tests::npc_gold_trade_quest_root_and_nested_uid_ambiguity_reject_without_using_quest_capacity ... ok
test runtime::npc::gold_trade_capacity_tests::npc_gold_trade_same_key_different_metadata_never_merges_or_debits ... ok
test runtime::npc::gold_trade_expiry_tests::npc_gold_trade_expiry_capacity_tags_are_occupied_only_and_never_clock_oracles ... ok
test runtime::npc::gold_trade_expiry_tests::npc_gold_trade_expiry_session_datetime_overflow_is_atomic_not_a_clamped_delivery ... ok
test runtime::npc::gold_trade_expiry_tests::npc_gold_trade_expiry_session_range_money_and_full_carried_capacity_roll_back ... ok
test runtime::npc::gold_trade_expiry_tests::npc_gold_trade_expiry_session_timed_and_maximum_delivery_match_live_sidecar ... ok
test runtime::npc::gold_trade_expiry_tests::npc_gold_trade_expiry_session_untagged_natural_trade_keeps_original_delivery ... ok
test runtime::npc::gold_trade_expiry_tests::npc_gold_trade_expiry_test_catalogue_is_world_local_and_exact_service_bound ... ok
test runtime::npc_gold_trade_expiry::tests::npc_gold_trade_expiry_duration_units_and_kind_are_exact ... ok
test runtime::npc_gold_trade_expiry::tests::npc_gold_trade_expiry_first_successful_bracket_and_prefix_grammar ... ok
test runtime::npc_gold_trade_expiry::tests::npc_gold_trade_expiry_gregorian_month_year_clamp_preserves_time ... ok
test runtime::npc_gold_trade_expiry::tests::npc_gold_trade_expiry_int32_overflow_zero_and_date_range_fail_closed ... ok
test runtime::npc_purchase_snapshot::tests::npc_purchase_snapshot_trade_matches_actual_packet_without_mutation ... ok
test runtime::session::tests::crystal_npc_buy_item_packet_purchases_trade_goods ... ok
test runtime::session::tests::durable_trade_projection_replays_pretrade_checkpoint_once ... ok
test runtime::session::tests::fishing_equipment_regression::fishing_equipment_respects_level_and_trade_custody ... ok
test runtime::session::tests::gm_allow_trade_and_allow_observe_toggle ... ok
test runtime::session::tests::merge_item_packet_inventory_to_trade_grid_does_not_emit_extra_chat_or_mutate_matching_player_stack ... ok
test runtime::session::tests::merge_item_packet_trade_grid_does_not_emit_extra_chat_or_mutate_matching_player_stack ... ok
test runtime::session::tests::move_item_packet_trade_grid_does_not_emit_extra_chat_or_mutate_matching_player_item ... ok
test runtime::session::tests::repeated_trade_request_cannot_replace_an_already_debited_offer ... ok
test runtime::session::tests::shared_trade_projection_save_failure_rolls_back_and_retries_once ... ok
test runtime::session::tests::stage5_missing_mail_trade_item_and_auction_use_not_found ... ok
test runtime::session::tests::stage5_trade_disconnect_before_accept_preserves_gold ... ok
test runtime::session::tests::stage5_trade_shop_and_auction_are_transactional ... ok
test runtime::session::tests::stage5_trade_shop_and_auction_cancel_error_paths_preserve_gold ... ok
test runtime::session::tests::trade_accept_rejects_city_currency_when_balance_too_low ... ok
test runtime::session::tests::trade_confirm_rejects_offered_item_swapped_after_deposit ... ok
test runtime::session::tests::trade_confirm_revalidates_offered_items_before_escrow_lock ... ok
test runtime::session::tests::trade_offer_and_accept_spends_city_currency_not_gold ... ok
test runtime::session::tests::trade_packets_offer_items_gold_and_lock_without_single_session_settlement ... ok
test runtime::session::tests::trade_packets_reject_bound_and_rental_items_before_locking ... ok
test runtime::session::tests::trade_packets_without_partner_preserve_crystal_noop_and_ack_shape ... ok

test result: ok. 60 passed; 0 failed; 0 ignored; 0 measured; 2112 filtered out; finished in 22.89s

