--------- beginning of main
10-02 07:48:51.551 11445 11445 I .web3.uiprevie: Late-enabling -Xcheck:jni
10-02 07:48:51.581 11445 11445 D CompatibilityChangeReporter: Compat change id reported: 171979766; UID 10146; state: ENABLED
10-02 07:48:51.613 11445 11445 V GraphicsEnvironment: ANGLE Developer option for 'com.mir2.web3.uipreview' set to: 'default'
10-02 07:48:51.614 11445 11445 V GraphicsEnvironment: Neither updatable production driver nor prerelease driver is supported.
10-02 07:48:51.614 11445 11445 D NetworkSecurityConfig: No Network Security Config specified, using platform default
10-02 07:48:51.614 11445 11445 D NetworkSecurityConfig: No Network Security Config specified, using platform default
10-02 07:48:51.670 11445 11466 D libEGL  : loaded /vendor/lib64/egl/libEGL_emulation.so
10-02 07:48:51.670 11445 11466 D libEGL  : loaded /vendor/lib64/egl/libGLESv1_CM_emulation.so
10-02 07:48:51.671 11445 11466 D libEGL  : loaded /vendor/lib64/egl/libGLESv2_emulation.so
10-02 07:48:51.679 11445 11445 D AppCompatDelegate: Checking for metadata for AppLocalesMetadataHolderService : Service not found
10-02 07:48:51.687 11445 11445 D gti.InputConnection: InputConnection created
10-02 07:48:51.690 11445 11445 D gti.InputConnection: setEditorInfo
10-02 07:48:51.692 11445 11445 W .web3.uiprevie: Accessing hidden method Landroid/view/ViewGroup;->makeOptionalFitsSystemWindows()V (unsupported, reflection, allowed)
10-02 07:48:51.693 11445 11445 I GameActivity: Looking for library libmir2_platform_android.so
10-02 07:48:51.693 11445 11445 I GameActivity: Found library libmir2_platform_android.so. Loading...
10-02 07:48:51.694 11445 11445 D GameActivity: GameActivity_register
10-02 07:48:51.695 11445 11445 V GameActivity: Registering com/google/androidgamesdk/GameActivity's 24 native methods...
10-02 07:48:51.695 11445 11445 D GameActivity: SDK version: 31
10-02 07:48:51.695 11445 11445 I android-activity: Creating: Activity = 0x1696, saved state size = 0
10-02 07:48:51.701 11445 11445 V threaded_app: Creating: 0xb400007535844a70
10-02 07:48:51.701 11445 11445 V threaded_app: Callbacks set: 0xb400007535844ac0
10-02 07:48:51.701 11445 11445 V threaded_app: Launching android_app_entry in a thread
10-02 07:48:51.702 11445 11468 V threaded_app: android_app_entry called
10-02 07:48:51.702 11445 11468 V threaded_app: android_app = 0xb400007515846550
10-02 07:48:51.702 11445 11468 V threaded_app: config = 0xb400007485850d30
10-02 07:48:51.702 11445 11468 V threaded_app: activity = 0xb400007535844a70
10-02 07:48:51.702 11445 11468 V threaded_app: assetmanager = 0xb40000753583d3b0
10-02 07:48:51.702 11445 11468 V threaded_app: Config: mcc=310 mnc=260 lang=en cnt=US orien=2 touch=3 dens=440 keys=2 nav=2 keysHid=1 navHid=0 sdk=31 size=2 long=2 modetype=1 modenight=1
10-02 07:48:51.710 11445 11468 D HostConnection: createUnique: call
10-02 07:48:51.710 11445 11468 D HostConnection: HostConnection::get() New Host Connection established 0xb4000074d5837c90, tid 11468
10-02 07:48:51.711 11445 11468 D HostConnection: HostComposition ext ANDROID_EMU_CHECKSUM_HELPER_v1 ANDROID_EMU_native_sync_v2 ANDROID_EMU_native_sync_v3 ANDROID_EMU_native_sync_v4 ANDROID_EMU_dma_v1 ANDROID_EMU_direct_mem ANDROID_EMU_host_composition_v1 ANDROID_EMU_host_composition_v2 ANDROID_EMU_vulkan ANDROID_EMU_deferred_vulkan_commands ANDROID_EMU_vulkan_null_optional_strings ANDROID_EMU_vulkan_create_resources_with_requirements ANDROID_EMU_YUV_Cache ANDROID_EMU_vulkan_ignored_handles ANDROID_EMU_has_shared_slots_host_memory_allocator ANDROID_EMU_vulkan_free_memory_sync ANDROID_EMU_vulkan_shader_float16_int8 ANDROID_EMU_vulkan_async_queue_submit ANDROID_EMU_vulkan_queue_submit_with_commands ANDROID_EMU_sync_buffer_data ANDROID_EMU_vulkan_async_qsri ANDROID_EMU_read_color_buffer_dma ANDROID_EMU_hwc_color_transform GL_OES_EGL_image_external_essl3 GL_OES_vertex_array_object ANDROID_EMU_host_side_tracing ANDROID_EMU_gles_max_version_3_0 
10-02 07:48:51.713 11445 11468 D EGL_emulation: eglCreateContext: 0xb4000074d583c3d0: maj 3 min 0 rcv 3
10-02 07:48:51.715 11445 11468 D EGL_emulation: eglMakeCurrent: 0xb4000074d583c3d0: ver 3 0 (tinfo 0x76fbc37080) (first time)
10-02 07:48:51.730 11445 11468 I event /Users/henryliu/obelisk/numeron-worktrees/android-shared-sync/mir2-web3/third_party/bevyAdapterInfo { name: "Android Emulator OpenGL ES Translator (Apple M1 Max)", vendor: 4203, device: 0, device_type: IntegratedGpu, device_pci_bus_id: "", driver: "", driver_info: "OpenGL ES 3.0 (4.1 Metal - 89.4)", backend: Gl, subgroup_min_size: 4, subgroup_max_size: 128, transient_saves_memory: false }
10-02 07:48:51.730 11445 11467 I RustStdoutStderr: [2m2026-10-01T23:48:51.730626Z[0m [32m INFO[0m [2mbevy_render::renderer[0m[2m:[0m AdapterInfo { name: "Android Emulator OpenGL ES Translator (Apple M1 Max)", vendor: 4203, device: 0, device_type: IntegratedGpu, device_pci_bus_id: "", driver: "", driver_info: "OpenGL ES 3.0 (4.1 Metal - 89.4)", backend: Gl, subgroup_min_size: 4, subgroup_max_size: 128, transient_saves_memory: false }
10-02 07:48:51.740 11445 11445 V GameActivity: onStart_native
10-02 07:48:51.740 11445 11445 V threaded_app: Start: 0xb400007535844a70
10-02 07:48:51.792 11445 11468 I event /Users/henryliu/obelisk/numeron-worktrees/android-shared-sync/mir2-web3/third_party/bevySparse buffer updates disabled. RenderDevice lacks support: max_storage_buffers_per_shader_stage (0) < 3.
10-02 07:48:51.792 11445 11467 I RustStdoutStderr: [2m2026-10-01T23:48:51.792506Z[0m [32m INFO[0m [2mbevy_render::render_resource::sparse_buffer_vec[0m[2m:[0m Sparse buffer updates disabled. RenderDevice lacks support: max_storage_buffers_per_shader_stage (0) < 3.
10-02 07:48:51.792 11445 11468 W event /Users/henryliu/.cargo/registry/src/index.crates.io-1949cf8c6b5b557f/bevy_core_pipeline-OrderIndependentTransparencyPlugin not loaded. GPU lacks support: DownlevelFlags::FRAGMENT_WRITABLE_STORAGE.
10-02 07:48:51.792 11445 11468 W event /Users/henryliu/.cargo/registry/src/index.crates.io-1949cf8c6b5b557f/bevy_core_pipeline-BackgroundMotionVectorsPlugin not loaded. GPU lacks support for required downlevel capability flags: DownlevelFlags(INDEPENDENT_BLEND).
10-02 07:48:51.792 11445 11467 I RustStdoutStderr: [2m2026-10-01T23:48:51.792679Z[0m [33m WARN[0m [2mbevy_core_pipeline::oit::resolve[0m[2m:[0m OrderIndependentTransparencyPlugin not loaded. GPU lacks support: DownlevelFlags::FRAGMENT_WRITABLE_STORAGE.
10-02 07:48:51.792 11445 11467 I RustStdoutStderr: [2m2026-10-01T23:48:51.792718Z[0m [33m WARN[0m [2mbevy_core_pipeline::prepass::background_motion_vectors[0m[2m:[0m BackgroundMotionVectorsPlugin not loaded. GPU lacks support for required downlevel capability flags: DownlevelFlags(INDEPENDENT_BLEND).
10-02 07:48:51.845 11445 11468 I event /Users/henryliu/obelisk/numeron-worktrees/android-shared-sync/mir2-web3/third_party/bevyGPU preprocessing is not supported on this device. Falling back to CPU preprocessing.
10-02 07:48:51.845 11445 11467 I RustStdoutStderr: [2m2026-10-01T23:48:51.845230Z[0m [32m INFO[0m [2mbevy_render::batching::gpu_preprocessing[0m[2m:[0m GPU preprocessing is not supported on this device. Falling back to CPU preprocessing.
10-02 07:48:51.866 11445 11468 V threaded_app: activityState=11
10-02 07:48:51.866 11445 11467 I RustStdoutStderr: [2m2026-10-01T23:48:51.866259Z[0m [33m WARN[0m [2mwinit::platform_impl::android[0m[2m:[0m TODO: forward onStart notification to application
10-02 07:48:51.866 11445 11468 W event /Users/henryliu/.cargo/registry/src/index.crates.io-1949cf8c6b5b557f/winit-0.30.13/src/pTODO: forward onStart notification to application
10-02 07:48:51.867 11445 11445 V threaded_app: Resume: 0xb400007535844a70
10-02 07:48:51.867 11445 11468 V threaded_app: activityState=12
10-02 07:48:51.875 11445 11445 V GameActivity: onImeInsetsChanged from Text Listener
10-02 07:48:51.875 11445 11445 V threaded_app: WindowInsetsChanged: 0xb400007535844a70
10-02 07:48:51.876 11445 11468 W event /Users/henryliu/.cargo/registry/src/index.crates.io-1949cf8c6b5b557f/winit-0.30.13/src/pTODO: handle Android InsetsChanged notification
10-02 07:48:51.876 11445 11467 I RustStdoutStderr: [2m2026-10-01T23:48:51.876363Z[0m [33m WARN[0m [2mwinit::platform_impl::android[0m[2m:[0m TODO: handle Android InsetsChanged notification
10-02 07:48:51.881 11445 11445 V GameActivity: onImeInsetsChanged from Text Listener
10-02 07:48:51.881 11445 11445 V threaded_app: WindowInsetsChanged: 0xb400007535844a70
10-02 07:48:51.881 11445 11464 D HostConnection: createUnique: call
10-02 07:48:51.882 11445 11464 D HostConnection: HostConnection::get() New Host Connection established 0xb4000074d583fe50, tid 11464
10-02 07:48:51.883 11445 11467 I RustStdoutStderr: [2m2026-10-01T23:48:51.882903Z[0m [33m WARN[0m [2mwinit::platform_impl::android[0m[2m:[0m TODO: handle Android InsetsChanged notification
10-02 07:48:51.883 11445 11468 W event /Users/henryliu/.cargo/registry/src/index.crates.io-1949cf8c6b5b557f/winit-0.30.13/src/pTODO: handle Android InsetsChanged notification
10-02 07:48:51.883 11445 11464 D HostConnection: HostComposition ext ANDROID_EMU_CHECKSUM_HELPER_v1 ANDROID_EMU_native_sync_v2 ANDROID_EMU_native_sync_v3 ANDROID_EMU_native_sync_v4 ANDROID_EMU_dma_v1 ANDROID_EMU_direct_mem ANDROID_EMU_host_composition_v1 ANDROID_EMU_host_composition_v2 ANDROID_EMU_vulkan ANDROID_EMU_deferred_vulkan_commands ANDROID_EMU_vulkan_null_optional_strings ANDROID_EMU_vulkan_create_resources_with_requirements ANDROID_EMU_YUV_Cache ANDROID_EMU_vulkan_ignored_handles ANDROID_EMU_has_shared_slots_host_memory_allocator ANDROID_EMU_vulkan_free_memory_sync ANDROID_EMU_vulkan_shader_float16_int8 ANDROID_EMU_vulkan_async_queue_submit ANDROID_EMU_vulkan_queue_submit_with_commands ANDROID_EMU_sync_buffer_data ANDROID_EMU_vulkan_async_qsri ANDROID_EMU_read_color_buffer_dma ANDROID_EMU_hwc_color_transform GL_OES_EGL_image_external_essl3 GL_OES_vertex_array_object ANDROID_EMU_host_side_tracing ANDROID_EMU_gles_max_version_3_0 
10-02 07:48:51.883 11445 11464 W OpenGLRenderer: Failed to choose config with EGL_SWAP_BEHAVIOR_PRESERVED, retrying without...
10-02 07:48:51.883 11445 11464 W OpenGLRenderer: Failed to initialize 101010-2 format, error = EGL_SUCCESS
10-02 07:48:51.884 11445 11464 D EGL_emulation: eglCreateContext: 0xb4000074d5840690: maj 3 min 0 rcv 3
10-02 07:48:51.885 11445 11464 D EGL_emulation: eglMakeCurrent: 0xb4000074d5840690: ver 3 0 (tinfo 0x76fbc37100) (first time)
10-02 07:48:51.888 11445 11464 I Gralloc4: mapper 4.x is not supported
10-02 07:48:51.888 11445 11445 V threaded_app: ContentRectChanged: 0xb400007535844a70 -- (0 0) (2340 1080)
10-02 07:48:51.888 11445 11467 I RustStdoutStderr: [2m2026-10-01T23:48:51.888566Z[0m [33m WARN[0m [2mwinit::platform_impl::android[0m[2m:[0m TODO: find a way to notify application of content rect change
10-02 07:48:51.888 11445 11468 W event /Users/henryliu/.cargo/registry/src/index.crates.io-1949cf8c6b5b557f/winit-0.30.13/src/pTODO: find a way to notify application of content rect change
10-02 07:48:51.888 11445 11464 D HostConnection: createUnique: call
10-02 07:48:51.888 11445 11464 D HostConnection: HostConnection::get() New Host Connection established 0xb4000074d58540d0, tid 11464
10-02 07:48:51.889 11445 11464 D goldfish-address-space: allocate: Ask for block of size 0x100
10-02 07:48:51.889 11445 11464 D goldfish-address-space: allocate: ioctl allocate returned offset 0x1efff8000 size 0x8000
10-02 07:48:51.889 11445 11445 V GameActivity: onSurfaceCreated_native
10-02 07:48:51.889 11445 11445 V threaded_app: NativeWindowCreated: 0xb400007535844a70 -- 0xb4000075c59f2560
10-02 07:48:51.889 11445 11445 V threaded_app: android_app_set_window called
10-02 07:48:51.889 11445 11468 V threaded_app: APP_CMD_INIT_WINDOW
10-02 07:48:51.889 11445 11467 I RustStdoutStderr: [2m2026-10-01T23:48:51.889602Z[0m [32m INFO[0m [2mbevy_winit::system[0m[2m:[0m Creating new window mir2-web3 (android) (105v0)
10-02 07:48:51.889 11445 11468 I event /Users/henryliu/.cargo/registry/src/index.crates.io-1949cf8c6b5b557f/bevy_winit-0.19.0/sCreating new window mir2-web3 (android) (105v0)
10-02 07:48:51.889 11445 11445 V threaded_app: NativeWindowResized: 0xb400007535844a70 -- 0xb4000075c59f2560 ( 2340 x 1080 )
10-02 07:48:51.889 11445 11445 V threaded_app: NativeWindowRedrawNeeded: 0xb400007535844a70 -- 0xb4000075c59f2560
10-02 07:48:51.889 11445 11464 W Gralloc4: allocator 4.x is not supported
10-02 07:48:51.892 11445 11464 D HostConnection: HostComposition ext ANDROID_EMU_CHECKSUM_HELPER_v1 ANDROID_EMU_native_sync_v2 ANDROID_EMU_native_sync_v3 ANDROID_EMU_native_sync_v4 ANDROID_EMU_dma_v1 ANDROID_EMU_direct_mem ANDROID_EMU_host_composition_v1 ANDROID_EMU_host_composition_v2 ANDROID_EMU_vulkan ANDROID_EMU_deferred_vulkan_commands ANDROID_EMU_vulkan_null_optional_strings ANDROID_EMU_vulkan_create_resources_with_requirements ANDROID_EMU_YUV_Cache ANDROID_EMU_vulkan_ignored_handles ANDROID_EMU_has_shared_slots_host_memory_allocator ANDROID_EMU_vulkan_free_memory_sync ANDROID_EMU_vulkan_shader_float16_int8 ANDROID_EMU_vulkan_async_queue_submit ANDROID_EMU_vulkan_queue_submit_with_commands ANDROID_EMU_sync_buffer_data ANDROID_EMU_vulkan_async_qsri ANDROID_EMU_read_color_buffer_dma ANDROID_EMU_hwc_color_transform GL_OES_EGL_image_external_essl3 GL_OES_vertex_array_object ANDROID_EMU_host_side_tracing ANDROID_EMU_gles_max_version_3_0 
10-02 07:48:51.917 11445 11445 V threaded_app: WindowFocusChanged: 0xb400007535844a70 -- 1
10-02 07:48:51.934 11445 11445 V GameActivity: onImeInsetsChanged from Text Listener
10-02 07:48:51.934 11445 11445 V threaded_app: WindowInsetsChanged: 0xb400007535844a70
10-02 07:48:51.984 11445 11468 I event src/item_geometry.rs:127: ANDROID_ITEM_GEOMETRY_READYitems = 1003; state_items = 2380; sources = [("original-ui/Items/meta.json", "ec0eca414ac6c34e17a218f0ed4396f30607c2485482f8760af7706acddcedfe"), ("original-ui/StateItem/meta.json", "7d812a76e9a54b1d0535968a8c21ee2064577e7012572daf79b242221ca72e9a")];
10-02 07:48:51.984 11445 11468 I event src/ui_preview.rs:1206: ANDROID_NPC_INGRESS_OFFLINE_NOT_LIVEscene = "npcshop-repair"; catalogues = 0; services = 1; rejected = 0;
10-02 07:48:51.985 11445 11467 I RustStdoutStderr: [2m2026-10-01T23:48:51.984779Z[0m [32m INFO[0m [2mmir2_platform_android::item_geometry[0m[2m:[0m ANDROID_ITEM_GEOMETRY_READY [3mitems[0m[2m=[0m1003 [3mstate_items[0m[2m=[0m2380 [3msources[0m[2m=[0m[("original-ui/Items/meta.json", "ec0eca414ac6c34e17a218f0ed4396f30607c2485482f8760af7706acddcedfe"), ("original-ui/StateItem/meta.json", "7d812a76e9a54b1d0535968a8c21ee2064577e7012572daf79b242221ca72e9a")]
10-02 07:48:51.985 11445 11467 I RustStdoutStderr: [2m2026-10-01T23:48:51.984975Z[0m [32m INFO[0m [2mmir2_platform_android::ui_preview[0m[2m:[0m ANDROID_NPC_INGRESS_OFFLINE_NOT_LIVE [3mscene[0m[2m=[0m"npcshop-repair" [3mcatalogues[0m[2m=[0m0 [3mservices[0m[2m=[0m1 [3mrejected[0m[2m=[0m0
10-02 07:48:51.985 11445 11468 I event src/ui_preview.rs:1317: ANDROID_INVENTORY_INGRESS_OFFLINE queued owner42 bag12 equip2 sourceFrame30
10-02 07:48:51.985 11445 11468 I event src/ui_preview.rs:816: ANDROID_UI_PREVIEW_READY scene=npcshop-repair
10-02 07:48:51.985 11445 11467 I RustStdoutStderr: [2m2026-10-01T23:48:51.985409Z[0m [32m INFO[0m [2mmir2_platform_android::ui_preview[0m[2m:[0m ANDROID_INVENTORY_INGRESS_OFFLINE queued owner42 bag12 equip2 sourceFrame30
10-02 07:48:51.985 11445 11467 I RustStdoutStderr: [2m2026-10-01T23:48:51.985571Z[0m [32m INFO[0m [2mmir2_platform_android::ui_preview[0m[2m:[0m ANDROID_UI_PREVIEW_READY scene=npcshop-repair
10-02 07:48:52.000 11445 11468 W event /Users/henryliu/.cargo/registry/src/index.crates.io-1949cf8c6b5b557f/winit-0.30.13/src/pTODO: handle Android InsetsChanged notification
10-02 07:48:52.000 11445 11467 I RustStdoutStderr: [2m2026-10-01T23:48:52.000011Z[0m [33m WARN[0m [2mwinit::platform_impl::android[0m[2m:[0m TODO: handle Android InsetsChanged notification
10-02 07:48:52.006 11445 11472 I event src/ui_preview.rs:100: ANDROID_NPC_PREVIEW_SHARED_CONSUMER_OPEN_NOT_LIVEscene = "npcshop-repair"; mode = Repair; goods = 0; first_id = 0; icon_width = 0; icon_height = 0; map_epoch = 0;
10-02 07:48:52.006 11445 11467 I RustStdoutStderr: [2m2026-10-01T23:48:52.006127Z[0m [32m INFO[0m [2mmir2_platform_android::ui_preview[0m[2m:[0m ANDROID_NPC_PREVIEW_SHARED_CONSUMER_OPEN_NOT_LIVE [3mscene[0m[2m=[0m"npcshop-repair" [3mmode[0m[2m=[0mRepair [3mgoods[0m[2m=[0m0 [3mfirst_id[0m[2m=[0m0 [3micon_width[0m[2m=[0m0 [3micon_height[0m[2m=[0m0 [3mmap_epoch[0m[2m=[0m0
10-02 07:48:53.059 11445 11468 D EGL_emulation: app_time_stats: avg=14.98ms min=10.26ms max=97.88ms count=57
10-02 07:48:53.539 11445 11471 I event src/phone_hud.rs:173: ANDROID_PHONE_TEXT_LAYOUTfont = TextFont { font: SystemUi, font_size: Px(23.466667), weight: FontWeight(400), width: FontWidth(1.0), style: Normal, font_smoothing: AntiAliased, font_features: FontFeatures { features: [] }, font_variations: FontVariations { variations: [] } }; color = TextColor(Srgba(Srgba { red: 0.96, green: 0.85, blue: 0.61, alpha: 1.0 })); glyph_masks = [true, true, true];
10-02 07:48:53.539 11445 11471 I event src/phone_hud.rs:173: ANDROID_PHONE_TEXT_LAYOUTfont = TextFont { font: SystemUi, font_size: Px(23.466667), weight: FontWeight(400), width: FontWidth(1.0), style: Normal, font_smoothing: AntiAliased, font_features: FontFeatures { features: [] }, font_variations: FontVariations { variations: [] } }; color = TextColor(Srgba(Srgba { red: 0.96, green: 0.85, blue: 0.61, alpha: 1.0 })); glyph_masks = [true, true, true, true, true];
10-02 07:48:53.539 11445 11471 I event src/phone_hud.rs:173: ANDROID_PHONE_TEXT_LAYOUTfont = TextFont { font: SystemUi, font_size: Px(23.466667), weight: FontWeight(400), width: FontWidth(1.0), style: Normal, font_smoothing: AntiAliased, font_features: FontFeatures { features: [] }, font_variations: FontVariations { variations: [] } }; color = TextColor(Srgba(Srgba { red: 0.96, green: 0.85, blue: 0.61, alpha: 1.0 })); glyph_masks = [true, true, true, true, true, true, true];
10-02 07:48:53.539 11445 11467 I RustStdoutStderr: [2m2026-10-01T23:48:53.539719Z[0m [32m INFO[0m [2mmir2_platform_android::phone_hud[0m[2m:[0m ANDROID_PHONE_TEXT_LAYOUT [3mfont[0m[2m=[0mTextFont { font: SystemUi, font_size: Px(23.466667), weight: FontWeight(400), width: FontWidth(1.0), style: Normal, font_smoothing: AntiAliased, font_features: FontFeatures { features: [] }, font_variations: FontVariations { variations: [] } } [3mcolor[0m[2m=[0mTextColor(Srgba(Srgba { red: 0.96, green: 0.85, blue: 0.61, alpha: 1.0 })) [3mglyph_masks[0m[2m=[0m[true, true, true]
10-02 07:48:53.539 11445 11467 I RustStdoutStderr: [2m2026-10-01T23:48:53.539835Z[0m [32m INFO[0m [2mmir2_platform_android::phone_hud[0m[2m:[0m ANDROID_PHONE_TEXT_LAYOUT [3mfont[0m[2m=[0mTextFont { font: SystemUi, font_size: Px(23.466667), weight: FontWeight(400), width: FontWidth(1.0), style: Normal, font_smoothing: AntiAliased, font_features: FontFeatures { features: [] }, font_variations: FontVariations { variations: [] } } [3mcolor[0m[2m=[0mTextColor(Srgba(Srgba { red: 0.96, green: 0.85, blue: 0.61, alpha: 1.0 })) [3mglyph_masks[0m[2m=[0m[true, true, true, true, true]
10-02 07:48:53.539 11445 11467 I RustStdoutStderr: [2m2026-10-01T23:48:53.539852Z[0m [32m INFO[0m [2mmir2_platform_android::phone_hud[0m[2m:[0m ANDROID_PHONE_TEXT_LAYOUT [3mfont[0m[2m=[0mTextFont { font: SystemUi, font_size: Px(23.466667), weight: FontWeight(400), width: FontWidth(1.0), style: Normal, font_smoothing: AntiAliased, font_features: FontFeatures { features: [] }, font_variations: FontVariations { variations: [] } } [3mcolor[0m[2m=[0mTextColor(Srgba(Srgba { red: 0.96, green: 0.85, blue: 0.61, alpha: 1.0 })) [3mglyph_masks[0m[2m=[0m[true, true, true, true, true, true, true]
10-02 07:48:53.539 11445 11467 I RustStdoutStderr: [2m2026-10-01T23:48:53.539859Z[0m [32m INFO[0m [2mmir2_platform_android::phone_hud[0m[2m:[0m ANDROID_PHONE_TEXT_LAYOUT [3mfont[0m[2m=[0mTextFont { font: SystemUi, font_size: Px(23.466667), weight: FontWeight(400), width: FontWidth(1.0), style: Normal, font_smoothing: AntiAliased, font_features: FontFeatures { features: [] }, font_variations: FontVariations { variations: [] } } [3mcolor[0m[2m=[0mTextColor(Srgba(Srgba { red: 0.96, green: 0.85, blue: 0.61, alpha: 1.0 })) [3mglyph_masks[0m[2m=[0m[true, true, true, true, true]
10-02 07:48:53.539 11445 11471 I event src/phone_hud.rs:173: ANDROID_PHONE_TEXT_LAYOUTfont = TextFont { font: SystemUi, font_size: Px(23.466667), weight: FontWeight(400), width: FontWidth(1.0), style: Normal, font_smoothing: AntiAliased, font_features: FontFeatures { features: [] }, font_variations: FontVariations { variations: [] } }; color = TextColor(Srgba(Srgba { red: 0.96, green: 0.85, blue: 0.61, alpha: 1.0 })); glyph_masks = [true, true, true, true, true];
10-02 07:48:53.540 11445 11471 I event src/phone_hud.rs:173: ANDROID_PHONE_TEXT_LAYOUTfont = TextFont { font: SystemUi, font_size: Px(23.466667), weight: FontWeight(400), width: FontWidth(1.0), style: Normal, font_smoothing: AntiAliased, font_features: FontFeatures { features: [] }, font_variations: FontVariations { variations: [] } }; color = TextColor(Srgba(Srgba { red: 0.96, green: 0.85, blue: 0.61, alpha: 1.0 })); glyph_masks = [true, true, true, true, true, true];
10-02 07:48:53.540 11445 11471 I event src/phone_hud.rs:173: ANDROID_PHONE_TEXT_LAYOUTfont = TextFont { font: SystemUi, font_size: Px(23.466667), weight: FontWeight(400), width: FontWidth(1.0), style: Normal, font_smoothing: AntiAliased, font_features: FontFeatures { features: [] }, font_variations: FontVariations { variations: [] } }; color = TextColor(Srgba(Srgba { red: 0.96, green: 0.85, blue: 0.61, alpha: 1.0 })); glyph_masks = [true, true, true, true, true];
10-02 07:48:53.540 11445 11471 I event src/phone_hud.rs:173: ANDROID_PHONE_TEXT_LAYOUTfont = TextFont { font: SystemUi, font_size: Px(23.466667), weight: FontWeight(400), width: FontWidth(1.0), style: Normal, font_smoothing: AntiAliased, font_features: FontFeatures { features: [] }, font_variations: FontVariations { variations: [] } }; color = TextColor(Srgba(Srgba { red: 0.96, green: 0.85, blue: 0.61, alpha: 1.0 })); glyph_masks = [true, true, true, true, true];
10-02 07:48:53.540 11445 11471 I event src/phone_hud.rs:173: ANDROID_PHONE_TEXT_LAYOUTfont = TextFont { font: SystemUi, font_size: Px(23.466667), weight: FontWeight(400), width: FontWidth(1.0), style: Normal, font_smoothing: AntiAliased, font_features: FontFeatures { features: [] }, font_variations: FontVariations { variations: [] } }; color = TextColor(Srgba(Srgba { red: 0.96, green: 0.85, blue: 0.61, alpha: 1.0 })); glyph_masks = [true, true, true, true, true];
10-02 07:48:53.540 11445 11471 I event src/phone_hud.rs:173: ANDROID_PHONE_TEXT_LAYOUTfont = TextFont { font: SystemUi, font_size: Px(23.466667), weight: FontWeight(400), width: FontWidth(1.0), style: Normal, font_smoothing: AntiAliased, font_features: FontFeatures { features: [] }, font_variations: FontVariations { variations: [] } }; color = TextColor(Srgba(Srgba { red: 0.96, green: 0.85, blue: 0.61, alpha: 1.0 })); glyph_masks = [true, true, true, true];
10-02 07:48:53.540 11445 11471 I event src/phone_hud.rs:173: ANDROID_PHONE_TEXT_LAYOUTfont = TextFont { font: SystemUi, font_size: Px(23.466667), weight: FontWeight(400), width: FontWidth(1.0), style: Normal, font_smoothing: AntiAliased, font_features: FontFeatures { features: [] }, font_variations: FontVariations { variations: [] } }; color = TextColor(Srgba(Srgba { red: 0.96, green: 0.85, blue: 0.61, alpha: 1.0 })); glyph_masks = [true, true, true];
10-02 07:48:53.540 11445 11471 I event src/phone_hud.rs:173: ANDROID_PHONE_TEXT_LAYOUTfont = TextFont { font: SystemUi, font_size: Px(23.466667), weight: FontWeight(400), width: FontWidth(1.0), style: Normal, font_smoothing: AntiAliased, font_features: FontFeatures { features: [] }, font_variations: FontVariations { variations: [] } }; color = TextColor(Srgba(Srgba { red: 0.98, green: 0.91, blue: 0.76, alpha: 1.0 })); glyph_masks = [true, true, true, true, true, true, true, true, true, true, true, true, true];
10-02 07:48:53.540 11445 11471 I event src/phone_hud.rs:173: ANDROID_PHONE_TEXT_LAYOUTfont = TextFont { font: SystemUi, font_size: Px(23.466667), weight: FontWeight(400), width: FontWidth(1.0), style: Normal, font_smoothing: AntiAliased, font_features: FontFeatures { features: [] }, font_variations: FontVariations { variations: [] } }; color = TextColor(Srgba(Srgba { red: 0.96, green: 0.85, blue: 0.61, alpha: 1.0 })); glyph_masks = [true, true];
10-02 07:48:53.540 11445 11471 I event src/phone_hud.rs:173: ANDROID_PHONE_TEXT_LAYOUTfont = TextFont { font: SystemUi, font_size: Px(23.466667), weight: FontWeight(400), width: FontWidth(1.0), style: Normal, font_smoothing: AntiAliased, font_features: FontFeatures { features: [] }, font_variations: FontVariations { variations: [] } }; color = TextColor(Srgba(Srgba { red: 0.96, green: 0.85, blue: 0.61, alpha: 1.0 })); glyph_masks = [true, true, true, true];
10-02 07:48:53.540 11445 11467 I RustStdoutStderr: [2m2026-10-01T23:48:53.539982Z[0m [32m INFO[0m [2mmir2_platform_android::phone_hud[0m[2m:[0m ANDROID_PHONE_TEXT_LAYOUT [3mfont[0m[2m=[0mTextFont { font: SystemUi, font_size: Px(23.466667), weight: FontWeight(400), width: FontWidth(1.0), style: Normal, font_smoothing: AntiAliased, font_features: FontFeatures { features: [] }, font_variations: FontVariations { variations: [] } } [3mcolor[0m[2m=[0mTextColor(Srgba(Srgba { red: 0.96, green: 0.85, blue: 0.61, alpha: 1.0 })) [3mglyph_masks[0m[2m=[0m[true, true, true, true, true, true]
10-02 07:48:53.540 11445 11467 I RustStdoutStderr: [2m2026-10-01T23:48:53.540007Z[0m [32m INFO[0m [2mmir2_platform_android::phone_hud[0m[2m:[0m ANDROID_PHONE_TEXT_LAYOUT [3mfont[0m[2m=[0mTextFont { font: SystemUi, font_size: Px(23.466667), weight: FontWeight(400), width: FontWidth(1.0), style: Normal, font_smoothing: AntiAliased, font_features: FontFeatures { features: [] }, font_variations: FontVariations { variations: [] } } [3mcolor[0m[2m=[0mTextColor(Srgba(Srgba { red: 0.96, green: 0.85, blue: 0.61, alpha: 1.0 })) [3mglyph_masks[0m[2m=[0m[true, true, true, true, true]
10-02 07:48:53.540 11445 11467 I RustStdoutStderr: [2m2026-10-01T23:48:53.540014Z[0m [32m INFO[0m [2mmir2_platform_android::phone_hud[0m[2m:[0m ANDROID_PHONE_TEXT_LAYOUT [3mfont[0m[2m=[0mTextFont { font: SystemUi, font_size: Px(23.466667), weight: FontWeight(400), width: FontWidth(1.0), style: Normal, font_smoothing: AntiAliased, font_features: FontFeatures { features: [] }, font_variations: FontVariations { variations: [] } } [3mcolor[0m[2m=[0mTextColor(Srgba(Srgba { red: 0.96, green: 0.85, blue: 0.61, alpha: 1.0 })) [3mglyph_masks[0m[2m=[0m[true, true, true, true, true]
10-02 07:48:53.540 11445 11467 I RustStdoutStderr: [2m2026-10-01T23:48:53.540019Z[0m [32m INFO[0m [2mmir2_platform_android::phone_hud[0m[2m:[0m ANDROID_PHONE_TEXT_LAYOUT [3mfont[0m[2m=[0mTextFont { font: SystemUi, font_size: Px(23.466667), weight: FontWeight(400), width: FontWidth(1.0), style: Normal, font_smoothing: AntiAliased, font_features: FontFeatures { features: [] }, font_variations: FontVariations { variations: [] } } [3mcolor[0m[2m=[0mTextColor(Srgba(Srgba { red: 0.96, green: 0.85, blue: 0.61, alpha: 1.0 })) [3mglyph_masks[0m[2m=[0m[true, true, true, true, true]
10-02 07:48:53.540 11445 11467 I RustStdoutStderr: [2m2026-10-01T23:48:53.540024Z[0m [32m INFO[0m [2mmir2_platform_android::phone_hud[0m[2m:[0m ANDROID_PHONE_TEXT_LAYOUT [3mfont[0m[2m=[0mTextFont { font: SystemUi, font_size: Px(23.466667), weight: FontWeight(400), width: FontWidth(1.0), style: Normal, font_smoothing: AntiAliased, font_features: FontFeatures { features: [] }, font_variations: FontVariations { variations: [] } } [3mcolor[0m[2m=[0mTextColor(Srgba(Srgba { red: 0.96, green: 0.85, blue: 0.61, alpha: 1.0 })) [3mglyph_masks[0m[2m=[0m[true, true, true, true]
10-02 07:48:53.540 11445 11467 I RustStdoutStderr: [2m2026-10-01T23:48:53.540029Z[0m [32m INFO[0m [2mmir2_platform_android::phone_hud[0m[2m:[0m ANDROID_PHONE_TEXT_LAYOUT [3mfont[0m[2m=[0mTextFont { font: SystemUi, font_size: Px(23.466667), weight: FontWeight(400), width: FontWidth(1.0), style: Normal, font_smoothing: AntiAliased, font_features: FontFeatures { features: [] }, font_variations: FontVariations { variations: [] } } [3mcolor[0m[2m=[0mTextColor(Srgba(Srgba { red: 0.96, green: 0.85, blue: 0.61, alpha: 1.0 })) [3mglyph_masks[0m[2m=[0m[true, true, true]
10-02 07:48:53.540 11445 11467 I RustStdoutStderr: [2m2026-10-01T23:48:53.540034Z[0m [32m INFO[0m [2mmir2_platform_android::phone_hud[0m[2m:[0m ANDROID_PHONE_TEXT_LAYOUT [3mfont[0m[2m=[0mTextFont { font: SystemUi, font_size: Px(23.466667), weight: FontWeight(400), width: FontWidth(1.0), style: Normal, font_smoothing: AntiAliased, font_features: FontFeatures { features: [] }, font_variations: FontVariations { variations: [] } } [3mcolor[0m[2m=[0mTextColor(Srgba(Srgba { red: 0.98, green: 0.91, blue: 0.76, alpha: 1.0 })) [3mglyph_masks[0m[2m=[0m[true, true, true, true, true, true, true, true, true, true, true, true, true]
10-02 07:48:53.540 11445 11467 I RustStdoutStderr: [2m2026-10-01T23:48:53.540039Z[0m [32m INFO[0m [2mmir2_platform_android::phone_hud[0m[2m:[0m ANDROID_PHONE_TEXT_LAYOUT [3mfont[0m[2m=[0mTextFont { font: SystemUi, font_size: Px(23.466667), weight: FontWeight(400), width: FontWidth(1.0), style: Normal, font_smoothing: AntiAliased, font_features: FontFeatures { features: [] }, font_variations: FontVariations { variations: [] } } [3mcolor[0m[2m=[0mTextColor(Srgba(Srgba { red: 0.96, green: 0.85, blue: 0.61, alpha: 1.0 })) [3mglyph_masks[0m[2m=[0m[true, true]
10-02 07:48:53.540 11445 11467 I RustStdoutStderr: [2m2026-10-01T23:48:53.540045Z[0m [32m INFO[0m [2mmir2_platform_android::phone_hud[0m[2m:[0m ANDROID_PHONE_TEXT_LAYOUT [3mfont[0m[2m=[0mTextFont { font: SystemUi, font_size: Px(23.466667), weight: FontWeight(400), width: FontWidth(1.0), style: Normal, font_smoothing: AntiAliased, font_features: FontFeatures { features: [] }, font_variations: FontVariations { variations: [] } } [3mcolor[0m[2m=[0mTextColor(Srgba(Srgba { red: 0.96, green: 0.85, blue: 0.61, alpha: 1.0 })) [3mglyph_masks[0m[2m=[0m[true, true, true, true]
10-02 07:48:54.059 11445 11468 D EGL_emulation: app_time_stats: avg=11.08ms min=10.31ms max=12.65ms count=60
10-02 07:48:55.060 11445 11468 D EGL_emulation: app_time_stats: avg=11.32ms min=10.31ms max=15.27ms count=60
10-02 07:48:55.151 11445 11472 I event src/mobile_ui.rs:323: ANDROID_NPC_CLOSE_SHARED_LOCAL_UI_EXIT_REQUEST_NOT_LIVE
10-02 07:48:55.151 11445 11467 I RustStdoutStderr: [2m2026-10-01T23:48:55.151649Z[0m [32m INFO[0m [2mmir2_platform_android::mobile_ui[0m[2m:[0m ANDROID_NPC_CLOSE_SHARED_LOCAL_UI_EXIT_REQUEST_NOT_LIVE
10-02 07:48:56.077 11445 11468 D EGL_emulation: app_time_stats: avg=10.98ms min=8.68ms max=12.81ms count=61
10-02 07:48:56.317 11445 11468 I event src/ui_preview.rs:478: ANDROID_REMOTE_BACKSTEP_DIAGNOSTICSdiagnostics = {"enabled":true,"nowMs":1790898536316.9004,"moveClockPulseId":40,"moveClockNextPulseMs":1790898536400.251,"entryCount":0,"activeEntryCount":0,"processedEventCount":0,"remoteMotionEventCount":0,"remoteRemoveEventCount":0,"ignoredEventCount":0,"staleEventCount":0,"disabledEventCount":0,"pendingEventDropCount":0,"entryEvictionCount":0,"decodeErrorCount":0,"lastDecodeError":null,"offsetQueryCount":0,"offsetMatchCount":0,"targetMismatchCount":0,"inactiveFallbackCount":0,"entries":[]};
10-02 07:48:56.317 11445 11467 I RustStdoutStderr: [2m2026-10-01T23:48:56.317599Z[0m [32m INFO[0m [2mmir2_platform_android::ui_preview[0m[2m:[0m ANDROID_REMOTE_BACKSTEP_DIAGNOSTICS [3mdiagnostics[0m[2m=[0m{"enabled":true,"nowMs":1790898536316.9004,"moveClockPulseId":40,"moveClockNextPulseMs":1790898536400.251,"entryCount":0,"activeEntryCount":0,"processedEventCount":0,"remoteMotionEventCount":0,"remoteRemoveEventCount":0,"ignoredEventCount":0,"staleEventCount":0,"disabledEventCount":0,"pendingEventDropCount":0,"entryEvictionCount":0,"decodeErrorCount":0,"lastDecodeError":null,"offsetQueryCount":0,"offsetMatchCount":0,"targetMismatchCount":0,"inactiveFallbackCount":0,"entries":[]}
10-02 07:48:57.094 11445 11468 D EGL_emulation: app_time_stats: avg=10.86ms min=10.16ms max=13.00ms count=61
10-02 07:48:57.295 11445 11501 D ProfileInstaller: Installing profile for com.mir2.web3.uipreview
