> Task :app:preBuild UP-TO-DATE
> Task :app:preDebugBuild UP-TO-DATE
> Task :app:generateDebugBuildConfig UP-TO-DATE
> Task :app:javaPreCompileDebug UP-TO-DATE
> Task :app:checkDebugAarMetadata UP-TO-DATE
> Task :app:generateDebugResValues UP-TO-DATE
> Task :app:mapDebugSourceSetPaths UP-TO-DATE
> Task :app:generateDebugResources UP-TO-DATE
> Task :app:mergeDebugResources UP-TO-DATE
> Task :app:packageDebugResources UP-TO-DATE
> Task :app:parseDebugLocalResources UP-TO-DATE
> Task :app:createDebugCompatibleScreenManifests UP-TO-DATE
> Task :app:extractDeepLinksDebug UP-TO-DATE
> Task :app:processDebugMainManifest UP-TO-DATE
> Task :app:processDebugManifest UP-TO-DATE
> Task :app:processDebugManifestForPackage UP-TO-DATE
> Task :app:processDebugResources UP-TO-DATE

> Task :app:compileDebugJavaWithJavac
注: /Users/henryliu/obelisk/numeron-worktrees/android-shared-sync/mir2-web3/apps/game-client/platform-android/android/app/src/main/java/com/mir2/web3/MainActivity.java使用或覆盖了已过时的 API。
注: 有关详细信息, 请使用 -Xlint:deprecation 重新编译。

> Task :app:preDebugUnitTestBuild UP-TO-DATE
> Task :app:javaPreCompileDebugUnitTest UP-TO-DATE
> Task :app:processDebugJavaRes NO-SOURCE
> Task :app:processDebugUnitTestJavaRes NO-SOURCE
> Task :app:preUiPreviewBuild UP-TO-DATE
> Task :app:bundleDebugClassesToRuntimeJar
> Task :app:bundleDebugClassesToCompileJar
> Task :app:generateUiPreviewBuildConfig
> Task :app:compileDebugUnitTestJavaWithJavac
> Task :app:testDebugUnitTest
> Task :app:javaPreCompileUiPreview UP-TO-DATE
> Task :app:checkUiPreviewAarMetadata UP-TO-DATE
> Task :app:generateUiPreviewResValues UP-TO-DATE
> Task :app:mapUiPreviewSourceSetPaths UP-TO-DATE
> Task :app:generateUiPreviewResources UP-TO-DATE
> Task :app:mergeUiPreviewResources UP-TO-DATE
> Task :app:packageUiPreviewResources UP-TO-DATE
> Task :app:parseUiPreviewLocalResources UP-TO-DATE
> Task :app:createUiPreviewCompatibleScreenManifests
> Task :app:extractDeepLinksUiPreview UP-TO-DATE
> Task :app:processUiPreviewMainManifest
> Task :app:processUiPreviewManifest
> Task :app:preUiPreviewUnitTestBuild UP-TO-DATE
> Task :app:javaPreCompileUiPreviewUnitTest UP-TO-DATE
> Task :app:processUiPreviewJavaRes NO-SOURCE
> Task :app:processUiPreviewUnitTestJavaRes NO-SOURCE
> Task :app:processUiPreviewManifestForPackage
> Task :app:processUiPreviewResources

> Task :app:compileUiPreviewJavaWithJavac
注: /Users/henryliu/obelisk/numeron-worktrees/android-shared-sync/mir2-web3/apps/game-client/platform-android/android/app/src/main/java/com/mir2/web3/MainActivity.java使用或覆盖了已过时的 API。
注: 有关详细信息, 请使用 -Xlint:deprecation 重新编译。

> Task :app:bundleUiPreviewClassesToRuntimeJar
> Task :app:bundleUiPreviewClassesToCompileJar
> Task :app:compileUiPreviewUnitTestJavaWithJavac
> Task :app:testUiPreviewUnitTest
[Incubating] Problems report is available at: file:///Users/henryliu/obelisk/numeron-worktrees/android-shared-sync/mir2-web3/apps/game-client/platform-android/android/build/reports/problems/problems-report.html

BUILD SUCCESSFUL in 21s
42 actionable tasks: 16 executed, 26 up-to-date
