--------- beginning of main
10-02 11:26:46.658 13674 13674 I .web3.uiprevie: Late-enabling -Xcheck:jni
10-02 11:26:46.690 13674 13674 D CompatibilityChangeReporter: Compat change id reported: 171979766; UID 10146; state: ENABLED
10-02 11:26:46.724 13674 13674 V GraphicsEnvironment: ANGLE Developer option for 'com.mir2.web3.uipreview' set to: 'default'
10-02 11:26:46.724 13674 13674 V GraphicsEnvironment: Neither updatable production driver nor prerelease driver is supported.
10-02 11:26:46.725 13674 13674 D NetworkSecurityConfig: No Network Security Config specified, using platform default
10-02 11:26:46.726 13674 13674 D NetworkSecurityConfig: No Network Security Config specified, using platform default
10-02 11:26:46.774 13674 13695 D libEGL  : loaded /vendor/lib64/egl/libEGL_emulation.so
10-02 11:26:46.774 13674 13695 D libEGL  : loaded /vendor/lib64/egl/libGLESv1_CM_emulation.so
10-02 11:26:46.775 13674 13695 D libEGL  : loaded /vendor/lib64/egl/libGLESv2_emulation.so
10-02 11:26:46.784 13674 13674 D AppCompatDelegate: Checking for metadata for AppLocalesMetadataHolderService : Service not found
10-02 11:26:46.791 13674 13674 D gti.InputConnection: InputConnection created
10-02 11:26:46.793 13674 13674 D gti.InputConnection: setEditorInfo
10-02 11:26:46.796 13674 13674 W .web3.uiprevie: Accessing hidden method Landroid/view/ViewGroup;->makeOptionalFitsSystemWindows()V (unsupported, reflection, allowed)
10-02 11:26:46.798 13674 13674 I GameActivity: Looking for library libmir2_platform_android.so
10-02 11:26:46.798 13674 13674 I GameActivity: Found library libmir2_platform_android.so. Loading...
10-02 11:26:46.801 13674 13674 D GameActivity: GameActivity_register
10-02 11:26:46.801 13674 13674 V GameActivity: Registering com/google/androidgamesdk/GameActivity's 24 native methods...
10-02 11:26:46.801 13674 13674 D GameActivity: SDK version: 31
10-02 11:26:46.802 13674 13674 I android-activity: Creating: Activity = 0x1696, saved state size = 0
10-02 11:26:46.804 13674 13674 V threaded_app: Creating: 0xb400007535841870
10-02 11:26:46.804 13674 13674 V threaded_app: Callbacks set: 0xb4000075358418c0
10-02 11:26:46.804 13674 13674 V threaded_app: Launching android_app_entry in a thread
10-02 11:26:46.804 13674 13697 V threaded_app: android_app_entry called
10-02 11:26:46.804 13674 13697 V threaded_app: android_app = 0xb400007515843290
10-02 11:26:46.804 13674 13697 V threaded_app: config = 0xb4000074858556a0
10-02 11:26:46.804 13674 13697 V threaded_app: activity = 0xb400007535841870
10-02 11:26:46.804 13674 13697 V threaded_app: assetmanager = 0xb40000753583d3b0
10-02 11:26:46.804 13674 13697 V threaded_app: Config: mcc=310 mnc=260 lang=en cnt=US orien=2 touch=3 dens=440 keys=2 nav=2 keysHid=1 navHid=0 sdk=31 size=2 long=2 modetype=1 modenight=1
10-02 11:26:46.814 13674 13697 D HostConnection: createUnique: call
10-02 11:26:46.815 13674 13697 D HostConnection: HostConnection::get() New Host Connection established 0xb4000074d583b410, tid 13697
10-02 11:26:46.816 13674 13697 D HostConnection: HostComposition ext ANDROID_EMU_CHECKSUM_HELPER_v1 ANDROID_EMU_native_sync_v2 ANDROID_EMU_native_sync_v3 ANDROID_EMU_native_sync_v4 ANDROID_EMU_dma_v1 ANDROID_EMU_direct_mem ANDROID_EMU_host_composition_v1 ANDROID_EMU_host_composition_v2 ANDROID_EMU_vulkan ANDROID_EMU_deferred_vulkan_commands ANDROID_EMU_vulkan_null_optional_strings ANDROID_EMU_vulkan_create_resources_with_requirements ANDROID_EMU_YUV_Cache ANDROID_EMU_vulkan_ignored_handles ANDROID_EMU_has_shared_slots_host_memory_allocator ANDROID_EMU_vulkan_free_memory_sync ANDROID_EMU_vulkan_shader_float16_int8 ANDROID_EMU_vulkan_async_queue_submit ANDROID_EMU_vulkan_queue_submit_with_commands ANDROID_EMU_sync_buffer_data ANDROID_EMU_vulkan_async_qsri ANDROID_EMU_read_color_buffer_dma ANDROID_EMU_hwc_color_transform GL_OES_EGL_image_external_essl3 GL_OES_vertex_array_object ANDROID_EMU_host_side_tracing ANDROID_EMU_gles_max_version_3_0 
10-02 11:26:46.818 13674 13697 D EGL_emulation: eglCreateContext: 0xb4000074d58345d0: maj 3 min 0 rcv 3
10-02 11:26:46.820 13674 13697 D EGL_emulation: eglMakeCurrent: 0xb4000074d58345d0: ver 3 0 (tinfo 0x76fbc37080) (first time)
10-02 11:26:46.835 13674 13697 I event /Users/henryliu/obelisk/numeron-worktrees/android-shared-sync/mir2-web3/third_party/bevyAdapterInfo { name: "Android Emulator OpenGL ES Translator (Apple M1 Max)", vendor: 4203, device: 0, device_type: IntegratedGpu, device_pci_bus_id: "", driver: "", driver_info: "OpenGL ES 3.0 (4.1 Metal - 89.4)", backend: Gl, subgroup_min_size: 4, subgroup_max_size: 128, transient_saves_memory: false }
10-02 11:26:46.835 13674 13696 I RustStdoutStderr: [2m2026-10-02T03:26:46.835540Z[0m [32m INFO[0m [2mbevy_render::renderer[0m[2m:[0m AdapterInfo { name: "Android Emulator OpenGL ES Translator (Apple M1 Max)", vendor: 4203, device: 0, device_type: IntegratedGpu, device_pci_bus_id: "", driver: "", driver_info: "OpenGL ES 3.0 (4.1 Metal - 89.4)", backend: Gl, subgroup_min_size: 4, subgroup_max_size: 128, transient_saves_memory: false }
10-02 11:26:46.845 13674 13674 V GameActivity: onStart_native
10-02 11:26:46.845 13674 13674 V threaded_app: Start: 0xb400007535841870
10-02 11:26:46.897 13674 13696 I RustStdoutStderr: [2m2026-10-02T03:26:46.897033Z[0m [32m INFO[0m [2mbevy_render::render_resource::sparse_buffer_vec[0m[2m:[0m Sparse buffer updates disabled. RenderDevice lacks support: max_storage_buffers_per_shader_stage (0) < 3.
10-02 11:26:46.897 13674 13697 I event /Users/henryliu/obelisk/numeron-worktrees/android-shared-sync/mir2-web3/third_party/bevySparse buffer updates disabled. RenderDevice lacks support: max_storage_buffers_per_shader_stage (0) < 3.
10-02 11:26:46.897 13674 13697 W event /Users/henryliu/.cargo/registry/src/index.crates.io-1949cf8c6b5b557f/bevy_core_pipeline-OrderIndependentTransparencyPlugin not loaded. GPU lacks support: DownlevelFlags::FRAGMENT_WRITABLE_STORAGE.
10-02 11:26:46.897 13674 13697 W event /Users/henryliu/.cargo/registry/src/index.crates.io-1949cf8c6b5b557f/bevy_core_pipeline-BackgroundMotionVectorsPlugin not loaded. GPU lacks support for required downlevel capability flags: DownlevelFlags(INDEPENDENT_BLEND).
10-02 11:26:46.897 13674 13696 I RustStdoutStderr: [2m2026-10-02T03:26:46.897555Z[0m [33m WARN[0m [2mbevy_core_pipeline::oit::resolve[0m[2m:[0m OrderIndependentTransparencyPlugin not loaded. GPU lacks support: DownlevelFlags::FRAGMENT_WRITABLE_STORAGE.
10-02 11:26:46.897 13674 13696 I RustStdoutStderr: [2m2026-10-02T03:26:46.897605Z[0m [33m WARN[0m [2mbevy_core_pipeline::prepass::background_motion_vectors[0m[2m:[0m BackgroundMotionVectorsPlugin not loaded. GPU lacks support for required downlevel capability flags: DownlevelFlags(INDEPENDENT_BLEND).
10-02 11:26:46.947 13674 13697 I event /Users/henryliu/obelisk/numeron-worktrees/android-shared-sync/mir2-web3/third_party/bevyGPU preprocessing is not supported on this device. Falling back to CPU preprocessing.
10-02 11:26:46.948 13674 13696 I RustStdoutStderr: [2m2026-10-02T03:26:46.947707Z[0m [32m INFO[0m [2mbevy_render::batching::gpu_preprocessing[0m[2m:[0m GPU preprocessing is not supported on this device. Falling back to CPU preprocessing.
10-02 11:26:46.966 13674 13697 V threaded_app: activityState=11
10-02 11:26:46.967 13674 13697 W event /Users/henryliu/.cargo/registry/src/index.crates.io-1949cf8c6b5b557f/winit-0.30.13/src/pTODO: forward onStart notification to application
10-02 11:26:46.967 13674 13696 I RustStdoutStderr: [2m2026-10-02T03:26:46.967459Z[0m [33m WARN[0m [2mwinit::platform_impl::android[0m[2m:[0m TODO: forward onStart notification to application
10-02 11:26:46.968 13674 13674 V threaded_app: Resume: 0xb400007535841870
10-02 11:26:46.968 13674 13697 V threaded_app: activityState=12
10-02 11:26:46.976 13674 13674 V GameActivity: onImeInsetsChanged from Text Listener
10-02 11:26:46.976 13674 13674 V threaded_app: WindowInsetsChanged: 0xb400007535841870
10-02 11:26:46.976 13674 13696 I RustStdoutStderr: [2m2026-10-02T03:26:46.976475Z[0m [33m WARN[0m [2mwinit::platform_impl::android[0m[2m:[0m TODO: handle Android InsetsChanged notification
10-02 11:26:46.976 13674 13697 W event /Users/henryliu/.cargo/registry/src/index.crates.io-1949cf8c6b5b557f/winit-0.30.13/src/pTODO: handle Android InsetsChanged notification
10-02 11:26:46.981 13674 13674 V GameActivity: onImeInsetsChanged from Text Listener
10-02 11:26:46.981 13674 13674 V threaded_app: WindowInsetsChanged: 0xb400007535841870
10-02 11:26:46.981 13674 13697 W event /Users/henryliu/.cargo/registry/src/index.crates.io-1949cf8c6b5b557f/winit-0.30.13/src/pTODO: handle Android InsetsChanged notification
10-02 11:26:46.981 13674 13693 D HostConnection: createUnique: call
10-02 11:26:46.981 13674 13696 I RustStdoutStderr: [2m2026-10-02T03:26:46.981811Z[0m [33m WARN[0m [2mwinit::platform_impl::android[0m[2m:[0m TODO: handle Android InsetsChanged notification
10-02 11:26:46.982 13674 13693 D HostConnection: HostConnection::get() New Host Connection established 0xb4000074d5854910, tid 13693
10-02 11:26:46.984 13674 13693 D HostConnection: HostComposition ext ANDROID_EMU_CHECKSUM_HELPER_v1 ANDROID_EMU_native_sync_v2 ANDROID_EMU_native_sync_v3 ANDROID_EMU_native_sync_v4 ANDROID_EMU_dma_v1 ANDROID_EMU_direct_mem ANDROID_EMU_host_composition_v1 ANDROID_EMU_host_composition_v2 ANDROID_EMU_vulkan ANDROID_EMU_deferred_vulkan_commands ANDROID_EMU_vulkan_null_optional_strings ANDROID_EMU_vulkan_create_resources_with_requirements ANDROID_EMU_YUV_Cache ANDROID_EMU_vulkan_ignored_handles ANDROID_EMU_has_shared_slots_host_memory_allocator ANDROID_EMU_vulkan_free_memory_sync ANDROID_EMU_vulkan_shader_float16_int8 ANDROID_EMU_vulkan_async_queue_submit ANDROID_EMU_vulkan_queue_submit_with_commands ANDROID_EMU_sync_buffer_data ANDROID_EMU_vulkan_async_qsri ANDROID_EMU_read_color_buffer_dma ANDROID_EMU_hwc_color_transform GL_OES_EGL_image_external_essl3 GL_OES_vertex_array_object ANDROID_EMU_host_side_tracing ANDROID_EMU_gles_max_version_3_0 
10-02 11:26:46.984 13674 13693 W OpenGLRenderer: Failed to choose config with EGL_SWAP_BEHAVIOR_PRESERVED, retrying without...
10-02 11:26:46.984 13674 13693 W OpenGLRenderer: Failed to initialize 101010-2 format, error = EGL_SUCCESS
10-02 11:26:46.984 13674 13693 D EGL_emulation: eglCreateContext: 0xb4000074d58540d0: maj 3 min 0 rcv 3
10-02 11:26:46.985 13674 13693 D EGL_emulation: eglMakeCurrent: 0xb4000074d58540d0: ver 3 0 (tinfo 0x76fbc37100) (first time)
10-02 11:26:46.986 13674 13674 V threaded_app: ContentRectChanged: 0xb400007535841870 -- (0 0) (2340 1080)
10-02 11:26:46.986 13674 13697 W event /Users/henryliu/.cargo/registry/src/index.crates.io-1949cf8c6b5b557f/winit-0.30.13/src/pTODO: find a way to notify application of content rect change
10-02 11:26:46.986 13674 13696 I RustStdoutStderr: [2m2026-10-02T03:26:46.986514Z[0m [33m WARN[0m [2mwinit::platform_impl::android[0m[2m:[0m TODO: find a way to notify application of content rect change
10-02 11:26:46.988 13674 13674 V GameActivity: onSurfaceCreated_native
10-02 11:26:46.988 13674 13674 V threaded_app: NativeWindowCreated: 0xb400007535841870 -- 0xb4000075c588ecf0
10-02 11:26:46.988 13674 13674 V threaded_app: android_app_set_window called
10-02 11:26:46.988 13674 13697 V threaded_app: APP_CMD_INIT_WINDOW
10-02 11:26:46.988 13674 13674 V threaded_app: NativeWindowResized: 0xb400007535841870 -- 0xb4000075c588ecf0 ( 2340 x 1080 )
10-02 11:26:46.988 13674 13674 V threaded_app: NativeWindowRedrawNeeded: 0xb400007535841870 -- 0xb4000075c588ecf0
10-02 11:26:46.988 13674 13697 I event /Users/henryliu/.cargo/registry/src/index.crates.io-1949cf8c6b5b557f/bevy_winit-0.19.0/sCreating new window mir2-web3 (android) (105v0)
10-02 11:26:46.989 13674 13696 I RustStdoutStderr: [2m2026-10-02T03:26:46.988546Z[0m [32m INFO[0m [2mbevy_winit::system[0m[2m:[0m Creating new window mir2-web3 (android) (105v0)
10-02 11:26:46.989 13674 13693 I Gralloc4: mapper 4.x is not supported
10-02 11:26:46.990 13674 13693 D HostConnection: createUnique: call
10-02 11:26:46.990 13674 13693 D HostConnection: HostConnection::get() New Host Connection established 0xb4000074d5854310, tid 13693
10-02 11:26:46.990 13674 13693 D goldfish-address-space: allocate: Ask for block of size 0x100
10-02 11:26:46.990 13674 13693 D goldfish-address-space: allocate: ioctl allocate returned offset 0x1efff8000 size 0x8000
10-02 11:26:46.990 13674 13693 W Gralloc4: allocator 4.x is not supported
10-02 11:26:46.993 13674 13693 D HostConnection: HostComposition ext ANDROID_EMU_CHECKSUM_HELPER_v1 ANDROID_EMU_native_sync_v2 ANDROID_EMU_native_sync_v3 ANDROID_EMU_native_sync_v4 ANDROID_EMU_dma_v1 ANDROID_EMU_direct_mem ANDROID_EMU_host_composition_v1 ANDROID_EMU_host_composition_v2 ANDROID_EMU_vulkan ANDROID_EMU_deferred_vulkan_commands ANDROID_EMU_vulkan_null_optional_strings ANDROID_EMU_vulkan_create_resources_with_requirements ANDROID_EMU_YUV_Cache ANDROID_EMU_vulkan_ignored_handles ANDROID_EMU_has_shared_slots_host_memory_allocator ANDROID_EMU_vulkan_free_memory_sync ANDROID_EMU_vulkan_shader_float16_int8 ANDROID_EMU_vulkan_async_queue_submit ANDROID_EMU_vulkan_queue_submit_with_commands ANDROID_EMU_sync_buffer_data ANDROID_EMU_vulkan_async_qsri ANDROID_EMU_read_color_buffer_dma ANDROID_EMU_hwc_color_transform GL_OES_EGL_image_external_essl3 GL_OES_vertex_array_object ANDROID_EMU_host_side_tracing ANDROID_EMU_gles_max_version_3_0 
10-02 11:26:47.016 13674 13674 V threaded_app: WindowFocusChanged: 0xb400007535841870 -- 1
10-02 11:26:47.031 13674 13674 V GameActivity: onImeInsetsChanged from Text Listener
10-02 11:26:47.032 13674 13674 V threaded_app: WindowInsetsChanged: 0xb400007535841870
10-02 11:26:47.080 13674 13697 I event src/ui_preview.rs:1183: ANDROID_QUEST_PREVIEW_RECEIVED_MODELS_APPLIED_NOT_LIVEscene = "npc-ingress"; count = 1; quest_id = Some(2100004); dialog_open = true;
10-02 11:26:47.082 13674 13696 I RustStdoutStderr: [2m2026-10-02T03:26:47.080001Z[0m [32m INFO[0m [2mmir2_platform_android::ui_preview[0m[2m:[0m ANDROID_QUEST_PREVIEW_RECEIVED_MODELS_APPLIED_NOT_LIVE [3mscene[0m[2m=[0m"npc-ingress" [3mcount[0m[2m=[0m1 [3mquest_id[0m[2m=[0mSome(2100004) [3mdialog_open[0m[2m=[0mtrue
10-02 11:26:47.088 13674 13697 I event src/item_geometry.rs:127: ANDROID_ITEM_GEOMETRY_READYitems = 1003; state_items = 2380; sources = [("original-ui/Items/meta.json", "ec0eca414ac6c34e17a218f0ed4396f30607c2485482f8760af7706acddcedfe"), ("original-ui/StateItem/meta.json", "7d812a76e9a54b1d0535968a8c21ee2064577e7012572daf79b242221ca72e9a")];
10-02 11:26:47.088 13674 13696 I RustStdoutStderr: [2m2026-10-02T03:26:47.088543Z[0m [32m INFO[0m [2mmir2_platform_android::item_geometry[0m[2m:[0m ANDROID_ITEM_GEOMETRY_READY [3mitems[0m[2m=[0m1003 [3mstate_items[0m[2m=[0m2380 [3msources[0m[2m=[0m[("original-ui/Items/meta.json", "ec0eca414ac6c34e17a218f0ed4396f30607c2485482f8760af7706acddcedfe"), ("original-ui/StateItem/meta.json", "7d812a76e9a54b1d0535968a8c21ee2064577e7012572daf79b242221ca72e9a")]
10-02 11:26:47.088 13674 13697 I event src/ui_preview.rs:1347: ANDROID_INVENTORY_INGRESS_OFFLINE queued owner42 bag12 equip2 sourceFrame30
10-02 11:26:47.088 13674 13697 I event src/ui_preview.rs:800: ANDROID_UI_PREVIEW_READY scene=npc-ingress
10-02 11:26:47.088 13674 13696 I RustStdoutStderr: [2m2026-10-02T03:26:47.088789Z[0m [32m INFO[0m [2mmir2_platform_android::ui_preview[0m[2m:[0m ANDROID_INVENTORY_INGRESS_OFFLINE queued owner42 bag12 equip2 sourceFrame30
10-02 11:26:47.088 13674 13696 I RustStdoutStderr: [2m2026-10-02T03:26:47.088868Z[0m [32m INFO[0m [2mmir2_platform_android::ui_preview[0m[2m:[0m ANDROID_UI_PREVIEW_READY scene=npc-ingress
10-02 11:26:47.103 13674 13697 W event /Users/henryliu/.cargo/registry/src/index.crates.io-1949cf8c6b5b557f/winit-0.30.13/src/pTODO: handle Android InsetsChanged notification
10-02 11:26:47.103 13674 13696 I RustStdoutStderr: [2m2026-10-02T03:26:47.103420Z[0m [33m WARN[0m [2mwinit::platform_impl::android[0m[2m:[0m TODO: handle Android InsetsChanged notification
10-02 11:26:48.176 13674 13697 D EGL_emulation: app_time_stats: avg=15.98ms min=10.79ms max=113.00ms count=57
10-02 11:26:48.657 13674 13701 I event src/phone_hud.rs:173: ANDROID_PHONE_TEXT_LAYOUTfont = TextFont { font: SystemUi, font_size: Px(23.466667), weight: FontWeight(400), width: FontWidth(1.0), style: Normal, font_smoothing: AntiAliased, font_features: FontFeatures { features: [] }, font_variations: FontVariations { variations: [] } }; color = TextColor(Srgba(Srgba { red: 0.98, green: 0.91, blue: 0.76, alpha: 1.0 })); glyph_masks = [true, true, true, true, true, true, true, true, true, true, true, true, true];
10-02 11:26:48.657 13674 13701 I event src/phone_hud.rs:173: ANDROID_PHONE_TEXT_LAYOUTfont = TextFont { font: SystemUi, font_size: Px(23.466667), weight: FontWeight(400), width: FontWidth(1.0), style: Normal, font_smoothing: AntiAliased, font_features: FontFeatures { features: [] }, font_variations: FontVariations { variations: [] } }; color = TextColor(Srgba(Srgba { red: 0.96, green: 0.85, blue: 0.61, alpha: 1.0 })); glyph_masks = [true, true, true];
10-02 11:26:48.657 13674 13701 I event src/phone_hud.rs:173: ANDROID_PHONE_TEXT_LAYOUTfont = TextFont { font: SystemUi, font_size: Px(23.466667), weight: FontWeight(400), width: FontWidth(1.0), style: Normal, font_smoothing: AntiAliased, font_features: FontFeatures { features: [] }, font_variations: FontVariations { variations: [] } }; color = TextColor(Srgba(Srgba { red: 0.96, green: 0.85, blue: 0.61, alpha: 1.0 })); glyph_masks = [true, true, true, true, true];
10-02 11:26:48.657 13674 13701 I event src/phone_hud.rs:173: ANDROID_PHONE_TEXT_LAYOUTfont = TextFont { font: SystemUi, font_size: Px(23.466667), weight: FontWeight(400), width: FontWidth(1.0), style: Normal, font_smoothing: AntiAliased, font_features: FontFeatures { features: [] }, font_variations: FontVariations { variations: [] } }; color = TextColor(Srgba(Srgba { red: 0.96, green: 0.85, blue: 0.61, alpha: 1.0 })); glyph_masks = [true, true, true, true, true, true, true];
10-02 11:26:48.657 13674 13701 I event src/phone_hud.rs:173: ANDROID_PHONE_TEXT_LAYOUTfont = TextFont { font: SystemUi, font_size: Px(23.466667), weight: FontWeight(400), width: FontWidth(1.0), style: Normal, font_smoothing: AntiAliased, font_features: FontFeatures { features: [] }, font_variations: FontVariations { variations: [] } }; color = TextColor(Srgba(Srgba { red: 0.96, green: 0.85, blue: 0.61, alpha: 1.0 })); glyph_masks = [true, true, true, true, true];
10-02 11:26:48.657 13674 13701 I event src/phone_hud.rs:173: ANDROID_PHONE_TEXT_LAYOUTfont = TextFont { font: SystemUi, font_size: Px(23.466667), weight: FontWeight(400), width: FontWidth(1.0), style: Normal, font_smoothing: AntiAliased, font_features: FontFeatures { features: [] }, font_variations: FontVariations { variations: [] } }; color = TextColor(Srgba(Srgba { red: 0.96, green: 0.85, blue: 0.61, alpha: 1.0 })); glyph_masks = [true, true, true, true, true, true];
10-02 11:26:48.657 13674 13701 I event src/phone_hud.rs:173: ANDROID_PHONE_TEXT_LAYOUTfont = TextFont { font: SystemUi, font_size: Px(23.466667), weight: FontWeight(400), width: FontWidth(1.0), style: Normal, font_smoothing: AntiAliased, font_features: FontFeatures { features: [] }, font_variations: FontVariations { variations: [] } }; color = TextColor(Srgba(Srgba { red: 0.96, green: 0.85, blue: 0.61, alpha: 1.0 })); glyph_masks = [true, true, true, true, true];
10-02 11:26:48.657 13674 13701 I event src/phone_hud.rs:173: ANDROID_PHONE_TEXT_LAYOUTfont = TextFont { font: SystemUi, font_size: Px(23.466667), weight: FontWeight(400), width: FontWidth(1.0), style: Normal, font_smoothing: AntiAliased, font_features: FontFeatures { features: [] }, font_variations: FontVariations { variations: [] } }; color = TextColor(Srgba(Srgba { red: 0.96, green: 0.85, blue: 0.61, alpha: 1.0 })); glyph_masks = [true, true, true, true, true];
10-02 11:26:48.657 13674 13701 I event src/phone_hud.rs:173: ANDROID_PHONE_TEXT_LAYOUTfont = TextFont { font: SystemUi, font_size: Px(23.466667), weight: FontWeight(400), width: FontWidth(1.0), style: Normal, font_smoothing: AntiAliased, font_features: FontFeatures { features: [] }, font_variations: FontVariations { variations: [] } }; color = TextColor(Srgba(Srgba { red: 0.96, green: 0.85, blue: 0.61, alpha: 1.0 })); glyph_masks = [true, true, true, true, true];
10-02 11:26:48.657 13674 13701 I event src/phone_hud.rs:173: ANDROID_PHONE_TEXT_LAYOUTfont = TextFont { font: SystemUi, font_size: Px(23.466667), weight: FontWeight(400), width: FontWidth(1.0), style: Normal, font_smoothing: AntiAliased, font_features: FontFeatures { features: [] }, font_variations: FontVariations { variations: [] } }; color = TextColor(Srgba(Srgba { red: 0.96, green: 0.85, blue: 0.61, alpha: 1.0 })); glyph_masks = [true, true, true, true];
10-02 11:26:48.657 13674 13701 I event src/phone_hud.rs:173: ANDROID_PHONE_TEXT_LAYOUTfont = TextFont { font: SystemUi, font_size: Px(23.466667), weight: FontWeight(400), width: FontWidth(1.0), style: Normal, font_smoothing: AntiAliased, font_features: FontFeatures { features: [] }, font_variations: FontVariations { variations: [] } }; color = TextColor(Srgba(Srgba { red: 0.96, green: 0.85, blue: 0.61, alpha: 1.0 })); glyph_masks = [true, true, true];
10-02 11:26:48.657 13674 13701 I event src/phone_hud.rs:173: ANDROID_PHONE_TEXT_LAYOUTfont = TextFont { font: SystemUi, font_size: Px(23.466667), weight: FontWeight(400), width: FontWidth(1.0), style: Normal, font_smoothing: AntiAliased, font_features: FontFeatures { features: [] }, font_variations: FontVariations { variations: [] } }; color = TextColor(Srgba(Srgba { red: 0.96, green: 0.85, blue: 0.61, alpha: 1.0 })); glyph_masks = [true, true];
10-02 11:26:48.657 13674 13701 I event src/phone_hud.rs:173: ANDROID_PHONE_TEXT_LAYOUTfont = TextFont { font: SystemUi, font_size: Px(23.466667), weight: FontWeight(400), width: FontWidth(1.0), style: Normal, font_smoothing: AntiAliased, font_features: FontFeatures { features: [] }, font_variations: FontVariations { variations: [] } }; color = TextColor(Srgba(Srgba { red: 0.96, green: 0.85, blue: 0.61, alpha: 1.0 })); glyph_masks = [true, true, true, true];
10-02 11:26:48.657 13674 13696 I RustStdoutStderr: [2m2026-10-02T03:26:48.657190Z[0m [32m INFO[0m [2mmir2_platform_android::phone_hud[0m[2m:[0m ANDROID_PHONE_TEXT_LAYOUT [3mfont[0m[2m=[0mTextFont { font: SystemUi, font_size: Px(23.466667), weight: FontWeight(400), width: FontWidth(1.0), style: Normal, font_smoothing: AntiAliased, font_features: FontFeatures { features: [] }, font_variations: FontVariations { variations: [] } } [3mcolor[0m[2m=[0mTextColor(Srgba(Srgba { red: 0.98, green: 0.91, blue: 0.76, alpha: 1.0 })) [3mglyph_masks[0m[2m=[0m[true, true, true, true, true, true, true, true, true, true, true, true, true]
10-02 11:26:48.657 13674 13696 I RustStdoutStderr: [2m2026-10-02T03:26:48.657256Z[0m [32m INFO[0m [2mmir2_platform_android::phone_hud[0m[2m:[0m ANDROID_PHONE_TEXT_LAYOUT [3mfont[0m[2m=[0mTextFont { font: SystemUi, font_size: Px(23.466667), weight: FontWeight(400), width: FontWidth(1.0), style: Normal, font_smoothing: AntiAliased, font_features: FontFeatures { features: [] }, font_variations: FontVariations { variations: [] } } [3mcolor[0m[2m=[0mTextColor(Srgba(Srgba { red: 0.96, green: 0.85, blue: 0.61, alpha: 1.0 })) [3mglyph_masks[0m[2m=[0m[true, true, true]
10-02 11:26:48.657 13674 13696 I RustStdoutStderr: [2m2026-10-02T03:26:48.657263Z[0m [32m INFO[0m [2mmir2_platform_android::phone_hud[0m[2m:[0m ANDROID_PHONE_TEXT_LAYOUT [3mfont[0m[2m=[0mTextFont { font: SystemUi, font_size: Px(23.466667), weight: FontWeight(400), width: FontWidth(1.0), style: Normal, font_smoothing: AntiAliased, font_features: FontFeatures { features: [] }, font_variations: FontVariations { variations: [] } } [3mcolor[0m[2m=[0mTextColor(Srgba(Srgba { red: 0.96, green: 0.85, blue: 0.61, alpha: 1.0 })) [3mglyph_masks[0m[2m=[0m[true, true, true, true, true]
10-02 11:26:48.657 13674 13696 I RustStdoutStderr: [2m2026-10-02T03:26:48.657269Z[0m [32m INFO[0m [2mmir2_platform_android::phone_hud[0m[2m:[0m ANDROID_PHONE_TEXT_LAYOUT [3mfont[0m[2m=[0mTextFont { font: SystemUi, font_size: Px(23.466667), weight: FontWeight(400), width: FontWidth(1.0), style: Normal, font_smoothing: AntiAliased, font_features: FontFeatures { features: [] }, font_variations: FontVariations { variations: [] } } [3mcolor[0m[2m=[0mTextColor(Srgba(Srgba { red: 0.96, green: 0.85, blue: 0.61, alpha: 1.0 })) [3mglyph_masks[0m[2m=[0m[true, true, true, true, true, true, true]
10-02 11:26:48.657 13674 13696 I RustStdoutStderr: [2m2026-10-02T03:26:48.657274Z[0m [32m INFO[0m [2mmir2_platform_android::phone_hud[0m[2m:[0m ANDROID_PHONE_TEXT_LAYOUT [3mfont[0m[2m=[0mTextFont { font: SystemUi, font_size: Px(23.466667), weight: FontWeight(400), width: FontWidth(1.0), style: Normal, font_smoothing: AntiAliased, font_features: FontFeatures { features: [] }, font_variations: FontVariations { variations: [] } } [3mcolor[0m[2m=[0mTextColor(Srgba(Srgba { red: 0.96, green: 0.85, blue: 0.61, alpha: 1.0 })) [3mglyph_masks[0m[2m=[0m[true, true, true, true, true]
10-02 11:26:48.657 13674 13696 I RustStdoutStderr: [2m2026-10-02T03:26:48.657279Z[0m [32m INFO[0m [2mmir2_platform_android::phone_hud[0m[2m:[0m ANDROID_PHONE_TEXT_LAYOUT [3mfont[0m[2m=[0mTextFont { font: SystemUi, font_size: Px(23.466667), weight: FontWeight(400), width: FontWidth(1.0), style: Normal, font_smoothing: AntiAliased, font_features: FontFeatures { features: [] }, font_variations: FontVariations { variations: [] } } [3mcolor[0m[2m=[0mTextColor(Srgba(Srgba { red: 0.96, green: 0.85, blue: 0.61, alpha: 1.0 })) [3mglyph_masks[0m[2m=[0m[true, true, true, true, true, true]
10-02 11:26:48.657 13674 13696 I RustStdoutStderr: [2m2026-10-02T03:26:48.657283Z[0m [32m INFO[0m [2mmir2_platform_android::phone_hud[0m[2m:[0m ANDROID_PHONE_TEXT_LAYOUT [3mfont[0m[2m=[0mTextFont { font: SystemUi, font_size: Px(23.466667), weight: FontWeight(400), width: FontWidth(1.0), style: Normal, font_smoothing: AntiAliased, font_features: FontFeatures { features: [] }, font_variations: FontVariations { variations: [] } } [3mcolor[0m[2m=[0mTextColor(Srgba(Srgba { red: 0.96, green: 0.85, blue: 0.61, alpha: 1.0 })) [3mglyph_masks[0m[2m=[0m[true, true, true, true, true]
10-02 11:26:48.657 13674 13696 I RustStdoutStderr: [2m2026-10-02T03:26:48.657289Z[0m [32m INFO[0m [2mmir2_platform_android::phone_hud[0m[2m:[0m ANDROID_PHONE_TEXT_LAYOUT [3mfont[0m[2m=[0mTextFont { font: SystemUi, font_size: Px(23.466667), weight: FontWeight(400), width: FontWidth(1.0), style: Normal, font_smoothing: AntiAliased, font_features: FontFeatures { features: [] }, font_variations: FontVariations { variations: [] } } [3mcolor[0m[2m=[0mTextColor(Srgba(Srgba { red: 0.96, green: 0.85, blue: 0.61, alpha: 1.0 })) [3mglyph_masks[0m[2m=[0m[true, true, true, true, true]
10-02 11:26:48.657 13674 13696 I RustStdoutStderr: [2m2026-10-02T03:26:48.657296Z[0m [32m INFO[0m [2mmir2_platform_android::phone_hud[0m[2m:[0m ANDROID_PHONE_TEXT_LAYOUT [3mfont[0m[2m=[0mTextFont { font: SystemUi, font_size: Px(23.466667), weight: FontWeight(400), width: FontWidth(1.0), style: Normal, font_smoothing: AntiAliased, font_features: FontFeatures { features: [] }, font_variations: FontVariations { variations: [] } } [3mcolor[0m[2m=[0mTextColor(Srgba(Srgba { red: 0.96, green: 0.85, blue: 0.61, alpha: 1.0 })) [3mglyph_masks[0m[2m=[0m[true, true, true, true, true]
10-02 11:26:48.657 13674 13696 I RustStdoutStderr: [2m2026-10-02T03:26:48.657301Z[0m [32m INFO[0m [2mmir2_platform_android::phone_hud[0m[2m:[0m ANDROID_PHONE_TEXT_LAYOUT [3mfont[0m[2m=[0mTextFont { font: SystemUi, font_size: Px(23.466667), weight: FontWeight(400), width: FontWidth(1.0), style: Normal, font_smoothing: AntiAliased, font_features: FontFeatures { features: [] }, font_variations: FontVariations { variations: [] } } [3mcolor[0m[2m=[0mTextColor(Srgba(Srgba { red: 0.96, green: 0.85, blue: 0.61, alpha: 1.0 })) [3mglyph_masks[0m[2m=[0m[true, true, true, true]
10-02 11:26:48.657 13674 13696 I RustStdoutStderr: [2m2026-10-02T03:26:48.657305Z[0m [32m INFO[0m [2mmir2_platform_android::phone_hud[0m[2m:[0m ANDROID_PHONE_TEXT_LAYOUT [3mfont[0m[2m=[0mTextFont { font: SystemUi, font_size: Px(23.466667), weight: FontWeight(400), width: FontWidth(1.0), style: Normal, font_smoothing: AntiAliased, font_features: FontFeatures { features: [] }, font_variations: FontVariations { variations: [] } } [3mcolor[0m[2m=[0mTextColor(Srgba(Srgba { red: 0.96, green: 0.85, blue: 0.61, alpha: 1.0 })) [3mglyph_masks[0m[2m=[0m[true, true, true]
10-02 11:26:48.657 13674 13696 I RustStdoutStderr: [2m2026-10-02T03:26:48.657310Z[0m [32m INFO[0m [2mmir2_platform_android::phone_hud[0m[2m:[0m ANDROID_PHONE_TEXT_LAYOUT [3mfont[0m[2m=[0mTextFont { font: SystemUi, font_size: Px(23.466667), weight: FontWeight(400), width: FontWidth(1.0), style: Normal, font_smoothing: AntiAliased, font_features: FontFeatures { features: [] }, font_variations: FontVariations { variations: [] } } [3mcolor[0m[2m=[0mTextColor(Srgba(Srgba { red: 0.96, green: 0.85, blue: 0.61, alpha: 1.0 })) [3mglyph_masks[0m[2m=[0m[true, true]
10-02 11:26:48.657 13674 13696 I RustStdoutStderr: [2m2026-10-02T03:26:48.657315Z[0m [32m INFO[0m [2mmir2_platform_android::phone_hud[0m[2m:[0m ANDROID_PHONE_TEXT_LAYOUT [3mfont[0m[2m=[0mTextFont { font: SystemUi, font_size: Px(23.466667), weight: FontWeight(400), width: FontWidth(1.0), style: Normal, font_smoothing: AntiAliased, font_features: FontFeatures { features: [] }, font_variations: FontVariations { variations: [] } } [3mcolor[0m[2m=[0mTextColor(Srgba(Srgba { red: 0.96, green: 0.85, blue: 0.61, alpha: 1.0 })) [3mglyph_masks[0m[2m=[0m[true, true, true, true]
10-02 11:26:49.177 13674 13697 D EGL_emulation: app_time_stats: avg=11.59ms min=10.75ms max=12.91ms count=60
10-02 11:26:50.177 13674 13697 D EGL_emulation: app_time_stats: avg=11.93ms min=10.84ms max=14.40ms count=60
10-02 11:26:51.177 13674 13697 D EGL_emulation: app_time_stats: avg=11.98ms min=10.92ms max=15.24ms count=60
