--------- beginning of main
10-02 01:21:13.409  7897  7897 I .web3.uiprevie: Late-enabling -Xcheck:jni
10-02 01:21:13.438  7897  7897 D CompatibilityChangeReporter: Compat change id reported: 171979766; UID 10146; state: ENABLED
10-02 01:21:13.472  7897  7897 V GraphicsEnvironment: ANGLE Developer option for 'com.mir2.web3.uipreview' set to: 'default'
10-02 01:21:13.472  7897  7897 V GraphicsEnvironment: Neither updatable production driver nor prerelease driver is supported.
10-02 01:21:13.473  7897  7897 D NetworkSecurityConfig: No Network Security Config specified, using platform default
10-02 01:21:13.473  7897  7897 D NetworkSecurityConfig: No Network Security Config specified, using platform default
10-02 01:21:13.503  7897  7918 D libEGL  : loaded /vendor/lib64/egl/libEGL_emulation.so
10-02 01:21:13.513  7897  7918 D libEGL  : loaded /vendor/lib64/egl/libGLESv1_CM_emulation.so
10-02 01:21:13.513  7897  7918 D libEGL  : loaded /vendor/lib64/egl/libGLESv2_emulation.so
10-02 01:21:13.525  7897  7897 D AppCompatDelegate: Checking for metadata for AppLocalesMetadataHolderService : Service not found
10-02 01:21:13.532  7897  7897 D gti.InputConnection: InputConnection created
10-02 01:21:13.535  7897  7897 D gti.InputConnection: setEditorInfo
10-02 01:21:13.538  7897  7897 W .web3.uiprevie: Accessing hidden method Landroid/view/ViewGroup;->makeOptionalFitsSystemWindows()V (unsupported, reflection, allowed)
10-02 01:21:13.539  7897  7897 I GameActivity: Looking for library libmir2_platform_android.so
10-02 01:21:13.539  7897  7897 I GameActivity: Found library libmir2_platform_android.so. Loading...
10-02 01:21:13.540  7897  7897 D GameActivity: GameActivity_register
10-02 01:21:13.540  7897  7897 V GameActivity: Registering com/google/androidgamesdk/GameActivity's 24 native methods...
10-02 01:21:13.540  7897  7897 D GameActivity: SDK version: 31
10-02 01:21:13.541  7897  7897 I android-activity: Creating: Activity = 0x1696, saved state size = 0
10-02 01:21:13.543  7897  7897 V threaded_app: Creating: 0xb40000753583ecb0
10-02 01:21:13.543  7897  7897 V threaded_app: Callbacks set: 0xb40000753583ed00
10-02 01:21:13.543  7897  7897 V threaded_app: Launching android_app_entry in a thread
10-02 01:21:13.543  7897  7920 V threaded_app: android_app_entry called
10-02 01:21:13.543  7897  7920 V threaded_app: android_app = 0xb400007515844b10
10-02 01:21:13.543  7897  7920 V threaded_app: config = 0xb4000074858551a0
10-02 01:21:13.543  7897  7920 V threaded_app: activity = 0xb40000753583ecb0
10-02 01:21:13.543  7897  7920 V threaded_app: assetmanager = 0xb400007535841b90
10-02 01:21:13.543  7897  7920 V threaded_app: Config: mcc=310 mnc=260 lang=en cnt=US orien=2 touch=3 dens=440 keys=2 nav=2 keysHid=1 navHid=0 sdk=31 size=2 long=2 modetype=1 modenight=1
10-02 01:21:13.555  7897  7920 D HostConnection: createUnique: call
10-02 01:21:13.555  7897  7920 D HostConnection: HostConnection::get() New Host Connection established 0xb4000074d5839490, tid 7920
10-02 01:21:13.556  7897  7920 D HostConnection: HostComposition ext ANDROID_EMU_CHECKSUM_HELPER_v1 ANDROID_EMU_native_sync_v2 ANDROID_EMU_native_sync_v3 ANDROID_EMU_native_sync_v4 ANDROID_EMU_dma_v1 ANDROID_EMU_direct_mem ANDROID_EMU_host_composition_v1 ANDROID_EMU_host_composition_v2 ANDROID_EMU_vulkan ANDROID_EMU_deferred_vulkan_commands ANDROID_EMU_vulkan_null_optional_strings ANDROID_EMU_vulkan_create_resources_with_requirements ANDROID_EMU_YUV_Cache ANDROID_EMU_vulkan_ignored_handles ANDROID_EMU_has_shared_slots_host_memory_allocator ANDROID_EMU_vulkan_free_memory_sync ANDROID_EMU_vulkan_shader_float16_int8 ANDROID_EMU_vulkan_async_queue_submit ANDROID_EMU_vulkan_queue_submit_with_commands ANDROID_EMU_sync_buffer_data ANDROID_EMU_vulkan_async_qsri ANDROID_EMU_read_color_buffer_dma ANDROID_EMU_hwc_color_transform GL_OES_EGL_image_external_essl3 GL_OES_vertex_array_object ANDROID_EMU_host_side_tracing ANDROID_EMU_gles_max_version_3_0 
10-02 01:21:13.558  7897  7920 D EGL_emulation: eglCreateContext: 0xb4000074d5838950: maj 3 min 0 rcv 3
10-02 01:21:13.559  7897  7920 D EGL_emulation: eglMakeCurrent: 0xb4000074d5838950: ver 3 0 (tinfo 0x76fbc37080) (first time)
10-02 01:21:13.575  7897  7920 I event /Users/henryliu/obelisk/numeron-worktrees/android-shared-sync/mir2-web3/third_party/bevyAdapterInfo { name: "Android Emulator OpenGL ES Translator (Apple M1 Max)", vendor: 4203, device: 0, device_type: IntegratedGpu, device_pci_bus_id: "", driver: "", driver_info: "OpenGL ES 3.0 (4.1 Metal - 89.4)", backend: Gl, subgroup_min_size: 4, subgroup_max_size: 128, transient_saves_memory: false }
10-02 01:21:13.575  7897  7919 I RustStdoutStderr: [2m2026-10-01T17:21:13.575080Z[0m [32m INFO[0m [2mbevy_render::renderer[0m[2m:[0m AdapterInfo { name: "Android Emulator OpenGL ES Translator (Apple M1 Max)", vendor: 4203, device: 0, device_type: IntegratedGpu, device_pci_bus_id: "", driver: "", driver_info: "OpenGL ES 3.0 (4.1 Metal - 89.4)", backend: Gl, subgroup_min_size: 4, subgroup_max_size: 128, transient_saves_memory: false }
10-02 01:21:13.587  7897  7897 V GameActivity: onStart_native
10-02 01:21:13.587  7897  7897 V threaded_app: Start: 0xb40000753583ecb0
10-02 01:21:13.635  7897  7920 I event /Users/henryliu/obelisk/numeron-worktrees/android-shared-sync/mir2-web3/third_party/bevySparse buffer updates disabled. RenderDevice lacks support: max_storage_buffers_per_shader_stage (0) < 3.
10-02 01:21:13.635  7897  7919 I RustStdoutStderr: [2m2026-10-01T17:21:13.635359Z[0m [32m INFO[0m [2mbevy_render::render_resource::sparse_buffer_vec[0m[2m:[0m Sparse buffer updates disabled. RenderDevice lacks support: max_storage_buffers_per_shader_stage (0) < 3.
10-02 01:21:13.635  7897  7919 I RustStdoutStderr: [2m2026-10-01T17:21:13.635486Z[0m [33m WARN[0m [2mbevy_core_pipeline::oit::resolve[0m[2m:[0m OrderIndependentTransparencyPlugin not loaded. GPU lacks support: DownlevelFlags::FRAGMENT_WRITABLE_STORAGE.
10-02 01:21:13.635  7897  7920 W event /Users/henryliu/.cargo/registry/src/index.crates.io-1949cf8c6b5b557f/bevy_core_pipeline-OrderIndependentTransparencyPlugin not loaded. GPU lacks support: DownlevelFlags::FRAGMENT_WRITABLE_STORAGE.
10-02 01:21:13.635  7897  7920 W event /Users/henryliu/.cargo/registry/src/index.crates.io-1949cf8c6b5b557f/bevy_core_pipeline-BackgroundMotionVectorsPlugin not loaded. GPU lacks support for required downlevel capability flags: DownlevelFlags(INDEPENDENT_BLEND).
10-02 01:21:13.635  7897  7919 I RustStdoutStderr: [2m2026-10-01T17:21:13.635505Z[0m [33m WARN[0m [2mbevy_core_pipeline::prepass::background_motion_vectors[0m[2m:[0m BackgroundMotionVectorsPlugin not loaded. GPU lacks support for required downlevel capability flags: DownlevelFlags(INDEPENDENT_BLEND).
10-02 01:21:13.685  7897  7920 I event /Users/henryliu/obelisk/numeron-worktrees/android-shared-sync/mir2-web3/third_party/bevyGPU preprocessing is not supported on this device. Falling back to CPU preprocessing.
10-02 01:21:13.685  7897  7919 I RustStdoutStderr: [2m2026-10-01T17:21:13.685265Z[0m [32m INFO[0m [2mbevy_render::batching::gpu_preprocessing[0m[2m:[0m GPU preprocessing is not supported on this device. Falling back to CPU preprocessing.
10-02 01:21:13.706  7897  7920 V threaded_app: activityState=11
10-02 01:21:13.706  7897  7919 I RustStdoutStderr: [2m2026-10-01T17:21:13.706967Z[0m [33m WARN[0m [2mwinit::platform_impl::android[0m[2m:[0m TODO: forward onStart notification to application
10-02 01:21:13.706  7897  7920 W event /Users/henryliu/.cargo/registry/src/index.crates.io-1949cf8c6b5b557f/winit-0.30.13/src/pTODO: forward onStart notification to application
10-02 01:21:13.707  7897  7897 V threaded_app: Resume: 0xb40000753583ecb0
10-02 01:21:13.707  7897  7920 V threaded_app: activityState=12
10-02 01:21:13.730  7897  7897 V GameActivity: onImeInsetsChanged from Text Listener
10-02 01:21:13.730  7897  7897 V threaded_app: WindowInsetsChanged: 0xb40000753583ecb0
10-02 01:21:13.732  7897  7919 I RustStdoutStderr: [2m2026-10-01T17:21:13.732517Z[0m [33m WARN[0m [2mwinit::platform_impl::android[0m[2m:[0m TODO: handle Android InsetsChanged notification
10-02 01:21:13.732  7897  7920 W event /Users/henryliu/.cargo/registry/src/index.crates.io-1949cf8c6b5b557f/winit-0.30.13/src/pTODO: handle Android InsetsChanged notification
10-02 01:21:13.735  7897  7916 D HostConnection: createUnique: call
10-02 01:21:13.736  7897  7916 D HostConnection: HostConnection::get() New Host Connection established 0xb4000074d5853050, tid 7916
10-02 01:21:13.738  7897  7916 D HostConnection: HostComposition ext ANDROID_EMU_CHECKSUM_HELPER_v1 ANDROID_EMU_native_sync_v2 ANDROID_EMU_native_sync_v3 ANDROID_EMU_native_sync_v4 ANDROID_EMU_dma_v1 ANDROID_EMU_direct_mem ANDROID_EMU_host_composition_v1 ANDROID_EMU_host_composition_v2 ANDROID_EMU_vulkan ANDROID_EMU_deferred_vulkan_commands ANDROID_EMU_vulkan_null_optional_strings ANDROID_EMU_vulkan_create_resources_with_requirements ANDROID_EMU_YUV_Cache ANDROID_EMU_vulkan_ignored_handles ANDROID_EMU_has_shared_slots_host_memory_allocator ANDROID_EMU_vulkan_free_memory_sync ANDROID_EMU_vulkan_shader_float16_int8 ANDROID_EMU_vulkan_async_queue_submit ANDROID_EMU_vulkan_queue_submit_with_commands ANDROID_EMU_sync_buffer_data ANDROID_EMU_vulkan_async_qsri ANDROID_EMU_read_color_buffer_dma ANDROID_EMU_hwc_color_transform GL_OES_EGL_image_external_essl3 GL_OES_vertex_array_object ANDROID_EMU_host_side_tracing ANDROID_EMU_gles_max_version_3_0 
10-02 01:21:13.738  7897  7916 W OpenGLRenderer: Failed to choose config with EGL_SWAP_BEHAVIOR_PRESERVED, retrying without...
10-02 01:21:13.738  7897  7916 W OpenGLRenderer: Failed to initialize 101010-2 format, error = EGL_SUCCESS
10-02 01:21:13.738  7897  7916 D EGL_emulation: eglCreateContext: 0xb4000074d5854850: maj 3 min 0 rcv 3
10-02 01:21:13.739  7897  7916 D EGL_emulation: eglMakeCurrent: 0xb4000074d5854850: ver 3 0 (tinfo 0x76fbc37100) (first time)
10-02 01:21:13.743  7897  7897 V threaded_app: ContentRectChanged: 0xb40000753583ecb0 -- (0 0) (2340 1080)
10-02 01:21:13.743  7897  7919 I RustStdoutStderr: [2m2026-10-01T17:21:13.743266Z[0m [33m WARN[0m [2mwinit::platform_impl::android[0m[2m:[0m TODO: find a way to notify application of content rect change
10-02 01:21:13.743  7897  7920 W event /Users/henryliu/.cargo/registry/src/index.crates.io-1949cf8c6b5b557f/winit-0.30.13/src/pTODO: find a way to notify application of content rect change
10-02 01:21:13.743  7897  7916 I Gralloc4: mapper 4.x is not supported
10-02 01:21:13.743  7897  7897 V GameActivity: onSurfaceCreated_native
10-02 01:21:13.743  7897  7897 V threaded_app: NativeWindowCreated: 0xb40000753583ecb0 -- 0xb4000075c59ee140
10-02 01:21:13.743  7897  7897 V threaded_app: android_app_set_window called
10-02 01:21:13.743  7897  7916 D HostConnection: createUnique: call
10-02 01:21:13.744  7897  7916 D HostConnection: HostConnection::get() New Host Connection established 0xb4000074d5853950, tid 7916
10-02 01:21:13.744  7897  7916 D goldfish-address-space: allocate: Ask for block of size 0x100
10-02 01:21:13.744  7897  7916 D goldfish-address-space: allocate: ioctl allocate returned offset 0x1efff8000 size 0x8000
10-02 01:21:13.744  7897  7920 V threaded_app: APP_CMD_INIT_WINDOW
10-02 01:21:13.744  7897  7897 V threaded_app: NativeWindowResized: 0xb40000753583ecb0 -- 0xb4000075c59ee140 ( 2340 x 1080 )
10-02 01:21:13.744  7897  7897 V threaded_app: NativeWindowRedrawNeeded: 0xb40000753583ecb0 -- 0xb4000075c59ee140
10-02 01:21:13.745  7897  7920 I event /Users/henryliu/.cargo/registry/src/index.crates.io-1949cf8c6b5b557f/bevy_winit-0.19.0/sCreating new window mir2-web3 (android) (105v0)
10-02 01:21:13.746  7897  7919 I RustStdoutStderr: [2m2026-10-01T17:21:13.745137Z[0m [32m INFO[0m [2mbevy_winit::system[0m[2m:[0m Creating new window mir2-web3 (android) (105v0)
10-02 01:21:13.746  7897  7916 W Gralloc4: allocator 4.x is not supported
10-02 01:21:13.750  7897  7916 D HostConnection: HostComposition ext ANDROID_EMU_CHECKSUM_HELPER_v1 ANDROID_EMU_native_sync_v2 ANDROID_EMU_native_sync_v3 ANDROID_EMU_native_sync_v4 ANDROID_EMU_dma_v1 ANDROID_EMU_direct_mem ANDROID_EMU_host_composition_v1 ANDROID_EMU_host_composition_v2 ANDROID_EMU_vulkan ANDROID_EMU_deferred_vulkan_commands ANDROID_EMU_vulkan_null_optional_strings ANDROID_EMU_vulkan_create_resources_with_requirements ANDROID_EMU_YUV_Cache ANDROID_EMU_vulkan_ignored_handles ANDROID_EMU_has_shared_slots_host_memory_allocator ANDROID_EMU_vulkan_free_memory_sync ANDROID_EMU_vulkan_shader_float16_int8 ANDROID_EMU_vulkan_async_queue_submit ANDROID_EMU_vulkan_queue_submit_with_commands ANDROID_EMU_sync_buffer_data ANDROID_EMU_vulkan_async_qsri ANDROID_EMU_read_color_buffer_dma ANDROID_EMU_hwc_color_transform GL_OES_EGL_image_external_essl3 GL_OES_vertex_array_object ANDROID_EMU_host_side_tracing ANDROID_EMU_gles_max_version_3_0 
10-02 01:21:13.785  7897  7897 V threaded_app: WindowFocusChanged: 0xb40000753583ecb0 -- 1
10-02 01:21:13.799  7897  7897 V GameActivity: onImeInsetsChanged from Text Listener
10-02 01:21:13.799  7897  7897 V threaded_app: WindowInsetsChanged: 0xb40000753583ecb0
10-02 01:21:13.816  7897  7897 V GameActivity: onImeInsetsChanged from Text Listener
10-02 01:21:13.816  7897  7897 V threaded_app: WindowInsetsChanged: 0xb40000753583ecb0
10-02 01:21:13.871  7897  7920 I event src/ui_preview.rs:987: ANDROID_OFFLINE_RECEIVED_CHAT_QUEUED_NOT_LIVEqueued = 2;
10-02 01:21:13.871  7897  7919 I RustStdoutStderr: [2m2026-10-01T17:21:13.871031Z[0m [32m INFO[0m [2mmir2_platform_android::ui_preview[0m[2m:[0m ANDROID_OFFLINE_RECEIVED_CHAT_QUEUED_NOT_LIVE [3mqueued[0m[2m=[0m2
10-02 01:21:13.878  7897  7920 I event src/item_geometry.rs:127: ANDROID_ITEM_GEOMETRY_READYitems = 1003; state_items = 2380; sources = [("original-ui/Items/meta.json", "ec0eca414ac6c34e17a218f0ed4396f30607c2485482f8760af7706acddcedfe"), ("original-ui/StateItem/meta.json", "7d812a76e9a54b1d0535968a8c21ee2064577e7012572daf79b242221ca72e9a")];
10-02 01:21:13.878  7897  7919 I RustStdoutStderr: [2m2026-10-01T17:21:13.878805Z[0m [32m INFO[0m [2mmir2_platform_android::item_geometry[0m[2m:[0m ANDROID_ITEM_GEOMETRY_READY [3mitems[0m[2m=[0m1003 [3mstate_items[0m[2m=[0m2380 [3msources[0m[2m=[0m[("original-ui/Items/meta.json", "ec0eca414ac6c34e17a218f0ed4396f30607c2485482f8760af7706acddcedfe"), ("original-ui/StateItem/meta.json", "7d812a76e9a54b1d0535968a8c21ee2064577e7012572daf79b242221ca72e9a")]
10-02 01:21:13.879  7897  7919 I RustStdoutStderr: [2m2026-10-01T17:21:13.879057Z[0m [32m INFO[0m [2mmir2_platform_android::ui_preview[0m[2m:[0m ANDROID_INVENTORY_INGRESS_OFFLINE queued owner42 bag12 equip2 sourceFrame30
10-02 01:21:13.879  7897  7920 I event src/ui_preview.rs:1169: ANDROID_INVENTORY_INGRESS_OFFLINE queued owner42 bag12 equip2 sourceFrame30
10-02 01:21:13.879  7897  7919 I RustStdoutStderr: [2m2026-10-01T17:21:13.879125Z[0m [32m INFO[0m [2mmir2_platform_android::ui_preview[0m[2m:[0m ANDROID_UI_PREVIEW_READY scene=chat
10-02 01:21:13.879  7897  7920 I event src/ui_preview.rs:765: ANDROID_UI_PREVIEW_READY scene=chat
10-02 01:21:13.903  7897  7920 W event /Users/henryliu/.cargo/registry/src/index.crates.io-1949cf8c6b5b557f/winit-0.30.13/src/pTODO: handle Android InsetsChanged notification
10-02 01:21:13.904  7897  7919 I RustStdoutStderr: [2m2026-10-01T17:21:13.903888Z[0m [33m WARN[0m [2mwinit::platform_impl::android[0m[2m:[0m TODO: handle Android InsetsChanged notification
10-02 01:21:13.938  7897  7897 D CompatibilityChangeReporter: Compat change id reported: 163400105; UID 10146; state: ENABLED
10-02 01:21:13.938  7897  7897 D InputMethodManager: showSoftInput() view=com.mir2.web3.MainActivity$1{3a2c289 VFED..CL. .F....ID 0,0-1,1 aid=1073741825} flags=1 reason=SHOW_SOFT_INPUT
10-02 01:21:13.972  7897  7920 W event /Users/henryliu/.cargo/registry/src/index.crates.io-1949cf8c6b5b557f/winit-0.30.13/src/pTODO: handle Android InsetsChanged notification
10-02 01:21:13.972  7897  7919 I RustStdoutStderr: [2m2026-10-01T17:21:13.972765Z[0m [33m WARN[0m [2mwinit::platform_impl::android[0m[2m:[0m TODO: handle Android InsetsChanged notification
10-02 01:21:14.006  7897  7897 D InsetsController: show(ime(), fromIme=true)
10-02 01:21:14.021  7897  7897 V GameActivity: onImeInsetsChanged from Text Listener
10-02 01:21:14.021  7897  7897 V threaded_app: SoftwareKeyboardVisibilityChanged: 0xb40000753583ecb0 -- 1
10-02 01:21:14.021  7897  7897 V threaded_app: WindowInsetsChanged: 0xb40000753583ecb0
10-02 01:21:14.032  7897  7897 V GameActivity: onImeInsetsChanged from Text Listener
10-02 01:21:14.032  7897  7897 V threaded_app: WindowInsetsChanged: 0xb40000753583ecb0
10-02 01:21:14.060  7897  7920 W event /Users/henryliu/.cargo/registry/src/index.crates.io-1949cf8c6b5b557f/winit-0.30.13/src/pTODO: handle Android InsetsChanged notification
10-02 01:21:14.060  7897  7919 I RustStdoutStderr: [2m2026-10-01T17:21:14.060579Z[0m [33m WARN[0m [2mwinit::platform_impl::android[0m[2m:[0m TODO: handle Android InsetsChanged notification
10-02 01:21:14.085  7897  7920 W event /Users/henryliu/.cargo/registry/src/index.crates.io-1949cf8c6b5b557f/winit-0.30.13/src/pTODO: handle Android InsetsChanged notification
10-02 01:21:14.085  7897  7919 I RustStdoutStderr: [2m2026-10-01T17:21:14.085629Z[0m [33m WARN[0m [2mwinit::platform_impl::android[0m[2m:[0m TODO: handle Android InsetsChanged notification
10-02 01:21:14.979  7897  7920 D EGL_emulation: app_time_stats: avg=16.36ms min=10.24ms max=136.37ms count=56
10-02 01:21:15.474  7897  7924 I event src/phone_hud.rs:168: ANDROID_PHONE_TEXT_LAYOUTfont = TextFont { font: SystemUi, font_size: Px(23.466667), weight: FontWeight(400), width: FontWidth(1.0), style: Normal, font_smoothing: AntiAliased, font_features: FontFeatures { features: [] }, font_variations: FontVariations { variations: [] } }; color = TextColor(Srgba(Srgba { red: 0.96, green: 0.85, blue: 0.61, alpha: 1.0 })); glyph_masks = [true, true];
10-02 01:21:15.474  7897  7924 I event src/phone_hud.rs:168: ANDROID_PHONE_TEXT_LAYOUTfont = TextFont { font: SystemUi, font_size: Px(23.466667), weight: FontWeight(400), width: FontWidth(1.0), style: Normal, font_smoothing: AntiAliased, font_features: FontFeatures { features: [] }, font_variations: FontVariations { variations: [] } }; color = TextColor(Srgba(Srgba { red: 0.96, green: 0.85, blue: 0.61, alpha: 1.0 })); glyph_masks = [true, true, true, true];
10-02 01:21:15.474  7897  7924 I event src/phone_hud.rs:168: ANDROID_PHONE_TEXT_LAYOUTfont = TextFont { font: SystemUi, font_size: Px(23.466667), weight: FontWeight(400), width: FontWidth(1.0), style: Normal, font_smoothing: AntiAliased, font_features: FontFeatures { features: [] }, font_variations: FontVariations { variations: [] } }; color = TextColor(Srgba(Srgba { red: 0.96, green: 0.85, blue: 0.61, alpha: 1.0 })); glyph_masks = [true, true, true];
10-02 01:21:15.474  7897  7924 I event src/phone_hud.rs:168: ANDROID_PHONE_TEXT_LAYOUTfont = TextFont { font: SystemUi, font_size: Px(23.466667), weight: FontWeight(400), width: FontWidth(1.0), style: Normal, font_smoothing: AntiAliased, font_features: FontFeatures { features: [] }, font_variations: FontVariations { variations: [] } }; color = TextColor(Srgba(Srgba { red: 0.96, green: 0.85, blue: 0.61, alpha: 1.0 })); glyph_masks = [true, true, true, true, true];
10-02 01:21:15.474  7897  7924 I event src/phone_hud.rs:168: ANDROID_PHONE_TEXT_LAYOUTfont = TextFont { font: SystemUi, font_size: Px(23.466667), weight: FontWeight(400), width: FontWidth(1.0), style: Normal, font_smoothing: AntiAliased, font_features: FontFeatures { features: [] }, font_variations: FontVariations { variations: [] } }; color = TextColor(Srgba(Srgba { red: 0.96, green: 0.85, blue: 0.61, alpha: 1.0 })); glyph_masks = [true, true, true, true, true, true, true];
10-02 01:21:15.474  7897  7924 I event src/phone_hud.rs:168: ANDROID_PHONE_TEXT_LAYOUTfont = TextFont { font: SystemUi, font_size: Px(23.466667), weight: FontWeight(400), width: FontWidth(1.0), style: Normal, font_smoothing: AntiAliased, font_features: FontFeatures { features: [] }, font_variations: FontVariations { variations: [] } }; color = TextColor(Srgba(Srgba { red: 0.96, green: 0.85, blue: 0.61, alpha: 1.0 })); glyph_masks = [true, true, true, true, true];
10-02 01:21:15.474  7897  7924 I event src/phone_hud.rs:168: ANDROID_PHONE_TEXT_LAYOUTfont = TextFont { font: SystemUi, font_size: Px(23.466667), weight: FontWeight(400), width: FontWidth(1.0), style: Normal, font_smoothing: AntiAliased, font_features: FontFeatures { features: [] }, font_variations: FontVariations { variations: [] } }; color = TextColor(Srgba(Srgba { red: 0.96, green: 0.85, blue: 0.61, alpha: 1.0 })); glyph_masks = [true, true, true, true, true, true];
10-02 01:21:15.474  7897  7924 I event src/phone_hud.rs:168: ANDROID_PHONE_TEXT_LAYOUTfont = TextFont { font: SystemUi, font_size: Px(23.466667), weight: FontWeight(400), width: FontWidth(1.0), style: Normal, font_smoothing: AntiAliased, font_features: FontFeatures { features: [] }, font_variations: FontVariations { variations: [] } }; color = TextColor(Srgba(Srgba { red: 0.96, green: 0.85, blue: 0.61, alpha: 1.0 })); glyph_masks = [true, true, true, true, true];
10-02 01:21:15.474  7897  7924 I event src/phone_hud.rs:168: ANDROID_PHONE_TEXT_LAYOUTfont = TextFont { font: SystemUi, font_size: Px(23.466667), weight: FontWeight(400), width: FontWidth(1.0), style: Normal, font_smoothing: AntiAliased, font_features: FontFeatures { features: [] }, font_variations: FontVariations { variations: [] } }; color = TextColor(Srgba(Srgba { red: 0.96, green: 0.85, blue: 0.61, alpha: 1.0 })); glyph_masks = [true, true, true, true, true];
10-02 01:21:15.474  7897  7924 I event src/phone_hud.rs:168: ANDROID_PHONE_TEXT_LAYOUTfont = TextFont { font: SystemUi, font_size: Px(23.466667), weight: FontWeight(400), width: FontWidth(1.0), style: Normal, font_smoothing: AntiAliased, font_features: FontFeatures { features: [] }, font_variations: FontVariations { variations: [] } }; color = TextColor(Srgba(Srgba { red: 0.96, green: 0.85, blue: 0.61, alpha: 1.0 })); glyph_masks = [true, true, true, true, true];
10-02 01:21:15.474  7897  7924 I event src/phone_hud.rs:168: ANDROID_PHONE_TEXT_LAYOUTfont = TextFont { font: SystemUi, font_size: Px(23.466667), weight: FontWeight(400), width: FontWidth(1.0), style: Normal, font_smoothing: AntiAliased, font_features: FontFeatures { features: [] }, font_variations: FontVariations { variations: [] } }; color = TextColor(Srgba(Srgba { red: 0.96, green: 0.85, blue: 0.61, alpha: 1.0 })); glyph_masks = [true, true, true, true];
10-02 01:21:15.474  7897  7924 I event src/phone_hud.rs:168: ANDROID_PHONE_TEXT_LAYOUTfont = TextFont { font: SystemUi, font_size: Px(23.466667), weight: FontWeight(400), width: FontWidth(1.0), style: Normal, font_smoothing: AntiAliased, font_features: FontFeatures { features: [] }, font_variations: FontVariations { variations: [] } }; color = TextColor(Srgba(Srgba { red: 0.96, green: 0.85, blue: 0.61, alpha: 1.0 })); glyph_masks = [true, true, true];
10-02 01:21:15.474  7897  7924 I event src/phone_hud.rs:168: ANDROID_PHONE_TEXT_LAYOUTfont = TextFont { font: SystemUi, font_size: Px(23.466667), weight: FontWeight(400), width: FontWidth(1.0), style: Normal, font_smoothing: AntiAliased, font_features: FontFeatures { features: [] }, font_variations: FontVariations { variations: [] } }; color = TextColor(Srgba(Srgba { red: 0.98, green: 0.91, blue: 0.76, alpha: 1.0 })); glyph_masks = [true, true, true, true, true, true, true, true, true, true, true, true, true];
10-02 01:21:15.474  7897  7919 I RustStdoutStderr: [2m2026-10-01T17:21:15.474051Z[0m [32m INFO[0m [2mmir2_platform_android::phone_hud[0m[2m:[0m ANDROID_PHONE_TEXT_LAYOUT [3mfont[0m[2m=[0mTextFont { font: SystemUi, font_size: Px(23.466667), weight: FontWeight(400), width: FontWidth(1.0), style: Normal, font_smoothing: AntiAliased, font_features: FontFeatures { features: [] }, font_variations: FontVariations { variations: [] } } [3mcolor[0m[2m=[0mTextColor(Srgba(Srgba { red: 0.96, green: 0.85, blue: 0.61, alpha: 1.0 })) [3mglyph_masks[0m[2m=[0m[true, true]
10-02 01:21:15.474  7897  7919 I RustStdoutStderr: [2m2026-10-01T17:21:15.474209Z[0m [32m INFO[0m [2mmir2_platform_android::phone_hud[0m[2m:[0m ANDROID_PHONE_TEXT_LAYOUT [3mfont[0m[2m=[0mTextFont { font: SystemUi, font_size: Px(23.466667), weight: FontWeight(400), width: FontWidth(1.0), style: Normal, font_smoothing: AntiAliased, font_features: FontFeatures { features: [] }, font_variations: FontVariations { variations: [] } } [3mcolor[0m[2m=[0mTextColor(Srgba(Srgba { red: 0.96, green: 0.85, blue: 0.61, alpha: 1.0 })) [3mglyph_masks[0m[2m=[0m[true, true, true, true]
10-02 01:21:15.474  7897  7919 I RustStdoutStderr: [2m2026-10-01T17:21:15.474219Z[0m [32m INFO[0m [2mmir2_platform_android::phone_hud[0m[2m:[0m ANDROID_PHONE_TEXT_LAYOUT [3mfont[0m[2m=[0mTextFont { font: SystemUi, font_size: Px(23.466667), weight: FontWeight(400), width: FontWidth(1.0), style: Normal, font_smoothing: AntiAliased, font_features: FontFeatures { features: [] }, font_variations: FontVariations { variations: [] } } [3mcolor[0m[2m=[0mTextColor(Srgba(Srgba { red: 0.96, green: 0.85, blue: 0.61, alpha: 1.0 })) [3mglyph_masks[0m[2m=[0m[true, true, true]
10-02 01:21:15.474  7897  7919 I RustStdoutStderr: [2m2026-10-01T17:21:15.474224Z[0m [32m INFO[0m [2mmir2_platform_android::phone_hud[0m[2m:[0m ANDROID_PHONE_TEXT_LAYOUT [3mfont[0m[2m=[0mTextFont { font: SystemUi, font_size: Px(23.466667), weight: FontWeight(400), width: FontWidth(1.0), style: Normal, font_smoothing: AntiAliased, font_features: FontFeatures { features: [] }, font_variations: FontVariations { variations: [] } } [3mcolor[0m[2m=[0mTextColor(Srgba(Srgba { red: 0.96, green: 0.85, blue: 0.61, alpha: 1.0 })) [3mglyph_masks[0m[2m=[0m[true, true, true, true, true]
10-02 01:21:15.474  7897  7919 I RustStdoutStderr: [2m2026-10-01T17:21:15.474229Z[0m [32m INFO[0m [2mmir2_platform_android::phone_hud[0m[2m:[0m ANDROID_PHONE_TEXT_LAYOUT [3mfont[0m[2m=[0mTextFont { font: SystemUi, font_size: Px(23.466667), weight: FontWeight(400), width: FontWidth(1.0), style: Normal, font_smoothing: AntiAliased, font_features: FontFeatures { features: [] }, font_variations: FontVariations { variations: [] } } [3mcolor[0m[2m=[0mTextColor(Srgba(Srgba { red: 0.96, green: 0.85, blue: 0.61, alpha: 1.0 })) [3mglyph_masks[0m[2m=[0m[true, true, true, true, true, true, true]
10-02 01:21:15.474  7897  7919 I RustStdoutStderr: [2m2026-10-01T17:21:15.474234Z[0m [32m INFO[0m [2mmir2_platform_android::phone_hud[0m[2m:[0m ANDROID_PHONE_TEXT_LAYOUT [3mfont[0m[2m=[0mTextFont { font: SystemUi, font_size: Px(23.466667), weight: FontWeight(400), width: FontWidth(1.0), style: Normal, font_smoothing: AntiAliased, font_features: FontFeatures { features: [] }, font_variations: FontVariations { variations: [] } } [3mcolor[0m[2m=[0mTextColor(Srgba(Srgba { red: 0.96, green: 0.85, blue: 0.61, alpha: 1.0 })) [3mglyph_masks[0m[2m=[0m[true, true, true, true, true]
10-02 01:21:15.474  7897  7919 I RustStdoutStderr: [2m2026-10-01T17:21:15.474239Z[0m [32m INFO[0m [2mmir2_platform_android::phone_hud[0m[2m:[0m ANDROID_PHONE_TEXT_LAYOUT [3mfont[0m[2m=[0mTextFont { font: SystemUi, font_size: Px(23.466667), weight: FontWeight(400), width: FontWidth(1.0), style: Normal, font_smoothing: AntiAliased, font_features: FontFeatures { features: [] }, font_variations: FontVariations { variations: [] } } [3mcolor[0m[2m=[0mTextColor(Srgba(Srgba { red: 0.96, green: 0.85, blue: 0.61, alpha: 1.0 })) [3mglyph_masks[0m[2m=[0m[true, true, true, true, true, true]
10-02 01:21:15.474  7897  7919 I RustStdoutStderr: [2m2026-10-01T17:21:15.474243Z[0m [32m INFO[0m [2mmir2_platform_android::phone_hud[0m[2m:[0m ANDROID_PHONE_TEXT_LAYOUT [3mfont[0m[2m=[0mTextFont { font: SystemUi, font_size: Px(23.466667), weight: FontWeight(400), width: FontWidth(1.0), style: Normal, font_smoothing: AntiAliased, font_features: FontFeatures { features: [] }, font_variations: FontVariations { variations: [] } } [3mcolor[0m[2m=[0mTextColor(Srgba(Srgba { red: 0.96, green: 0.85, blue: 0.61, alpha: 1.0 })) [3mglyph_masks[0m[2m=[0m[true, true, true, true, true]
10-02 01:21:15.474  7897  7919 I RustStdoutStderr: [2m2026-10-01T17:21:15.474248Z[0m [32m INFO[0m [2mmir2_platform_android::phone_hud[0m[2m:[0m ANDROID_PHONE_TEXT_LAYOUT [3mfont[0m[2m=[0mTextFont { font: SystemUi, font_size: Px(23.466667), weight: FontWeight(400), width: FontWidth(1.0), style: Normal, font_smoothing: AntiAliased, font_features: FontFeatures { features: [] }, font_variations: FontVariations { variations: [] } } [3mcolor[0m[2m=[0mTextColor(Srgba(Srgba { red: 0.96, green: 0.85, blue: 0.61, alpha: 1.0 })) [3mglyph_masks[0m[2m=[0m[true, true, true, true, true]
10-02 01:21:15.474  7897  7919 I RustStdoutStderr: [2m2026-10-01T17:21:15.474254Z[0m [32m INFO[0m [2mmir2_platform_android::phone_hud[0m[2m:[0m ANDROID_PHONE_TEXT_LAYOUT [3mfont[0m[2m=[0mTextFont { font: SystemUi, font_size: Px(23.466667), weight: FontWeight(400), width: FontWidth(1.0), style: Normal, font_smoothing: AntiAliased, font_features: FontFeatures { features: [] }, font_variations: FontVariations { variations: [] } } [3mcolor[0m[2m=[0mTextColor(Srgba(Srgba { red: 0.96, green: 0.85, blue: 0.61, alpha: 1.0 })) [3mglyph_masks[0m[2m=[0m[true, true, true, true, true]
10-02 01:21:15.474  7897  7919 I RustStdoutStderr: [2m2026-10-01T17:21:15.474259Z[0m [32m INFO[0m [2mmir2_platform_android::phone_hud[0m[2m:[0m ANDROID_PHONE_TEXT_LAYOUT [3mfont[0m[2m=[0mTextFont { font: SystemUi, font_size: Px(23.466667), weight: FontWeight(400), width: FontWidth(1.0), style: Normal, font_smoothing: AntiAliased, font_features: FontFeatures { features: [] }, font_variations: FontVariations { variations: [] } } [3mcolor[0m[2m=[0mTextColor(Srgba(Srgba { red: 0.96, green: 0.85, blue: 0.61, alpha: 1.0 })) [3mglyph_masks[0m[2m=[0m[true, true, true, true]
10-02 01:21:15.474  7897  7919 I RustStdoutStderr: [2m2026-10-01T17:21:15.474263Z[0m [32m INFO[0m [2mmir2_platform_android::phone_hud[0m[2m:[0m ANDROID_PHONE_TEXT_LAYOUT [3mfont[0m[2m=[0mTextFont { font: SystemUi, font_size: Px(23.466667), weight: FontWeight(400), width: FontWidth(1.0), style: Normal, font_smoothing: AntiAliased, font_features: FontFeatures { features: [] }, font_variations: FontVariations { variations: [] } } [3mcolor[0m[2m=[0mTextColor(Srgba(Srgba { red: 0.96, green: 0.85, blue: 0.61, alpha: 1.0 })) [3mglyph_masks[0m[2m=[0m[true, true, true]
10-02 01:21:15.474  7897  7919 I RustStdoutStderr: [2m2026-10-01T17:21:15.474268Z[0m [32m INFO[0m [2mmir2_platform_android::phone_hud[0m[2m:[0m ANDROID_PHONE_TEXT_LAYOUT [3mfont[0m[2m=[0mTextFont { font: SystemUi, font_size: Px(23.466667), weight: FontWeight(400), width: FontWidth(1.0), style: Normal, font_smoothing: AntiAliased, font_features: FontFeatures { features: [] }, font_variations: FontVariations { variations: [] } } [3mcolor[0m[2m=[0mTextColor(Srgba(Srgba { red: 0.98, green: 0.91, blue: 0.76, alpha: 1.0 })) [3mglyph_masks[0m[2m=[0m[true, true, true, true, true, true, true, true, true, true, true, true, true]
10-02 01:21:15.993  7897  7920 D EGL_emulation: app_time_stats: avg=11.16ms min=10.14ms max=14.46ms count=61
10-02 01:21:17.010  7897  7920 D EGL_emulation: app_time_stats: avg=10.86ms min=9.71ms max=13.80ms count=61
10-02 01:21:18.010  7897  7920 D EGL_emulation: app_time_stats: avg=10.93ms min=10.16ms max=14.42ms count=60
10-02 01:21:18.151  7897  7920 I event src/ui_preview.rs:437: ANDROID_REMOTE_BACKSTEP_DIAGNOSTICSdiagnostics = {"enabled":true,"nowMs":1790875278150.6272,"moveClockPulseId":40,"moveClockNextPulseMs":1790875278150.7283,"entryCount":0,"activeEntryCount":0,"processedEventCount":0,"remoteMotionEventCount":0,"remoteRemoveEventCount":0,"ignoredEventCount":0,"staleEventCount":0,"disabledEventCount":0,"pendingEventDropCount":0,"entryEvictionCount":0,"decodeErrorCount":0,"lastDecodeError":null,"offsetQueryCount":0,"offsetMatchCount":0,"targetMismatchCount":0,"inactiveFallbackCount":0,"entries":[]};
10-02 01:21:18.151  7897  7919 I RustStdoutStderr: [2m2026-10-01T17:21:18.151205Z[0m [32m INFO[0m [2mmir2_platform_android::ui_preview[0m[2m:[0m ANDROID_REMOTE_BACKSTEP_DIAGNOSTICS [3mdiagnostics[0m[2m=[0m{"enabled":true,"nowMs":1790875278150.6272,"moveClockPulseId":40,"moveClockNextPulseMs":1790875278150.7283,"entryCount":0,"activeEntryCount":0,"processedEventCount":0,"remoteMotionEventCount":0,"remoteRemoveEventCount":0,"ignoredEventCount":0,"staleEventCount":0,"disabledEventCount":0,"pendingEventDropCount":0,"entryEvictionCount":0,"decodeErrorCount":0,"lastDecodeError":null,"offsetQueryCount":0,"offsetMatchCount":0,"targetMismatchCount":0,"inactiveFallbackCount":0,"entries":[]}
10-02 01:21:18.926  7897  7938 D ProfileInstaller: Installing profile for com.mir2.web3.uipreview
10-02 01:21:19.011  7897  7920 D EGL_emulation: app_time_stats: avg=11.24ms min=10.18ms max=16.46ms count=60
10-02 01:21:20.027  7897  7920 D EGL_emulation: app_time_stats: avg=11.10ms min=10.12ms max=14.07ms count=61
10-02 01:21:21.028  7897  7920 D EGL_emulation: app_time_stats: avg=11.15ms min=10.25ms max=15.85ms count=60
10-02 01:21:22.048  7897  7920 D EGL_emulation: app_time_stats: avg=10.96ms min=10.19ms max=13.32ms count=61
10-02 01:21:23.061  7897  7920 D EGL_emulation: app_time_stats: avg=11.10ms min=10.39ms max=14.11ms count=61
10-02 01:21:24.062  7897  7920 D EGL_emulation: app_time_stats: avg=11.11ms min=10.46ms max=13.37ms count=60
10-02 01:21:25.078  7897  7920 D EGL_emulation: app_time_stats: avg=11.15ms min=10.28ms max=14.29ms count=61
10-02 01:21:26.095  7897  7920 D EGL_emulation: app_time_stats: avg=11.07ms min=10.12ms max=17.18ms count=61
10-02 01:21:27.111  7897  7920 D EGL_emulation: app_time_stats: avg=11.55ms min=10.59ms max=16.48ms count=61
10-02 01:21:28.127  7897  7920 D EGL_emulation: app_time_stats: avg=11.16ms min=10.11ms max=13.75ms count=61
10-02 01:21:29.127  7897  7920 D EGL_emulation: app_time_stats: avg=11.06ms min=10.26ms max=14.35ms count=60
10-02 01:21:30.143  7897  7920 D EGL_emulation: app_time_stats: avg=11.04ms min=10.24ms max=14.08ms count=61
10-02 01:21:31.144  7897  7920 D EGL_emulation: app_time_stats: avg=11.20ms min=10.10ms max=13.06ms count=60
10-02 01:21:32.144  7897  7920 D EGL_emulation: app_time_stats: avg=11.05ms min=10.26ms max=14.45ms count=60
10-02 01:21:33.162  7897  7920 D EGL_emulation: app_time_stats: avg=11.25ms min=10.21ms max=16.88ms count=61
10-02 01:21:34.178  7897  7920 D EGL_emulation: app_time_stats: avg=11.19ms min=10.23ms max=12.79ms count=61
10-02 01:21:35.193  7897  7920 D EGL_emulation: app_time_stats: avg=11.27ms min=10.08ms max=13.74ms count=61
10-02 01:21:36.211  7897  7920 D EGL_emulation: app_time_stats: avg=11.21ms min=10.52ms max=17.53ms count=61
10-02 01:21:37.212  7897  7920 D EGL_emulation: app_time_stats: avg=11.04ms min=10.05ms max=14.03ms count=60
10-02 01:21:38.227  7897  7920 D EGL_emulation: app_time_stats: avg=11.64ms min=10.21ms max=23.67ms count=61
10-02 01:21:39.227  7897  7920 D EGL_emulation: app_time_stats: avg=11.27ms min=10.10ms max=16.38ms count=60
10-02 01:21:40.244  7897  7920 D EGL_emulation: app_time_stats: avg=11.06ms min=10.23ms max=16.16ms count=61
10-02 01:21:41.261  7897  7920 D EGL_emulation: app_time_stats: avg=11.19ms min=10.29ms max=14.62ms count=61
10-02 01:21:42.262  7897  7920 D EGL_emulation: app_time_stats: avg=11.02ms min=10.36ms max=12.96ms count=60
10-02 01:21:43.262  7897  7920 D EGL_emulation: app_time_stats: avg=11.21ms min=10.41ms max=13.79ms count=60
10-02 01:21:44.278  7897  7920 D EGL_emulation: app_time_stats: avg=11.11ms min=10.13ms max=16.52ms count=61
10-02 01:21:45.279  7897  7920 D EGL_emulation: app_time_stats: avg=11.11ms min=10.16ms max=13.65ms count=60
10-02 01:21:46.294  7897  7920 D EGL_emulation: app_time_stats: avg=10.85ms min=10.06ms max=12.41ms count=61
10-02 01:21:47.310  7897  7920 D EGL_emulation: app_time_stats: avg=11.26ms min=10.44ms max=14.31ms count=61
10-02 01:21:48.311  7897  7920 D EGL_emulation: app_time_stats: avg=10.98ms min=10.16ms max=14.97ms count=60
10-02 01:21:49.312  7897  7920 D EGL_emulation: app_time_stats: avg=11.16ms min=9.99ms max=15.63ms count=60
10-02 01:21:50.334  7897  7920 D EGL_emulation: app_time_stats: avg=10.86ms min=9.93ms max=12.74ms count=61
10-02 01:21:51.345  7897  7920 D EGL_emulation: app_time_stats: avg=11.07ms min=10.26ms max=17.17ms count=61
10-02 01:21:52.345  7897  7920 D EGL_emulation: app_time_stats: avg=11.23ms min=10.30ms max=16.03ms count=60
10-02 01:21:53.360  7897  7920 D EGL_emulation: app_time_stats: avg=10.99ms min=10.02ms max=17.20ms count=61
10-02 01:21:54.361  7897  7920 D EGL_emulation: app_time_stats: avg=11.25ms min=10.46ms max=14.89ms count=60
10-02 01:21:55.379  7897  7920 D EGL_emulation: app_time_stats: avg=11.63ms min=10.28ms max=21.76ms count=61
10-02 01:21:56.380  7897  7920 D EGL_emulation: app_time_stats: avg=11.14ms min=10.27ms max=13.48ms count=60
10-02 01:21:57.395  7897  7920 D EGL_emulation: app_time_stats: avg=11.28ms min=10.21ms max=16.21ms count=61
10-02 01:21:58.412  7897  7920 D EGL_emulation: app_time_stats: avg=11.33ms min=10.22ms max=14.08ms count=61
10-02 01:21:59.412  7897  7920 D EGL_emulation: app_time_stats: avg=11.29ms min=10.43ms max=17.38ms count=60
10-02 01:22:00.427  7897  7920 D EGL_emulation: app_time_stats: avg=11.09ms min=9.95ms max=16.17ms count=61
10-02 01:22:01.446  7897  7920 D EGL_emulation: app_time_stats: avg=11.04ms min=10.26ms max=13.48ms count=61
10-02 01:22:02.461  7897  7920 D EGL_emulation: app_time_stats: avg=11.15ms min=10.21ms max=17.40ms count=61
10-02 01:22:03.468  7897  7920 D EGL_emulation: app_time_stats: avg=11.34ms min=10.42ms max=16.66ms count=60
10-02 01:22:04.479  7897  7920 D EGL_emulation: app_time_stats: avg=11.08ms min=10.27ms max=13.79ms count=61
10-02 01:22:05.494  7897  7920 D EGL_emulation: app_time_stats: avg=10.95ms min=9.47ms max=17.32ms count=61
10-02 01:22:06.495  7897  7920 D EGL_emulation: app_time_stats: avg=11.06ms min=10.15ms max=14.65ms count=60
10-02 01:22:07.496  7897  7920 D EGL_emulation: app_time_stats: avg=11.21ms min=10.32ms max=15.66ms count=60
10-02 01:22:08.512  7897  7920 D EGL_emulation: app_time_stats: avg=11.27ms min=9.87ms max=13.92ms count=61
10-02 01:22:09.527  7897  7920 D EGL_emulation: app_time_stats: avg=11.28ms min=10.23ms max=13.68ms count=61
10-02 01:22:10.529  7897  7920 D EGL_emulation: app_time_stats: avg=10.88ms min=9.69ms max=12.81ms count=60
10-02 01:22:11.530  7897  7920 D EGL_emulation: app_time_stats: avg=11.22ms min=10.16ms max=17.18ms count=60
10-02 01:22:12.544  7897  7920 D EGL_emulation: app_time_stats: avg=10.89ms min=9.91ms max=15.33ms count=61
10-02 01:22:13.546  7897  7920 D EGL_emulation: app_time_stats: avg=10.80ms min=10.02ms max=13.30ms count=60
10-02 01:22:14.546  7897  7920 D EGL_emulation: app_time_stats: avg=11.47ms min=10.26ms max=17.14ms count=60
10-02 01:22:15.561  7897  7920 D EGL_emulation: app_time_stats: avg=11.04ms min=9.94ms max=12.39ms count=61
10-02 01:22:16.561  7897  7920 D EGL_emulation: app_time_stats: avg=10.89ms min=10.04ms max=15.15ms count=60
10-02 01:22:17.562  7897  7920 D EGL_emulation: app_time_stats: avg=10.99ms min=10.23ms max=14.16ms count=60
10-02 01:22:18.581  7897  7920 D EGL_emulation: app_time_stats: avg=11.19ms min=10.27ms max=17.97ms count=61
10-02 01:22:19.595  7897  7920 D EGL_emulation: app_time_stats: avg=11.27ms min=10.42ms max=14.40ms count=61
10-02 01:22:20.598  7897  7920 D EGL_emulation: app_time_stats: avg=11.14ms min=10.24ms max=19.55ms count=60
10-02 01:22:21.610  7897  7920 D EGL_emulation: app_time_stats: avg=10.90ms min=10.29ms max=13.09ms count=61
10-02 01:22:22.613  7897  7920 D EGL_emulation: app_time_stats: avg=11.18ms min=10.10ms max=16.40ms count=60
10-02 01:22:23.627  7897  7920 D EGL_emulation: app_time_stats: avg=11.06ms min=10.31ms max=12.51ms count=61
10-02 01:22:24.628  7897  7920 D EGL_emulation: app_time_stats: avg=11.16ms min=10.20ms max=13.35ms count=60
10-02 01:22:25.645  7897  7920 D EGL_emulation: app_time_stats: avg=10.91ms min=10.13ms max=12.87ms count=61
10-02 01:22:26.662  7897  7920 D EGL_emulation: app_time_stats: avg=11.37ms min=10.27ms max=17.80ms count=61
10-02 01:22:27.678  7897  7920 D EGL_emulation: app_time_stats: avg=11.20ms min=10.15ms max=14.57ms count=61
10-02 01:22:28.695  7897  7920 D EGL_emulation: app_time_stats: avg=10.87ms min=10.02ms max=13.72ms count=61
10-02 01:22:29.710  7897  7920 D EGL_emulation: app_time_stats: avg=11.01ms min=10.15ms max=14.13ms count=61
10-02 01:22:30.711  7897  7920 D EGL_emulation: app_time_stats: avg=11.04ms min=10.06ms max=13.82ms count=60
10-02 01:22:31.712  7897  7920 D EGL_emulation: app_time_stats: avg=11.25ms min=10.35ms max=16.83ms count=60
10-02 01:22:32.728  7897  7920 D EGL_emulation: app_time_stats: avg=10.81ms min=9.93ms max=13.50ms count=61
10-02 01:22:33.743  7897  7920 D EGL_emulation: app_time_stats: avg=11.02ms min=10.18ms max=15.71ms count=61
10-02 01:22:34.745  7897  7920 D EGL_emulation: app_time_stats: avg=11.06ms min=10.33ms max=14.03ms count=60
10-02 01:22:35.766  7897  7920 D EGL_emulation: app_time_stats: avg=11.05ms min=9.83ms max=15.66ms count=61
10-02 01:22:36.777  7897  7920 D EGL_emulation: app_time_stats: avg=10.85ms min=10.03ms max=12.55ms count=61
10-02 01:22:37.795  7897  7920 D EGL_emulation: app_time_stats: avg=11.30ms min=10.12ms max=15.91ms count=61
10-02 01:22:38.796  7897  7920 D EGL_emulation: app_time_stats: avg=11.09ms min=10.23ms max=18.20ms count=60
10-02 01:22:39.810  7897  7920 D EGL_emulation: app_time_stats: avg=11.32ms min=10.10ms max=19.24ms count=61
10-02 01:22:40.816  7897  7920 D EGL_emulation: app_time_stats: avg=11.09ms min=10.24ms max=15.73ms count=60
10-02 01:22:41.831  7897  7920 D EGL_emulation: app_time_stats: avg=11.06ms min=10.06ms max=15.06ms count=61
10-02 01:22:42.843  7897  7920 D EGL_emulation: app_time_stats: avg=11.37ms min=10.16ms max=18.79ms count=61
10-02 01:22:43.846  7897  7920 D EGL_emulation: app_time_stats: avg=11.10ms min=10.30ms max=16.50ms count=60
10-02 01:22:44.867  7897  7920 D EGL_emulation: app_time_stats: avg=11.01ms min=10.10ms max=15.81ms count=61
10-02 01:22:45.878  7897  7920 D EGL_emulation: app_time_stats: avg=10.89ms min=10.09ms max=13.60ms count=61
10-02 01:22:46.879  7897  7920 D EGL_emulation: app_time_stats: avg=11.05ms min=10.03ms max=16.74ms count=60
10-02 01:22:47.895  7897  7920 D EGL_emulation: app_time_stats: avg=11.03ms min=10.21ms max=14.85ms count=61
10-02 01:22:48.895  7897  7920 D EGL_emulation: app_time_stats: avg=12.07ms min=10.40ms max=21.42ms count=60
10-02 01:22:49.910  7897  7920 D EGL_emulation: app_time_stats: avg=10.97ms min=10.10ms max=14.30ms count=61
10-02 01:22:50.927  7897  7920 D EGL_emulation: app_time_stats: avg=10.98ms min=10.18ms max=14.23ms count=61
10-02 01:22:51.930  7897  7920 D EGL_emulation: app_time_stats: avg=11.13ms min=10.12ms max=16.28ms count=60
10-02 01:22:52.946  7897  7920 D EGL_emulation: app_time_stats: avg=10.89ms min=10.04ms max=14.85ms count=61
10-02 01:22:53.963  7897  7920 D EGL_emulation: app_time_stats: avg=11.06ms min=10.21ms max=19.57ms count=61
10-02 01:22:54.978  7897  7920 D EGL_emulation: app_time_stats: avg=11.58ms min=9.92ms max=18.64ms count=61
10-02 01:22:55.995  7897  7920 D EGL_emulation: app_time_stats: avg=11.37ms min=10.32ms max=14.37ms count=61
10-02 01:22:57.012  7897  7920 D EGL_emulation: app_time_stats: avg=11.04ms min=10.26ms max=12.57ms count=61
10-02 01:22:58.014  7897  7920 D EGL_emulation: app_time_stats: avg=11.01ms min=10.12ms max=13.47ms count=60
10-02 01:22:59.028  7897  7920 D EGL_emulation: app_time_stats: avg=11.32ms min=10.25ms max=18.23ms count=61
10-02 01:23:00.028  7897  7920 D EGL_emulation: app_time_stats: avg=11.11ms min=10.34ms max=13.44ms count=60
10-02 01:23:01.029  7897  7920 D EGL_emulation: app_time_stats: avg=11.18ms min=10.28ms max=14.42ms count=60
10-02 01:23:02.047  7897  7920 D EGL_emulation: app_time_stats: avg=11.08ms min=10.15ms max=13.93ms count=61
10-02 01:23:03.062  7897  7920 D EGL_emulation: app_time_stats: avg=11.18ms min=10.22ms max=18.77ms count=61
10-02 01:23:04.076  7897  7920 D EGL_emulation: app_time_stats: avg=11.17ms min=10.10ms max=16.90ms count=61
10-02 01:23:05.081  7897  7920 D EGL_emulation: app_time_stats: avg=10.80ms min=9.95ms max=12.36ms count=60
10-02 01:23:06.094  7897  7920 D EGL_emulation: app_time_stats: avg=10.86ms min=10.20ms max=12.29ms count=61
10-02 01:23:07.095  7897  7920 D EGL_emulation: app_time_stats: avg=11.32ms min=10.27ms max=18.79ms count=60
10-02 01:23:08.111  7897  7920 D EGL_emulation: app_time_stats: avg=11.33ms min=10.28ms max=14.01ms count=61
10-02 01:23:09.113  7897  7920 D EGL_emulation: app_time_stats: avg=10.96ms min=10.20ms max=15.49ms count=60
10-02 01:23:10.128  7897  7920 D EGL_emulation: app_time_stats: avg=10.89ms min=10.28ms max=12.60ms count=61
10-02 01:23:11.145  7897  7920 D EGL_emulation: app_time_stats: avg=11.36ms min=10.28ms max=15.02ms count=61
10-02 01:23:12.162  7897  7920 D EGL_emulation: app_time_stats: avg=10.84ms min=9.97ms max=11.60ms count=61
10-02 01:23:13.162  7897  7920 D EGL_emulation: app_time_stats: avg=10.88ms min=10.06ms max=12.07ms count=60
10-02 01:23:14.178  7897  7920 D EGL_emulation: app_time_stats: avg=11.08ms min=9.78ms max=19.99ms count=61
10-02 01:23:15.182  7897  7920 D EGL_emulation: app_time_stats: avg=11.27ms min=10.18ms max=14.55ms count=60
10-02 01:23:16.194  7897  7920 D EGL_emulation: app_time_stats: avg=11.01ms min=10.03ms max=14.85ms count=61
10-02 01:23:17.204  7897  7920 D EGL_emulation: app_time_stats: avg=11.73ms min=9.91ms max=22.90ms count=59
10-02 01:23:18.210  7897  7920 D EGL_emulation: app_time_stats: avg=11.43ms min=10.26ms max=18.78ms count=61
10-02 01:23:19.212  7897  7920 D EGL_emulation: app_time_stats: avg=11.19ms min=10.37ms max=13.74ms count=60
10-02 01:23:20.227  7897  7920 D EGL_emulation: app_time_stats: avg=11.44ms min=9.96ms max=18.69ms count=61
10-02 01:23:21.227  7897  7920 D EGL_emulation: app_time_stats: avg=10.98ms min=9.99ms max=14.78ms count=60
10-02 01:23:22.229  7897  7920 D EGL_emulation: app_time_stats: avg=10.89ms min=10.08ms max=15.18ms count=60
10-02 01:23:23.245  7897  7920 D EGL_emulation: app_time_stats: avg=11.23ms min=10.18ms max=17.32ms count=61
10-02 01:23:24.246  7897  7920 D EGL_emulation: app_time_stats: avg=11.10ms min=10.31ms max=13.44ms count=60
10-02 01:23:25.267  7897  7920 D EGL_emulation: app_time_stats: avg=11.44ms min=10.46ms max=18.29ms count=61
10-02 01:23:26.278  7897  7920 D EGL_emulation: app_time_stats: avg=11.06ms min=10.05ms max=13.37ms count=61
10-02 01:23:27.279  7897  7920 D EGL_emulation: app_time_stats: avg=11.25ms min=10.22ms max=16.49ms count=60
10-02 01:23:28.279  7897  7920 D EGL_emulation: app_time_stats: avg=10.97ms min=10.11ms max=14.35ms count=60
10-02 01:23:29.294  7897  7920 D EGL_emulation: app_time_stats: avg=10.98ms min=10.30ms max=13.56ms count=61
10-02 01:23:30.295  7897  7920 D EGL_emulation: app_time_stats: avg=11.07ms min=10.21ms max=15.30ms count=60
10-02 01:23:31.310  7897  7920 D EGL_emulation: app_time_stats: avg=11.23ms min=10.37ms max=17.05ms count=61
10-02 01:23:32.310  7897  7920 D EGL_emulation: app_time_stats: avg=11.09ms min=10.22ms max=14.58ms count=60
10-02 01:23:33.316  7897  7920 D EGL_emulation: app_time_stats: avg=11.02ms min=10.25ms max=13.88ms count=60
10-02 01:23:34.330  7897  7920 D EGL_emulation: app_time_stats: avg=11.05ms min=10.22ms max=14.28ms count=61
10-02 01:23:35.346  7897  7920 D EGL_emulation: app_time_stats: avg=11.41ms min=10.34ms max=17.15ms count=61
10-02 01:23:36.347  7897  7920 D EGL_emulation: app_time_stats: avg=11.08ms min=9.96ms max=15.56ms count=60
10-02 01:23:37.362  7897  7920 D EGL_emulation: app_time_stats: avg=11.23ms min=10.11ms max=18.32ms count=61
10-02 01:23:38.377  7897  7920 D EGL_emulation: app_time_stats: avg=11.13ms min=10.32ms max=13.00ms count=61
10-02 01:23:39.378  7897  7920 D EGL_emulation: app_time_stats: avg=11.14ms min=9.99ms max=14.14ms count=60
10-02 01:23:40.379  7897  7920 D EGL_emulation: app_time_stats: avg=10.95ms min=10.05ms max=13.60ms count=60
10-02 01:23:41.394  7897  7920 D EGL_emulation: app_time_stats: avg=11.25ms min=10.24ms max=15.79ms count=61
10-02 01:23:42.403  7897  7920 D EGL_emulation: app_time_stats: avg=11.18ms min=10.04ms max=17.81ms count=60
10-02 01:23:43.411  7897  7920 D EGL_emulation: app_time_stats: avg=12.41ms min=10.38ms max=31.35ms count=59
10-02 01:23:44.428  7897  7920 D EGL_emulation: app_time_stats: avg=11.02ms min=10.08ms max=15.38ms count=61
10-02 01:23:45.447  7897  7920 D EGL_emulation: app_time_stats: avg=11.04ms min=10.02ms max=15.25ms count=61
10-02 01:23:46.449  7897  7920 D EGL_emulation: app_time_stats: avg=11.14ms min=10.08ms max=15.63ms count=60
10-02 01:23:47.462  7897  7920 D EGL_emulation: app_time_stats: avg=11.24ms min=9.99ms max=14.28ms count=61
10-02 01:23:48.478  7897  7920 D EGL_emulation: app_time_stats: avg=10.98ms min=10.15ms max=13.02ms count=61
10-02 01:23:49.479  7897  7920 D EGL_emulation: app_time_stats: avg=10.92ms min=10.24ms max=13.64ms count=60
10-02 01:23:50.496  7897  7920 D EGL_emulation: app_time_stats: avg=11.00ms min=10.14ms max=14.39ms count=61
10-02 01:23:51.512  7897  7920 D EGL_emulation: app_time_stats: avg=11.22ms min=10.10ms max=16.46ms count=61
10-02 01:23:52.526  7897  7920 D EGL_emulation: app_time_stats: avg=11.17ms min=10.18ms max=14.61ms count=61
10-02 01:23:53.528  7897  7920 D EGL_emulation: app_time_stats: avg=11.31ms min=10.23ms max=16.54ms count=60
10-02 01:23:54.546  7897  7920 D EGL_emulation: app_time_stats: avg=11.37ms min=10.44ms max=15.59ms count=61
10-02 01:23:55.562  7897  7920 D EGL_emulation: app_time_stats: avg=11.33ms min=10.19ms max=14.07ms count=61
10-02 01:23:56.579  7897  7920 D EGL_emulation: app_time_stats: avg=13.27ms min=10.42ms max=42.82ms count=56
10-02 01:23:57.595  7897  7920 D EGL_emulation: app_time_stats: avg=10.81ms min=10.05ms max=11.98ms count=61
10-02 01:23:58.611  7897  7920 D EGL_emulation: app_time_stats: avg=11.04ms min=10.29ms max=13.52ms count=61
10-02 01:23:59.628  7897  7920 D EGL_emulation: app_time_stats: avg=11.22ms min=10.44ms max=16.68ms count=61
10-02 01:24:00.644  7897  7920 D EGL_emulation: app_time_stats: avg=11.16ms min=10.22ms max=19.31ms count=61
10-02 01:24:01.648  7897  7920 D EGL_emulation: app_time_stats: avg=10.91ms min=10.03ms max=13.38ms count=60
10-02 01:24:02.661  7897  7920 D EGL_emulation: app_time_stats: avg=11.15ms min=10.21ms max=16.61ms count=61
10-02 01:24:03.678  7897  7920 D EGL_emulation: app_time_stats: avg=11.25ms min=10.26ms max=17.35ms count=61
10-02 01:24:04.679  7897  7920 D EGL_emulation: app_time_stats: avg=11.09ms min=9.86ms max=14.89ms count=60
10-02 01:24:05.694  7897  7920 D EGL_emulation: app_time_stats: avg=10.97ms min=10.23ms max=13.48ms count=61
10-02 01:24:06.697  7897  7920 D EGL_emulation: app_time_stats: avg=10.98ms min=10.02ms max=14.21ms count=60
10-02 01:24:07.711  7897  7920 D EGL_emulation: app_time_stats: avg=12.57ms min=10.33ms max=41.27ms count=58
10-02 01:24:08.711  7897  7920 D EGL_emulation: app_time_stats: avg=11.35ms min=10.36ms max=13.83ms count=60
10-02 01:24:09.728  7897  7920 D EGL_emulation: app_time_stats: avg=10.99ms min=10.30ms max=13.77ms count=61
10-02 01:24:10.746  7897  7920 D EGL_emulation: app_time_stats: avg=12.16ms min=10.20ms max=22.66ms count=61
10-02 01:24:11.760  7897  7920 D EGL_emulation: app_time_stats: avg=11.04ms min=10.37ms max=16.84ms count=61
10-02 01:24:12.764  7897  7920 D EGL_emulation: app_time_stats: avg=11.19ms min=10.05ms max=16.44ms count=60
10-02 01:24:13.771  7897  7920 D EGL_emulation: app_time_stats: avg=11.04ms min=10.22ms max=15.58ms count=60
10-02 01:24:14.782  7897  7920 D EGL_emulation: app_time_stats: avg=12.68ms min=10.48ms max=76.07ms count=57
10-02 01:24:15.796  7897  7920 D EGL_emulation: app_time_stats: avg=11.15ms min=10.29ms max=13.58ms count=61
10-02 01:24:16.811  7897  7920 D EGL_emulation: app_time_stats: avg=11.07ms min=9.97ms max=16.81ms count=61
10-02 01:24:17.812  7897  7920 D EGL_emulation: app_time_stats: avg=11.16ms min=10.22ms max=17.82ms count=60
10-02 01:24:18.827  7897  7920 D EGL_emulation: app_time_stats: avg=11.08ms min=10.24ms max=12.72ms count=61
10-02 01:24:19.827  7897  7920 D EGL_emulation: app_time_stats: avg=10.96ms min=9.93ms max=12.54ms count=60
10-02 01:24:20.828  7897  7920 D EGL_emulation: app_time_stats: avg=11.27ms min=10.24ms max=16.29ms count=60
10-02 01:24:21.844  7897  7920 D EGL_emulation: app_time_stats: avg=11.26ms min=10.04ms max=18.03ms count=61
10-02 01:24:22.863  7897  7920 D EGL_emulation: app_time_stats: avg=11.31ms min=10.17ms max=18.90ms count=61
10-02 01:24:23.878  7897  7920 D EGL_emulation: app_time_stats: avg=11.12ms min=10.17ms max=16.60ms count=61
10-02 01:24:24.896  7897  7920 D EGL_emulation: app_time_stats: avg=11.13ms min=10.14ms max=13.35ms count=61
10-02 01:24:25.896  7897  7920 D EGL_emulation: app_time_stats: avg=11.28ms min=10.15ms max=14.82ms count=60
10-02 01:24:26.898  7897  7920 D EGL_emulation: app_time_stats: avg=11.37ms min=10.04ms max=14.60ms count=60
10-02 01:24:27.911  7897  7920 D EGL_emulation: app_time_stats: avg=11.12ms min=10.27ms max=13.12ms count=61
10-02 01:24:28.912  7897  7920 D EGL_emulation: app_time_stats: avg=12.17ms min=10.23ms max=32.84ms count=58
10-02 01:24:29.928  7897  7920 D EGL_emulation: app_time_stats: avg=11.35ms min=10.36ms max=20.35ms count=61
10-02 01:24:30.929  7897  7920 D EGL_emulation: app_time_stats: avg=11.30ms min=10.33ms max=14.81ms count=60
10-02 01:24:31.945  7897  7920 D EGL_emulation: app_time_stats: avg=11.07ms min=10.35ms max=13.87ms count=61
10-02 01:24:32.963  7897  7920 D EGL_emulation: app_time_stats: avg=11.28ms min=10.22ms max=17.11ms count=61
10-02 01:24:33.978  7897  7920 D EGL_emulation: app_time_stats: avg=10.82ms min=10.18ms max=12.88ms count=61
10-02 01:24:34.979  7897  7920 D EGL_emulation: app_time_stats: avg=11.28ms min=10.15ms max=16.48ms count=60
10-02 01:24:35.995  7897  7920 D EGL_emulation: app_time_stats: avg=11.29ms min=10.37ms max=19.52ms count=61
10-02 01:24:36.996  7897  7920 D EGL_emulation: app_time_stats: avg=11.10ms min=10.17ms max=16.92ms count=60
10-02 01:24:38.013  7897  7920 D EGL_emulation: app_time_stats: avg=11.41ms min=10.47ms max=20.52ms count=61
10-02 01:24:39.028  7897  7920 D EGL_emulation: app_time_stats: avg=11.16ms min=10.18ms max=14.17ms count=61
10-02 01:24:40.044  7897  7920 D EGL_emulation: app_time_stats: avg=11.23ms min=10.33ms max=16.59ms count=61
10-02 01:24:41.045  7897  7920 D EGL_emulation: app_time_stats: avg=11.50ms min=10.28ms max=17.58ms count=60
10-02 01:24:42.045  7897  7920 D EGL_emulation: app_time_stats: avg=11.09ms min=10.30ms max=14.07ms count=60
10-02 01:24:43.062  7897  7920 D EGL_emulation: app_time_stats: avg=11.40ms min=10.22ms max=17.21ms count=61
10-02 01:24:44.078  7897  7920 D EGL_emulation: app_time_stats: avg=11.15ms min=10.25ms max=13.44ms count=61
10-02 01:24:45.079  7897  7920 D EGL_emulation: app_time_stats: avg=12.43ms min=10.39ms max=29.84ms count=59
10-02 01:24:46.095  7897  7920 D EGL_emulation: app_time_stats: avg=10.96ms min=10.07ms max=12.25ms count=61
10-02 01:24:47.095  7897  7920 D EGL_emulation: app_time_stats: avg=11.21ms min=10.41ms max=16.12ms count=60
10-02 01:24:48.096  7897  7920 D EGL_emulation: app_time_stats: avg=11.15ms min=10.14ms max=12.67ms count=60
10-02 01:24:49.111  7897  7920 D EGL_emulation: app_time_stats: avg=11.56ms min=10.45ms max=20.43ms count=61
10-02 01:24:50.113  7897  7920 D EGL_emulation: app_time_stats: avg=11.20ms min=10.16ms max=17.72ms count=60
10-02 01:24:51.128  7897  7920 D EGL_emulation: app_time_stats: avg=11.42ms min=10.36ms max=18.60ms count=61
10-02 01:24:52.130  7897  7920 D EGL_emulation: app_time_stats: avg=11.23ms min=10.50ms max=16.64ms count=60
10-02 01:24:53.146  7897  7920 D EGL_emulation: app_time_stats: avg=11.28ms min=10.34ms max=20.10ms count=61
10-02 01:24:54.162  7897  7920 D EGL_emulation: app_time_stats: avg=11.25ms min=9.79ms max=14.96ms count=61
10-02 01:24:55.163  7897  7920 D EGL_emulation: app_time_stats: avg=11.79ms min=10.27ms max=19.77ms count=60
10-02 01:24:56.180  7897  7920 D EGL_emulation: app_time_stats: avg=11.53ms min=10.22ms max=21.20ms count=61
10-02 01:24:57.195  7897  7920 D EGL_emulation: app_time_stats: avg=11.25ms min=10.26ms max=13.45ms count=61
10-02 01:24:58.195  7897  7920 D EGL_emulation: app_time_stats: avg=11.34ms min=10.42ms max=16.66ms count=60
10-02 01:24:59.196  7897  7920 D EGL_emulation: app_time_stats: avg=11.35ms min=10.31ms max=14.77ms count=60
10-02 01:25:00.197  7897  7920 D EGL_emulation: app_time_stats: avg=11.17ms min=10.13ms max=14.95ms count=60
10-02 01:25:01.211  7897  7920 D EGL_emulation: app_time_stats: avg=11.30ms min=10.12ms max=18.42ms count=61
10-02 01:25:02.212  7897  7920 D EGL_emulation: app_time_stats: avg=11.13ms min=10.17ms max=17.40ms count=60
10-02 01:25:03.227  7897  7920 D EGL_emulation: app_time_stats: avg=11.36ms min=10.34ms max=14.74ms count=61
10-02 01:25:04.227  7897  7920 D EGL_emulation: app_time_stats: avg=11.53ms min=10.33ms max=19.21ms count=60
10-02 01:25:05.246  7897  7920 D EGL_emulation: app_time_stats: avg=11.21ms min=10.28ms max=14.13ms count=61
10-02 01:25:06.263  7897  7920 D EGL_emulation: app_time_stats: avg=11.08ms min=10.32ms max=16.29ms count=61
10-02 01:25:07.263  7897  7920 D EGL_emulation: app_time_stats: avg=11.43ms min=9.95ms max=18.85ms count=60
10-02 01:25:08.279  7897  7920 D EGL_emulation: app_time_stats: avg=11.45ms min=10.44ms max=17.05ms count=61
10-02 01:25:09.296  7897  7920 D EGL_emulation: app_time_stats: avg=11.05ms min=10.23ms max=15.45ms count=61
10-02 01:25:10.313  7897  7920 D EGL_emulation: app_time_stats: avg=11.16ms min=10.26ms max=16.21ms count=61
10-02 01:25:11.327  7897  7920 D EGL_emulation: app_time_stats: avg=11.13ms min=10.31ms max=13.38ms count=61
10-02 01:25:12.328  7897  7920 D EGL_emulation: app_time_stats: avg=11.18ms min=10.16ms max=14.95ms count=60
10-02 01:25:13.330  7897  7920 D EGL_emulation: app_time_stats: avg=11.23ms min=10.17ms max=14.54ms count=60
10-02 01:25:14.343  7897  7920 D EGL_emulation: app_time_stats: avg=11.45ms min=10.21ms max=17.53ms count=61
10-02 01:25:15.345  7897  7920 D EGL_emulation: app_time_stats: avg=11.42ms min=10.40ms max=16.75ms count=60
10-02 01:25:16.363  7897  7920 D EGL_emulation: app_time_stats: avg=11.32ms min=10.41ms max=15.93ms count=61
10-02 01:25:17.378  7897  7920 D EGL_emulation: app_time_stats: avg=11.03ms min=10.27ms max=13.04ms count=61
10-02 01:25:18.395  7897  7920 D EGL_emulation: app_time_stats: avg=11.15ms min=10.21ms max=13.81ms count=61
10-02 01:25:19.395  7897  7920 D EGL_emulation: app_time_stats: avg=11.29ms min=10.45ms max=14.27ms count=60
10-02 01:25:20.396  7897  7920 D EGL_emulation: app_time_stats: avg=11.03ms min=10.26ms max=13.55ms count=60
10-02 01:25:21.410  7897  7920 D EGL_emulation: app_time_stats: avg=11.04ms min=10.21ms max=13.91ms count=61
10-02 01:25:22.411  7897  7920 D EGL_emulation: app_time_stats: avg=10.92ms min=10.10ms max=13.88ms count=60
10-02 01:25:23.428  7897  7920 D EGL_emulation: app_time_stats: avg=11.16ms min=10.13ms max=13.88ms count=61
10-02 01:25:24.431  7897  7920 D EGL_emulation: app_time_stats: avg=10.97ms min=10.07ms max=12.18ms count=60
10-02 01:25:25.445  7897  7920 D EGL_emulation: app_time_stats: avg=11.08ms min=9.99ms max=13.17ms count=61
10-02 01:25:26.461  7897  7920 D EGL_emulation: app_time_stats: avg=11.36ms min=10.27ms max=15.02ms count=61
10-02 01:25:27.480  7897  7920 D EGL_emulation: app_time_stats: avg=11.27ms min=10.20ms max=14.26ms count=61
10-02 01:25:28.494  7897  7920 D EGL_emulation: app_time_stats: avg=10.88ms min=9.82ms max=12.68ms count=61
10-02 01:25:29.511  7897  7920 D EGL_emulation: app_time_stats: avg=11.00ms min=9.95ms max=14.05ms count=61
10-02 01:25:30.529  7897  7920 D EGL_emulation: app_time_stats: avg=11.34ms min=10.27ms max=14.70ms count=61
10-02 01:25:31.544  7897  7920 D EGL_emulation: app_time_stats: avg=11.41ms min=10.37ms max=13.31ms count=61
10-02 01:25:32.561  7897  7920 D EGL_emulation: app_time_stats: avg=11.07ms min=10.15ms max=14.75ms count=61
10-02 01:25:33.561  7897  7920 D EGL_emulation: app_time_stats: avg=11.09ms min=10.17ms max=15.75ms count=60
10-02 01:25:34.570  7897  7920 D EGL_emulation: app_time_stats: avg=10.93ms min=10.02ms max=13.90ms count=60
10-02 01:25:35.578  7897  7920 D EGL_emulation: app_time_stats: avg=11.24ms min=10.44ms max=13.97ms count=61
10-02 01:25:36.578  7897  7920 D EGL_emulation: app_time_stats: avg=10.86ms min=9.84ms max=12.55ms count=60
10-02 01:25:37.580  7897  7920 D EGL_emulation: app_time_stats: avg=11.14ms min=9.96ms max=14.28ms count=60
10-02 01:25:38.594  7897  7920 D EGL_emulation: app_time_stats: avg=11.28ms min=10.01ms max=13.75ms count=61
10-02 01:25:39.595  7897  7920 D EGL_emulation: app_time_stats: avg=11.41ms min=10.41ms max=13.92ms count=60
10-02 01:25:40.611  7897  7920 D EGL_emulation: app_time_stats: avg=11.02ms min=10.14ms max=16.35ms count=61
10-02 01:25:41.611  7897  7920 D EGL_emulation: app_time_stats: avg=11.46ms min=10.39ms max=21.38ms count=60
10-02 01:25:42.630  7897  7920 D EGL_emulation: app_time_stats: avg=11.22ms min=10.21ms max=15.05ms count=61
10-02 01:25:43.644  7897  7920 D EGL_emulation: app_time_stats: avg=11.28ms min=10.30ms max=16.23ms count=61
10-02 01:25:44.645  7897  7920 D EGL_emulation: app_time_stats: avg=11.45ms min=10.33ms max=14.76ms count=60
10-02 01:25:45.664  7897  7920 D EGL_emulation: app_time_stats: avg=11.49ms min=10.40ms max=15.77ms count=61
10-02 01:25:46.677  7897  7920 D EGL_emulation: app_time_stats: avg=11.04ms min=9.92ms max=14.98ms count=61
10-02 01:25:47.678  7897  7920 D EGL_emulation: app_time_stats: avg=11.02ms min=10.26ms max=13.07ms count=60
10-02 01:25:48.678  7897  7920 D EGL_emulation: app_time_stats: avg=10.92ms min=10.22ms max=13.05ms count=60
10-02 01:25:49.695  7897  7920 D EGL_emulation: app_time_stats: avg=10.94ms min=10.01ms max=15.86ms count=61
10-02 01:25:50.695  7897  7920 D EGL_emulation: app_time_stats: avg=11.07ms min=10.33ms max=13.81ms count=60
10-02 01:25:51.711  7897  7920 D EGL_emulation: app_time_stats: avg=11.22ms min=10.24ms max=16.67ms count=61
10-02 01:25:52.711  7897  7920 D EGL_emulation: app_time_stats: avg=10.85ms min=10.23ms max=12.68ms count=60
10-02 01:25:53.727  7897  7920 D EGL_emulation: app_time_stats: avg=11.02ms min=10.08ms max=13.75ms count=61
10-02 01:25:54.728  7897  7920 D EGL_emulation: app_time_stats: avg=11.70ms min=10.36ms max=23.74ms count=60
10-02 01:25:55.743  7897  7920 D EGL_emulation: app_time_stats: avg=11.23ms min=10.03ms max=13.86ms count=61
10-02 01:25:56.749  7897  7920 D EGL_emulation: app_time_stats: avg=11.12ms min=9.97ms max=13.42ms count=60
10-02 01:25:57.762  7897  7920 D EGL_emulation: app_time_stats: avg=10.93ms min=10.14ms max=13.02ms count=61
10-02 01:25:58.778  7897  7920 D EGL_emulation: app_time_stats: avg=10.99ms min=10.17ms max=17.36ms count=61
10-02 01:25:59.794  7897  7920 D EGL_emulation: app_time_stats: avg=11.29ms min=10.18ms max=14.35ms count=61
10-02 01:26:00.810  7897  7920 D EGL_emulation: app_time_stats: avg=11.29ms min=10.15ms max=13.93ms count=61
10-02 01:26:01.812  7897  7920 D EGL_emulation: app_time_stats: avg=11.18ms min=10.35ms max=16.26ms count=60
10-02 01:26:02.813  7897  7920 D EGL_emulation: app_time_stats: avg=11.28ms min=10.21ms max=15.93ms count=60
10-02 01:26:03.814  7897  7920 D EGL_emulation: app_time_stats: avg=11.11ms min=10.37ms max=12.55ms count=60
10-02 01:26:04.829  7897  7920 D EGL_emulation: app_time_stats: avg=10.86ms min=10.13ms max=12.60ms count=61
10-02 01:26:05.844  7897  7920 D EGL_emulation: app_time_stats: avg=11.21ms min=10.33ms max=13.47ms count=61
10-02 01:26:06.861  7897  7920 D EGL_emulation: app_time_stats: avg=11.17ms min=10.14ms max=14.74ms count=61
10-02 01:26:07.862  7897  7920 D EGL_emulation: app_time_stats: avg=11.41ms min=10.37ms max=17.88ms count=60
10-02 01:26:08.863  7897  7920 D EGL_emulation: app_time_stats: avg=11.11ms min=10.25ms max=13.76ms count=60
10-02 01:26:09.876  7897  7920 D EGL_emulation: app_time_stats: avg=10.92ms min=10.21ms max=13.49ms count=61
10-02 01:26:10.877  7897  7920 D EGL_emulation: app_time_stats: avg=11.18ms min=10.28ms max=15.31ms count=60
10-02 01:26:11.879  7897  7920 D EGL_emulation: app_time_stats: avg=11.09ms min=10.06ms max=15.69ms count=60
10-02 01:26:12.885  7897  7920 D EGL_emulation: app_time_stats: avg=11.24ms min=10.22ms max=14.89ms count=60
10-02 01:26:13.893  7897  7920 D EGL_emulation: app_time_stats: avg=10.98ms min=10.20ms max=12.69ms count=61
10-02 01:26:14.894  7897  7920 D EGL_emulation: app_time_stats: avg=10.98ms min=10.32ms max=12.35ms count=60
10-02 01:26:15.912  7897  7920 D EGL_emulation: app_time_stats: avg=11.12ms min=10.16ms max=14.17ms count=61
10-02 01:26:16.928  7897  7920 D EGL_emulation: app_time_stats: avg=11.16ms min=10.18ms max=21.52ms count=61
10-02 01:26:17.945  7897  7920 D EGL_emulation: app_time_stats: avg=10.86ms min=10.15ms max=12.51ms count=61
10-02 01:26:18.952  7897  7920 D EGL_emulation: app_time_stats: avg=11.17ms min=10.06ms max=14.03ms count=60
10-02 01:26:19.961  7897  7920 D EGL_emulation: app_time_stats: avg=11.09ms min=9.93ms max=15.44ms count=61
10-02 01:26:20.964  7897  7920 D EGL_emulation: app_time_stats: avg=11.26ms min=10.18ms max=14.76ms count=60
10-02 01:26:21.965  7897  7920 D EGL_emulation: app_time_stats: avg=11.03ms min=10.03ms max=16.39ms count=60
10-02 01:26:22.977  7897  7920 D EGL_emulation: app_time_stats: avg=11.08ms min=10.32ms max=13.07ms count=61
10-02 01:26:23.977  7897  7920 D EGL_emulation: app_time_stats: avg=11.22ms min=10.35ms max=14.65ms count=60
10-02 01:26:24.994  7897  7920 D EGL_emulation: app_time_stats: avg=11.28ms min=10.41ms max=13.77ms count=61
10-02 01:26:26.010  7897  7920 D EGL_emulation: app_time_stats: avg=11.04ms min=10.16ms max=13.83ms count=61
10-02 01:26:27.011  7897  7920 D EGL_emulation: app_time_stats: avg=11.26ms min=10.33ms max=12.72ms count=60
10-02 01:26:28.013  7897  7920 D EGL_emulation: app_time_stats: avg=11.24ms min=10.34ms max=14.41ms count=60
10-02 01:26:29.027  7897  7920 D EGL_emulation: app_time_stats: avg=10.97ms min=10.24ms max=13.50ms count=61
10-02 01:26:30.027  7897  7920 D EGL_emulation: app_time_stats: avg=11.02ms min=10.32ms max=14.24ms count=60
10-02 01:26:31.028  7897  7920 D EGL_emulation: app_time_stats: avg=11.18ms min=10.18ms max=14.24ms count=60
10-02 01:26:32.045  7897  7920 D EGL_emulation: app_time_stats: avg=11.19ms min=10.18ms max=15.07ms count=61
10-02 01:26:33.046  7897  7920 D EGL_emulation: app_time_stats: avg=11.10ms min=10.03ms max=16.43ms count=60
10-02 01:26:34.060  7897  7920 D EGL_emulation: app_time_stats: avg=10.81ms min=9.93ms max=13.59ms count=61
10-02 01:26:35.078  7897  7920 D EGL_emulation: app_time_stats: avg=11.31ms min=10.56ms max=18.86ms count=61
10-02 01:26:36.078  7897  7920 D EGL_emulation: app_time_stats: avg=11.30ms min=10.16ms max=15.25ms count=60
10-02 01:26:37.078  7897  7920 D EGL_emulation: app_time_stats: avg=11.09ms min=9.89ms max=15.15ms count=60
10-02 01:26:38.078  7897  7920 D EGL_emulation: app_time_stats: avg=11.59ms min=10.38ms max=21.99ms count=60
10-02 01:26:39.095  7897  7920 D EGL_emulation: app_time_stats: avg=11.21ms min=10.19ms max=14.88ms count=61
10-02 01:26:40.110  7897  7920 D EGL_emulation: app_time_stats: avg=11.15ms min=10.19ms max=13.93ms count=61
10-02 01:26:41.111  7897  7920 D EGL_emulation: app_time_stats: avg=11.09ms min=9.89ms max=14.03ms count=60
10-02 01:26:42.127  7897  7920 D EGL_emulation: app_time_stats: avg=11.03ms min=10.22ms max=13.19ms count=61
10-02 01:26:43.128  7897  7920 D EGL_emulation: app_time_stats: avg=11.30ms min=10.22ms max=14.33ms count=60
10-02 01:26:44.143  7897  7920 D EGL_emulation: app_time_stats: avg=11.19ms min=10.23ms max=16.09ms count=61
10-02 01:26:45.144  7897  7920 D EGL_emulation: app_time_stats: avg=11.05ms min=10.03ms max=14.84ms count=60
10-02 01:26:46.162  7897  7920 D EGL_emulation: app_time_stats: avg=11.00ms min=10.03ms max=14.89ms count=61
10-02 01:26:47.177  7897  7920 D EGL_emulation: app_time_stats: avg=11.11ms min=10.19ms max=12.98ms count=61
10-02 01:26:48.178  7897  7920 D EGL_emulation: app_time_stats: avg=11.06ms min=10.21ms max=13.83ms count=60
10-02 01:26:49.178  7897  7920 D EGL_emulation: app_time_stats: avg=11.34ms min=10.31ms max=17.66ms count=60
10-02 01:26:50.179  7897  7920 D EGL_emulation: app_time_stats: avg=11.72ms min=10.50ms max=18.84ms count=60
10-02 01:26:51.195  7897  7920 D EGL_emulation: app_time_stats: avg=11.40ms min=10.40ms max=14.43ms count=61
10-02 01:26:52.196  7897  7920 D EGL_emulation: app_time_stats: avg=11.29ms min=10.46ms max=15.83ms count=60
10-02 01:26:53.212  7897  7920 D EGL_emulation: app_time_stats: avg=11.15ms min=10.32ms max=14.97ms count=61
10-02 01:26:54.227  7897  7920 D EGL_emulation: app_time_stats: avg=11.05ms min=10.31ms max=14.55ms count=61
10-02 01:26:55.229  7897  7920 D EGL_emulation: app_time_stats: avg=11.50ms min=10.29ms max=17.28ms count=60
10-02 01:26:56.244  7897  7920 D EGL_emulation: app_time_stats: avg=11.09ms min=10.08ms max=13.64ms count=61
10-02 01:26:57.244  7897  7920 D EGL_emulation: app_time_stats: avg=11.18ms min=9.96ms max=17.00ms count=60
10-02 01:26:58.261  7897  7920 D EGL_emulation: app_time_stats: avg=10.95ms min=10.18ms max=12.13ms count=61
10-02 01:26:59.264  7897  7920 D EGL_emulation: app_time_stats: avg=11.05ms min=10.34ms max=13.82ms count=60
10-02 01:27:00.277  7897  7920 D EGL_emulation: app_time_stats: avg=10.89ms min=10.23ms max=15.38ms count=61
10-02 01:27:01.277  7897  7920 D EGL_emulation: app_time_stats: avg=11.26ms min=10.08ms max=14.59ms count=60
10-02 01:27:02.279  7897  7920 D EGL_emulation: app_time_stats: avg=11.22ms min=10.22ms max=16.55ms count=60
10-02 01:27:03.279  7897  7920 D EGL_emulation: app_time_stats: avg=11.92ms min=10.39ms max=29.35ms count=59
10-02 01:27:04.295  7897  7920 D EGL_emulation: app_time_stats: avg=11.14ms min=10.12ms max=16.09ms count=61
10-02 01:27:05.296  7897  7920 D EGL_emulation: app_time_stats: avg=10.92ms min=10.21ms max=15.93ms count=60
10-02 01:27:06.299  7897  7920 D EGL_emulation: app_time_stats: avg=11.10ms min=10.26ms max=13.97ms count=60
10-02 01:27:07.310  7897  7920 D EGL_emulation: app_time_stats: avg=11.47ms min=10.14ms max=15.40ms count=61
10-02 01:27:08.310  7897  7920 D EGL_emulation: app_time_stats: avg=12.46ms min=10.44ms max=56.67ms count=57
10-02 01:27:09.327  7897  7920 D EGL_emulation: app_time_stats: avg=11.21ms min=10.25ms max=13.27ms count=61
10-02 01:27:10.331  7897  7920 D EGL_emulation: app_time_stats: avg=10.98ms min=10.12ms max=13.56ms count=60
10-02 01:27:11.344  7897  7920 D EGL_emulation: app_time_stats: avg=11.01ms min=9.73ms max=14.07ms count=61
10-02 01:27:12.344  7897  7920 D EGL_emulation: app_time_stats: avg=11.08ms min=10.30ms max=12.68ms count=60
10-02 01:27:13.352  7897  7920 D EGL_emulation: app_time_stats: avg=11.18ms min=10.23ms max=13.72ms count=60
10-02 01:27:14.361  7897  7920 D EGL_emulation: app_time_stats: avg=11.27ms min=10.26ms max=15.41ms count=61
10-02 01:27:15.362  7897  7920 D EGL_emulation: app_time_stats: avg=10.93ms min=10.22ms max=14.47ms count=60
10-02 01:27:16.377  7897  7920 D EGL_emulation: app_time_stats: avg=11.11ms min=10.33ms max=13.51ms count=61
10-02 01:27:17.377  7897  7920 D EGL_emulation: app_time_stats: avg=11.23ms min=10.43ms max=15.92ms count=60
10-02 01:27:18.378  7897  7920 D EGL_emulation: app_time_stats: avg=10.94ms min=10.08ms max=15.96ms count=60
10-02 01:27:19.393  7897  7920 D EGL_emulation: app_time_stats: avg=11.08ms min=10.11ms max=14.53ms count=61
10-02 01:27:20.394  7897  7920 D EGL_emulation: app_time_stats: avg=11.14ms min=9.98ms max=14.38ms count=60
10-02 01:27:21.394  7897  7920 D EGL_emulation: app_time_stats: avg=10.97ms min=10.27ms max=12.62ms count=60
10-02 01:27:22.394  7897  7920 D EGL_emulation: app_time_stats: avg=11.04ms min=10.06ms max=14.47ms count=60
10-02 01:27:23.394  7897  7920 D EGL_emulation: app_time_stats: avg=11.02ms min=10.30ms max=14.34ms count=60
10-02 01:27:24.412  7897  7920 D EGL_emulation: app_time_stats: avg=11.29ms min=10.02ms max=15.67ms count=61
10-02 01:27:25.414  7897  7920 D EGL_emulation: app_time_stats: avg=11.40ms min=10.19ms max=12.72ms count=60
10-02 01:27:26.428  7897  7920 D EGL_emulation: app_time_stats: avg=11.40ms min=10.28ms max=13.15ms count=61
10-02 01:27:27.445  7897  7920 D EGL_emulation: app_time_stats: avg=11.49ms min=10.04ms max=17.55ms count=61
10-02 01:27:28.461  7897  7920 D EGL_emulation: app_time_stats: avg=11.41ms min=10.29ms max=16.63ms count=61
10-02 01:27:29.461  7897  7920 D EGL_emulation: app_time_stats: avg=11.14ms min=10.07ms max=13.93ms count=60
10-02 01:27:30.462  7897  7920 D EGL_emulation: app_time_stats: avg=11.28ms min=10.40ms max=13.79ms count=60
10-02 01:27:31.477  7897  7920 D EGL_emulation: app_time_stats: avg=11.12ms min=10.28ms max=13.29ms count=61
10-02 01:27:32.477  7897  7920 D EGL_emulation: app_time_stats: avg=11.44ms min=10.40ms max=13.96ms count=60
10-02 01:27:33.477  7897  7920 D EGL_emulation: app_time_stats: avg=11.27ms min=10.12ms max=14.12ms count=60
10-02 01:27:34.493  7897  7920 D EGL_emulation: app_time_stats: avg=11.02ms min=10.07ms max=13.12ms count=61
10-02 01:27:35.494  7897  7920 D EGL_emulation: app_time_stats: avg=10.95ms min=10.17ms max=13.33ms count=60
10-02 01:27:36.509  7897  7920 D EGL_emulation: app_time_stats: avg=10.94ms min=10.05ms max=14.19ms count=61
10-02 01:27:37.510  7897  7920 D EGL_emulation: app_time_stats: avg=11.21ms min=10.29ms max=13.57ms count=60
10-02 01:27:38.527  7897  7920 D EGL_emulation: app_time_stats: avg=11.33ms min=10.14ms max=17.11ms count=61
10-02 01:27:39.527  7897  7920 D EGL_emulation: app_time_stats: avg=11.28ms min=10.14ms max=14.51ms count=60
10-02 01:27:40.548  7897  7920 D EGL_emulation: app_time_stats: avg=11.50ms min=10.32ms max=18.11ms count=61
10-02 01:27:41.561  7897  7920 D EGL_emulation: app_time_stats: avg=11.43ms min=10.21ms max=15.29ms count=61
10-02 01:27:42.564  7897  7920 D EGL_emulation: app_time_stats: avg=11.28ms min=10.23ms max=14.97ms count=60
10-02 01:27:43.580  7897  7920 D EGL_emulation: app_time_stats: avg=11.53ms min=10.43ms max=14.23ms count=61
10-02 01:27:44.595  7897  7920 D EGL_emulation: app_time_stats: avg=11.20ms min=10.13ms max=16.16ms count=61
10-02 01:27:45.595  7897  7920 D EGL_emulation: app_time_stats: avg=10.98ms min=10.01ms max=14.25ms count=60
10-02 01:27:46.611  7897  7920 D EGL_emulation: app_time_stats: avg=11.14ms min=10.14ms max=13.58ms count=61
10-02 01:27:47.611  7897  7920 D EGL_emulation: app_time_stats: avg=11.13ms min=10.12ms max=15.94ms count=60
10-02 01:27:48.628  7897  7920 D EGL_emulation: app_time_stats: avg=11.30ms min=10.38ms max=15.92ms count=61
10-02 01:27:49.645  7897  7920 D EGL_emulation: app_time_stats: avg=11.62ms min=10.42ms max=20.99ms count=61
10-02 01:27:50.645  7897  7920 D EGL_emulation: app_time_stats: avg=11.12ms min=10.06ms max=14.57ms count=60
10-02 01:27:51.661  7897  7920 D EGL_emulation: app_time_stats: avg=11.23ms min=10.10ms max=15.32ms count=61
10-02 01:27:52.680  7897  7920 D EGL_emulation: app_time_stats: avg=11.07ms min=10.13ms max=14.78ms count=61
10-02 01:27:53.681  7897  7920 D EGL_emulation: app_time_stats: avg=10.89ms min=10.24ms max=13.78ms count=60
10-02 01:27:54.683  7897  7920 D EGL_emulation: app_time_stats: avg=13.16ms min=10.33ms max=117.17ms count=54
10-02 01:27:55.694  7897  7920 D EGL_emulation: app_time_stats: avg=12.32ms min=10.43ms max=45.98ms count=59
10-02 01:27:56.696  7897  7920 D EGL_emulation: app_time_stats: avg=11.20ms min=10.08ms max=18.52ms count=60
10-02 01:27:57.711  7897  7920 D EGL_emulation: app_time_stats: avg=11.16ms min=10.27ms max=14.34ms count=61
10-02 01:27:58.711  7897  7920 D EGL_emulation: app_time_stats: avg=11.08ms min=10.37ms max=13.49ms count=60
10-02 01:27:59.711  7897  7920 D EGL_emulation: app_time_stats: avg=11.05ms min=10.36ms max=13.97ms count=60
10-02 01:28:00.727  7897  7920 D EGL_emulation: app_time_stats: avg=11.09ms min=10.17ms max=12.86ms count=61
10-02 01:28:01.729  7897  7920 D EGL_emulation: app_time_stats: avg=11.13ms min=10.37ms max=13.11ms count=60
10-02 01:28:02.744  7897  7920 D EGL_emulation: app_time_stats: avg=11.27ms min=10.13ms max=15.41ms count=61
10-02 01:28:03.747  7897  7920 D EGL_emulation: app_time_stats: avg=14.66ms min=10.55ms max=82.09ms count=51
10-02 01:28:04.760  7897  7920 D EGL_emulation: app_time_stats: avg=11.64ms min=9.97ms max=36.03ms count=60
10-02 01:28:05.760  7897  7920 D EGL_emulation: app_time_stats: avg=11.22ms min=10.29ms max=14.07ms count=60
10-02 01:28:06.762  7897  7920 D EGL_emulation: app_time_stats: avg=11.13ms min=10.25ms max=13.27ms count=60
10-02 01:28:07.778  7897  7920 D EGL_emulation: app_time_stats: avg=11.46ms min=10.07ms max=13.85ms count=61
10-02 01:28:08.794  7897  7920 D EGL_emulation: app_time_stats: avg=11.02ms min=10.19ms max=13.67ms count=61
10-02 01:28:09.811  7897  7920 D EGL_emulation: app_time_stats: avg=11.35ms min=10.31ms max=13.55ms count=61
10-02 01:28:10.830  7897  7920 D EGL_emulation: app_time_stats: avg=11.24ms min=10.27ms max=13.46ms count=61
10-02 01:28:11.845  7897  7920 D EGL_emulation: app_time_stats: avg=11.29ms min=10.27ms max=14.22ms count=61
10-02 01:28:12.865  7897  7920 D EGL_emulation: app_time_stats: avg=11.26ms min=10.27ms max=13.66ms count=61
10-02 01:28:13.877  7897  7920 D EGL_emulation: app_time_stats: avg=11.22ms min=10.17ms max=13.75ms count=61
10-02 01:28:14.878  7897  7920 D EGL_emulation: app_time_stats: avg=11.15ms min=10.08ms max=14.75ms count=60
10-02 01:28:15.894  7897  7920 D EGL_emulation: app_time_stats: avg=11.02ms min=10.18ms max=15.92ms count=61
10-02 01:28:16.912  7897  7920 D EGL_emulation: app_time_stats: avg=11.02ms min=10.41ms max=12.96ms count=61
10-02 01:28:17.927  7897  7920 D EGL_emulation: app_time_stats: avg=11.13ms min=10.29ms max=18.08ms count=61
10-02 01:28:18.927  7897  7920 D EGL_emulation: app_time_stats: avg=11.38ms min=10.26ms max=15.55ms count=60
10-02 01:28:19.945  7897  7920 D EGL_emulation: app_time_stats: avg=11.02ms min=10.19ms max=14.26ms count=61
10-02 01:28:20.964  7897  7920 D EGL_emulation: app_time_stats: avg=11.05ms min=10.34ms max=12.50ms count=61
10-02 01:28:21.977  7897  7920 D EGL_emulation: app_time_stats: avg=11.21ms min=10.22ms max=14.20ms count=61
10-02 01:28:22.980  7897  7920 D EGL_emulation: app_time_stats: avg=11.31ms min=10.09ms max=14.97ms count=60
10-02 01:28:23.995  7897  7920 D EGL_emulation: app_time_stats: avg=11.15ms min=10.03ms max=14.08ms count=61
