   Compiling mir2-simulation v0.1.0 (E:\mir2-player-journey\mir2-web3\apps\simulation)
warning: use of deprecated method `bevy_ecs::world::World::iter_entities`: use world.query::<EntityRef>()` instead
   --> apps\simulation\src\runtime\monster_ai\great_fox_spirit.rs:163:28
    |
163 |     for candidate in world.iter_entities() {
    |                            ^^^^^^^^^^^^^
    |
    = note: `#[warn(deprecated)]` on by default

warning: use of deprecated method `bevy_ecs::world::World::iter_entities`: use world.query::<EntityRef>()` instead
    --> apps\simulation\src\runtime\packets.rs:7338:25
     |
7338 |     for entity in world.iter_entities() {
     |                         ^^^^^^^^^^^^^

warning: use of deprecated method `bevy_ecs::world::World::iter_entities`: use world.query::<EntityRef>()` instead
    --> apps\simulation\src\runtime\skills.rs:4946:10
     |
4946 |         .iter_entities()
     |          ^^^^^^^^^^^^^

warning: use of deprecated method `bevy_ecs::world::World::iter_entities`: use world.query::<EntityRef>()` instead
    --> apps\simulation\src\runtime\skills.rs:5028:10
     |
5028 |         .iter_entities()
     |          ^^^^^^^^^^^^^

warning: methods `scoped_to_account` and `scoped_to_accounts` are never used
   --> apps\simulation\src\config.rs:225:8
    |
109 | impl AccountStore {
    | ----------------- methods in this implementation
...
225 |     fn scoped_to_account(&self, account_id: &str) -> Self {
    |        ^^^^^^^^^^^^^^^^^
...
229 |     fn scoped_to_accounts(&self, account_ids: &[&str]) -> Self {
    |        ^^^^^^^^^^^^^^^^^^
    |
    = note: `#[warn(dead_code)]` (part of `#[warn(unused)]`) on by default

warning: variant `MacAgility` is never constructed
   --> apps\simulation\src\runtime\combat.rs:734:5
    |
727 | pub(super) enum CrystalDefence {
    |                 -------------- variant in this enum
...
734 |     MacAgility,
    |     ^^^^^^^^^^
    |
    = note: `CrystalDefence` has derived impls for the traits `Debug` and `Clone`, but these are intentionally ignored during dead code analysis

warning: method `socketed_count` is never used
   --> apps\simulation\src\runtime\equipment.rs:303:19
    |
119 | impl EquipmentState {
    | ------------------- method in this implementation
...
303 |     pub(super) fn socketed_count(&self) -> usize {
    |                   ^^^^^^^^^^^^^^

warning: function `equipment_state_identified` is never used
   --> apps\simulation\src\runtime\equipment.rs:308:15
    |
308 | pub(super) fn equipment_state_identified(item: &EquipmentState) -> bool {
    |               ^^^^^^^^^^^^^^^^^^^^^^^^^^

warning: function `equipment_state_soul_bound_id` is never used
   --> apps\simulation\src\runtime\equipment.rs:313:15
    |
313 | pub(super) fn equipment_state_soul_bound_id(item: &EquipmentState) -> i32 {
    |               ^^^^^^^^^^^^^^^^^^^^^^^^^^^^^

warning: function `repair_conquest_asset` is never used
    --> apps\simulation\src\runtime\monsters.rs:1813:15
     |
1813 | pub(super) fn repair_conquest_asset(world: &mut World, ai: u8, asset_id: u8) -> bool {
     |               ^^^^^^^^^^^^^^^^^^^^^

warning: function `complete_quest` is never used
   --> apps\simulation\src\runtime\quests.rs:814:15
    |
814 | pub(super) fn complete_quest(world: &mut World, quest_id: i32) {
    |               ^^^^^^^^^^^^^^

warning: function `default_save_for_character` is never used
  --> apps\simulation\src\runtime\save.rs:76:15
   |
76 | pub(super) fn default_save_for_character(
   |               ^^^^^^^^^^^^^^^^^^^^^^^^^^

warning: function `persist_character_save` is never used
   --> apps\simulation\src\runtime\save.rs:817:15
    |
817 | pub(super) fn persist_character_save(
    |               ^^^^^^^^^^^^^^^^^^^^^^

warning: method `game_shop_buy_product` is never used
    --> apps\simulation\src\runtime\stage5.rs:4257:8
     |
3187 | impl SimulationSession {
     | ---------------------- method in this implementation
...
4257 |     fn game_shop_buy_product(
     |        ^^^^^^^^^^^^^^^^^^^^^

warning: `mir2-simulation` (lib) generated 14 warnings
   Compiling mir2-gateway v0.1.0 (E:\mir2-player-journey\mir2-web3\apps\gateway)
    Finished `test` profile [unoptimized] target(s) in 1m 08s
     Running unittests src\lib.rs (C:\Users\Administrator\AppData\Local\Temp\mir2-trade-gold-gateway-20260908\debug\deps\mir2_gateway-27e05063d68d510f.exe)

running 52 tests
test economy::tests::commit_ack_error_with_lookup_failure_returns_trade_outcome_unknown ... ok
test economy::tests::committed_then_ack_error_trade_recovers_by_lookup_and_keeps_projections_pending ... ok
test economy::tests::durable_trade_rows_reconcile_each_party_after_ledger_commit_and_retry_mark ... ok
test economy::tests::missing_context_trade_is_explicitly_deferred_without_store_access ... ok
test economy::tests::pending_trade_projection_query_failure_fails_closed ... ok
test economy::tests::player_trade_maps_gold_and_item_quantities_to_conserved_ledger_legs ... ok
test economy::tests::trade_requires_two_sided_asset_conservation ... ok
test economy::tests::trade_retry_rejects_regenerated_zone_key_before_store_and_uses_original_key ... ok
test routing::tests::abnormal_teardown_zone_drain_tests::abrupt_teardown_rolls_back_unmatched_debited_trade_before_checkpoint ... ok
test routing::tests::active_character_reconciles_durable_trade_projection_once_without_local_trade_state ... ok
test routing::tests::deferred_trade_recovery_keeps_authority_then_retries_the_real_key ... ok
test routing::tests::durable_settlement_invalidates_clear_projection_cache_without_local_trade_state ... ok
test routing::tests::pending_durable_trade_blocks_every_trade_state_mutation_packet ... ok
test routing::tests::shared_in_process_registry_commits_trade_through_economy_boundary ... ok
test routing::tests::shared_in_process_registry_commits_two_sided_trade_delivery ... ok
test routing::tests::shared_in_process_registry_rolls_back_pending_trade_when_partner_cancels ... ok
test routing::tests::shared_in_process_registry_rolls_back_pending_trade_when_partner_disconnects ... ok
test routing::tests::shared_in_process_registry_rolls_back_two_sided_trade_when_receiver_is_full ... ok
test routing::tests::shared_in_process_registry_uses_adjacent_remote_player_for_trade_request ... ok
test routing::tests::shared_trade_repeat_request_cannot_replace_debited_unmatched_offer ... ok
test routing::tests::trade_completion_tests::cancellation_refunds_waiting_offer_once_without_any_completion ... ok
test routing::tests::trade_completion_tests::each_party_completes_once_only_after_its_committed_delivery ... ok
test routing::tests::trade_completion_tests::receiver_capacity_rejection_refunds_both_sides_without_completion ... ok
test routing::tests::trade_completion_tests::unfenced_deferred_settlement_never_announces_completion ... ok
test routing::tests::trade_completion_tests::unknown_outcome_holds_both_offers_until_definitive_commit_or_rejection ... ok
test routing::tests::trade_gold_tests::first_gold_debit_bootstraps_the_predebit_balance_and_failure_debits_nothing ... ok
test routing::tests::trade_gold_tests::gold_edits_are_rejected_when_either_participant_has_prepared ... ok
test routing::tests::trade_gold_tests::invalid_gold_deltas_do_not_debit_or_replace_the_held_quote ... ok
test routing::tests::trade_gold_tests::preparation_never_debits_gold_a_second_time_and_settlement_conserves_total ... ok
test routing::tests::trade_gold_tests::prepared_refund_overflow_retains_final_offer_until_capacity_allows_one_refund ... ok
test routing::tests::trade_gold_tests::repeated_gold_deltas_debit_immediately_and_only_partner_sees_cumulative_quote ... ok
test routing::tests::trade_gold_tests::saved_unprepared_gold_in_a_fresh_zone_refunds_once_but_pending_projection_holds_it ... ok
test routing::tests::trade_gold_tests::unprepared_logout_or_disconnect_refunds_before_save_and_peer_refunds_once ... ok
test routing::tests::trade_gold_tests::unprepared_self_or_peer_cancel_refunds_each_owner_once ... ok
test routing::tests::trade_invitation_tests::bootstrap_failure_closes_pair_and_refunds_the_waiting_peer ... ok
test routing::tests::trade_invitation_tests::disabled_trade_preference_rejects_invites ... ok
test routing::tests::trade_invitation_tests::disconnected_inviter_cannot_be_accepted_and_new_invite_is_possible ... ok
test routing::tests::trade_invitation_tests::editable_unlock_keeps_pair_and_private_edit_routing ... ok
test routing::tests::trade_invitation_tests::gold_and_items_are_private_to_the_established_partner ... ok
test routing::tests::trade_invitation_tests::invitation_requires_mutual_facing ... ok
test routing::tests::trade_invitation_tests::only_recipient_receives_invitation_and_decline_notifies_only_inviter ... ok
test routing::tests::trade_invitation_tests::pending_old_pair_cancellation_blocks_a_new_invitation_until_drained ... ok
test routing::tests::trade_invitation_tests::prepared_unlock_cancels_and_refunds_both_sides_without_stale_open_pair ... ok
test routing::tests::trade_invitation_tests::teardown_fenced_recipient_rejects_request_and_inviter_rejects_acceptance ... ok
test routing::tests::trade_invitation_tests::unprepared_pair_cancel_closes_both_personal_states ... ok
test routing::tests::trade_invitation_tests::unsolicited_reply_and_edits_cannot_create_a_trade ... ok
test routing::tests::trade_invitation_tests::world_checkpoint_drops_all_online_trade_links ... ok
test routing::tests::unfenced_initial_trade_is_deferred_and_rolls_back_exactly_once ... ok
test routing::tests::unknown_trade_survives_process_restart_and_delivers_both_sides_once_after_new_logins ... ok
test routing::tests::unreconciled_character_blocks_trade_mutation_until_projection_query_succeeds ... ok
test web::tests::trade_commands_map_to_crystal_protocol_packets ... ok
test web::tests::trade_packets_are_exposed_as_browser_events ... ok

test result: ok. 52 passed; 0 failed; 0 ignored; 0 measured; 643 filtered out; finished in 312.84s
