TAP version 13
# Subtest: known spell without ACK still fails on explicit absolute owner MP spend, including exact R17 Wizard/Taoist pattern
not ok 1 - known spell without ACK still fails on explicit absolute owner MP spend, including exact R17 Wizard/Taoist pattern
  ---
  duration_ms: 3.4299
  type: 'test'
  location: 'C:\\mir2-playtest-releases\\20261004-native-r17\\dense-network-qa-v5\\tests\\dead-effects.test.mjs:36:1'
  failureType: 'testCodeFailure'
  error: |-
    Expected values to be strictly equal:
    
    'passed' !== 'failed'
    
  code: 'ERR_ASSERTION'
  name: 'AssertionError'
  expected: 'failed'
  actual: 'passed'
  operator: 'strictEqual'
  stack: |-
    TestContext.<anonymous> (file:///C:/mir2-playtest-releases/20261004-native-r17/dense-network-qa-v5/tests/dead-effects.test.mjs:40:12)
    Test.runInAsyncScope (node:async_hooks:214:14)
    Test.run (node:internal/test_runner/test:1047:25)
    Test.start (node:internal/test_runner/test:944:17)
    startSubtestAfterBootstrap (node:internal/test_runner/harness:296:17)
  ...
# Subtest: target damage without ACK fails the dead action gate and never gives a passed caster barrier
not ok 2 - target damage without ACK fails the dead action gate and never gives a passed caster barrier
  ---
  duration_ms: 0.4041
  type: 'test'
  location: 'C:\\mir2-playtest-releases\\20261004-native-r17\\dense-network-qa-v5\\tests\\dead-effects.test.mjs:44:1'
  failureType: 'testCodeFailure'
  error: |-
    Expected values to be strictly equal:
    
    true !== false
    
  code: 'ERR_ASSERTION'
  name: 'AssertionError'
  expected: false
  actual: true
  operator: 'strictEqual'
  stack: |-
    TestContext.<anonymous> (file:///C:/mir2-playtest-releases/20261004-native-r17/dense-network-qa-v5/tests/dead-effects.test.mjs:47:64)
    Test.runInAsyncScope (node:async_hooks:214:14)
    Test.run (node:internal/test_runner/test:1047:25)
    Test.processPendingSubtests (node:internal/test_runner/test:744:18)
    Test.postRun (node:internal/test_runner/test:1173:19)
    Test.run (node:internal/test_runner/test:1101:12)
    async startSubtestAfterBootstrap (node:internal/test_runner/harness:296:3)
  ...
# Subtest: material consumption keeps exact cross-grid UID totals and fails without cast ACK
not ok 3 - material consumption keeps exact cross-grid UID totals and fails without cast ACK
  ---
  duration_ms: 0.2435
  type: 'test'
  location: 'C:\\mir2-playtest-releases\\20261004-native-r17\\dense-network-qa-v5\\tests\\dead-effects.test.mjs:50:1'
  failureType: 'testCodeFailure'
  error: |-
    Expected values to be strictly equal:
    
    'passed' !== 'failed'
    
  code: 'ERR_ASSERTION'
  name: 'AssertionError'
  expected: 'failed'
  actual: 'passed'
  operator: 'strictEqual'
  stack: |-
    TestContext.<anonymous> (file:///C:/mir2-playtest-releases/20261004-native-r17/dense-network-qa-v5/tests/dead-effects.test.mjs:52:30)
    Test.runInAsyncScope (node:async_hooks:214:14)
    Test.run (node:internal/test_runner/test:1047:25)
    Test.processPendingSubtests (node:internal/test_runner/test:744:18)
    Test.postRun (node:internal/test_runner/test:1173:19)
    Test.run (node:internal/test_runner/test:1101:12)
    async Test.processPendingSubtests (node:internal/test_runner/test:744:7)
  ...
# Subtest: self Healing absolute HP rise or owner-life/facing mutation fails even when no cast ACK is returned
not ok 4 - self Healing absolute HP rise or owner-life/facing mutation fails even when no cast ACK is returned
  ---
  duration_ms: 0.2888
  type: 'test'
  location: 'C:\\mir2-playtest-releases\\20261004-native-r17\\dense-network-qa-v5\\tests\\dead-effects.test.mjs:58:1'
  failureType: 'testCodeFailure'
  error: |-
    hp
    + actual - expected
    
    + 'inconclusive'
    - 'failed'
    
  code: 'ERR_ASSERTION'
  name: 'AssertionError'
  expected: 'failed'
  actual: 'inconclusive'
  operator: 'strictEqual'
  stack: |-
    TestContext.<anonymous> (file:///C:/mir2-playtest-releases/20261004-native-r17/dense-network-qa-v5/tests/dead-effects.test.mjs:66:32)
    Test.runInAsyncScope (node:async_hooks:214:14)
    Test.run (node:internal/test_runner/test:1047:25)
    Test.processPendingSubtests (node:internal/test_runner/test:744:18)
    Test.postRun (node:internal/test_runner/test:1173:19)
    Test.run (node:internal/test_runner/test:1101:12)
    async Test.processPendingSubtests (node:internal/test_runner/test:744:7)
  ...
# Subtest: unknown or percentage-only post-input MP cannot produce a passed cast-death proof
not ok 5 - unknown or percentage-only post-input MP cannot produce a passed cast-death proof
  ---
  duration_ms: 0.324
  type: 'test'
  location: 'C:\\mir2-playtest-releases\\20261004-native-r17\\dense-network-qa-v5\\tests\\dead-effects.test.mjs:70:1'
  failureType: 'testCodeFailure'
  error: |-
    unknown
    + actual - expected
    
    + 'passed'
    - 'inconclusive'
    
  code: 'ERR_ASSERTION'
  name: 'AssertionError'
  expected: 'inconclusive'
  actual: 'passed'
  operator: 'strictEqual'
  stack: |-
    TestContext.<anonymous> (file:///C:/mir2-playtest-releases/20261004-native-r17/dense-network-qa-v5/tests/dead-effects.test.mjs:79:32)
    Test.runInAsyncScope (node:async_hooks:214:14)
    Test.run (node:internal/test_runner/test:1047:25)
    Test.processPendingSubtests (node:internal/test_runner/test:744:18)
    Test.postRun (node:internal/test_runner/test:1173:19)
    Test.run (node:internal/test_runner/test:1101:12)
    async Test.processPendingSubtests (node:internal/test_runner/test:744:7)
  ...
# Subtest: missing/invalid input, learned cost or target cannot borrow effects or create a passed barrier
ok 6 - missing/invalid input, learned cost or target cannot borrow effects or create a passed barrier
  ---
  duration_ms: 0.5151
  type: 'test'
  ...
# Subtest: closed trial owner gate excludes foreign, future, before-input and wrong-target effects
not ok 7 - closed trial owner gate excludes foreign, future, before-input and wrong-target effects
  ---
  duration_ms: 0.2683
  type: 'test'
  location: 'C:\\mir2-playtest-releases\\20261004-native-r17\\dense-network-qa-v5\\tests\\dead-effects.test.mjs:94:1'
  failureType: 'testCodeFailure'
  error: |-
    Expected values to be strictly equal:
    
    'failed' !== 'passed'
    
  code: 'ERR_ASSERTION'
  name: 'AssertionError'
  expected: 'passed'
  actual: 'failed'
  operator: 'strictEqual'
  stack: |-
    TestContext.<anonymous> (file:///C:/mir2-playtest-releases/20261004-native-r17/dense-network-qa-v5/tests/dead-effects.test.mjs:100:30)
    Test.runInAsyncScope (node:async_hooks:214:14)
    Test.run (node:internal/test_runner/test:1047:25)
    Test.processPendingSubtests (node:internal/test_runner/test:744:18)
    Test.postRun (node:internal/test_runner/test:1173:19)
    Test.run (node:internal/test_runner/test:1101:12)
    async Test.processPendingSubtests (node:internal/test_runner/test:744:7)
  ...
# Subtest: delayed previously committed projectile damage does not relabel a new dead Magic as executed
not ok 8 - delayed previously committed projectile damage does not relabel a new dead Magic as executed
  ---
  duration_ms: 0.2121
  type: 'test'
  location: 'C:\\mir2-playtest-releases\\20261004-native-r17\\dense-network-qa-v5\\tests\\dead-effects.test.mjs:103:1'
  failureType: 'testCodeFailure'
  error: |-
    Expected "actual" to be strictly unequal to:
    
    'failed'
  code: 'ERR_ASSERTION'
  name: 'AssertionError'
  expected: 'failed'
  actual: 'failed'
  operator: 'notStrictEqual'
  stack: |-
    TestContext.<anonymous> (file:///C:/mir2-playtest-releases/20261004-native-r17/dense-network-qa-v5/tests/dead-effects.test.mjs:110:30)
    Test.runInAsyncScope (node:async_hooks:214:14)
    Test.run (node:internal/test_runner/test:1047:25)
    Test.processPendingSubtests (node:internal/test_runner/test:744:18)
    Test.postRun (node:internal/test_runner/test:1173:19)
    Test.run (node:internal/test_runner/test:1101:12)
    async Test.processPendingSubtests (node:internal/test_runner/test:744:7)
  ...
# Subtest: wrong-spell or cast=false receipts are excluded from committed cast proof, with no false passed barrier from wrong spell
not ok 9 - wrong-spell or cast=false receipts are excluded from committed cast proof, with no false passed barrier from wrong spell
  ---
  duration_ms: 0.6375
  type: 'test'
  location: 'C:\\mir2-playtest-releases\\20261004-native-r17\\dense-network-qa-v5\\tests\\dead-effects.test.mjs:113:1'
  failureType: 'testCodeFailure'
  error: "Cannot read properties of undefined (reading '0')"
  code: 'ERR_TEST_FAILURE'
  name: 'TypeError'
  stack: |-
    TestContext.<anonymous> (file:///C:/mir2-playtest-releases/20261004-native-r17/dense-network-qa-v5/tests/dead-effects.test.mjs:117:38)
    Test.runInAsyncScope (node:async_hooks:214:14)
    Test.run (node:internal/test_runner/test:1047:25)
    Test.processPendingSubtests (node:internal/test_runner/test:744:18)
    Test.postRun (node:internal/test_runner/test:1173:19)
    Test.run (node:internal/test_runner/test:1101:12)
    async Test.processPendingSubtests (node:internal/test_runner/test:744:7)
  ...
# Subtest: invalid or partial material observations cannot be called unchanged or manufacture consumption
not ok 10 - invalid or partial material observations cannot be called unchanged or manufacture consumption
  ---
  duration_ms: 0.3496
  type: 'test'
  location: 'C:\\mir2-playtest-releases\\20261004-native-r17\\dense-network-qa-v5\\tests\\dead-effects.test.mjs:121:1'
  failureType: 'testCodeFailure'
  error: |-
    partial
    + actual - expected
    
    + 'passed'
    - 'inconclusive'
    
  code: 'ERR_ASSERTION'
  name: 'AssertionError'
  expected: 'inconclusive'
  actual: 'passed'
  operator: 'strictEqual'
  stack: |-
    TestContext.<anonymous> (file:///C:/mir2-playtest-releases/20261004-native-r17/dense-network-qa-v5/tests/dead-effects.test.mjs:129:32)
    Test.runInAsyncScope (node:async_hooks:214:14)
    Test.run (node:internal/test_runner/test:1047:25)
    Test.processPendingSubtests (node:internal/test_runner/test:744:18)
    Test.postRun (node:internal/test_runner/test:1173:19)
    Test.run (node:internal/test_runner/test:1101:12)
    async Test.processPendingSubtests (node:internal/test_runner/test:744:7)
  ...
1..10
# tests 10
# suites 0
# pass 1
# fail 9
# cancelled 0
# skipped 0
# todo 0
# duration_ms 67.6313
