warning: unused import: `super::skills::crystal_magic_damage`
  --> apps\simulation\src\runtime\hero_ai.rs:53:5
   |
53 | use super::skills::crystal_magic_damage;
   |     ^^^^^^^^^^^^^^^^^^^^^^^^^^^^^^^^^^^
   |
   = note: `#[warn(unused_imports)]` (part of `#[warn(unused)]`) on by default

warning: unused import: `hero_registry_scan::validate_shared_hero_physical_custody`
  --> apps\simulation\src\runtime\mod.rs:22:16
   |
22 | pub(crate) use hero_registry_scan::validate_shared_hero_physical_custody;
   |                ^^^^^^^^^^^^^^^^^^^^^^^^^^^^^^^^^^^^^^^^^^^^^^^^^^^^^^^^^

warning: unused import: `HeroInventoryResource`
  --> apps\simulation\src\runtime\items.rs:58:19
   |
58 |     BuffResource, HeroInventoryResource, InventoryResource, PlayerPermissionResource,
   |                   ^^^^^^^^^^^^^^^^^^^^^

warning: unused import: `hero_inventory_crystal_stat_total`
  --> apps\simulation\src\runtime\packets.rs:72:22
   |
72 | use super::hero_ai::{hero_inventory_crystal_stat_total, hero_inventory_equipment_slots};
   |                      ^^^^^^^^^^^^^^^^^^^^^^^^^^^^^^^^^

warning: unused import: `crystal_quest_info_by_id`
   --> apps\simulation\src\runtime\packets.rs:108:5
    |
108 |     crystal_quest_info_by_id, crystal_quest_reward_selection_missing,
    |     ^^^^^^^^^^^^^^^^^^^^^^^^

warning: unused import: `intelligent_creature_default_rules`
   --> apps\simulation\src\runtime\packets.rs:125:5
    |
125 |     intelligent_creature_default_rules, is_in_world, mark_crystal_packet_action,
    |     ^^^^^^^^^^^^^^^^^^^^^^^^^^^^^^^^^^

warning: unused imports: `ZoneExperienceProfile` and `ZoneGuildExperienceMembership`
 --> apps\simulation\src\runtime\zone\mod.rs:6:22
  |
6 | pub use experience::{ZoneExperienceProfile,ZoneExperienceSelection,ZoneGuildExperienceMembership};
  |                      ^^^^^^^^^^^^^^^^^^^^^                         ^^^^^^^^^^^^^^^^^^^^^^^^^^^^^

warning: use of deprecated method `bevy_ecs::world::World::iter_entities`: use world.query::<EntityRef>()` instead
  --> apps\simulation\src\runtime\hero_cast.rs:61:22
   |
61 |     let target=world.iter_entities().find_map(|entry| {
   |                      ^^^^^^^^^^^^^
   |
   = note: `#[warn(deprecated)]` on by default

warning: use of deprecated method `bevy_ecs::world::World::iter_entities`: use world.query::<EntityRef>()` instead
   --> apps\simulation\src\runtime\monster_ai\great_fox_spirit.rs:163:28
    |
163 |     for candidate in world.iter_entities() {
    |                            ^^^^^^^^^^^^^

warning: use of deprecated method `bevy_ecs::world::World::iter_entities`: use world.query::<EntityRef>()` instead
    --> apps\simulation\src\runtime\packets.rs:7787:25
     |
7787 |     for entity in world.iter_entities() {
     |                         ^^^^^^^^^^^^^

warning: use of deprecated method `bevy_ecs::world::World::iter_entities`: use world.query::<EntityRef>()` instead
    --> apps\simulation\src\runtime\skills.rs:5013:10
     |
5013 |         .iter_entities()
     |          ^^^^^^^^^^^^^

warning: use of deprecated method `bevy_ecs::world::World::iter_entities`: use world.query::<EntityRef>()` instead
    --> apps\simulation\src\runtime\skills.rs:5096:10
     |
5096 |         .iter_entities()
     |          ^^^^^^^^^^^^^

warning: type `HeroSourceVersions` is more private than the item `config::AccountStoreRepositorySave::heroes`
   --> apps\simulation\src\config.rs:777:5
    |
777 |     pub(crate) heroes: hero_registry::HeroSourceVersions,
    |     ^^^^^^^^^^^^^^^^^^^^^^^^^^^^^^^^^^^^^^^^^^^^^^^^^^^^ field `config::AccountStoreRepositorySave::heroes` is reachable at visibility `pub(crate)`
    |
note: but type `HeroSourceVersions` is only usable at visibility `pub(in crate::config)`
   --> apps\simulation\src\config_hero_registry.rs:93:1
    |
 93 | pub(super) struct HeroSourceVersions {
    | ^^^^^^^^^^^^^^^^^^^^^^^^^^^^^^^^^^^^
    = note: `#[warn(private_interfaces)]` on by default

warning: type `ZoneCombatEntityRef` is more private than the item `tree_queen_ai::TreeQueenRoot::source_ref`
  --> apps\simulation\src\runtime\zone\runtime\tree_queen_ai.rs:39:5
   |
39 |     pub source_ref: Option<ZoneCombatEntityRef>,
   |     ^^^^^^^^^^^^^^^^^^^^^^^^^^^^^^^^^^^^^^^^^^^ field `tree_queen_ai::TreeQueenRoot::source_ref` is reachable at visibility `pub(in crate::runtime::zone)`
   |
note: but type `ZoneCombatEntityRef` is only usable at visibility `pub(in crate::runtime::zone::runtime)`
  --> apps\simulation\src\runtime\zone\runtime\entity_combat.rs:7:1
   |
 7 | pub(super) enum ZoneCombatEntityRef {
   | ^^^^^^^^^^^^^^^^^^^^^^^^^^^^^^^^^^^

warning: type `ZoneCombatEntityRef` is more private than the item `EvilMirState::target_ref`
  --> apps\simulation\src\runtime\zone\runtime\evil_mir_ai.rs:11:5
   |
11 |     pub target_ref: Option<ZoneCombatEntityRef>,
   |     ^^^^^^^^^^^^^^^^^^^^^^^^^^^^^^^^^^^^^^^^^^^ field `EvilMirState::target_ref` is reachable at visibility `pub(in crate::runtime::zone)`
   |
note: but type `ZoneCombatEntityRef` is only usable at visibility `pub(in crate::runtime::zone::runtime)`
  --> apps\simulation\src\runtime\zone\runtime\entity_combat.rs:7:1
   |
 7 | pub(super) enum ZoneCombatEntityRef {
   | ^^^^^^^^^^^^^^^^^^^^^^^^^^^^^^^^^^^

warning: type `ZoneCombatEntityRef` is more private than the item `EvilMirPendingSource::source`
  --> apps\simulation\src\runtime\zone\runtime\evil_mir_ai.rs:20:5
   |
20 |     pub source: ZoneCombatEntityRef,
   |     ^^^^^^^^^^^^^^^^^^^^^^^^^^^^^^^ field `EvilMirPendingSource::source` is reachable at visibility `pub(in crate::runtime::zone)`
   |
note: but type `ZoneCombatEntityRef` is only usable at visibility `pub(in crate::runtime::zone::runtime)`
  --> apps\simulation\src\runtime\zone\runtime\entity_combat.rs:7:1
   |
 7 | pub(super) enum ZoneCombatEntityRef {
   | ^^^^^^^^^^^^^^^^^^^^^^^^^^^^^^^^^^^

warning: type `ZoneCombatEntityRef` is more private than the item `GreatFoxState::target_ref`
  --> apps\simulation\src\runtime\zone\runtime\great_fox_ai.rs:15:5
   |
15 |     pub target_ref: Option<ZoneCombatEntityRef>,
   |     ^^^^^^^^^^^^^^^^^^^^^^^^^^^^^^^^^^^^^^^^^^^ field `GreatFoxState::target_ref` is reachable at visibility `pub(in crate::runtime::zone)`
   |
note: but type `ZoneCombatEntityRef` is only usable at visibility `pub(in crate::runtime::zone::runtime)`
  --> apps\simulation\src\runtime\zone\runtime\entity_combat.rs:7:1
   |
 7 | pub(super) enum ZoneCombatEntityRef {
   | ^^^^^^^^^^^^^^^^^^^^^^^^^^^^^^^^^^^

warning: type `ZoneCombatEntityRef` is more private than the item `GreatFoxHit::source_ref`
  --> apps\simulation\src\runtime\zone\runtime\great_fox_ai.rs:42:5
   |
42 |     pub source_ref: Option<ZoneCombatEntityRef>,
   |     ^^^^^^^^^^^^^^^^^^^^^^^^^^^^^^^^^^^^^^^^^^^ field `GreatFoxHit::source_ref` is reachable at visibility `pub(in crate::runtime::zone)`
   |
note: but type `ZoneCombatEntityRef` is only usable at visibility `pub(in crate::runtime::zone::runtime)`
  --> apps\simulation\src\runtime\zone\runtime\entity_combat.rs:7:1
   |
 7 | pub(super) enum ZoneCombatEntityRef {
   | ^^^^^^^^^^^^^^^^^^^^^^^^^^^^^^^^^^^

warning: type `ZoneCombatEntityRef` is more private than the item `GreatFoxHit::target_ref`
  --> apps\simulation\src\runtime\zone\runtime\great_fox_ai.rs:44:5
   |
44 |     pub target_ref: Option<ZoneCombatEntityRef>,
   |     ^^^^^^^^^^^^^^^^^^^^^^^^^^^^^^^^^^^^^^^^^^^ field `GreatFoxHit::target_ref` is reachable at visibility `pub(in crate::runtime::zone)`
   |
note: but type `ZoneCombatEntityRef` is only usable at visibility `pub(in crate::runtime::zone::runtime)`
  --> apps\simulation\src\runtime\zone\runtime\entity_combat.rs:7:1
   |
 7 | pub(super) enum ZoneCombatEntityRef {
   | ^^^^^^^^^^^^^^^^^^^^^^^^^^^^^^^^^^^

warning: type `ZoneCombatEntityRef` is more private than the item `HornedEncounterState::target_ref`
  --> apps\simulation\src\runtime\zone\runtime\horned_encounter_ai.rs:12:5
   |
12 |     pub target_ref: Option<ZoneCombatEntityRef>,
   |     ^^^^^^^^^^^^^^^^^^^^^^^^^^^^^^^^^^^^^^^^^^^ field `HornedEncounterState::target_ref` is reachable at visibility `pub(in crate::runtime::zone)`
   |
note: but type `ZoneCombatEntityRef` is only usable at visibility `pub(in crate::runtime::zone::runtime)`
  --> apps\simulation\src\runtime\zone\runtime\entity_combat.rs:7:1
   |
 7 | pub(super) enum ZoneCombatEntityRef {
   | ^^^^^^^^^^^^^^^^^^^^^^^^^^^^^^^^^^^

warning: type `ZoneCombatEntityRef` is more private than the item `HornedEncounterHit::source_ref`
  --> apps\simulation\src\runtime\zone\runtime\horned_encounter_ai.rs:38:5
   |
38 |     pub source_ref: Option<ZoneCombatEntityRef>,
   |     ^^^^^^^^^^^^^^^^^^^^^^^^^^^^^^^^^^^^^^^^^^^ field `HornedEncounterHit::source_ref` is reachable at visibility `pub(in crate::runtime::zone)`
   |
note: but type `ZoneCombatEntityRef` is only usable at visibility `pub(in crate::runtime::zone::runtime)`
  --> apps\simulation\src\runtime\zone\runtime\entity_combat.rs:7:1
   |
 7 | pub(super) enum ZoneCombatEntityRef {
   | ^^^^^^^^^^^^^^^^^^^^^^^^^^^^^^^^^^^

warning: type `ZoneCombatEntityRef` is more private than the item `HornedEncounterHit::target_ref`
  --> apps\simulation\src\runtime\zone\runtime\horned_encounter_ai.rs:41:5
   |
41 |     pub target_ref: Option<ZoneCombatEntityRef>,
   |     ^^^^^^^^^^^^^^^^^^^^^^^^^^^^^^^^^^^^^^^^^^^ field `HornedEncounterHit::target_ref` is reachable at visibility `pub(in crate::runtime::zone)`
   |
note: but type `ZoneCombatEntityRef` is only usable at visibility `pub(in crate::runtime::zone::runtime)`
  --> apps\simulation\src\runtime\zone\runtime\entity_combat.rs:7:1
   |
 7 | pub(super) enum ZoneCombatEntityRef {
   | ^^^^^^^^^^^^^^^^^^^^^^^^^^^^^^^^^^^

warning: type `ZoneCombatEntityRef` is more private than the item `HornedMapSpell::source_ref`
  --> apps\simulation\src\runtime\zone\runtime\horned_encounter_ai.rs:60:5
   |
60 |     pub source_ref: Option<ZoneCombatEntityRef>,
   |     ^^^^^^^^^^^^^^^^^^^^^^^^^^^^^^^^^^^^^^^^^^^ field `HornedMapSpell::source_ref` is reachable at visibility `pub(in crate::runtime::zone)`
   |
note: but type `ZoneCombatEntityRef` is only usable at visibility `pub(in crate::runtime::zone::runtime)`
  --> apps\simulation\src\runtime\zone\runtime\entity_combat.rs:7:1
   |
 7 | pub(super) enum ZoneCombatEntityRef {
   | ^^^^^^^^^^^^^^^^^^^^^^^^^^^^^^^^^^^

warning: type `ZoneCombatEntityRef` is more private than the item `HornedState::target_ref`
  --> apps\simulation\src\runtime\zone\runtime\horned_ai.rs:14:5
   |
14 |     pub target_ref: Option<ZoneCombatEntityRef>,
   |     ^^^^^^^^^^^^^^^^^^^^^^^^^^^^^^^^^^^^^^^^^^^ field `HornedState::target_ref` is reachable at visibility `pub(in crate::runtime::zone)`
   |
note: but type `ZoneCombatEntityRef` is only usable at visibility `pub(in crate::runtime::zone::runtime)`
  --> apps\simulation\src\runtime\zone\runtime\entity_combat.rs:7:1
   |
 7 | pub(super) enum ZoneCombatEntityRef {
   | ^^^^^^^^^^^^^^^^^^^^^^^^^^^^^^^^^^^

warning: type `ZoneCombatEntityRef` is more private than the item `HornedHit::source_ref`
  --> apps\simulation\src\runtime\zone\runtime\horned_ai.rs:28:5
   |
28 |     pub source_ref: Option<ZoneCombatEntityRef>,
   |     ^^^^^^^^^^^^^^^^^^^^^^^^^^^^^^^^^^^^^^^^^^^ field `HornedHit::source_ref` is reachable at visibility `pub(in crate::runtime::zone)`
   |
note: but type `ZoneCombatEntityRef` is only usable at visibility `pub(in crate::runtime::zone::runtime)`
  --> apps\simulation\src\runtime\zone\runtime\entity_combat.rs:7:1
   |
 7 | pub(super) enum ZoneCombatEntityRef {
   | ^^^^^^^^^^^^^^^^^^^^^^^^^^^^^^^^^^^

warning: type `ZoneCombatEntityRef` is more private than the item `HornedHit::target_ref`
  --> apps\simulation\src\runtime\zone\runtime\horned_ai.rs:30:5
   |
30 |     pub target_ref: Option<ZoneCombatEntityRef>,
   |     ^^^^^^^^^^^^^^^^^^^^^^^^^^^^^^^^^^^^^^^^^^^ field `HornedHit::target_ref` is reachable at visibility `pub(in crate::runtime::zone)`
   |
note: but type `ZoneCombatEntityRef` is only usable at visibility `pub(in crate::runtime::zone::runtime)`
  --> apps\simulation\src\runtime\zone\runtime\entity_combat.rs:7:1
   |
 7 | pub(super) enum ZoneCombatEntityRef {
   | ^^^^^^^^^^^^^^^^^^^^^^^^^^^^^^^^^^^

warning: type `ZoneCombatEntityRef` is more private than the item `HellState::explosion_source_ref`
  --> apps\simulation\src\runtime\zone\runtime\hell_ai.rs:14:5
   |
14 |     pub explosion_source_ref: Option<ZoneCombatEntityRef>,
   |     ^^^^^^^^^^^^^^^^^^^^^^^^^^^^^^^^^^^^^^^^^^^^^^^^^^^^^ field `HellState::explosion_source_ref` is reachable at visibility `pub(in crate::runtime::zone)`
   |
note: but type `ZoneCombatEntityRef` is only usable at visibility `pub(in crate::runtime::zone::runtime)`
  --> apps\simulation\src\runtime\zone\runtime\entity_combat.rs:7:1
   |
 7 | pub(super) enum ZoneCombatEntityRef {
   | ^^^^^^^^^^^^^^^^^^^^^^^^^^^^^^^^^^^

warning: type `ZoneCombatEntityRef` is more private than the item `SpiderAiState::parent_ref`
  --> apps\simulation\src\runtime\zone\runtime\spider_ai.rs:40:5
   |
40 |     pub parent_ref: Option<ZoneCombatEntityRef>,
   |     ^^^^^^^^^^^^^^^^^^^^^^^^^^^^^^^^^^^^^^^^^^^ field `SpiderAiState::parent_ref` is reachable at visibility `pub(in crate::runtime::zone)`
   |
note: but type `ZoneCombatEntityRef` is only usable at visibility `pub(in crate::runtime::zone::runtime)`
  --> apps\simulation\src\runtime\zone\runtime\entity_combat.rs:7:1
   |
 7 | pub(super) enum ZoneCombatEntityRef {
   | ^^^^^^^^^^^^^^^^^^^^^^^^^^^^^^^^^^^

warning: type `ZoneCombatEntityRef` is more private than the item `PendingRootSpiderSpawn::source`
  --> apps\simulation\src\runtime\zone\runtime\spider_ai.rs:52:5
   |
52 |     pub source: Option<ZoneCombatEntityRef>,
   |     ^^^^^^^^^^^^^^^^^^^^^^^^^^^^^^^^^^^^^^^ field `PendingRootSpiderSpawn::source` is reachable at visibility `pub(in crate::runtime::zone)`
   |
note: but type `ZoneCombatEntityRef` is only usable at visibility `pub(in crate::runtime::zone::runtime)`
  --> apps\simulation\src\runtime\zone\runtime\entity_combat.rs:7:1
   |
 7 | pub(super) enum ZoneCombatEntityRef {
   | ^^^^^^^^^^^^^^^^^^^^^^^^^^^^^^^^^^^

warning: type `ZoneCombatEntityRef` is more private than the item `PendingRootSpiderSpawn::target`
  --> apps\simulation\src\runtime\zone\runtime\spider_ai.rs:54:5
   |
54 |     pub target: Option<ZoneCombatEntityRef>,
   |     ^^^^^^^^^^^^^^^^^^^^^^^^^^^^^^^^^^^^^^^ field `PendingRootSpiderSpawn::target` is reachable at visibility `pub(in crate::runtime::zone)`
   |
note: but type `ZoneCombatEntityRef` is only usable at visibility `pub(in crate::runtime::zone::runtime)`
  --> apps\simulation\src\runtime\zone\runtime\entity_combat.rs:7:1
   |
 7 | pub(super) enum ZoneCombatEntityRef {
   | ^^^^^^^^^^^^^^^^^^^^^^^^^^^^^^^^^^^

warning: methods `scoped_to_account` and `scoped_to_accounts` are never used
   --> apps\simulation\src\config.rs:292:8
    |
159 | impl AccountStore {
    | ----------------- methods in this implementation
...
292 |     fn scoped_to_account(&self, account_id: &str) -> Self {
    |        ^^^^^^^^^^^^^^^^^
...
296 |     fn scoped_to_accounts(&self, account_ids: &[&str]) -> Self {
    |        ^^^^^^^^^^^^^^^^^^
    |
    = note: `#[warn(dead_code)]` (part of `#[warn(unused)]`) on by default

warning: variant `AccountsWithHeroes` is never constructed
   --> apps\simulation\src\config.rs:373:5
    |
370 | enum AccountStoreMutationScope<'a> {
    |      ------------------------- variant in this enum
...
373 |     AccountsWithHeroes { account_ids: &'a [String], hero_ids: &'a [i32], allocate: bool },
    |     ^^^^^^^^^^^^^^^^^^
    |
    = note: `AccountStoreMutationScope` has derived impls for the traits `Clone` and `Debug`, but these are intentionally ignored during dead code analysis

warning: field `admitted_minutes` is never read
  --> apps\simulation\src\config_guild_clock_transactions.rs:13:9
   |
 6 | pub(in crate::config) struct GuildClockCommitReceipt {
   |                              ----------------------- field in this struct
...
13 |     pub admitted_minutes: u64,
   |         ^^^^^^^^^^^^^^^^
   |
   = note: `GuildClockCommitReceipt` has derived impls for the traits `Clone` and `Debug`, but these are intentionally ignored during dead code analysis

warning: function `commit_postgres_tick` is never used
  --> apps\simulation\src\config_guild_clock_transactions.rs:17:26
   |
17 | pub(in crate::config) fn commit_postgres_tick(
   |                          ^^^^^^^^^^^^^^^^^^^^

warning: function `commit_postgres_tick_checked` is never used
  --> apps\simulation\src\config_guild_clock_transactions.rs:24:26
   |
24 | pub(in crate::config) fn commit_postgres_tick_checked(
   |                          ^^^^^^^^^^^^^^^^^^^^^^^^^^^^

warning: method `item_identity_path` is never used
   --> apps\simulation\src\config_file_authority.rs:102:19
    |
 99 | impl FileAuthority {
    | ------------------ method in this implementation
...
102 |     pub(super) fn item_identity_path(&self, config: &SimulationConfig) -> Result<PathBuf, String> {
    |                   ^^^^^^^^^^^^^^^^^^

warning: method `refresh_shared_hero_authority` is never used
 --> apps\simulation\src\config_hero_authority.rs:8:19
  |
7 | impl SimulationConfig {
  | --------------------- method in this implementation
8 |     pub(crate) fn refresh_shared_hero_authority(&self)->Result<(),String>{
  |                   ^^^^^^^^^^^^^^^^^^^^^^^^^^^^^

warning: method `shared_guild_authority_snapshot` is never used
   --> apps\simulation\src\config_shared_guilds.rs:845:19
    |
844 | impl SimulationConfig {
    | --------------------- method in this implementation
845 |     pub(crate) fn shared_guild_authority_snapshot(
    |                   ^^^^^^^^^^^^^^^^^^^^^^^^^^^^^^^

warning: variant `MacAgility` is never constructed
   --> apps\simulation\src\runtime\combat.rs:780:5
    |
773 | pub(super) enum CrystalDefence {
    |                 -------------- variant in this enum
...
780 |     MacAgility,
    |     ^^^^^^^^^^
    |
    = note: `CrystalDefence` has derived impls for the traits `Debug` and `Clone`, but these are intentionally ignored during dead code analysis

warning: constant `CRYSTAL_BAG_WEIGHT_LIMIT` is never used
  --> apps\simulation\src\runtime\drops.rs:70:18
   |
70 | pub(super) const CRYSTAL_BAG_WEIGHT_LIMIT: u32 = 100;
   |                  ^^^^^^^^^^^^^^^^^^^^^^^^

warning: function `resolved_monster_drop_templates_at_tick` is never used
   --> apps\simulation\src\runtime\drops.rs:464:15
    |
464 | pub(super) fn resolved_monster_drop_templates_at_tick(
    |               ^^^^^^^^^^^^^^^^^^^^^^^^^^^^^^^^^^^^^^^

warning: function `crystal_monster_drop_templates` is never used
   --> apps\simulation\src\runtime\drops.rs:535:15
    |
535 | pub(super) fn crystal_monster_drop_templates(
    |               ^^^^^^^^^^^^^^^^^^^^^^^^^^^^^^

warning: function `crystal_resolve_group_drop` is never used
   --> apps\simulation\src\runtime\drops.rs:610:15
    |
610 | pub(super) fn crystal_resolve_group_drop(
    |               ^^^^^^^^^^^^^^^^^^^^^^^^^^

warning: function `crystal_drop_entry_should_drop` is never used
   --> apps\simulation\src\runtime\drops.rs:665:15
    |
665 | pub(super) fn crystal_drop_entry_should_drop(
    |               ^^^^^^^^^^^^^^^^^^^^^^^^^^^^^^

warning: method `socketed_count` is never used
   --> apps\simulation\src\runtime\equipment.rs:303:19
    |
119 | impl EquipmentState {
    | ------------------- method in this implementation
...
303 |     pub(super) fn socketed_count(&self) -> usize {
    |                   ^^^^^^^^^^^^^^

warning: function `equipment_state_identified` is never used
   --> apps\simulation\src\runtime\equipment.rs:308:15
    |
308 | pub(super) fn equipment_state_identified(item: &EquipmentState) -> bool {
    |               ^^^^^^^^^^^^^^^^^^^^^^^^^^

warning: function `equipment_state_soul_bound_id` is never used
   --> apps\simulation\src\runtime\equipment.rs:313:15
    |
313 | pub(super) fn equipment_state_soul_bound_id(item: &EquipmentState) -> i32 {
    |               ^^^^^^^^^^^^^^^^^^^^^^^^^^^^^

warning: function `hero_inventory_equipment_slot` is never used
   --> apps\simulation\src\runtime\hero_ai.rs:180:4
    |
180 | fn hero_inventory_equipment_slot(item: &ItemState) -> Option<EquipmentSlot> {
    |    ^^^^^^^^^^^^^^^^^^^^^^^^^^^^^

warning: function `hero_inventory_item_is_broken` is never used
   --> apps\simulation\src\runtime\hero_ai.rs:185:4
    |
185 | fn hero_inventory_item_is_broken(item: &ItemState) -> bool {
    |    ^^^^^^^^^^^^^^^^^^^^^^^^^^^^^

warning: function `hero_inventory_item_modeled_base_stat` is never used
   --> apps\simulation\src\runtime\hero_ai.rs:189:4
    |
189 | fn hero_inventory_item_modeled_base_stat(item: &ItemState, stat: u8) -> i32 {
    |    ^^^^^^^^^^^^^^^^^^^^^^^^^^^^^^^^^^^^^

warning: function `hero_inventory_item_crystal_stat` is never used
   --> apps\simulation\src\runtime\hero_ai.rs:197:4
    |
197 | fn hero_inventory_item_crystal_stat(item: &ItemState, stat: u8) -> i32 {
    |    ^^^^^^^^^^^^^^^^^^^^^^^^^^^^^^^^

warning: function `hero_inventory_crystal_stat_total` is never used
   --> apps\simulation\src\runtime\hero_ai.rs:214:15
    |
214 | pub(super) fn hero_inventory_crystal_stat_total(world: &World, stat: u8) -> i32 {
    |               ^^^^^^^^^^^^^^^^^^^^^^^^^^^^^^^^^

warning: enum `CarrierOrigin` is never used
 --> apps\simulation\src\runtime\hero_registry_carriers.rs:8:17
  |
8 | pub(super) enum CarrierOrigin { External, Hero(i32) }
  |                 ^^^^^^^^^^^^^

warning: struct `HeroCarrierCensus` is never constructed
  --> apps\simulation\src\runtime\hero_registry_carriers.rs:10:19
   |
10 | pub(super) struct HeroCarrierCensus {
   |                   ^^^^^^^^^^^^^^^^^

warning: methods `node`, `record`, `record_unresolved_legacy`, and `validate` are never used
  --> apps\simulation\src\runtime\hero_registry_carriers.rs:15:8
   |
14 | impl HeroCarrierCensus {
   | ---------------------- methods in this implementation
15 |     fn node(&mut self,item:&UserItem,origin:CarrierOrigin)->Result<(),String>{
   |        ^^^^
...
27 |     pub fn record(&mut self,item:&UserItem,origin:CarrierOrigin)->Result<(),String>{
   |            ^^^^^^
...
42 |     pub fn record_unresolved_legacy(&mut self,root:&super::items::ItemState)->Result<(),String>{
   |            ^^^^^^^^^^^^^^^^^^^^^^^^
...
70 |     pub fn validate(&self,heroes:&BTreeMap<i32,SharedHeroRecord>,owned_ids:&BTreeSet<u64>)->Result<(),String>{
   |            ^^^^^^^^

warning: function `decode` is never used
 --> apps\simulation\src\runtime\hero_registry_scan.rs:8:4
  |
8 | fn decode<T:DeserializeOwned>(value:&str)->Result<T,String>{serde_json::from_str(value).map_err(|error|format!("invalid Hero custody ...
  |    ^^^^^^

warning: function `add_wire` is never used
 --> apps\simulation\src\runtime\hero_registry_scan.rs:9:4
  |
9 | fn add_wire(census:&mut HeroCarrierCensus,item:&UserItem,origin:CarrierOrigin,forbidden_bind:u16)->Result<(),String>{
  |    ^^^^^^^^

warning: function `add_items` is never used
  --> apps\simulation\src\runtime\hero_registry_scan.rs:21:4
   |
21 | fn add_items(census:&mut HeroCarrierCensus,encoded:&[String],origin:CarrierOrigin,forbidden:u16)->Result<(),String>{
   |    ^^^^^^^^^

warning: function `add_character` is never used
  --> apps\simulation\src\runtime\hero_registry_scan.rs:32:4
   |
32 | fn add_character(census:&mut HeroCarrierCensus,save:&CharacterSaveRecord,mirrored:bool)->Result<(),String>{
   |    ^^^^^^^^^^^^^

warning: function `validate_shared_hero_physical_custody` is never used
  --> apps\simulation\src\runtime\hero_registry_scan.rs:86:15
   |
86 | pub(crate) fn validate_shared_hero_physical_custody(store:&AccountStore)->Result<(),String>{
   |               ^^^^^^^^^^^^^^^^^^^^^^^^^^^^^^^^^^^^^

warning: function `hero_inventory_item_is_broken` is never used
    --> apps\simulation\src\runtime\items.rs:3452:4
     |
3452 | fn hero_inventory_item_is_broken(item: &ItemState) -> bool {
     |    ^^^^^^^^^^^^^^^^^^^^^^^^^^^^^

warning: function `hero_inventory_requirement_stat` is never used
    --> apps\simulation\src\runtime\items.rs:3456:4
     |
3456 | fn hero_inventory_requirement_stat(item: &ItemState, stat: u8) -> i32 {
     |    ^^^^^^^^^^^^^^^^^^^^^^^^^^^^^^^

warning: function `repair_conquest_asset` is never used
    --> apps\simulation\src\runtime\monsters.rs:1878:15
     |
1878 | pub(super) fn repair_conquest_asset(world: &mut World, ai: u8, asset_id: u8) -> bool {
     |               ^^^^^^^^^^^^^^^^^^^^^

warning: function `crystal_npc_visible_to_character` is never used
   --> apps\simulation\src\runtime\npc.rs:245:15
    |
245 | pub(super) fn crystal_npc_visible_to_character(
    |               ^^^^^^^^^^^^^^^^^^^^^^^^^^^^^^^^

warning: function `complete_quest` is never used
    --> apps\simulation\src\runtime\quests.rs:1052:15
     |
1052 | pub(super) fn complete_quest(world: &mut World, quest_id: i32) {
     |               ^^^^^^^^^^^^^^

warning: function `quest_info_by_id_unchecked` is never used
   --> apps\simulation\src\runtime\newcomer_v2.rs:231:27
    |
231 | pub(in crate::runtime) fn quest_info_by_id_unchecked(quest_id: i32) -> Option<ClientQuestInfo> {
    |                           ^^^^^^^^^^^^^^^^^^^^^^^^^^

warning: function `default_save_for_character` is never used
  --> apps\simulation\src\runtime\save.rs:76:15
   |
76 | pub(super) fn default_save_for_character(
   |               ^^^^^^^^^^^^^^^^^^^^^^^^^^

warning: function `persist_character_save` is never used
   --> apps\simulation\src\runtime\save.rs:921:15
    |
921 | pub(super) fn persist_character_save(
    |               ^^^^^^^^^^^^^^^^^^^^^^

warning: function `bank_mentor_gain` is never used
   --> apps\simulation\src\runtime\shared_relationships.rs:321:15
    |
321 | pub(super) fn bank_mentor_gain(
    |               ^^^^^^^^^^^^^^^^

warning: method `game_shop_buy_product` is never used
    --> apps\simulation\src\runtime\stage5.rs:4304:8
     |
3234 | impl SimulationSession {
     | ---------------------- method in this implementation
...
4304 |     fn game_shop_buy_product(
     |        ^^^^^^^^^^^^^^^^^^^^^

warning: struct `ZoneExperienceProfile` is never constructed
  --> apps\simulation\src\runtime\zone\experience.rs:13:12
   |
13 | pub struct ZoneExperienceProfile {
   |            ^^^^^^^^^^^^^^^^^^^^^

warning: method `select` is never used
  --> apps\simulation\src\runtime\zone\experience.rs:41:19
   |
40 | impl ZoneExperienceProfile {
   | -------------------------- method in this implementation
41 |     pub(super) fn select(
   |                   ^^^^^^

warning: function `hell_can_move` is never used
  --> apps\simulation\src\runtime\zone\runtime\hell_ai.rs:68:15
   |
68 | pub(super) fn hell_can_move(m: &ZoneNativeMonster) -> bool {
   |               ^^^^^^^^^^^^^

warning: function `hell_can_regen` is never used
  --> apps\simulation\src\runtime\zone\runtime\hell_ai.rs:74:15
   |
74 | pub(super) fn hell_can_regen(m: &ZoneNativeMonster) -> bool {
   |               ^^^^^^^^^^^^^^

warning: methods `blocking` and `set_replay_seed` are never used
   --> apps\simulation\src\runtime\zone\intelligent_creatures.rs:183:12
    |
112 | impl ZoneIntelligentCreature {
    | ---------------------------- methods in this implementation
...
183 |     pub fn blocking(&self) -> bool {
    |            ^^^^^^^^
...
187 |     pub fn set_replay_seed(&mut self, seed: u64) {
    |            ^^^^^^^^^^^^^^^

warning: `mir2-simulation` (lib) generated 75 warnings (run `cargo fix --lib -p mir2-simulation` to apply 7 suggestions)
   Compiling mir2-gateway v0.1.0 (E:\mir2-player-journey\mir2-web3\apps\gateway)
warning: variable does not need to be mutable
    --> apps\gateway\src\routing.rs:3997:13
     |
3997 |         let mut current_player_heals = Vec::new();
     |             ----^^^^^^^^^^^^^^^^^^^^
     |             |
     |             help: remove this `mut`
     |
     = note: `#[warn(unused_mut)]` (part of `#[warn(unused)]`) on by default

warning: `mir2-gateway` (lib test) generated 1 warning (run `cargo fix --lib -p mir2-gateway --tests` to apply 1 suggestion)
    Finished `test` profile [unoptimized + debuginfo] target(s) in 2m 16s
