--------- beginning of main
10-03 02:15:58.042 24896 24896 I .web3.uiprevie: Late-enabling -Xcheck:jni
10-03 02:15:58.069 24896 24896 D CompatibilityChangeReporter: Compat change id reported: 171979766; UID 10146; state: ENABLED
10-03 02:15:58.103 24896 24896 V GraphicsEnvironment: ANGLE Developer option for 'com.mir2.web3.uipreview' set to: 'default'
10-03 02:15:58.103 24896 24896 V GraphicsEnvironment: Neither updatable production driver nor prerelease driver is supported.
10-03 02:15:58.104 24896 24896 D NetworkSecurityConfig: No Network Security Config specified, using platform default
10-03 02:15:58.104 24896 24896 D NetworkSecurityConfig: No Network Security Config specified, using platform default
10-03 02:15:58.134 24896 24916 D libEGL  : loaded /vendor/lib64/egl/libEGL_emulation.so
10-03 02:15:58.135 24896 24916 D libEGL  : loaded /vendor/lib64/egl/libGLESv1_CM_emulation.so
10-03 02:15:58.136 24896 24916 D libEGL  : loaded /vendor/lib64/egl/libGLESv2_emulation.so
10-03 02:15:58.157 24896 24896 D AppCompatDelegate: Checking for metadata for AppLocalesMetadataHolderService : Service not found
10-03 02:15:58.166 24896 24896 D gti.InputConnection: InputConnection created
10-03 02:15:58.169 24896 24896 D gti.InputConnection: setEditorInfo
10-03 02:15:58.172 24896 24896 W .web3.uiprevie: Accessing hidden method Landroid/view/ViewGroup;->makeOptionalFitsSystemWindows()V (unsupported, reflection, allowed)
10-03 02:15:58.173 24896 24896 I GameActivity: Looking for library libmir2_platform_android.so
10-03 02:15:58.173 24896 24896 I GameActivity: Found library libmir2_platform_android.so. Loading...
10-03 02:15:58.174 24896 24896 D GameActivity: GameActivity_register
10-03 02:15:58.174 24896 24896 V GameActivity: Registering com/google/androidgamesdk/GameActivity's 24 native methods...
10-03 02:15:58.175 24896 24896 D GameActivity: SDK version: 31
10-03 02:15:58.175 24896 24896 I android-activity: Creating: Activity = 0x1696, saved state size = 0
10-03 02:15:58.177 24896 24896 V threaded_app: Creating: 0xb40000753583f2f0
10-03 02:15:58.177 24896 24896 V threaded_app: Callbacks set: 0xb40000753583f340
10-03 02:15:58.178 24896 24896 V threaded_app: Launching android_app_entry in a thread
10-03 02:15:58.178 24896 24918 V threaded_app: android_app_entry called
10-03 02:15:58.178 24896 24918 V threaded_app: android_app = 0xb400007515844790
10-03 02:15:58.178 24896 24918 V threaded_app: config = 0xb40000748583fc10
10-03 02:15:58.178 24896 24918 V threaded_app: activity = 0xb40000753583f2f0
10-03 02:15:58.178 24896 24918 V threaded_app: assetmanager = 0xb400007535840bf0
10-03 02:15:58.178 24896 24918 V threaded_app: Config: mcc=310 mnc=260 lang=en cnt=US orien=2 touch=3 dens=440 keys=2 nav=2 keysHid=1 navHid=0 sdk=31 size=2 long=2 modetype=1 modenight=1
10-03 02:15:58.188 24896 24918 D HostConnection: createUnique: call
10-03 02:15:58.188 24896 24918 D HostConnection: HostConnection::get() New Host Connection established 0xb4000074d583c790, tid 24918
10-03 02:15:58.190 24896 24918 D HostConnection: HostComposition ext ANDROID_EMU_CHECKSUM_HELPER_v1 ANDROID_EMU_native_sync_v2 ANDROID_EMU_native_sync_v3 ANDROID_EMU_native_sync_v4 ANDROID_EMU_dma_v1 ANDROID_EMU_direct_mem ANDROID_EMU_host_composition_v1 ANDROID_EMU_host_composition_v2 ANDROID_EMU_vulkan ANDROID_EMU_deferred_vulkan_commands ANDROID_EMU_vulkan_null_optional_strings ANDROID_EMU_vulkan_create_resources_with_requirements ANDROID_EMU_YUV_Cache ANDROID_EMU_vulkan_ignored_handles ANDROID_EMU_has_shared_slots_host_memory_allocator ANDROID_EMU_vulkan_free_memory_sync ANDROID_EMU_vulkan_shader_float16_int8 ANDROID_EMU_vulkan_async_queue_submit ANDROID_EMU_vulkan_queue_submit_with_commands ANDROID_EMU_sync_buffer_data ANDROID_EMU_vulkan_async_qsri ANDROID_EMU_read_color_buffer_dma ANDROID_EMU_hwc_color_transform GL_OES_EGL_image_external_essl3 GL_OES_vertex_array_object ANDROID_EMU_host_side_tracing ANDROID_EMU_gles_max_version_3_0 
10-03 02:15:58.192 24896 24918 D EGL_emulation: eglCreateContext: 0xb4000074d5838950: maj 3 min 0 rcv 3
10-03 02:15:58.195 24896 24918 D EGL_emulation: eglMakeCurrent: 0xb4000074d5838950: ver 3 0 (tinfo 0x76fbc37080) (first time)
10-03 02:15:58.210 24896 24918 I event /Users/henryliu/obelisk/numeron-worktrees/android-shared-sync/mir2-web3/third_party/bevyAdapterInfo { name: "Android Emulator OpenGL ES Translator (Apple M1 Max)", vendor: 4203, device: 0, device_type: IntegratedGpu, device_pci_bus_id: "", driver: "", driver_info: "OpenGL ES 3.0 (4.1 Metal - 89.4)", backend: Gl, subgroup_min_size: 4, subgroup_max_size: 128, transient_saves_memory: false }
10-03 02:15:58.210 24896 24917 I RustStdoutStderr: [2m2026-10-02T18:15:58.210594Z[0m [32m INFO[0m [2mbevy_render::renderer[0m[2m:[0m AdapterInfo { name: "Android Emulator OpenGL ES Translator (Apple M1 Max)", vendor: 4203, device: 0, device_type: IntegratedGpu, device_pci_bus_id: "", driver: "", driver_info: "OpenGL ES 3.0 (4.1 Metal - 89.4)", backend: Gl, subgroup_min_size: 4, subgroup_max_size: 128, transient_saves_memory: false }
10-03 02:15:58.246 24896 24896 V GameActivity: onStart_native
10-03 02:15:58.246 24896 24896 V threaded_app: Start: 0xb40000753583f2f0
10-03 02:15:58.279 24896 24918 I event /Users/henryliu/obelisk/numeron-worktrees/android-shared-sync/mir2-web3/third_party/bevySparse buffer updates disabled. RenderDevice lacks support: max_storage_buffers_per_shader_stage (0) < 3.
10-03 02:15:58.279 24896 24918 W event /Users/henryliu/.cargo/registry/src/index.crates.io-1949cf8c6b5b557f/bevy_core_pipeline-OrderIndependentTransparencyPlugin not loaded. GPU lacks support: DownlevelFlags::FRAGMENT_WRITABLE_STORAGE.
10-03 02:15:58.279 24896 24918 W event /Users/henryliu/.cargo/registry/src/index.crates.io-1949cf8c6b5b557f/bevy_core_pipeline-BackgroundMotionVectorsPlugin not loaded. GPU lacks support for required downlevel capability flags: DownlevelFlags(INDEPENDENT_BLEND).
10-03 02:15:58.280 24896 24917 I RustStdoutStderr: [2m2026-10-02T18:15:58.279598Z[0m [32m INFO[0m [2mbevy_render::render_resource::sparse_buffer_vec[0m[2m:[0m Sparse buffer updates disabled. RenderDevice lacks support: max_storage_buffers_per_shader_stage (0) < 3.
10-03 02:15:58.280 24896 24917 I RustStdoutStderr: [2m2026-10-02T18:15:58.279839Z[0m [33m WARN[0m [2mbevy_core_pipeline::oit::resolve[0m[2m:[0m OrderIndependentTransparencyPlugin not loaded. GPU lacks support: DownlevelFlags::FRAGMENT_WRITABLE_STORAGE.
10-03 02:15:58.280 24896 24917 I RustStdoutStderr: [2m2026-10-02T18:15:58.279860Z[0m [33m WARN[0m [2mbevy_core_pipeline::prepass::background_motion_vectors[0m[2m:[0m BackgroundMotionVectorsPlugin not loaded. GPU lacks support for required downlevel capability flags: DownlevelFlags(INDEPENDENT_BLEND).
10-03 02:15:58.334 24896 24917 I RustStdoutStderr: [2m2026-10-02T18:15:58.334784Z[0m [32m INFO[0m [2mbevy_render::batching::gpu_preprocessing[0m[2m:[0m GPU preprocessing is not supported on this device. Falling back to CPU preprocessing.
10-03 02:15:58.334 24896 24918 I event /Users/henryliu/obelisk/numeron-worktrees/android-shared-sync/mir2-web3/third_party/bevyGPU preprocessing is not supported on this device. Falling back to CPU preprocessing.
10-03 02:15:58.366 24896 24918 V threaded_app: activityState=11
10-03 02:15:58.366 24896 24917 I RustStdoutStderr: [2m2026-10-02T18:15:58.366407Z[0m [33m WARN[0m [2mwinit::platform_impl::android[0m[2m:[0m TODO: forward onStart notification to application
10-03 02:15:58.366 24896 24918 W event /Users/henryliu/.cargo/registry/src/index.crates.io-1949cf8c6b5b557f/winit-0.30.13/src/pTODO: forward onStart notification to application
10-03 02:15:58.367 24896 24896 V threaded_app: Resume: 0xb40000753583f2f0
10-03 02:15:58.367 24896 24918 V threaded_app: activityState=12
10-03 02:15:58.375 24896 24896 V GameActivity: onImeInsetsChanged from Text Listener
10-03 02:15:58.376 24896 24896 V threaded_app: WindowInsetsChanged: 0xb40000753583f2f0
10-03 02:15:58.377 24896 24917 I RustStdoutStderr: [2m2026-10-02T18:15:58.377915Z[0m [33m WARN[0m [2mwinit::platform_impl::android[0m[2m:[0m TODO: handle Android InsetsChanged notification
10-03 02:15:58.377 24896 24918 W event /Users/henryliu/.cargo/registry/src/index.crates.io-1949cf8c6b5b557f/winit-0.30.13/src/pTODO: handle Android InsetsChanged notification
10-03 02:15:58.382 24896 24914 D HostConnection: createUnique: call
10-03 02:15:58.382 24896 24914 D HostConnection: HostConnection::get() New Host Connection established 0xb4000074d5853a10, tid 24914
10-03 02:15:58.382 24896 24896 V threaded_app: ContentRectChanged: 0xb40000753583f2f0 -- (0 0) (2340 1080)
10-03 02:15:58.383 24896 24917 I RustStdoutStderr: [2m2026-10-02T18:15:58.383027Z[0m [33m WARN[0m [2mwinit::platform_impl::android[0m[2m:[0m TODO: find a way to notify application of content rect change
10-03 02:15:58.383 24896 24918 W event /Users/henryliu/.cargo/registry/src/index.crates.io-1949cf8c6b5b557f/winit-0.30.13/src/pTODO: find a way to notify application of content rect change
10-03 02:15:58.384 24896 24896 V GameActivity: onSurfaceCreated_native
10-03 02:15:58.384 24896 24896 V threaded_app: NativeWindowCreated: 0xb40000753583f2f0 -- 0xb4000075c59e36f0
10-03 02:15:58.384 24896 24896 V threaded_app: android_app_set_window called
10-03 02:15:58.384 24896 24918 V threaded_app: APP_CMD_INIT_WINDOW
10-03 02:15:58.384 24896 24896 V threaded_app: NativeWindowResized: 0xb40000753583f2f0 -- 0xb4000075c59e36f0 ( 2340 x 1080 )
10-03 02:15:58.384 24896 24896 V threaded_app: NativeWindowRedrawNeeded: 0xb40000753583f2f0 -- 0xb4000075c59e36f0
10-03 02:15:58.384 24896 24918 I event /Users/henryliu/.cargo/registry/src/index.crates.io-1949cf8c6b5b557f/bevy_winit-0.19.0/sCreating new window mir2-web3 (android) (105v0)
10-03 02:15:58.384 24896 24917 I RustStdoutStderr: [2m2026-10-02T18:15:58.384576Z[0m [32m INFO[0m [2mbevy_winit::system[0m[2m:[0m Creating new window mir2-web3 (android) (105v0)
10-03 02:15:58.384 24896 24914 D HostConnection: HostComposition ext ANDROID_EMU_CHECKSUM_HELPER_v1 ANDROID_EMU_native_sync_v2 ANDROID_EMU_native_sync_v3 ANDROID_EMU_native_sync_v4 ANDROID_EMU_dma_v1 ANDROID_EMU_direct_mem ANDROID_EMU_host_composition_v1 ANDROID_EMU_host_composition_v2 ANDROID_EMU_vulkan ANDROID_EMU_deferred_vulkan_commands ANDROID_EMU_vulkan_null_optional_strings ANDROID_EMU_vulkan_create_resources_with_requirements ANDROID_EMU_YUV_Cache ANDROID_EMU_vulkan_ignored_handles ANDROID_EMU_has_shared_slots_host_memory_allocator ANDROID_EMU_vulkan_free_memory_sync ANDROID_EMU_vulkan_shader_float16_int8 ANDROID_EMU_vulkan_async_queue_submit ANDROID_EMU_vulkan_queue_submit_with_commands ANDROID_EMU_sync_buffer_data ANDROID_EMU_vulkan_async_qsri ANDROID_EMU_read_color_buffer_dma ANDROID_EMU_hwc_color_transform GL_OES_EGL_image_external_essl3 GL_OES_vertex_array_object ANDROID_EMU_host_side_tracing ANDROID_EMU_gles_max_version_3_0 
10-03 02:15:58.384 24896 24914 W OpenGLRenderer: Failed to choose config with EGL_SWAP_BEHAVIOR_PRESERVED, retrying without...
10-03 02:15:58.385 24896 24914 W OpenGLRenderer: Failed to initialize 101010-2 format, error = EGL_SUCCESS
10-03 02:15:58.385 24896 24914 D EGL_emulation: eglCreateContext: 0xb4000074d58540d0: maj 3 min 0 rcv 3
10-03 02:15:58.386 24896 24914 D EGL_emulation: eglMakeCurrent: 0xb4000074d58540d0: ver 3 0 (tinfo 0x76fbc37100) (first time)
10-03 02:15:58.390 24896 24914 I Gralloc4: mapper 4.x is not supported
10-03 02:15:58.390 24896 24914 D HostConnection: createUnique: call
10-03 02:15:58.390 24896 24914 D HostConnection: HostConnection::get() New Host Connection established 0xb4000074d5853710, tid 24914
10-03 02:15:58.390 24896 24914 D goldfish-address-space: allocate: Ask for block of size 0x100
10-03 02:15:58.391 24896 24914 D goldfish-address-space: allocate: ioctl allocate returned offset 0x1efff8000 size 0x8000
10-03 02:15:58.392 24896 24914 W Gralloc4: allocator 4.x is not supported
10-03 02:15:58.395 24896 24914 D HostConnection: HostComposition ext ANDROID_EMU_CHECKSUM_HELPER_v1 ANDROID_EMU_native_sync_v2 ANDROID_EMU_native_sync_v3 ANDROID_EMU_native_sync_v4 ANDROID_EMU_dma_v1 ANDROID_EMU_direct_mem ANDROID_EMU_host_composition_v1 ANDROID_EMU_host_composition_v2 ANDROID_EMU_vulkan ANDROID_EMU_deferred_vulkan_commands ANDROID_EMU_vulkan_null_optional_strings ANDROID_EMU_vulkan_create_resources_with_requirements ANDROID_EMU_YUV_Cache ANDROID_EMU_vulkan_ignored_handles ANDROID_EMU_has_shared_slots_host_memory_allocator ANDROID_EMU_vulkan_free_memory_sync ANDROID_EMU_vulkan_shader_float16_int8 ANDROID_EMU_vulkan_async_queue_submit ANDROID_EMU_vulkan_queue_submit_with_commands ANDROID_EMU_sync_buffer_data ANDROID_EMU_vulkan_async_qsri ANDROID_EMU_read_color_buffer_dma ANDROID_EMU_hwc_color_transform GL_OES_EGL_image_external_essl3 GL_OES_vertex_array_object ANDROID_EMU_host_side_tracing ANDROID_EMU_gles_max_version_3_0 
10-03 02:15:58.438 24896 24896 V GameActivity: onImeInsetsChanged from Text Listener
10-03 02:15:58.438 24896 24896 V threaded_app: WindowInsetsChanged: 0xb40000753583f2f0
10-03 02:15:58.438 24896 24896 V threaded_app: WindowFocusChanged: 0xb40000753583f2f0 -- 1
10-03 02:15:58.448 24896 24896 V GameActivity: onImeInsetsChanged from Text Listener
10-03 02:15:58.448 24896 24896 V threaded_app: WindowInsetsChanged: 0xb40000753583f2f0
10-03 02:15:58.489 24896 24918 W event /Users/henryliu/.cargo/registry/src/index.crates.io-1949cf8c6b5b557f/winit-0.30.13/src/pTODO: handle Android InsetsChanged notification
10-03 02:15:58.489 24896 24917 I RustStdoutStderr: [2m2026-10-02T18:15:58.489441Z[0m [33m WARN[0m [2mwinit::platform_impl::android[0m[2m:[0m TODO: handle Android InsetsChanged notification
10-03 02:15:58.494 24896 24918 I event src/ui_preview.rs:796: ANDROID_UI_PREVIEW_READY scene=storage-jni waiting_for_offline_java_jni
10-03 02:15:58.495 24896 24917 I RustStdoutStderr: [2m2026-10-02T18:15:58.494532Z[0m [32m INFO[0m [2mmir2_platform_android::ui_preview[0m[2m:[0m ANDROID_UI_PREVIEW_READY scene=storage-jni waiting_for_offline_java_jni
10-03 02:15:58.495 24896 24921 I event src/ui_preview.rs:140: ANDROID_PERSONAL_JNI_HOST_OBSERVATION_NOT_LIVEscene = "storage-jni"; phase = ""; screen = InGame; notice = None; data_receipt = None; catalogue = 0; storage_items = 0; storage_size = 80; unlocked = false;
10-03 02:15:58.496 24896 24917 I RustStdoutStderr: [2m2026-10-02T18:15:58.495961Z[0m [32m INFO[0m [2mmir2_platform_android::ui_preview[0m[2m:[0m ANDROID_PERSONAL_JNI_HOST_OBSERVATION_NOT_LIVE [3mscene[0m[2m=[0m"storage-jni" [3mphase[0m[2m=[0m"" [3mscreen[0m[2m=[0mInGame [3mnotice[0m[2m=[0mNone [3mdata_receipt[0m[2m=[0mNone [3mcatalogue[0m[2m=[0m0 [3mstorage_items[0m[2m=[0m0 [3mstorage_size[0m[2m=[0m80 [3munlocked[0m[2m=[0mfalse
10-03 02:15:58.564 24896 24918 W event /Users/henryliu/.cargo/registry/src/index.crates.io-1949cf8c6b5b557f/winit-0.30.13/src/pTODO: handle Android InsetsChanged notification
10-03 02:15:58.564 24896 24917 I RustStdoutStderr: [2m2026-10-02T18:15:58.564372Z[0m [33m WARN[0m [2mwinit::platform_impl::android[0m[2m:[0m TODO: handle Android InsetsChanged notification
10-03 02:15:59.567 24896 24896 I Mir2UiPreview: PERSONAL_JNI_OFFLINE_START scene=storage-jni events=111
10-03 02:15:59.574 24896 24918 D EGL_emulation: app_time_stats: avg=15.51ms min=10.38ms max=96.21ms count=57
10-03 02:15:59.586 24896 24922 I event src/ui_preview.rs:140: ANDROID_PERSONAL_JNI_HOST_OBSERVATION_NOT_LIVEscene = "storage-jni"; phase = "STARTING"; screen = InGame; notice = None; data_receipt = None; catalogue = 0; storage_items = 0; storage_size = 80; unlocked = false;
10-03 02:15:59.586 24896 24917 I RustStdoutStderr: [2m2026-10-02T18:15:59.586260Z[0m [32m INFO[0m [2mmir2_platform_android::ui_preview[0m[2m:[0m ANDROID_PERSONAL_JNI_HOST_OBSERVATION_NOT_LIVE [3mscene[0m[2m=[0m"storage-jni" [3mphase[0m[2m=[0m"STARTING" [3mscreen[0m[2m=[0mInGame [3mnotice[0m[2m=[0mNone [3mdata_receipt[0m[2m=[0mNone [3mcatalogue[0m[2m=[0m0 [3mstorage_items[0m[2m=[0m0 [3mstorage_size[0m[2m=[0m80 [3munlocked[0m[2m=[0mfalse
10-03 02:16:00.058 24896 24921 I event src/phone_hud.rs:173: ANDROID_PHONE_TEXT_LAYOUTfont = TextFont { font: SystemUi, font_size: Px(23.466667), weight: FontWeight(400), width: FontWidth(1.0), style: Normal, font_smoothing: AntiAliased, font_features: FontFeatures { features: [] }, font_variations: FontVariations { variations: [] } }; color = TextColor(Srgba(Srgba { red: 0.96, green: 0.85, blue: 0.61, alpha: 1.0 })); glyph_masks = [true, true, true];
10-03 02:16:00.058 24896 24921 I event src/phone_hud.rs:173: ANDROID_PHONE_TEXT_LAYOUTfont = TextFont { font: SystemUi, font_size: Px(23.466667), weight: FontWeight(400), width: FontWidth(1.0), style: Normal, font_smoothing: AntiAliased, font_features: FontFeatures { features: [] }, font_variations: FontVariations { variations: [] } }; color = TextColor(Srgba(Srgba { red: 0.96, green: 0.85, blue: 0.61, alpha: 1.0 })); glyph_masks = [true, true, true, true, true];
10-03 02:16:00.058 24896 24921 I event src/phone_hud.rs:173: ANDROID_PHONE_TEXT_LAYOUTfont = TextFont { font: SystemUi, font_size: Px(23.466667), weight: FontWeight(400), width: FontWidth(1.0), style: Normal, font_smoothing: AntiAliased, font_features: FontFeatures { features: [] }, font_variations: FontVariations { variations: [] } }; color = TextColor(Srgba(Srgba { red: 0.96, green: 0.85, blue: 0.61, alpha: 1.0 })); glyph_masks = [true, true, true, true, true, true, true];
10-03 02:16:00.058 24896 24921 I event src/phone_hud.rs:173: ANDROID_PHONE_TEXT_LAYOUTfont = TextFont { font: SystemUi, font_size: Px(23.466667), weight: FontWeight(400), width: FontWidth(1.0), style: Normal, font_smoothing: AntiAliased, font_features: FontFeatures { features: [] }, font_variations: FontVariations { variations: [] } }; color = TextColor(Srgba(Srgba { red: 0.96, green: 0.85, blue: 0.61, alpha: 1.0 })); glyph_masks = [true, true, true, true, true];
10-03 02:16:00.058 24896 24921 I event src/phone_hud.rs:173: ANDROID_PHONE_TEXT_LAYOUTfont = TextFont { font: SystemUi, font_size: Px(23.466667), weight: FontWeight(400), width: FontWidth(1.0), style: Normal, font_smoothing: AntiAliased, font_features: FontFeatures { features: [] }, font_variations: FontVariations { variations: [] } }; color = TextColor(Srgba(Srgba { red: 0.96, green: 0.85, blue: 0.61, alpha: 1.0 })); glyph_masks = [true, true, true, true, true, true];
10-03 02:16:00.058 24896 24921 I event src/phone_hud.rs:173: ANDROID_PHONE_TEXT_LAYOUTfont = TextFont { font: SystemUi, font_size: Px(23.466667), weight: FontWeight(400), width: FontWidth(1.0), style: Normal, font_smoothing: AntiAliased, font_features: FontFeatures { features: [] }, font_variations: FontVariations { variations: [] } }; color = TextColor(Srgba(Srgba { red: 0.96, green: 0.85, blue: 0.61, alpha: 1.0 })); glyph_masks = [true, true, true, true, true];
10-03 02:16:00.058 24896 24921 I event src/phone_hud.rs:173: ANDROID_PHONE_TEXT_LAYOUTfont = TextFont { font: SystemUi, font_size: Px(23.466667), weight: FontWeight(400), width: FontWidth(1.0), style: Normal, font_smoothing: AntiAliased, font_features: FontFeatures { features: [] }, font_variations: FontVariations { variations: [] } }; color = TextColor(Srgba(Srgba { red: 0.96, green: 0.85, blue: 0.61, alpha: 1.0 })); glyph_masks = [true, true, true, true, true];
10-03 02:16:00.058 24896 24921 I event src/phone_hud.rs:173: ANDROID_PHONE_TEXT_LAYOUTfont = TextFont { font: SystemUi, font_size: Px(23.466667), weight: FontWeight(400), width: FontWidth(1.0), style: Normal, font_smoothing: AntiAliased, font_features: FontFeatures { features: [] }, font_variations: FontVariations { variations: [] } }; color = TextColor(Srgba(Srgba { red: 0.96, green: 0.85, blue: 0.61, alpha: 1.0 })); glyph_masks = [true, true, true, true, true];
10-03 02:16:00.058 24896 24921 I event src/phone_hud.rs:173: ANDROID_PHONE_TEXT_LAYOUTfont = TextFont { font: SystemUi, font_size: Px(23.466667), weight: FontWeight(400), width: FontWidth(1.0), style: Normal, font_smoothing: AntiAliased, font_features: FontFeatures { features: [] }, font_variations: FontVariations { variations: [] } }; color = TextColor(Srgba(Srgba { red: 0.96, green: 0.85, blue: 0.61, alpha: 1.0 })); glyph_masks = [true, true, true, true];
10-03 02:16:00.058 24896 24921 I event src/phone_hud.rs:173: ANDROID_PHONE_TEXT_LAYOUTfont = TextFont { font: SystemUi, font_size: Px(23.466667), weight: FontWeight(400), width: FontWidth(1.0), style: Normal, font_smoothing: AntiAliased, font_features: FontFeatures { features: [] }, font_variations: FontVariations { variations: [] } }; color = TextColor(Srgba(Srgba { red: 0.96, green: 0.85, blue: 0.61, alpha: 1.0 })); glyph_masks = [true, true, true];
10-03 02:16:00.058 24896 24921 I event src/phone_hud.rs:173: ANDROID_PHONE_TEXT_LAYOUTfont = TextFont { font: SystemUi, font_size: Px(23.466667), weight: FontWeight(400), width: FontWidth(1.0), style: Normal, font_smoothing: AntiAliased, font_features: FontFeatures { features: [] }, font_variations: FontVariations { variations: [] } }; color = TextColor(Srgba(Srgba { red: 0.98, green: 0.91, blue: 0.76, alpha: 1.0 })); glyph_masks = [true, true, true, true, true, true, true, true, true];
10-03 02:16:00.058 24896 24921 I event src/phone_hud.rs:173: ANDROID_PHONE_TEXT_LAYOUTfont = TextFont { font: SystemUi, font_size: Px(23.466667), weight: FontWeight(400), width: FontWidth(1.0), style: Normal, font_smoothing: AntiAliased, font_features: FontFeatures { features: [] }, font_variations: FontVariations { variations: [] } }; color = TextColor(Srgba(Srgba { red: 0.96, green: 0.85, blue: 0.61, alpha: 1.0 })); glyph_masks = [true, true];
10-03 02:16:00.058 24896 24921 I event src/phone_hud.rs:173: ANDROID_PHONE_TEXT_LAYOUTfont = TextFont { font: SystemUi, font_size: Px(23.466667), weight: FontWeight(400), width: FontWidth(1.0), style: Normal, font_smoothing: AntiAliased, font_features: FontFeatures { features: [] }, font_variations: FontVariations { variations: [] } }; color = TextColor(Srgba(Srgba { red: 0.96, green: 0.85, blue: 0.61, alpha: 1.0 })); glyph_masks = [true, true, true, true];
10-03 02:16:00.059 24896 24917 I RustStdoutStderr: [2m2026-10-02T18:16:00.058674Z[0m [32m INFO[0m [2mmir2_platform_android::phone_hud[0m[2m:[0m ANDROID_PHONE_TEXT_LAYOUT [3mfont[0m[2m=[0mTextFont { font: SystemUi, font_size: Px(23.466667), weight: FontWeight(400), width: FontWidth(1.0), style: Normal, font_smoothing: AntiAliased, font_features: FontFeatures { features: [] }, font_variations: FontVariations { variations: [] } } [3mcolor[0m[2m=[0mTextColor(Srgba(Srgba { red: 0.96, green: 0.85, blue: 0.61, alpha: 1.0 })) [3mglyph_masks[0m[2m=[0m[true, true, true]
10-03 02:16:00.059 24896 24917 I RustStdoutStderr: [2m2026-10-02T18:16:00.058788Z[0m [32m INFO[0m [2mmir2_platform_android::phone_hud[0m[2m:[0m ANDROID_PHONE_TEXT_LAYOUT [3mfont[0m[2m=[0mTextFont { font: SystemUi, font_size: Px(23.466667), weight: FontWeight(400), width: FontWidth(1.0), style: Normal, font_smoothing: AntiAliased, font_features: FontFeatures { features: [] }, font_variations: FontVariations { variations: [] } } [3mcolor[0m[2m=[0mTextColor(Srgba(Srgba { red: 0.96, green: 0.85, blue: 0.61, alpha: 1.0 })) [3mglyph_masks[0m[2m=[0m[true, true, true, true, true]
10-03 02:16:00.059 24896 24917 I RustStdoutStderr: [2m2026-10-02T18:16:00.058797Z[0m [32m INFO[0m [2mmir2_platform_android::phone_hud[0m[2m:[0m ANDROID_PHONE_TEXT_LAYOUT [3mfont[0m[2m=[0mTextFont { font: SystemUi, font_size: Px(23.466667), weight: FontWeight(400), width: FontWidth(1.0), style: Normal, font_smoothing: AntiAliased, font_features: FontFeatures { features: [] }, font_variations: FontVariations { variations: [] } } [3mcolor[0m[2m=[0mTextColor(Srgba(Srgba { red: 0.96, green: 0.85, blue: 0.61, alpha: 1.0 })) [3mglyph_masks[0m[2m=[0m[true, true, true, true, true, true, true]
10-03 02:16:00.059 24896 24917 I RustStdoutStderr: [2m2026-10-02T18:16:00.058803Z[0m [32m INFO[0m [2mmir2_platform_android::phone_hud[0m[2m:[0m ANDROID_PHONE_TEXT_LAYOUT [3mfont[0m[2m=[0mTextFont { font: SystemUi, font_size: Px(23.466667), weight: FontWeight(400), width: FontWidth(1.0), style: Normal, font_smoothing: AntiAliased, font_features: FontFeatures { features: [] }, font_variations: FontVariations { variations: [] } } [3mcolor[0m[2m=[0mTextColor(Srgba(Srgba { red: 0.96, green: 0.85, blue: 0.61, alpha: 1.0 })) [3mglyph_masks[0m[2m=[0m[true, true, true, true, true]
10-03 02:16:00.059 24896 24917 I RustStdoutStderr: [2m2026-10-02T18:16:00.058808Z[0m [32m INFO[0m [2mmir2_platform_android::phone_hud[0m[2m:[0m ANDROID_PHONE_TEXT_LAYOUT [3mfont[0m[2m=[0mTextFont { font: SystemUi, font_size: Px(23.466667), weight: FontWeight(400), width: FontWidth(1.0), style: Normal, font_smoothing: AntiAliased, font_features: FontFeatures { features: [] }, font_variations: FontVariations { variations: [] } } [3mcolor[0m[2m=[0mTextColor(Srgba(Srgba { red: 0.96, green: 0.85, blue: 0.61, alpha: 1.0 })) [3mglyph_masks[0m[2m=[0m[true, true, true, true, true, true]
10-03 02:16:00.059 24896 24917 I RustStdoutStderr: [2m2026-10-02T18:16:00.058814Z[0m [32m INFO[0m [2mmir2_platform_android::phone_hud[0m[2m:[0m ANDROID_PHONE_TEXT_LAYOUT [3mfont[0m[2m=[0mTextFont { font: SystemUi, font_size: Px(23.466667), weight: FontWeight(400), width: FontWidth(1.0), style: Normal, font_smoothing: AntiAliased, font_features: FontFeatures { features: [] }, font_variations: FontVariations { variations: [] } } [3mcolor[0m[2m=[0mTextColor(Srgba(Srgba { red: 0.96, green: 0.85, blue: 0.61, alpha: 1.0 })) [3mglyph_masks[0m[2m=[0m[true, true, true, true, true]
10-03 02:16:00.059 24896 24917 I RustStdoutStderr: [2m2026-10-02T18:16:00.058818Z[0m [32m INFO[0m [2mmir2_platform_android::phone_hud[0m[2m:[0m ANDROID_PHONE_TEXT_LAYOUT [3mfont[0m[2m=[0mTextFont { font: SystemUi, font_size: Px(23.466667), weight: FontWeight(400), width: FontWidth(1.0), style: Normal, font_smoothing: AntiAliased, font_features: FontFeatures { features: [] }, font_variations: FontVariations { variations: [] } } [3mcolor[0m[2m=[0mTextColor(Srgba(Srgba { red: 0.96, green: 0.85, blue: 0.61, alpha: 1.0 })) [3mglyph_masks[0m[2m=[0m[true, true, true, true, true]
10-03 02:16:00.059 24896 24917 I RustStdoutStderr: [2m2026-10-02T18:16:00.058823Z[0m [32m INFO[0m [2mmir2_platform_android::phone_hud[0m[2m:[0m ANDROID_PHONE_TEXT_LAYOUT [3mfont[0m[2m=[0mTextFont { font: SystemUi, font_size: Px(23.466667), weight: FontWeight(400), width: FontWidth(1.0), style: Normal, font_smoothing: AntiAliased, font_features: FontFeatures { features: [] }, font_variations: FontVariations { variations: [] } } [3mcolor[0m[2m=[0mTextColor(Srgba(Srgba { red: 0.96, green: 0.85, blue: 0.61, alpha: 1.0 })) [3mglyph_masks[0m[2m=[0m[true, true, true, true, true]
10-03 02:16:00.059 24896 24917 I RustStdoutStderr: [2m2026-10-02T18:16:00.058828Z[0m [32m INFO[0m [2mmir2_platform_android::phone_hud[0m[2m:[0m ANDROID_PHONE_TEXT_LAYOUT [3mfont[0m[2m=[0mTextFont { font: SystemUi, font_size: Px(23.466667), weight: FontWeight(400), width: FontWidth(1.0), style: Normal, font_smoothing: AntiAliased, font_features: FontFeatures { features: [] }, font_variations: FontVariations { variations: [] } } [3mcolor[0m[2m=[0mTextColor(Srgba(Srgba { red: 0.96, green: 0.85, blue: 0.61, alpha: 1.0 })) [3mglyph_masks[0m[2m=[0m[true, true, true, true]
10-03 02:16:00.059 24896 24917 I RustStdoutStderr: [2m2026-10-02T18:16:00.058832Z[0m [32m INFO[0m [2mmir2_platform_android::phone_hud[0m[2m:[0m ANDROID_PHONE_TEXT_LAYOUT [3mfont[0m[2m=[0mTextFont { font: SystemUi, font_size: Px(23.466667), weight: FontWeight(400), width: FontWidth(1.0), style: Normal, font_smoothing: AntiAliased, font_features: FontFeatures { features: [] }, font_variations: FontVariations { variations: [] } } [3mcolor[0m[2m=[0mTextColor(Srgba(Srgba { red: 0.96, green: 0.85, blue: 0.61, alpha: 1.0 })) [3mglyph_masks[0m[2m=[0m[true, true, true]
10-03 02:16:00.059 24896 24917 I RustStdoutStderr: [2m2026-10-02T18:16:00.058838Z[0m [32m INFO[0m [2mmir2_platform_android::phone_hud[0m[2m:[0m ANDROID_PHONE_TEXT_LAYOUT [3mfont[0m[2m=[0mTextFont { font: SystemUi, font_size: Px(23.466667), weight: FontWeight(400), width: FontWidth(1.0), style: Normal, font_smoothing: AntiAliased, font_features: FontFeatures { features: [] }, font_variations: FontVariations { variations: [] } } [3mcolor[0m[2m=[0mTextColor(Srgba(Srgba { red: 0.98, green: 0.91, blue: 0.76, alpha: 1.0 })) [3mglyph_masks[0m[2m=[0m[true, true, true, true, true, true, true, true, true]
10-03 02:16:00.059 24896 24917 I RustStdoutStderr: [2m2026-10-02T18:16:00.058843Z[0m [32m INFO[0m [2mmir2_platform_android::phone_hud[0m[2m:[0m ANDROID_PHONE_TEXT_LAYOUT [3mfont[0m[2m=[0mTextFont { font: SystemUi, font_size: Px(23.466667), weight: FontWeight(400), width: FontWidth(1.0), style: Normal, font_smoothing: AntiAliased, font_features: FontFeatures { features: [] }, font_variations: FontVariations { variations: [] } } [3mcolor[0m[2m=[0mTextColor(Srgba(Srgba { red: 0.96, green: 0.85, blue: 0.61, alpha: 1.0 })) [3mglyph_masks[0m[2m=[0m[true, true]
10-03 02:16:00.059 24896 24917 I RustStdoutStderr: [2m2026-10-02T18:16:00.058848Z[0m [32m INFO[0m [2mmir2_platform_android::phone_hud[0m[2m:[0m ANDROID_PHONE_TEXT_LAYOUT [3mfont[0m[2m=[0mTextFont { font: SystemUi, font_size: Px(23.466667), weight: FontWeight(400), width: FontWidth(1.0), style: Normal, font_smoothing: AntiAliased, font_features: FontFeatures { features: [] }, font_variations: FontVariations { variations: [] } } [3mcolor[0m[2m=[0mTextColor(Srgba(Srgba { red: 0.96, green: 0.85, blue: 0.61, alpha: 1.0 })) [3mglyph_masks[0m[2m=[0m[true, true, true, true]
10-03 02:16:00.590 24896 24918 D EGL_emulation: app_time_stats: avg=11.48ms min=10.31ms max=18.44ms count=61
10-03 02:16:01.591 24896 24918 D EGL_emulation: app_time_stats: avg=11.12ms min=10.52ms max=12.56ms count=60
10-03 02:16:02.592 24896 24918 D EGL_emulation: app_time_stats: avg=11.27ms min=10.60ms max=13.04ms count=60
10-03 02:16:02.799 24896 24918 I event src/ui_preview.rs:566: ANDROID_REMOTE_BACKSTEP_DIAGNOSTICSdiagnostics = {"enabled":true,"nowMs":1790964962798.1875,"moveClockPulseId":40,"moveClockNextPulseMs":1790964962898.1875,"entryCount":0,"activeEntryCount":0,"processedEventCount":0,"remoteMotionEventCount":0,"remoteRemoveEventCount":0,"ignoredEventCount":0,"staleEventCount":0,"disabledEventCount":0,"pendingEventDropCount":0,"entryEvictionCount":0,"decodeErrorCount":0,"lastDecodeError":null,"offsetQueryCount":0,"offsetMatchCount":0,"targetMismatchCount":0,"inactiveFallbackCount":0,"entries":[]};
10-03 02:16:02.799 24896 24917 I RustStdoutStderr: [2m2026-10-02T18:16:02.799040Z[0m [32m INFO[0m [2mmir2_platform_android::ui_preview[0m[2m:[0m ANDROID_REMOTE_BACKSTEP_DIAGNOSTICS [3mdiagnostics[0m[2m=[0m{"enabled":true,"nowMs":1790964962798.1875,"moveClockPulseId":40,"moveClockNextPulseMs":1790964962898.1875,"entryCount":0,"activeEntryCount":0,"processedEventCount":0,"remoteMotionEventCount":0,"remoteRemoveEventCount":0,"ignoredEventCount":0,"staleEventCount":0,"disabledEventCount":0,"pendingEventDropCount":0,"entryEvictionCount":0,"decodeErrorCount":0,"lastDecodeError":null,"offsetQueryCount":0,"offsetMatchCount":0,"targetMismatchCount":0,"inactiveFallbackCount":0,"entries":[]}
10-03 02:16:03.608 24896 24918 D EGL_emulation: app_time_stats: avg=11.47ms min=10.53ms max=14.21ms count=61
10-03 02:16:03.727 24896 24935 D ProfileInstaller: Installing profile for com.mir2.web3.uipreview
10-03 02:16:04.624 24896 24918 D EGL_emulation: app_time_stats: avg=11.19ms min=10.25ms max=12.56ms count=61
10-03 02:16:05.642 24896 24918 D EGL_emulation: app_time_stats: avg=11.14ms min=10.41ms max=13.76ms count=61
10-03 02:16:06.659 24896 24918 D EGL_emulation: app_time_stats: avg=11.09ms min=10.43ms max=12.25ms count=61
10-03 02:16:07.660 24896 24918 D EGL_emulation: app_time_stats: avg=11.88ms min=10.46ms max=25.50ms count=60
10-03 02:16:07.686 24896 24921 I event src/item_geometry.rs:127: ANDROID_ITEM_GEOMETRY_READYitems = 1003; state_items = 2380; sources = [("original-ui/Items/meta.json", "ec0eca414ac6c34e17a218f0ed4396f30607c2485482f8760af7706acddcedfe"), ("original-ui/StateItem/meta.json", "7d812a76e9a54b1d0535968a8c21ee2064577e7012572daf79b242221ca72e9a")];
10-03 02:16:07.686 24896 24917 I RustStdoutStderr: [2m2026-10-02T18:16:07.686769Z[0m [32m INFO[0m [2mmir2_platform_android::item_geometry[0m[2m:[0m ANDROID_ITEM_GEOMETRY_READY [3mitems[0m[2m=[0m1003 [3mstate_items[0m[2m=[0m2380 [3msources[0m[2m=[0m[("original-ui/Items/meta.json", "ec0eca414ac6c34e17a218f0ed4396f30607c2485482f8760af7706acddcedfe"), ("original-ui/StateItem/meta.json", "7d812a76e9a54b1d0535968a8c21ee2064577e7012572daf79b242221ca72e9a")]
10-03 02:16:07.695 24896 24921 I event src/ui_preview.rs:140: ANDROID_PERSONAL_JNI_HOST_OBSERVATION_NOT_LIVEscene = "storage-jni"; phase = "IN_GAME"; screen = InGame; notice = None; data_receipt = Some((1, Applied)); catalogue = 105; storage_items = 0; storage_size = 80; unlocked = false;
10-03 02:16:07.695 24896 24917 I RustStdoutStderr: [2m2026-10-02T18:16:07.695213Z[0m [32m INFO[0m [2mmir2_platform_android::ui_preview[0m[2m:[0m ANDROID_PERSONAL_JNI_HOST_OBSERVATION_NOT_LIVE [3mscene[0m[2m=[0m"storage-jni" [3mphase[0m[2m=[0m"IN_GAME" [3mscreen[0m[2m=[0mInGame [3mnotice[0m[2m=[0mNone [3mdata_receipt[0m[2m=[0mSome((1, Applied)) [3mcatalogue[0m[2m=[0m105 [3mstorage_items[0m[2m=[0m0 [3mstorage_size[0m[2m=[0m80 [3munlocked[0m[2m=[0mfalse
10-03 02:16:07.725 24896 24896 D CompatibilityChangeReporter: Compat change id reported: 163400105; UID 10146; state: ENABLED
10-03 02:16:07.725 24896 24896 D InputMethodManager: showSoftInput() view=com.mir2.web3.MainActivity$1{998b0fd VFED..CL. .F....ID 0,0-1,1 aid=1073741825} flags=1 reason=SHOW_SOFT_INPUT
10-03 02:16:07.738 24896 24914 D EGL_emulation: app_time_stats: avg=4659.71ms min=37.22ms max=9282.19ms count=2
10-03 02:16:07.784 24896 24896 D InsetsController: show(ime(), fromIme=true)
10-03 02:16:07.789 24896 24921 I event src/ui_preview.rs:140: ANDROID_PERSONAL_JNI_HOST_OBSERVATION_NOT_LIVEscene = "storage-jni"; phase = "IN_GAME"; screen = InGame; notice = None; data_receipt = Some((1, Applied)); catalogue = 105; storage_items = 160; storage_size = 80; unlocked = false;
10-03 02:16:07.789 24896 24917 I RustStdoutStderr: [2m2026-10-02T18:16:07.789194Z[0m [32m INFO[0m [2mmir2_platform_android::ui_preview[0m[2m:[0m ANDROID_PERSONAL_JNI_HOST_OBSERVATION_NOT_LIVE [3mscene[0m[2m=[0m"storage-jni" [3mphase[0m[2m=[0m"IN_GAME" [3mscreen[0m[2m=[0mInGame [3mnotice[0m[2m=[0mNone [3mdata_receipt[0m[2m=[0mSome((1, Applied)) [3mcatalogue[0m[2m=[0m105 [3mstorage_items[0m[2m=[0m160 [3mstorage_size[0m[2m=[0m80 [3munlocked[0m[2m=[0mfalse
10-03 02:16:07.795 24896 24896 V GameActivity: onImeInsetsChanged from Text Listener
10-03 02:16:07.795 24896 24896 V threaded_app: SoftwareKeyboardVisibilityChanged: 0xb40000753583f2f0 -- 1
10-03 02:16:07.796 24896 24896 V threaded_app: WindowInsetsChanged: 0xb40000753583f2f0
10-03 02:16:07.807 24896 24918 W event /Users/henryliu/.cargo/registry/src/index.crates.io-1949cf8c6b5b557f/winit-0.30.13/src/pTODO: handle Android InsetsChanged notification
10-03 02:16:07.807 24896 24917 I RustStdoutStderr: [2m2026-10-02T18:16:07.807157Z[0m [33m WARN[0m [2mwinit::platform_impl::android[0m[2m:[0m TODO: handle Android InsetsChanged notification
10-03 02:16:07.811 24896 24896 V GameActivity: onImeInsetsChanged from Text Listener
10-03 02:16:07.811 24896 24896 V threaded_app: WindowInsetsChanged: 0xb40000753583f2f0
10-03 02:16:07.824 24896 24918 W event /Users/henryliu/.cargo/registry/src/index.crates.io-1949cf8c6b5b557f/winit-0.30.13/src/pTODO: handle Android InsetsChanged notification
10-03 02:16:07.824 24896 24917 I RustStdoutStderr: [2m2026-10-02T18:16:07.824416Z[0m [33m WARN[0m [2mwinit::platform_impl::android[0m[2m:[0m TODO: handle Android InsetsChanged notification
10-03 02:16:07.904 24896 24896 I Mir2UiPreview: PERSONAL_JNI_OFFLINE_SENT scene=storage-jni events=111 NOT_LIVE_NOT_AUTHENTICATED
10-03 02:16:07.916 24896 24921 I event src/ui_preview.rs:154: ANDROID_PERSONAL_JNI_SHARED_CONSUMER_NOT_LIVEscene = "storage-jni"; catalogue = 105; last_g_index = 2104; last_stock = 3; storage_items = 160; storage_size = 160; last_slot = 159; unlocked = true; has_password = true; icon_width = 16; icon_height = 35;
10-03 02:16:07.916 24896 24917 I RustStdoutStderr: [2m2026-10-02T18:16:07.916288Z[0m [32m INFO[0m [2mmir2_platform_android::ui_preview[0m[2m:[0m ANDROID_PERSONAL_JNI_SHARED_CONSUMER_NOT_LIVE [3mscene[0m[2m=[0m"storage-jni" [3mcatalogue[0m[2m=[0m105 [3mlast_g_index[0m[2m=[0m2104 [3mlast_stock[0m[2m=[0m3 [3mstorage_items[0m[2m=[0m160 [3mstorage_size[0m[2m=[0m160 [3mlast_slot[0m[2m=[0m159 [3munlocked[0m[2m=[0mtrue [3mhas_password[0m[2m=[0mtrue [3micon_width[0m[2m=[0m16 [3micon_height[0m[2m=[0m35
10-03 02:16:07.996 24896 24896 V GameActivity: onImeInsetsChanged from Text Listener
10-03 02:16:07.996 24896 24896 V threaded_app: SoftwareKeyboardVisibilityChanged: 0xb40000753583f2f0 -- 0
10-03 02:16:07.996 24896 24896 V threaded_app: WindowInsetsChanged: 0xb40000753583f2f0
10-03 02:16:07.999 24896 24918 W event /Users/henryliu/.cargo/registry/src/index.crates.io-1949cf8c6b5b557f/winit-0.30.13/src/pTODO: handle Android InsetsChanged notification
10-03 02:16:07.999 24896 24917 I RustStdoutStderr: [2m2026-10-02T18:16:07.999019Z[0m [33m WARN[0m [2mwinit::platform_impl::android[0m[2m:[0m TODO: handle Android InsetsChanged notification
10-03 02:16:08.014 24896 24896 V GameActivity: onImeInsetsChanged from Text Listener
10-03 02:16:08.014 24896 24896 V threaded_app: WindowInsetsChanged: 0xb40000753583f2f0
10-03 02:16:08.015 24896 24918 W event /Users/henryliu/.cargo/registry/src/index.crates.io-1949cf8c6b5b557f/winit-0.30.13/src/pTODO: handle Android InsetsChanged notification
10-03 02:16:08.015 24896 24917 I RustStdoutStderr: [2m2026-10-02T18:16:08.015548Z[0m [33m WARN[0m [2mwinit::platform_impl::android[0m[2m:[0m TODO: handle Android InsetsChanged notification
10-03 02:16:08.075 24896 24917 I RustStdoutStderr: [runtime-map] waiting-images center=Some(PresentationGridCenter { x: 302, y: 634 }) states=[native-map-keyed:00e3342688edb59d7ccd3784567586b3ab4c28c1b3bb0fbb928fb8560bb937e8=missing-handle,native-map-keyed:0222e758190fb702f62c1180c302535fa88376dc4d91515f6a3da6858692d879=missing-handle,native-map-keyed:02fcf4c4c475d1c1002d45563f34bf90aabc5d57865a90a9c1d738eea292c519=missing-handle,native-map-keyed:0446dc96478c6a6426006d4ebcd9b473422254a4a3b87d13e6513a4664cc1674=missing-handle,native-map-keyed:04f2f6406275680ee10c2bb613e324d59e0dea10befb67479d5db488f1e5e9bf=missing-handle,native-map-keyed:06877672fe022bb18e0e3289b29a8a2316614ba81070c465594dc1d5f1e414f4=missing-handle,native-map-keyed:0873e402c768945dbd03f13c801f352570c3cbbc15b7547b3965db22c4f88a2d=missing-handle,native-map-keyed:0bb6e8f16b06e61e5485cd9c69682635bc4d076e78f3e426bc7c1c0cdf92d50b=missing-handle,native-map-keyed:0e54663e52210f29caafb4e45b01d2ddcdd62fbb4f07359cdbdf327630acedbd=missing-handle,native-map-keyed:101d496a3e3006b8a0640e530d7bb5aaabfc3cc9f7a8844fd83450a65903a0ef=missing-handle,native-map-keyed:1203923d4b3d4f36b85a86235cc024c8987f9aff48ff3f045d589d4fe5efe878=missing-handle,native-map-keyed:13645e18038cb14276656008c43fc00eb92b94607d7eb9a04a64a6f66232d045=missing-handle,native-map-keyed:142960f1af1b8faa165eb1b55b57fc14db26156287a4c5ca23e035daf9f10e33=missing-handle,native-map-keyed:16f3602253a4256b8bf51a103e6bbe9d36a4cfaf6771bebc72d7ca43a25c1de6=missing-handle,native-map-keyed:1a753eed19dc81252971e03a9ea302f2c31bc3cf51d92b187b664a1e8b1936b1=missing-handle,native-map-keyed:1a9940adbeeef6d18f251666fccf2028a616a92cc7a402f3ac04181f56823124=missing-handle,native-map-keyed:1ca36e41f059441aa1750c0cfbddec4904a1b5165d8cfba430f194e286eaee45=missing-handle,native-map-keyed:1d68e7a7c4fdfe49cedb75b5678139cb152cb5b0ebe59b0542935d1fd67d87ae=missing-handle,native-map-keyed:1ef61cf6318b9db7968b35797c3a62b27e08c1ef2475a23ec3ca379b729d92f1=missing-handle,native-map-keyed:1f4a39a368bbaca431ec450a830e3c0bdcaabe0af6de5730eb1f28e59b8dd533=missing-handle,native-map-keyed:20625ebb957139dcbec35004f2ca784c926cdee1439035eb896dbf427495872d=missing-handle,native-map-keyed:219bb835f8f28e6bf59b93f1d069b437875a5d49dbd7631ff34176c572d7a14d=missing-handle,native-map-keyed:22659e86e5cbf79236e023e40ac092600ac5e9ede72a34077c802b5518eb4573=missing-handle,native-map-keyed:226a0bac665d1bf713b8baf39ecf7ae61be856189d1cf823921ed0e53a5c29fe=missing-handle,native-map-keyed:23035e5244797f2f70bbeaa5c393d6d112a6196b5ab8e4d02b351fbf38f8101a=missing-handle,native-map-keyed:230966b0481d315c12097d9ff7d4da07aa1cdf981552a5323ab088ba990ba950=missing-handle,native-map-keyed:232bfc461f055784e7d90e5e0378d3cea8317eb078c4bf66e7afe999812ff902=missing-handle,native-map-keyed:24ec1f87eb0856b5498709b2be2776f9a3627519b839633e9db0a690a7d9b980=missing-handle,native-map-keyed:2675a421a8639ea87dcfc98b62558519a15cedc35d925663b6909d4988742940=missing-handle,native-map-keyed:2775964d9f9d7b8b06e60a4bc848015817a1fa04cccfffe2e936202ea0756d4b=missing-handle,native-map-keyed:289cb8d084c1cc6b504d8152af2de8f7372c563f8104a8c78ad208caccefb34b=missing-handle,native-map-keyed:2a537899c5467f32f4e30a657c233ed270db6f829d90106b7fa0704f469d167c=missing-handle,native-map-keyed:2a7228b716f29f6fb29a9b41ed3f1ce17ec6cdbfd89b69ca7c38b6c8b5b5d72a=missing-handle,native-map-keyed:2c76f7575f3d1661681533a2ed2893f96c1f4b914bcfd60ae32c207561eb263b=missing-handle,native-map-keyed:2cd7444281094e689c5fe7c22a994aa527766e0665fc32b2cec42cbdc9978ab4=missing-handle,native-map-keyed:2d98ce9df6396e943fa00aebaf7a929c15ebaa4ab8e71ab99299c7f31b75d240=missing-handle,native-map-keyed:2fa02ae3202a4c91117b85d6ed57ca1d81c787b4b32ad6561c9ca340312d1620=missing-handle,native-map-keyed:313c3e7a3a4bef6d0ef6b02a9b0c37230ef819d06c72012bb513a591244a393d=missing-handle,native-map-keyed:33b2f84e21bb7bb379950d3da05ce44d393d84ca43f7044b6a8d1fba68a4c3a0=missing-handle,native-map-keyed:354a710bc4fda3d19397bf717ca33f56979dd060b1538402c6dcd8a12eb31a81=missing-handle,native-map-keyed:357ae499cdc01c6fb8e7f6a351f3
10-03 02:16:08.075 24896 24917 I RustStdoutStderr: 
10-03 02:16:08.121 24896 24917 I RustStdoutStderr: [runtime-map] waiting-images center=Some(PresentationGridCenter { x: 302, y: 634 }) states=[native-map-keyed:613860bd3cd8f00e8f53fdc82cf7256d5c3e1c2ec685a0c7243a12f95c3935ed=missing-handle,native-map-keyed:ece18ec765d9abef6af7033ec7b3b7c35bbaab1475856f99823ec6d6fce5b823=missing-handle,native-map-keyed:f8a574c8150f8045765e94a0cadb58b285ab13476433f5e520375ed51aad63e0=missing-handle]
10-03 02:16:08.167 24896 24917 I RustStdoutStderr: [runtime-map] synced center=Some(PresentationGridCenter { x: 302, y: 634 }) tiles=583 standalone=222 live=805 missingBindings=0 sample=[]
10-03 02:16:08.254 24896 24922 I event src/shared_shell.rs:1372: packaged Android world frame queuedrequest_id = 1; pages = 7; sprites = 2111; compressed_bytes = 14785921; rgba_bytes = 7340032; map_object_rgba_bytes = 9722880; map_width = 700; map_height = 700; map_atlases = 7; map_tiles = 583; map_standalone_tiles = 222; unresolved_draws = 0; entity_pages = 5; entities = 1; entity_layers = 1; unresolved_entities = 0; entity_unindexed_rects = 24; entity_compressed_bytes = 11209197; entity_rgba_bytes = 83886080; entity_manifest_sha256 = "929d146535bde9b61c75c33af0e98852dcc3aef83320869aac9f06f4bdd530d9";
10-03 02:16:08.255 24896 24917 I RustStdoutStderr: [2m2026-10-02T18:16:08.254915Z[0m [32m INFO[0m [2mmir2_platform_android::shared_shell[0m[2m:[0m packaged Android world frame queued [3mrequest_id[0m[2m=[0m1 [3mpages[0m[2m=[0m7 [3msprites[0m[2m=[0m2111 [3mcompressed_bytes[0m[2m=[0m14785921 [3mrgba_bytes[0m[2m=[0m7340032 [3mmap_object_rgba_bytes[0m[2m=[0m9722880 [3mmap_width[0m[2m=[0m700 [3mmap_height[0m[2m=[0m700 [3mmap_atlases[0m[2m=[0m7 [3mmap_tiles[0m[2m=[0m583 [3mmap_standalone_tiles[0m[2m=[0m222 [3munresolved_draws[0m[2m=[0m0 [3mentity_pages[0m[2m=[0m5 [3mentities[0m[2m=[0m1 [3mentity_layers[0m[2m=[0m1 [3munresolved_entities[0m[2m=[0m0 [3mentity_unindexed_rects[0m[2m=[0m24 [3mentity_compressed_bytes[0m[2m=[0m11209197 [3mentity_rgba_bytes[0m[2m=[0m83886080 [3mentity_manifest_sha256[0m[2m=[0m"929d146535bde9b61c75c33af0e98852dcc3aef83320869aac9f06f4bdd530d9"
10-03 02:16:08.660 24896 24918 D EGL_emulation: app_time_stats: avg=28.97ms min=11.19ms max=305.73ms count=34
10-03 02:16:09.675 24896 24918 D EGL_emulation: app_time_stats: avg=13.18ms min=12.17ms max=16.33ms count=61
10-03 02:16:10.675 24896 24918 D EGL_emulation: app_time_stats: avg=13.03ms min=12.00ms max=16.64ms count=60
10-03 02:16:11.677 24896 24918 D EGL_emulation: app_time_stats: avg=13.44ms min=12.33ms max=15.29ms count=60
10-03 02:16:12.677 24896 24918 D EGL_emulation: app_time_stats: avg=13.70ms min=12.28ms max=17.62ms count=60
10-03 02:16:13.694 24896 24918 D EGL_emulation: app_time_stats: avg=13.06ms min=12.00ms max=16.13ms count=61
10-03 02:16:14.713 24896 24918 D EGL_emulation: app_time_stats: avg=13.13ms min=12.28ms max=16.25ms count=61
10-03 02:16:15.726 24896 24918 D EGL_emulation: app_time_stats: avg=13.70ms min=12.59ms max=15.97ms count=61
10-03 02:16:16.742 24896 24918 D EGL_emulation: app_time_stats: avg=13.02ms min=12.05ms max=15.13ms count=61
10-03 02:16:17.743 24896 24918 D EGL_emulation: app_time_stats: avg=13.11ms min=12.18ms max=15.47ms count=60
10-03 02:16:18.744 24896 24918 D EGL_emulation: app_time_stats: avg=12.95ms min=12.22ms max=14.19ms count=60
10-03 02:16:19.760 24896 24918 D EGL_emulation: app_time_stats: avg=13.30ms min=12.44ms max=14.51ms count=61
10-03 02:16:20.776 24896 24918 D EGL_emulation: app_time_stats: avg=13.03ms min=12.12ms max=14.44ms count=61
10-03 02:16:21.792 24896 24918 D EGL_emulation: app_time_stats: avg=13.11ms min=12.25ms max=14.13ms count=61
10-03 02:16:22.809 24896 24918 D EGL_emulation: app_time_stats: avg=13.06ms min=12.10ms max=14.59ms count=61
10-03 02:16:23.809 24896 24918 D EGL_emulation: app_time_stats: avg=13.60ms min=12.17ms max=15.58ms count=60
10-03 02:16:24.810 24896 24918 D EGL_emulation: app_time_stats: avg=13.72ms min=12.45ms max=16.72ms count=60
10-03 02:16:25.826 24896 24918 D EGL_emulation: app_time_stats: avg=12.99ms min=12.16ms max=14.27ms count=61
10-03 02:16:26.842 24896 24918 D EGL_emulation: app_time_stats: avg=13.14ms min=12.00ms max=15.50ms count=61
10-03 02:16:27.860 24896 24918 D EGL_emulation: app_time_stats: avg=13.43ms min=12.26ms max=16.13ms count=61
10-03 02:16:28.877 24896 24918 D EGL_emulation: app_time_stats: avg=13.09ms min=12.10ms max=15.60ms count=61
10-03 02:16:29.881 24896 24918 D EGL_emulation: app_time_stats: avg=13.72ms min=12.28ms max=16.42ms count=60
10-03 02:16:30.898 24896 24918 D EGL_emulation: app_time_stats: avg=13.75ms min=12.33ms max=17.26ms count=61
10-03 02:16:31.910 24896 24918 D EGL_emulation: app_time_stats: avg=14.04ms min=12.59ms max=16.18ms count=61
10-03 02:16:32.926 24896 24918 D EGL_emulation: app_time_stats: avg=13.75ms min=12.38ms max=30.46ms count=60
10-03 02:16:33.926 24896 24918 D EGL_emulation: app_time_stats: avg=12.82ms min=11.96ms max=13.97ms count=60
10-03 02:16:34.946 24896 24918 D EGL_emulation: app_time_stats: avg=12.99ms min=11.95ms max=14.34ms count=61
10-03 02:16:35.959 24896 24918 D EGL_emulation: app_time_stats: avg=13.54ms min=12.37ms max=16.31ms count=61
10-03 02:16:36.959 24896 24918 D EGL_emulation: app_time_stats: avg=12.91ms min=11.98ms max=14.69ms count=60
10-03 02:16:37.960 24896 24918 D EGL_emulation: app_time_stats: avg=13.24ms min=12.34ms max=15.80ms count=60
10-03 02:16:38.977 24896 24918 D EGL_emulation: app_time_stats: avg=13.94ms min=12.31ms max=20.60ms count=61
10-03 02:16:39.992 24896 24918 D EGL_emulation: app_time_stats: avg=13.45ms min=12.34ms max=17.14ms count=61
10-03 02:16:40.996 24896 24918 D EGL_emulation: app_time_stats: avg=13.83ms min=12.29ms max=22.46ms count=60
10-03 02:16:42.009 24896 24918 D EGL_emulation: app_time_stats: avg=13.70ms min=12.31ms max=16.60ms count=61
10-03 02:16:43.010 24896 24918 D EGL_emulation: app_time_stats: avg=13.89ms min=12.41ms max=21.02ms count=60
10-03 02:16:44.026 24896 24918 D EGL_emulation: app_time_stats: avg=13.55ms min=12.49ms max=16.33ms count=61
10-03 02:16:45.027 24896 24918 D EGL_emulation: app_time_stats: avg=13.64ms min=12.18ms max=16.98ms count=60
10-03 02:16:46.028 24896 24918 D EGL_emulation: app_time_stats: avg=13.60ms min=12.11ms max=17.57ms count=60
10-03 02:16:47.043 24896 24918 D EGL_emulation: app_time_stats: avg=14.15ms min=12.23ms max=33.33ms count=60
10-03 02:16:48.044 24896 24918 D EGL_emulation: app_time_stats: avg=14.00ms min=12.63ms max=16.84ms count=60
10-03 02:16:49.044 24896 24918 D EGL_emulation: app_time_stats: avg=13.50ms min=12.24ms max=16.72ms count=60
10-03 02:16:50.062 24896 24918 D EGL_emulation: app_time_stats: avg=13.70ms min=12.31ms max=16.94ms count=61
10-03 02:16:51.077 24896 24918 D EGL_emulation: app_time_stats: avg=13.42ms min=12.34ms max=16.19ms count=61
10-03 02:16:52.096 24896 24918 D EGL_emulation: app_time_stats: avg=13.91ms min=12.60ms max=17.31ms count=61
10-03 02:16:53.109 24896 24918 D EGL_emulation: app_time_stats: avg=14.11ms min=12.46ms max=27.20ms count=61
10-03 02:16:54.125 24896 24918 D EGL_emulation: app_time_stats: avg=13.34ms min=12.03ms max=16.68ms count=61
10-03 02:16:55.125 24896 24918 D EGL_emulation: app_time_stats: avg=13.18ms min=12.19ms max=16.81ms count=60
10-03 02:16:56.128 24896 24918 D EGL_emulation: app_time_stats: avg=13.60ms min=12.17ms max=17.26ms count=60
10-03 02:16:57.130 24896 24918 D EGL_emulation: app_time_stats: avg=13.30ms min=11.83ms max=17.64ms count=60
10-03 02:16:58.146 24896 24918 D EGL_emulation: app_time_stats: avg=13.81ms min=12.33ms max=16.51ms count=61
10-03 02:16:59.160 24896 24918 D EGL_emulation: app_time_stats: avg=13.86ms min=12.06ms max=17.78ms count=61
10-03 02:17:00.179 24896 24918 D EGL_emulation: app_time_stats: avg=14.13ms min=12.37ms max=17.60ms count=61
10-03 02:17:01.199 24896 24918 D EGL_emulation: app_time_stats: avg=13.68ms min=12.36ms max=16.92ms count=61
10-03 02:17:02.209 24896 24918 D EGL_emulation: app_time_stats: avg=14.36ms min=12.26ms max=25.77ms count=61
10-03 02:17:03.215 24896 24918 D EGL_emulation: app_time_stats: avg=14.10ms min=12.40ms max=19.60ms count=60
10-03 02:17:04.226 24896 24918 D EGL_emulation: app_time_stats: avg=13.87ms min=12.51ms max=17.58ms count=61
10-03 02:17:05.230 24896 24918 D EGL_emulation: app_time_stats: avg=13.96ms min=12.24ms max=17.91ms count=60
10-03 02:17:06.235 24896 24918 D EGL_emulation: app_time_stats: avg=13.76ms min=12.44ms max=18.55ms count=60
10-03 02:17:07.244 24896 24918 D EGL_emulation: app_time_stats: avg=14.29ms min=12.45ms max=28.99ms count=61
10-03 02:17:08.262 24896 24918 D EGL_emulation: app_time_stats: avg=14.45ms min=12.22ms max=18.55ms count=61
10-03 02:17:09.264 24896 24918 D EGL_emulation: app_time_stats: avg=14.15ms min=12.34ms max=18.66ms count=60
10-03 02:17:10.266 24896 24918 D EGL_emulation: app_time_stats: avg=13.90ms min=12.49ms max=18.50ms count=60
10-03 02:17:11.277 24896 24918 D EGL_emulation: app_time_stats: avg=14.27ms min=12.43ms max=31.30ms count=60
10-03 02:17:12.297 24896 24918 D EGL_emulation: app_time_stats: avg=14.44ms min=12.65ms max=19.98ms count=61
10-03 02:17:13.298 24896 24918 D EGL_emulation: app_time_stats: avg=13.63ms min=12.03ms max=15.64ms count=60
10-03 02:17:14.311 24896 24918 D EGL_emulation: app_time_stats: avg=13.64ms min=12.27ms max=17.10ms count=61
10-03 02:17:15.324 24896 24918 D EGL_emulation: app_time_stats: avg=16.04ms min=12.12ms max=86.08ms count=55
10-03 02:17:16.330 24896 24918 D EGL_emulation: app_time_stats: avg=15.63ms min=12.22ms max=26.97ms count=60
