{
  "source": "9458ae4a1e11fbfe409f08c1af014fd0703ebff4",
  "frozenWindows": "3d735745f1117d42a7859e87604a106351dca935",
  "rust": [
    {
      "name": "android-normal-full.log",
      "passed": 290,
      "failed": 0,
      "ignored": 0
    },
    {
      "name": "android-preview-full.log",
      "passed": 307,
      "failed": 0,
      "ignored": 0
    }
  ],
  "java": [
    {
      "variant": "Debug",
      "suites": [
        {
          "name": "TEST-com.mir2.web3.EditorBackPolicyTest.xml",
          "sha256": "a5fb697ddee31b5807e3801a09063b9ec2d7ea56f6f085f6519bdb3f38b9e1b5"
        },
        {
          "name": "TEST-com.mir2.web3.ForegroundRecoveryPolicyTest.xml",
          "sha256": "20204d93217bc386147df465ae9cabe731bcbfeda886edad95699635432061cd"
        },
        {
          "name": "TEST-com.mir2.web3.GatewayHostPolicyTest.xml",
          "sha256": "3970862d205aa818744fc21a0152bc8e8a2ed821985d3e039262e4778ab9070d"
        },
        {
          "name": "TEST-com.mir2.web3.GatewaySessionTest.xml",
          "sha256": "f9f5f835e51e349ce12fd19f43f6d3962a3392e649ea22367f5f5f5e4a4c4b3d"
        },
        {
          "name": "TEST-com.mir2.web3.NetworkRecoveryPolicyTest.xml",
          "sha256": "b21c7645da25aa5b43810e80cdba62395e2e9eecb58cb30d51eede7ad7279c7e"
        }
      ],
      "tests": 39,
      "failures": 0,
      "errors": 0,
      "skipped": 0,
      "environment": "local synthetic TLS/MockWebServer, not live account"
    },
    {
      "variant": "UiPreview",
      "suites": [
        {
          "name": "TEST-com.mir2.web3.EditorBackPolicyTest.xml",
          "sha256": "7d6b1d7a5eaa4118ff4305db8329f31dc48fd920ac343c8bea918c3ea2e99b9f"
        },
        {
          "name": "TEST-com.mir2.web3.ForegroundRecoveryPolicyTest.xml",
          "sha256": "b333f36c56e25c2d5fb85a65978b4f85983bcf932661ab48749a621fba104186"
        },
        {
          "name": "TEST-com.mir2.web3.GatewayHostPolicyTest.xml",
          "sha256": "016fed29645288e6dec824ebef844456498236bd416a2fc96432a172a61ac8a8"
        },
        {
          "name": "TEST-com.mir2.web3.GatewaySessionTest.xml",
          "sha256": "50db0a1fa5cc2f6846cbe1a3c3645343201940f06504c2b02fd6695097dc0259"
        },
        {
          "name": "TEST-com.mir2.web3.NetworkRecoveryPolicyTest.xml",
          "sha256": "abb185f8dc4d300a2753afe6e18cd2ddea9b58d5f9e6cf5b68a583e9f431f11a"
        }
      ],
      "tests": 39,
      "failures": 0,
      "errors": 0,
      "skipped": 0,
      "environment": "local synthetic TLS/MockWebServer, not live account"
    }
  ],
  "sourceFiles": [
    {
      "path": "mir2-web3/apps/game-client/platform-android/src/ui_preview.rs",
      "sha256": "a4b6bc1cd83677dc280303557af0b4f3f97e6fa8dd602447ed484a0b850b5488"
    },
    {
      "path": "mir2-web3/apps/game-client/platform-android/src/npc_ingress.rs",
      "sha256": "1544b4dbe37e86dddcc90b04db6b09818c02a871978f4f237d2b3d8ebb501a75"
    },
    {
      "path": "mir2-web3/apps/game-client/platform-android/src/npc_host_tests.rs",
      "sha256": "507be77c53a8e139c73b47a02414d01545a3598dcafbfae05907baa4287f31ea"
    },
    {
      "path": "mir2-web3/apps/game-client/platform-android/src/player_ingress.rs",
      "sha256": "230f7b9746254e8598ca99ad846c4b96b3f29a6e1945913ddef89725618510fc"
    },
    {
      "path": "mir2-web3/apps/game-client/platform-android/src/shared_shell.rs",
      "sha256": "c17efe16df8c0b6dd914ed2a2be11ba59ae46f93354e847b7773de6589056289"
    },
    {
      "path": "mir2-web3/apps/game-client/platform-android/src/lib.rs",
      "sha256": "12c371211bf76044522f1deb8d992c1b19214b6efe6d618519ef6fe6dd3949c1"
    },
    {
      "path": "mir2-web3/apps/game-client/platform-android/src/item_geometry.rs",
      "sha256": "f30ff2524a5febc632a095b14cdb1bfaadf9f0cbb866bafc14340febd1898fce"
    },
    {
      "path": "mir2-web3/apps/game-client/platform-android/src/phone_hud.rs",
      "sha256": "5f56a3311a3685c62f8b71b0c41fd45d0e9a034675b8bb30fbeb465ccc926777"
    },
    {
      "path": "mir2-web3/apps/game-client/platform-android/src/phone_panels.rs",
      "sha256": "b89c76d490f58faeaf3f3430b8834ef28b68970665b8286292cff68216a50041"
    },
    {
      "path": "mir2-web3/apps/game-client/platform-android/src/text_input.rs",
      "sha256": "5305f310cb666e2ca608a957c47f8161a192008d265a13bc6e0efec3f63b848b"
    },
    {
      "path": "mir2-web3/apps/game-client/platform-android/android/app/build.gradle",
      "sha256": "f759fdae87e7118c43ae5d3a57aaf41fdc079b20fd2bbad54493297ff198c251"
    },
    {
      "path": "mir2-web3/apps/game-client/platform-android/build-android.sh",
      "sha256": "37dd7f68cc6c32741fb8c3c042e44651c976fdb1b58f380e10ef452719b5342e"
    },
    {
      "path": "mir2-web3/apps/game-client/platform-android/android/app/src/main/java/com/mir2/web3/GatewaySession.java",
      "sha256": "61945f8aeb35d5b6228f97ab381d8b04d19f6fdd4924cb14daabfc38eb530dae"
    },
    {
      "path": "mir2-web3/apps/game-client/platform-android/android/app/src/main/java/com/mir2/web3/MainActivity.java",
      "sha256": "bf68446cf5ae91e42e0d061036726d2cf0e460479cff17dea2804696a71ce6cd"
    },
    {
      "path": "mir2-web3/apps/game-client/platform-android/android/app/src/test/java/com/mir2/web3/GatewaySessionTest.java",
      "sha256": "cbd62048af4c8f70345debb974f4b350e9feb94f0ce3691ea517e25dee7d5890"
    },
    {
      "path": "mir2-web3/apps/game-client/client-bevy/src/native_npc_ingress.rs",
      "sha256": "38ff1c5220d259b7e609090031219047524b80636e1450a40b28fd7898ba302f"
    },
    {
      "path": "mir2-web3/apps/game-client/client-bevy/src/native_inventory_ingress.rs",
      "sha256": "8b45f76f8974b21f0fe8729965e89d979955eca4f8da831c4aaebb205d2384ac"
    },
    {
      "path": "mir2-web3/apps/game-client/client-bevy/src/crystal_ui/overlays.rs",
      "sha256": "228883d8912ffc233eebb6acc9f103e215d56aef07c6e616308e51d12f6ba3b0"
    },
    {
      "path": "mir2-web3/apps/game-client/client-bevy/src/shop.rs",
      "sha256": "71bdbf1637176190cb93703fc94a59af047cf8326f8f88a8093ae8e98f130495"
    },
    {
      "path": "mir2-web3/apps/game-client/client-bevy/src/read_model.rs",
      "sha256": "25326f497aabe20bb7300b6e3cacdec21c5851b1eb957bb8fc6300279b429979"
    },
    {
      "path": "mir2-web3/apps/game-client/client-bevy/src/big_map.rs",
      "sha256": "0a1f91a1ef552b996445495cd19f16ebd33a72e4a306ff404b2fe419bca2ee97"
    },
    {
      "path": "mir2-web3/apps/game-client/runtime/src/native_ingest.rs",
      "sha256": "8aacaf2c8605b55387b049d72dea03638d6cdeff90688d5a309525dabb61dcde"
    },
    {
      "path": "mir2-web3/apps/game-client/runtime/src/lib.rs",
      "sha256": "fa05c7d9a93254a063f845c37227cbcc32239614d8ca6072d6cbfc7a1d07a2da"
    },
    {
      "path": "mir2-web3/apps/game-client/platform-android/Cargo.lock",
      "sha256": "470969816b029c95a8a222700510a423dcd7201e955aef27a655a6b434dc6f3d"
    }
  ],
  "arm64Api31": {
    "normal": true,
    "actualPreviewFeature": true
  },
  "failureFirst": {
    "compiledOldFixture": true,
    "passed": 0,
    "failed": 1,
    "unrelatedTestFieldSetupCompileErrorPreserved": true
  },
  "nativeNpcImplementation": "4e35d3a34041f47370ba7f1338d4b5e0f8d7c0f8",
  "regressionBoundary": "Production Android NPC projector and exact synthetic FIFO; public shared reducer assertions, not actual JNI, window rendering, network or transactions.",
  "sharedAndWindowsRegression": "Prior 4e35 exact code gates remain separate; wider Windows NPC filter retained 19 pass / 6 fail.",
  "fullPhoneUiAccepted": false,
  "authenticatedGameplayAccepted": false,
  "physicalDeviceAccepted": false
}
