TAP version 13
# Subtest: legacy PUT rejects reserved native prefix: mir2/native/windows-invited/releases/protected.exe
ok 1 - legacy PUT rejects reserved native prefix: mir2/native/windows-invited/releases/protected.exe
  ---
  duration_ms: 13.2544
  type: 'test'
  ...
# Subtest: legacy PUT rejects reserved native prefix:   ///mir2/native/windows-invited/channels/invited.json  
ok 2 - legacy PUT rejects reserved native prefix:   ///mir2/native/windows-invited/channels/invited.json  
  ---
  duration_ms: 0.4489
  type: 'test'
  ...
# Subtest: unrelated legacy Web PUT retains its existing behavior
ok 3 - unrelated legacy Web PUT retains its existing behavior
  ---
  duration_ms: 0.4637
  type: 'test'
  ...
# Subtest: source proof and actual small feed/signature match literal closure
ok 4 - source proof and actual small feed/signature match literal closure
  ---
  duration_ms: 9.6961
  type: 'test'
  ...
# Subtest: changed frozen plan cannot redefine authority: candidate
ok 5 - changed frozen plan cannot redefine authority: candidate
  ---
  duration_ms: 1.2087
  type: 'test'
  ...
# Subtest: changed frozen plan cannot redefine authority: object
ok 6 - changed frozen plan cannot redefine authority: object
  ---
  duration_ms: 0.5429
  type: 'test'
  ...
# Subtest: changed frozen plan cannot redefine authority: root
ok 7 - changed frozen plan cannot redefine authority: root
  ---
  duration_ms: 0.5479
  type: 'test'
  ...
# Subtest: changed frozen plan cannot redefine authority: origin
ok 8 - changed frozen plan cannot redefine authority: origin
  ---
  duration_ms: 0.7301
  type: 'test'
  ...
# Subtest: changed frozen plan cannot redefine authority: installer
ok 9 - changed frozen plan cannot redefine authority: installer
  ---
  duration_ms: 1.9261
  type: 'test'
  ...
# Subtest: unauthorized request precedes every fetch/storage operation: /import
ok 10 - unauthorized request precedes every fetch/storage operation: /import
  ---
  duration_ms: 0.9198
  type: 'test'
  ...
# Subtest: unauthorized request precedes every fetch/storage operation: /promote
ok 11 - unauthorized request precedes every fetch/storage operation: /promote
  ---
  duration_ms: 0.5368
  type: 'test'
  ...
# Subtest: unauthorized request precedes every fetch/storage operation: /objects/0
ok 12 - unauthorized request precedes every fetch/storage operation: /objects/0
  ---
  duration_ms: 0.1537
  type: 'test'
  ...
# Subtest: unauthorized request precedes every fetch/storage operation: /pointer
ok 13 - unauthorized request precedes every fetch/storage operation: /pointer
  ---
  duration_ms: 0.1388
  type: 'test'
  ...
# Subtest: index dispatch reaches native authorization before old PUT-only gate
ok 14 - index dispatch reaches native authorization before old PUT-only gate
  ---
  duration_ms: 0.1494
  type: 'test'
  ...
# Subtest: import rejects caller authority input: {"index":0,"url":"https://attacker.invalid/"}
ok 15 - import rejects caller authority input: {"index":0,"url":"https://attacker.invalid/"}
  ---
  duration_ms: 3.6591
  type: 'test'
  ...
# Subtest: import rejects caller authority input: {"index":0,"sha256":"0000000000000000000000000000000000000000000000000000000000000000"}
ok 16 - import rejects caller authority input: {"index":0,"sha256":"0000000000000000000000000000000000000000000000000000000000000000"}
  ---
  duration_ms: 2.2791
  type: 'test'
  ...
# Subtest: import rejects caller authority input: {"index":0,"key":"mir2/native/windows-invited/channels/invited.json"}
ok 17 - import rejects caller authority input: {"index":0,"key":"mir2/native/windows-invited/channels/invited.json"}
  ---
  duration_ms: 1.5626
  type: 'test'
  ...
# Subtest: import rejects caller authority input: {"index":0,"path":"feeds/s12-7efdddf34fbf58ffa0bf8c4f7fcb1a9ad2bac869cb3f003cea0a0c9c53356c88/latest.json"}
ok 18 - import rejects caller authority input: {"index":0,"path":"feeds/s12-7efdddf34fbf58ffa0bf8c4f7fcb1a9ad2bac869cb3f003cea0a0c9c53356c88/latest.json"}
  ---
  duration_ms: 1.9207
  type: 'test'
  ...
# Subtest: import rejects caller authority input: {"index":-1}
ok 19 - import rejects caller authority input: {"index":-1}
  ---
  duration_ms: 1.5055
  type: 'test'
  ...
# Subtest: import rejects caller authority input: {"index":36}
ok 20 - import rejects caller authority input: {"index":36}
  ---
  duration_ms: 1.7452
  type: 'test'
  ...
# Subtest: import rejects caller authority input: {"index":0.1}
ok 21 - import rejects caller authority input: {"index":0.1}
  ---
  duration_ms: 1.3518
  type: 'test'
  ...
# Subtest: import rejects caller authority input: {"index":"0"}
ok 22 - import rejects caller authority input: {"index":"0"}
  ---
  duration_ms: 1.4204
  type: 'test'
  ...
# Subtest: import rejects caller authority input: {"path":"latest.json"}
ok 23 - import rejects caller authority input: {"path":"latest.json"}
  ---
  duration_ms: 1.5844
  type: 'test'
  ...
# Subtest: import rejects caller authority input: {"path":"../channels/invited.json"}
ok 24 - import rejects caller authority input: {"path":"../channels/invited.json"}
  ---
  duration_ms: 1.3113
  type: 'test'
  ...
# Subtest: import rejects caller authority input: {"path":"https://attacker.invalid/"}
ok 25 - import rejects caller authority input: {"path":"https://attacker.invalid/"}
  ---
  duration_ms: 1.3876
  type: 'test'
  ...
# Subtest: import rejects caller authority input: []
ok 26 - import rejects caller authority input: []
  ---
  duration_ms: 1.2141
  type: 'test'
  ...
# Subtest: import rejects caller authority input: null
ok 27 - import rejects caller authority input: null
  ---
  duration_ms: 1.6021
  type: 'test'
  ...
# Subtest: native path/query is literal only: /import?anything=1
ok 28 - native path/query is literal only: /import?anything=1
  ---
  duration_ms: 0.3601
  type: 'test'
  ...
# Subtest: native path/query is literal only: /import?
ok 29 - native path/query is literal only: /import?
  ---
  duration_ms: 0.1124
  type: 'test'
  ...
# Subtest: native path/query is literal only: /objects/00
ok 30 - native path/query is literal only: /objects/00
  ---
  duration_ms: 1.4761
  type: 'test'
  ...
# Subtest: native path/query is literal only: /objects/36
ok 31 - native path/query is literal only: /objects/36
  ---
  duration_ms: 1.479
  type: 'test'
  ...
# Subtest: native path/query is literal only: /objects/%30
ok 32 - native path/query is literal only: /objects/%30
  ---
  duration_ms: 0.1132
  type: 'test'
  ...
# Subtest: native path/query is literal only: /objects/0/
ok 33 - native path/query is literal only: /objects/0/
  ---
  duration_ms: 1.6051
  type: 'test'
  ...
# Subtest: native path/query is literal only: /arbitrary
ok 34 - native path/query is literal only: /arbitrary
  ---
  duration_ms: 1.4261
  type: 'test'
  ...
# Subtest: native path/query is literal only: /pointer/
ok 35 - native path/query is literal only: /pointer/
  ---
  duration_ms: 1.1787
  type: 'test'
  ...
# Subtest: strict request JSON rejects ambiguity/complexity: {"index":0,"index":1}
ok 36 - strict request JSON rejects ambiguity/complexity: {"index":0,"index":1}
  ---
  duration_ms: 1.3137
  type: 'test'
  ...
# Subtest: strict request JSON rejects ambiguity/complexity: {"index":0,"\\u0069ndex":1}
ok 37 - strict request JSON rejects ambiguity/complexity: {"index":0,"\\u0069ndex":1}
  ---
  duration_ms: 1.3499
  type: 'test'
  ...
# Subtest: strict request JSON rejects ambiguity/complexity: {"index":0} trailing
ok 38 - strict request JSON rejects ambiguity/complexity: {"index":0} trailing
  ---
  duration_ms: 1.2557
  type: 'test'
  ...
# Subtest: strict request JSON rejects ambiguity/complexity: ﻿{"index":0}
ok 39 - strict request JSON rejects ambiguity/complexity: ﻿{"index":0}
  ---
  duration_ms: 1.468
  type: 'test'
  ...
# Subtest: strict request JSON rejects ambiguity/complexity: {"index":[[[[[[[[[[[[[[[0]]]]]]]]]]]]]]]}
ok 40 - strict request JSON rejects ambiguity/complexity: {"index":[[[[[[[[[[[[[[[0]]]]]]]]]]]]]]]}
  ---
  duration_ms: 1.2258
  type: 'test'
  ...
# Subtest: actual request stream and declared length are independently bounded
ok 41 - actual request stream and declared length are independently bounded
  ---
  duration_ms: 6.1533
  type: 'test'
  ...
# Subtest: actual signed small object streams with checksum/create-only and read-after-write: {"index":0}
ok 42 - actual signed small object streams with checksum/create-only and read-after-write: {"index":0}
  ---
  duration_ms: 4.1552
  type: 'test'
  ...
# Subtest: actual signed small object streams with checksum/create-only and read-after-write: {"path":"feeds/s12-7efdddf34fbf58ffa0bf8c4f7fcb1a9ad2bac869cb3f003cea0a0c9c53356c88/latest.json"}
ok 43 - actual signed small object streams with checksum/create-only and read-after-write: {"path":"feeds/s12-7efdddf34fbf58ffa0bf8c4f7fcb1a9ad2bac869cb3f003cea0a0c9c53356c88/latest.json"}
  ---
  duration_ms: 1.7504
  type: 'test'
  ...
# Subtest: actual signed small object streams with checksum/create-only and read-after-write: {"index":1}
ok 44 - actual signed small object streams with checksum/create-only and read-after-write: {"index":1}
  ---
  duration_ms: 1.9474
  type: 'test'
  ...
# Subtest: exact existing object resumes only after full incremental hash and metadata
ok 45 - exact existing object resumes only after full incremental hash and metadata
  ---
  duration_ms: 1.9279
  type: 'test'
  ...
# Subtest: existing immutable mismatch cannot resume/overwrite: body
ok 46 - existing immutable mismatch cannot resume/overwrite: body
  ---
  duration_ms: 1.779
  type: 'test'
  ...
# Subtest: existing immutable mismatch cannot resume/overwrite: short
ok 47 - existing immutable mismatch cannot resume/overwrite: short
  ---
  duration_ms: 1.9317
  type: 'test'
  ...
# Subtest: existing immutable mismatch cannot resume/overwrite: extra
ok 48 - existing immutable mismatch cannot resume/overwrite: extra
  ---
  duration_ms: 1.9489
  type: 'test'
  ...
# Subtest: existing immutable mismatch cannot resume/overwrite: size
ok 49 - existing immutable mismatch cannot resume/overwrite: size
  ---
  duration_ms: 1.2624
  type: 'test'
  ...
# Subtest: existing immutable mismatch cannot resume/overwrite: etag
ok 50 - existing immutable mismatch cannot resume/overwrite: etag
  ---
  duration_ms: 1.5602
  type: 'test'
  ...
# Subtest: existing immutable mismatch cannot resume/overwrite: weak-etag
ok 51 - existing immutable mismatch cannot resume/overwrite: weak-etag
  ---
  duration_ms: 1.2655
  type: 'test'
  ...
# Subtest: existing immutable mismatch cannot resume/overwrite: custom-sha
ok 52 - existing immutable mismatch cannot resume/overwrite: custom-sha
  ---
  duration_ms: 1.4446
  type: 'test'
  ...
# Subtest: existing immutable mismatch cannot resume/overwrite: stored-sha
ok 53 - existing immutable mismatch cannot resume/overwrite: stored-sha
  ---
  duration_ms: 1.3914
  type: 'test'
  ...
# Subtest: existing immutable mismatch cannot resume/overwrite: missing-checksum
ok 54 - existing immutable mismatch cannot resume/overwrite: missing-checksum
  ---
  duration_ms: 1.3324
  type: 'test'
  ...
# Subtest: existing immutable mismatch cannot resume/overwrite: mime
ok 55 - existing immutable mismatch cannot resume/overwrite: mime
  ---
  duration_ms: 1.2524
  type: 'test'
  ...
# Subtest: existing immutable mismatch cannot resume/overwrite: cache
ok 56 - existing immutable mismatch cannot resume/overwrite: cache
  ---
  duration_ms: 1.1987
  type: 'test'
  ...
# Subtest: existing immutable mismatch cannot resume/overwrite: encoding
ok 57 - existing immutable mismatch cannot resume/overwrite: encoding
  ---
  duration_ms: 1.4174
  type: 'test'
  ...
# Subtest: existing immutable mismatch cannot resume/overwrite: key
ok 58 - existing immutable mismatch cannot resume/overwrite: key
  ---
  duration_ms: 1.1699
  type: 'test'
  ...
# Subtest: origin contract fails closed: 301
ok 59 - origin contract fails closed: 301
  ---
  duration_ms: 1.7188
  type: 'test'
  ...
# Subtest: origin contract fails closed: 302
ok 60 - origin contract fails closed: 302
  ---
  duration_ms: 1.4805
  type: 'test'
  ...
# Subtest: origin contract fails closed: 307
ok 61 - origin contract fails closed: 307
  ---
  duration_ms: 1.5762
  type: 'test'
  ...
# Subtest: origin contract fails closed: 206
ok 62 - origin contract fails closed: 206
  ---
  duration_ms: 1.7634
  type: 'test'
  ...
# Subtest: origin contract fails closed: 404
ok 63 - origin contract fails closed: 404
  ---
  duration_ms: 1.6931
  type: 'test'
  ...
# Subtest: origin contract fails closed: gzip
ok 64 - origin contract fails closed: gzip
  ---
  duration_ms: 1.5122
  type: 'test'
  ...
# Subtest: origin contract fails closed: missing-length
ok 65 - origin contract fails closed: missing-length
  ---
  duration_ms: 1.5481
  type: 'test'
  ...
# Subtest: origin contract fails closed: wrong-length
ok 66 - origin contract fails closed: wrong-length
  ---
  duration_ms: 1.2623
  type: 'test'
  ...
# Subtest: origin contract fails closed: noncanonical-length
ok 67 - origin contract fails closed: noncanonical-length
  ---
  duration_ms: 1.5244
  type: 'test'
  ...
# Subtest: origin contract fails closed: short-stream
ok 68 - origin contract fails closed: short-stream
  ---
  duration_ms: 1.6245
  type: 'test'
  ...
# Subtest: origin contract fails closed: extra-stream
ok 69 - origin contract fails closed: extra-stream
  ---
  duration_ms: 1.6705
  type: 'test'
  ...
# Subtest: origin contract fails closed: wrong-sha
ok 70 - origin contract fails closed: wrong-sha
  ---
  duration_ms: 1.3834
  type: 'test'
  ...
# Subtest: early create race cancels blocked source and never retries unconditionally
ok 71 - early create race cancels blocked source and never retries unconditionally
  ---
  duration_ms: 1.8727
  type: 'test'
  ...
# Subtest: runtime without FixedLengthStream refuses before origin request
ok 72 - runtime without FixedLengthStream refuses before origin request
  ---
  duration_ms: 1.5553
  type: 'test'
  ...
# Subtest: 111MB artifact is consumed in 64KiB chunks, checksum rejects synthetic bytes without commit
ok 73 - 111MB artifact is consumed in 64KiB chunks, checksum rejects synthetic bytes without commit
  ---
  duration_ms: 108.7202
  type: 'test'
  ...
# Subtest: authenticated native GET/HEAD are limited, byte exact and no-store
ok 74 - authenticated native GET/HEAD are limited, byte exact and no-store
  ---
  duration_ms: 2.4197
  type: 'test'
  ...
# Subtest: GET never serves an object whose stored checksum was changed
ok 75 - GET never serves an object whose stored checksum was changed
  ---
  duration_ms: 2.0623
  type: 'test'
  ...
# Subtest: promote rejects incomplete/forged bound stage: missing
ok 76 - promote rejects incomplete/forged bound stage: missing
  ---
  duration_ms: 1.5881
  type: 'test'
  ...
# Subtest: promote rejects incomplete/forged bound stage: not-passed
ok 77 - promote rejects incomplete/forged bound stage: not-passed
  ---
  duration_ms: 1.6553
  type: 'test'
  ...
# Subtest: promote rejects incomplete/forged bound stage: mode
ok 78 - promote rejects incomplete/forged bound stage: mode
  ---
  duration_ms: 1.3756
  type: 'test'
  ...
# Subtest: promote rejects incomplete/forged bound stage: plan
ok 79 - promote rejects incomplete/forged bound stage: plan
  ---
  duration_ms: 1.5883
  type: 'test'
  ...
# Subtest: promote rejects incomplete/forged bound stage: root
ok 80 - promote rejects incomplete/forged bound stage: root
  ---
  duration_ms: 1.4489
  type: 'test'
  ...
# Subtest: promote rejects incomplete/forged bound stage: table
ok 81 - promote rejects incomplete/forged bound stage: table
  ---
  duration_ms: 1.5487
  type: 'test'
  ...
# Subtest: promote rejects incomplete/forged bound stage: closure
ok 82 - promote rejects incomplete/forged bound stage: closure
  ---
  duration_ms: 1.4518
  type: 'test'
  ...
# Subtest: promote rejects incomplete/forged bound stage: candidate
ok 83 - promote rejects incomplete/forged bound stage: candidate
  ---
  duration_ms: 1.5366
  type: 'test'
  ...
# Subtest: promote rejects incomplete/forged bound stage: expected-current
ok 84 - promote rejects incomplete/forged bound stage: expected-current
  ---
  duration_ms: 1.4743
  type: 'test'
  ...
# Subtest: promote rejects incomplete/forged bound stage: pointer-changed
ok 85 - promote rejects incomplete/forged bound stage: pointer-changed
  ---
  duration_ms: 1.6017
  type: 'test'
  ...
# Subtest: promote rejects incomplete/forged bound stage: public-false
ok 86 - promote rejects incomplete/forged bound stage: public-false
  ---
  duration_ms: 1.4415
  type: 'test'
  ...
# Subtest: promote rejects incomplete/forged bound stage: public-host
ok 87 - promote rejects incomplete/forged bound stage: public-host
  ---
  duration_ms: 1.6743
  type: 'test'
  ...
# Subtest: promote rejects incomplete/forged bound stage: missing-object
ok 88 - promote rejects incomplete/forged bound stage: missing-object
  ---
  duration_ms: 1.5075
  type: 'test'
  ...
# Subtest: promote rejects incomplete/forged bound stage: extra-object
ok 89 - promote rejects incomplete/forged bound stage: extra-object
  ---
  duration_ms: 1.5939
  type: 'test'
  ...
# Subtest: promote rejects incomplete/forged bound stage: altered-size
ok 90 - promote rejects incomplete/forged bound stage: altered-size
  ---
  duration_ms: 1.4084
  type: 'test'
  ...
# Subtest: promote rejects incomplete/forged bound stage: reordered
ok 91 - promote rejects incomplete/forged bound stage: reordered
  ---
  duration_ms: 1.6333
  type: 'test'
  ...
# Subtest: promote rejects incomplete/forged bound stage: extra-field
ok 92 - promote rejects incomplete/forged bound stage: extra-field
  ---
  duration_ms: 1.3037
  type: 'test'
  ...
# Subtest: complete stage cannot bypass actual R2 metadata: installer-missing
ok 93 - complete stage cannot bypass actual R2 metadata: installer-missing
  ---
  duration_ms: 1.9059
  type: 'test'
  ...
# Subtest: complete stage cannot bypass actual R2 metadata: ordinary-missing
ok 94 - complete stage cannot bypass actual R2 metadata: ordinary-missing
  ---
  duration_ms: 1.6376
  type: 'test'
  ...
# Subtest: complete stage cannot bypass actual R2 metadata: stored-sha
ok 95 - complete stage cannot bypass actual R2 metadata: stored-sha
  ---
  duration_ms: 1.7413
  type: 'test'
  ...
# Subtest: complete stage cannot bypass actual R2 metadata: cache
ok 96 - complete stage cannot bypass actual R2 metadata: cache
  ---
  duration_ms: 1.4642
  type: 'test'
  ...
# Subtest: promotion rereads exact unexpired origin pair: json
ok 97 - promotion rereads exact unexpired origin pair: json
  ---
  duration_ms: 2.0733
  type: 'test'
  ...
# Subtest: promotion rereads exact unexpired origin pair: signature
ok 98 - promotion rereads exact unexpired origin pair: signature
  ---
  duration_ms: 1.8566
  type: 'test'
  ...
# Subtest: promotion rereads exact unexpired origin pair: expired
ok 99 - promotion rereads exact unexpired origin pair: expired
  ---
  duration_ms: 2.1398
  type: 'test'
  ...
# Subtest: promotion rereads exact unexpired origin pair: not-created
ok 100 - promotion rereads exact unexpired origin pair: not-created
  ---
  duration_ms: 1.8873
  type: 'test'
  ...
# Subtest: only after 36 checks and source pair does pointer create; exact retry never rewrites
ok 101 - only after 36 checks and source pair does pointer create; exact retry never rewrites
  ---
  duration_ms: 3.9605
  type: 'test'
  ...
# Subtest: current unknown pointer is refused, never overwritten
ok 102 - current unknown pointer is refused, never overwritten
  ---
  duration_ms: 2.0693
  type: 'test'
  ...
# Subtest: pointer CAS race stops with 412 and a single conditional attempt
ok 103 - pointer CAS race stops with 412 and a single conditional attempt
  ---
  duration_ms: 2.2674
  type: 'test'
  ...
# Subtest: uncertain pointer outcome survives sanitized failure: throw-before-put
ok 104 - uncertain pointer outcome survives sanitized failure: throw-before-put
  ---
  duration_ms: 1.99
  type: 'test'
  ...
# Subtest: uncertain pointer outcome survives sanitized failure: throw-after-commit
ok 105 - uncertain pointer outcome survives sanitized failure: throw-after-commit
  ---
  duration_ms: 2.1762
  type: 'test'
  ...
# Subtest: uncertain pointer outcome survives sanitized failure: read-after-write
ok 106 - uncertain pointer outcome survives sanitized failure: read-after-write
  ---
  duration_ms: 2.3284
  type: 'test'
  ...
# Subtest: concurrent prepared promotions have one winner and no unconditional overwrite
ok 107 - concurrent prepared promotions have one winner and no unconditional overwrite
  ---
  duration_ms: 2.7566
  type: 'test'
  ...
1..107
# tests 107
# suites 0
# pass 107
# fail 0
# cancelled 0
# skipped 0
# todo 0
# duration_ms 395.8407
