--------- beginning of main
10-02 15:11:57.194 16125 16125 I .web3.uiprevie: Late-enabling -Xcheck:jni
10-02 15:11:57.224 16125 16125 D CompatibilityChangeReporter: Compat change id reported: 171979766; UID 10146; state: ENABLED
10-02 15:11:57.257 16125 16125 V GraphicsEnvironment: ANGLE Developer option for 'com.mir2.web3.uipreview' set to: 'default'
10-02 15:11:57.257 16125 16125 V GraphicsEnvironment: Neither updatable production driver nor prerelease driver is supported.
10-02 15:11:57.258 16125 16125 D NetworkSecurityConfig: No Network Security Config specified, using platform default
10-02 15:11:57.258 16125 16125 D NetworkSecurityConfig: No Network Security Config specified, using platform default
10-02 15:11:57.298 16125 16146 D libEGL  : loaded /vendor/lib64/egl/libEGL_emulation.so
10-02 15:11:57.310 16125 16146 D libEGL  : loaded /vendor/lib64/egl/libGLESv1_CM_emulation.so
10-02 15:11:57.310 16125 16146 D libEGL  : loaded /vendor/lib64/egl/libGLESv2_emulation.so
10-02 15:11:57.321 16125 16125 D AppCompatDelegate: Checking for metadata for AppLocalesMetadataHolderService : Service not found
10-02 15:11:57.327 16125 16125 D gti.InputConnection: InputConnection created
10-02 15:11:57.329 16125 16125 D gti.InputConnection: setEditorInfo
10-02 15:11:57.332 16125 16125 W .web3.uiprevie: Accessing hidden method Landroid/view/ViewGroup;->makeOptionalFitsSystemWindows()V (unsupported, reflection, allowed)
10-02 15:11:57.334 16125 16125 I GameActivity: Looking for library libmir2_platform_android.so
10-02 15:11:57.334 16125 16125 I GameActivity: Found library libmir2_platform_android.so. Loading...
10-02 15:11:57.335 16125 16125 D GameActivity: GameActivity_register
10-02 15:11:57.336 16125 16125 V GameActivity: Registering com/google/androidgamesdk/GameActivity's 24 native methods...
10-02 15:11:57.336 16125 16125 D GameActivity: SDK version: 31
10-02 15:11:57.336 16125 16125 I android-activity: Creating: Activity = 0x1696, saved state size = 0
10-02 15:11:57.338 16125 16125 V threaded_app: Creating: 0xb400007535842810
10-02 15:11:57.338 16125 16125 V threaded_app: Callbacks set: 0xb400007535842860
10-02 15:11:57.338 16125 16125 V threaded_app: Launching android_app_entry in a thread
10-02 15:11:57.339 16125 16148 V threaded_app: android_app_entry called
10-02 15:11:57.339 16125 16148 V threaded_app: android_app = 0xb400007515846550
10-02 15:11:57.339 16125 16148 V threaded_app: config = 0xb400007485850ce0
10-02 15:11:57.339 16125 16148 V threaded_app: activity = 0xb400007535842810
10-02 15:11:57.339 16125 16148 V threaded_app: assetmanager = 0xb40000753583d3b0
10-02 15:11:57.339 16125 16148 V threaded_app: Config: mcc=310 mnc=260 lang=en cnt=US orien=2 touch=3 dens=440 keys=2 nav=2 keysHid=1 navHid=0 sdk=31 size=2 long=2 modetype=1 modenight=1
10-02 15:11:57.349 16125 16148 D HostConnection: createUnique: call
10-02 15:11:57.350 16125 16148 D HostConnection: HostConnection::get() New Host Connection established 0xb4000074d5836550, tid 16148
10-02 15:11:57.351 16125 16148 D HostConnection: HostComposition ext ANDROID_EMU_CHECKSUM_HELPER_v1 ANDROID_EMU_native_sync_v2 ANDROID_EMU_native_sync_v3 ANDROID_EMU_native_sync_v4 ANDROID_EMU_dma_v1 ANDROID_EMU_direct_mem ANDROID_EMU_host_composition_v1 ANDROID_EMU_host_composition_v2 ANDROID_EMU_vulkan ANDROID_EMU_deferred_vulkan_commands ANDROID_EMU_vulkan_null_optional_strings ANDROID_EMU_vulkan_create_resources_with_requirements ANDROID_EMU_YUV_Cache ANDROID_EMU_vulkan_ignored_handles ANDROID_EMU_has_shared_slots_host_memory_allocator ANDROID_EMU_vulkan_free_memory_sync ANDROID_EMU_vulkan_shader_float16_int8 ANDROID_EMU_vulkan_async_queue_submit ANDROID_EMU_vulkan_queue_submit_with_commands ANDROID_EMU_sync_buffer_data ANDROID_EMU_vulkan_async_qsri ANDROID_EMU_read_color_buffer_dma ANDROID_EMU_hwc_color_transform GL_OES_EGL_image_external_essl3 GL_OES_vertex_array_object ANDROID_EMU_host_side_tracing ANDROID_EMU_gles_max_version_3_0 
10-02 15:11:57.353 16125 16148 D EGL_emulation: eglCreateContext: 0xb4000074d5837c90: maj 3 min 0 rcv 3
10-02 15:11:57.353 16125 16148 D EGL_emulation: eglMakeCurrent: 0xb4000074d5837c90: ver 3 0 (tinfo 0x76fbc37080) (first time)
10-02 15:11:57.368 16125 16148 I event /Users/henryliu/obelisk/numeron-worktrees/android-shared-sync/mir2-web3/third_party/bevyAdapterInfo { name: "Android Emulator OpenGL ES Translator (Apple M1 Max)", vendor: 4203, device: 0, device_type: IntegratedGpu, device_pci_bus_id: "", driver: "", driver_info: "OpenGL ES 3.0 (4.1 Metal - 89.4)", backend: Gl, subgroup_min_size: 4, subgroup_max_size: 128, transient_saves_memory: false }
10-02 15:11:57.368 16125 16147 I RustStdoutStderr: [2m2026-10-02T07:11:57.368422Z[0m [32m INFO[0m [2mbevy_render::renderer[0m[2m:[0m AdapterInfo { name: "Android Emulator OpenGL ES Translator (Apple M1 Max)", vendor: 4203, device: 0, device_type: IntegratedGpu, device_pci_bus_id: "", driver: "", driver_info: "OpenGL ES 3.0 (4.1 Metal - 89.4)", backend: Gl, subgroup_min_size: 4, subgroup_max_size: 128, transient_saves_memory: false }
10-02 15:11:57.384 16125 16125 V GameActivity: onStart_native
10-02 15:11:57.384 16125 16125 V threaded_app: Start: 0xb400007535842810
10-02 15:11:57.430 16125 16148 I event /Users/henryliu/obelisk/numeron-worktrees/android-shared-sync/mir2-web3/third_party/bevySparse buffer updates disabled. RenderDevice lacks support: max_storage_buffers_per_shader_stage (0) < 3.
10-02 15:11:57.430 16125 16148 W event /Users/henryliu/.cargo/registry/src/index.crates.io-1949cf8c6b5b557f/bevy_core_pipeline-OrderIndependentTransparencyPlugin not loaded. GPU lacks support: DownlevelFlags::FRAGMENT_WRITABLE_STORAGE.
10-02 15:11:57.430 16125 16148 W event /Users/henryliu/.cargo/registry/src/index.crates.io-1949cf8c6b5b557f/bevy_core_pipeline-BackgroundMotionVectorsPlugin not loaded. GPU lacks support for required downlevel capability flags: DownlevelFlags(INDEPENDENT_BLEND).
10-02 15:11:57.431 16125 16147 I RustStdoutStderr: [2m2026-10-02T07:11:57.430592Z[0m [32m INFO[0m [2mbevy_render::render_resource::sparse_buffer_vec[0m[2m:[0m Sparse buffer updates disabled. RenderDevice lacks support: max_storage_buffers_per_shader_stage (0) < 3.
10-02 15:11:57.431 16125 16147 I RustStdoutStderr: [2m2026-10-02T07:11:57.430692Z[0m [33m WARN[0m [2mbevy_core_pipeline::oit::resolve[0m[2m:[0m OrderIndependentTransparencyPlugin not loaded. GPU lacks support: DownlevelFlags::FRAGMENT_WRITABLE_STORAGE.
10-02 15:11:57.431 16125 16147 I RustStdoutStderr: [2m2026-10-02T07:11:57.430704Z[0m [33m WARN[0m [2mbevy_core_pipeline::prepass::background_motion_vectors[0m[2m:[0m BackgroundMotionVectorsPlugin not loaded. GPU lacks support for required downlevel capability flags: DownlevelFlags(INDEPENDENT_BLEND).
10-02 15:11:57.482 16125 16148 I event /Users/henryliu/obelisk/numeron-worktrees/android-shared-sync/mir2-web3/third_party/bevyGPU preprocessing is not supported on this device. Falling back to CPU preprocessing.
10-02 15:11:57.482 16125 16147 I RustStdoutStderr: [2m2026-10-02T07:11:57.482646Z[0m [32m INFO[0m [2mbevy_render::batching::gpu_preprocessing[0m[2m:[0m GPU preprocessing is not supported on this device. Falling back to CPU preprocessing.
10-02 15:11:57.504 16125 16148 V threaded_app: activityState=11
10-02 15:11:57.504 16125 16147 I RustStdoutStderr: [2m2026-10-02T07:11:57.504751Z[0m [33m WARN[0m [2mwinit::platform_impl::android[0m[2m:[0m TODO: forward onStart notification to application
10-02 15:11:57.504 16125 16148 W event /Users/henryliu/.cargo/registry/src/index.crates.io-1949cf8c6b5b557f/winit-0.30.13/src/pTODO: forward onStart notification to application
10-02 15:11:57.506 16125 16125 V threaded_app: Resume: 0xb400007535842810
10-02 15:11:57.506 16125 16148 V threaded_app: activityState=12
10-02 15:11:57.514 16125 16125 V GameActivity: onImeInsetsChanged from Text Listener
10-02 15:11:57.514 16125 16125 V threaded_app: WindowInsetsChanged: 0xb400007535842810
10-02 15:11:57.515 16125 16148 W event /Users/henryliu/.cargo/registry/src/index.crates.io-1949cf8c6b5b557f/winit-0.30.13/src/pTODO: handle Android InsetsChanged notification
10-02 15:11:57.515 16125 16147 I RustStdoutStderr: [2m2026-10-02T07:11:57.515407Z[0m [33m WARN[0m [2mwinit::platform_impl::android[0m[2m:[0m TODO: handle Android InsetsChanged notification
10-02 15:11:57.520 16125 16125 V GameActivity: onImeInsetsChanged from Text Listener
10-02 15:11:57.520 16125 16125 V threaded_app: WindowInsetsChanged: 0xb400007535842810
10-02 15:11:57.521 16125 16144 D HostConnection: createUnique: call
10-02 15:11:57.521 16125 16144 D HostConnection: HostConnection::get() New Host Connection established 0xb4000074d583c250, tid 16144
10-02 15:11:57.522 16125 16125 V threaded_app: ContentRectChanged: 0xb400007535842810 -- (0 0) (2340 1080)
10-02 15:11:57.522 16125 16147 I RustStdoutStderr: [2m2026-10-02T07:11:57.522280Z[0m [33m WARN[0m [2mwinit::platform_impl::android[0m[2m:[0m TODO: handle Android InsetsChanged notification
10-02 15:11:57.522 16125 16148 W event /Users/henryliu/.cargo/registry/src/index.crates.io-1949cf8c6b5b557f/winit-0.30.13/src/pTODO: handle Android InsetsChanged notification
10-02 15:11:57.522 16125 16147 I RustStdoutStderr: [2m2026-10-02T07:11:57.522667Z[0m [33m WARN[0m [2mwinit::platform_impl::android[0m[2m:[0m TODO: find a way to notify application of content rect change
10-02 15:11:57.522 16125 16148 W event /Users/henryliu/.cargo/registry/src/index.crates.io-1949cf8c6b5b557f/winit-0.30.13/src/pTODO: find a way to notify application of content rect change
10-02 15:11:57.522 16125 16144 D HostConnection: HostComposition ext ANDROID_EMU_CHECKSUM_HELPER_v1 ANDROID_EMU_native_sync_v2 ANDROID_EMU_native_sync_v3 ANDROID_EMU_native_sync_v4 ANDROID_EMU_dma_v1 ANDROID_EMU_direct_mem ANDROID_EMU_host_composition_v1 ANDROID_EMU_host_composition_v2 ANDROID_EMU_vulkan ANDROID_EMU_deferred_vulkan_commands ANDROID_EMU_vulkan_null_optional_strings ANDROID_EMU_vulkan_create_resources_with_requirements ANDROID_EMU_YUV_Cache ANDROID_EMU_vulkan_ignored_handles ANDROID_EMU_has_shared_slots_host_memory_allocator ANDROID_EMU_vulkan_free_memory_sync ANDROID_EMU_vulkan_shader_float16_int8 ANDROID_EMU_vulkan_async_queue_submit ANDROID_EMU_vulkan_queue_submit_with_commands ANDROID_EMU_sync_buffer_data ANDROID_EMU_vulkan_async_qsri ANDROID_EMU_read_color_buffer_dma ANDROID_EMU_hwc_color_transform GL_OES_EGL_image_external_essl3 GL_OES_vertex_array_object ANDROID_EMU_host_side_tracing ANDROID_EMU_gles_max_version_3_0 
10-02 15:11:57.522 16125 16144 W OpenGLRenderer: Failed to choose config with EGL_SWAP_BEHAVIOR_PRESERVED, retrying without...
10-02 15:11:57.523 16125 16144 W OpenGLRenderer: Failed to initialize 101010-2 format, error = EGL_SUCCESS
10-02 15:11:57.523 16125 16125 V GameActivity: onSurfaceCreated_native
10-02 15:11:57.523 16125 16125 V threaded_app: NativeWindowCreated: 0xb400007535842810 -- 0xb4000075c59f0350
10-02 15:11:57.523 16125 16125 V threaded_app: android_app_set_window called
10-02 15:11:57.523 16125 16144 D EGL_emulation: eglCreateContext: 0xb4000074d5854310: maj 3 min 0 rcv 3
10-02 15:11:57.523 16125 16148 V threaded_app: APP_CMD_INIT_WINDOW
10-02 15:11:57.523 16125 16147 I RustStdoutStderr: [2m2026-10-02T07:11:57.523809Z[0m [32m INFO[0m [2mbevy_winit::system[0m[2m:[0m Creating new window mir2-web3 (android) (105v0)
10-02 15:11:57.523 16125 16148 I event /Users/henryliu/.cargo/registry/src/index.crates.io-1949cf8c6b5b557f/bevy_winit-0.19.0/sCreating new window mir2-web3 (android) (105v0)
10-02 15:11:57.523 16125 16125 V threaded_app: NativeWindowResized: 0xb400007535842810 -- 0xb4000075c59f0350 ( 2340 x 1080 )
10-02 15:11:57.523 16125 16125 V threaded_app: NativeWindowRedrawNeeded: 0xb400007535842810 -- 0xb4000075c59f0350
10-02 15:11:57.525 16125 16144 D EGL_emulation: eglMakeCurrent: 0xb4000074d5854310: ver 3 0 (tinfo 0x76fbc37100) (first time)
10-02 15:11:57.528 16125 16144 I Gralloc4: mapper 4.x is not supported
10-02 15:11:57.529 16125 16144 D HostConnection: createUnique: call
10-02 15:11:57.529 16125 16144 D HostConnection: HostConnection::get() New Host Connection established 0xb4000074d5854fd0, tid 16144
10-02 15:11:57.529 16125 16144 D goldfish-address-space: allocate: Ask for block of size 0x100
10-02 15:11:57.529 16125 16144 D goldfish-address-space: allocate: ioctl allocate returned offset 0x1efff8000 size 0x8000
10-02 15:11:57.530 16125 16144 W Gralloc4: allocator 4.x is not supported
10-02 15:11:57.533 16125 16144 D HostConnection: HostComposition ext ANDROID_EMU_CHECKSUM_HELPER_v1 ANDROID_EMU_native_sync_v2 ANDROID_EMU_native_sync_v3 ANDROID_EMU_native_sync_v4 ANDROID_EMU_dma_v1 ANDROID_EMU_direct_mem ANDROID_EMU_host_composition_v1 ANDROID_EMU_host_composition_v2 ANDROID_EMU_vulkan ANDROID_EMU_deferred_vulkan_commands ANDROID_EMU_vulkan_null_optional_strings ANDROID_EMU_vulkan_create_resources_with_requirements ANDROID_EMU_YUV_Cache ANDROID_EMU_vulkan_ignored_handles ANDROID_EMU_has_shared_slots_host_memory_allocator ANDROID_EMU_vulkan_free_memory_sync ANDROID_EMU_vulkan_shader_float16_int8 ANDROID_EMU_vulkan_async_queue_submit ANDROID_EMU_vulkan_queue_submit_with_commands ANDROID_EMU_sync_buffer_data ANDROID_EMU_vulkan_async_qsri ANDROID_EMU_read_color_buffer_dma ANDROID_EMU_hwc_color_transform GL_OES_EGL_image_external_essl3 GL_OES_vertex_array_object ANDROID_EMU_host_side_tracing ANDROID_EMU_gles_max_version_3_0 
10-02 15:11:57.549 16125 16125 V threaded_app: WindowFocusChanged: 0xb400007535842810 -- 1
10-02 15:11:57.563 16125 16125 V GameActivity: onImeInsetsChanged from Text Listener
10-02 15:11:57.564 16125 16125 V threaded_app: WindowInsetsChanged: 0xb400007535842810
10-02 15:11:57.624 16125 16148 I event src/item_geometry.rs:127: ANDROID_ITEM_GEOMETRY_READYitems = 1003; state_items = 2380; sources = [("original-ui/Items/meta.json", "ec0eca414ac6c34e17a218f0ed4396f30607c2485482f8760af7706acddcedfe"), ("original-ui/StateItem/meta.json", "7d812a76e9a54b1d0535968a8c21ee2064577e7012572daf79b242221ca72e9a")];
10-02 15:11:57.624 16125 16147 I RustStdoutStderr: [2m2026-10-02T07:11:57.624062Z[0m [32m INFO[0m [2mmir2_platform_android::item_geometry[0m[2m:[0m ANDROID_ITEM_GEOMETRY_READY [3mitems[0m[2m=[0m1003 [3mstate_items[0m[2m=[0m2380 [3msources[0m[2m=[0m[("original-ui/Items/meta.json", "ec0eca414ac6c34e17a218f0ed4396f30607c2485482f8760af7706acddcedfe"), ("original-ui/StateItem/meta.json", "7d812a76e9a54b1d0535968a8c21ee2064577e7012572daf79b242221ca72e9a")]
10-02 15:11:57.624 16125 16147 I RustStdoutStderr: [2m2026-10-02T07:11:57.624411Z[0m [32m INFO[0m [2mmir2_platform_android::ui_preview[0m[2m:[0m ANDROID_INVENTORY_INGRESS_OFFLINE queued owner42 bag12 equip2 sourceFrame30
10-02 15:11:57.624 16125 16148 I event src/ui_preview.rs:1347: ANDROID_INVENTORY_INGRESS_OFFLINE queued owner42 bag12 equip2 sourceFrame30
10-02 15:11:57.624 16125 16148 I event src/ui_preview.rs:800: ANDROID_UI_PREVIEW_READY scene=world-render
10-02 15:11:57.624 16125 16147 I RustStdoutStderr: [2m2026-10-02T07:11:57.624648Z[0m [32m INFO[0m [2mmir2_platform_android::ui_preview[0m[2m:[0m ANDROID_UI_PREVIEW_READY scene=world-render
10-02 15:11:57.640 16125 16148 W event /Users/henryliu/.cargo/registry/src/index.crates.io-1949cf8c6b5b557f/winit-0.30.13/src/pTODO: handle Android InsetsChanged notification
10-02 15:11:57.640 16125 16147 I RustStdoutStderr: [2m2026-10-02T07:11:57.640127Z[0m [33m WARN[0m [2mwinit::platform_impl::android[0m[2m:[0m TODO: handle Android InsetsChanged notification
10-02 15:11:58.036 16125 16147 I RustStdoutStderr: [android-world-render] map_current=false map_live=0 map_missing=0 map_image_revision=29 entity_live=false entity_self_visible=false entity_layers=2
10-02 15:11:58.059 16125 16147 I RustStdoutStderr: [runtime-map] waiting-images center=Some(PresentationGridCenter { x: 302, y: 634 }) states=[native-map-keyed:00e3342688edb59d7ccd3784567586b3ab4c28c1b3bb0fbb928fb8560bb937e8=missing-handle,native-map-keyed:0222e758190fb702f62c1180c302535fa88376dc4d91515f6a3da6858692d879=missing-handle,native-map-keyed:02fcf4c4c475d1c1002d45563f34bf90aabc5d57865a90a9c1d738eea292c519=missing-handle,native-map-keyed:06877672fe022bb18e0e3289b29a8a2316614ba81070c465594dc1d5f1e414f4=missing-handle,native-map-keyed:0873e402c768945dbd03f13c801f352570c3cbbc15b7547b3965db22c4f88a2d=missing-handle,native-map-keyed:09c1aeb9a676d9b5e9156dd6302baf429a788ede13eb2561f72752639991cfa2=missing-handle,native-map-keyed:0bb6e8f16b06e61e5485cd9c69682635bc4d076e78f3e426bc7c1c0cdf92d50b=missing-handle,native-map-keyed:120fd8e86ad6a1121b73b64f684cad8a6e301c75c6a40787a4a564c5aadaab4a=missing-handle,native-map-keyed:13645e18038cb14276656008c43fc00eb92b94607d7eb9a04a64a6f66232d045=missing-handle,native-map-keyed:142960f1af1b8faa165eb1b55b57fc14db26156287a4c5ca23e035daf9f10e33=missing-handle,native-map-keyed:16f3602253a4256b8bf51a103e6bbe9d36a4cfaf6771bebc72d7ca43a25c1de6=missing-handle,native-map-keyed:1a753eed19dc81252971e03a9ea302f2c31bc3cf51d92b187b664a1e8b1936b1=missing-handle,native-map-keyed:1a9940adbeeef6d18f251666fccf2028a616a92cc7a402f3ac04181f56823124=missing-handle,native-map-keyed:1ca36e41f059441aa1750c0cfbddec4904a1b5165d8cfba430f194e286eaee45=missing-handle,native-map-keyed:1d68e7a7c4fdfe49cedb75b5678139cb152cb5b0ebe59b0542935d1fd67d87ae=missing-handle,native-map-keyed:1ef61cf6318b9db7968b35797c3a62b27e08c1ef2475a23ec3ca379b729d92f1=missing-handle,native-map-keyed:1f4a39a368bbaca431ec450a830e3c0bdcaabe0af6de5730eb1f28e59b8dd533=missing-handle,native-map-keyed:219bb835f8f28e6bf59b93f1d069b437875a5d49dbd7631ff34176c572d7a14d=missing-handle,native-map-keyed:22659e86e5cbf79236e023e40ac092600ac5e9ede72a34077c802b5518eb4573=missing-handle,native-map-keyed:226a0bac665d1bf713b8baf39ecf7ae61be856189d1cf823921ed0e53a5c29fe=missing-handle,native-map-keyed:23035e5244797f2f70bbeaa5c393d6d112a6196b5ab8e4d02b351fbf38f8101a=missing-handle,native-map-keyed:230966b0481d315c12097d9ff7d4da07aa1cdf981552a5323ab088ba990ba950=missing-handle,native-map-keyed:232bfc461f055784e7d90e5e0378d3cea8317eb078c4bf66e7afe999812ff902=missing-handle,native-map-keyed:24ec1f87eb0856b5498709b2be2776f9a3627519b839633e9db0a690a7d9b980=missing-handle,native-map-keyed:2675a421a8639ea87dcfc98b62558519a15cedc35d925663b6909d4988742940=missing-handle,native-map-keyed:26aa612a5755ef95b03c2bfb8c32208b7b862aa4abbf134fa4f9741e95aa173b=missing-handle,native-map-keyed:270c75661f320e8c98c039a8c4a26724a568469937485ff8f748e5e7045d0239=missing-handle,native-map-keyed:2775964d9f9d7b8b06e60a4bc848015817a1fa04cccfffe2e936202ea0756d4b=missing-handle,native-map-keyed:289cb8d084c1cc6b504d8152af2de8f7372c563f8104a8c78ad208caccefb34b=missing-handle,native-map-keyed:2a537899c5467f32f4e30a657c233ed270db6f829d90106b7fa0704f469d167c=missing-handle,native-map-keyed:2c76f7575f3d1661681533a2ed2893f96c1f4b914bcfd60ae32c207561eb263b=missing-handle,native-map-keyed:2cd7444281094e689c5fe7c22a994aa527766e0665fc32b2cec42cbdc9978ab4=missing-handle,native-map-keyed:2d98ce9df6396e943fa00aebaf7a929c15ebaa4ab8e71ab99299c7f31b75d240=missing-handle,native-map-keyed:2fa02ae3202a4c91117b85d6ed57ca1d81c787b4b32ad6561c9ca340312d1620=missing-handle,native-map-keyed:313c3e7a3a4bef6d0ef6b02a9b0c37230ef819d06c72012bb513a591244a393d=missing-handle,native-map-keyed:33b2f84e21bb7bb379950d3da05ce44d393d84ca43f7044b6a8d1fba68a4c3a0=missing-handle,native-map-keyed:354a710bc4fda3d19397bf717ca33f56979dd060b1538402c6dcd8a12eb31a81=missing-handle,native-map-keyed:357ae499cdc01c6fb8e7f6a351f31e453a56bc0be6a8b044a7d5b03d97e69edc=missing-handle,native-map-keyed:359c62fe94c5cd29c97b629749c8478936abcd89482be97f9cf2ccc7f5777e02=missing-handle,native-map-keyed:35a7e8eae83e7c45a4bb47eb6126d9bedbf25bc2989037e6b80e00e1ce4c92f8=missing-handle,native-map-keyed:35fded5dc786ac191da47a42e1f2
10-02 15:11:58.059 16125 16147 I RustStdoutStderr: 
10-02 15:11:58.062 16125 16147 I RustStdoutStderr: [android-world-render] map_current=false map_live=0 map_missing=0 map_image_revision=200 entity_live=false entity_self_visible=false entity_layers=3
10-02 15:11:58.119 16125 16147 I RustStdoutStderr: [runtime-map] waiting-images center=Some(PresentationGridCenter { x: 302, y: 634 }) states=[native-map-keyed:02fcf4c4c475d1c1002d45563f34bf90aabc5d57865a90a9c1d738eea292c519=missing-handle,native-map-keyed:0873e402c768945dbd03f13c801f352570c3cbbc15b7547b3965db22c4f88a2d=missing-handle,native-map-keyed:1a9940adbeeef6d18f251666fccf2028a616a92cc7a402f3ac04181f56823124=missing-handle,native-map-keyed:230966b0481d315c12097d9ff7d4da07aa1cdf981552a5323ab088ba990ba950=missing-handle,native-map-keyed:232bfc461f055784e7d90e5e0378d3cea8317eb078c4bf66e7afe999812ff902=missing-handle,native-map-keyed:412d3731bbd013e9d41799b3c9ee7893a67338017ede0b34def6d0e4797d0107=missing-handle,native-map-keyed:4ce4cd7ea8579897c860a6c09d588428bf8f25adb8ff244d816cdcbbec3c017d=missing-handle,native-map-keyed:555a55224e440cf4d874ff8733b3df9fc0eb0497e2db6523c7edfa84a39a335b=missing-handle,native-map-keyed:5c686c36d1033caf0bd2d4a30b5736e5a70d1ee18780d74186bacaa431233202=missing-handle,native-map-keyed:613860bd3cd8f00e8f53fdc82cf7256d5c3e1c2ec685a0c7243a12f95c3935ed=missing-handle,native-map-keyed:63676d9a965bbdb94a48434074ed2e644f96872036c7deb8fa933b2f698500a1=missing-handle,native-map-keyed:6ad43bea0b7c50814b20d3e8a86d0b3c036dd87667a57a46d0540ea871ca535e=missing-handle,native-map-keyed:6ef860ce7467e486f22d5dd1745ad76623a2c321a0104fc346a8aa09e671e707=missing-handle,native-map-keyed:70e7e04a2aa4e5ab056c8c078e37da91d2ace7acb02c4ae11e11c4fd1d1f632e=missing-handle,native-map-keyed:72db516afd5f1510ce27543f25057b26ade20aa8a2960ad496328e56eb76569e=missing-handle,native-map-keyed:751001c28e3ef669ffa96b3633f386939502bef3dd3529e72ee16051cc4b59e4=missing-handle,native-map-keyed:77f86b89cabe30a4ccfe47d1139f4a6fb2b9d79410fa8540716274f333a5eec6=missing-handle,native-map-keyed:7d737ed70a5fd760e7e801c574ff55d710b774902b6919c1512d873c40b9ae09=missing-handle,native-map-keyed:84be210a74cfa32031b810a9cb028640df0a7fac74fac3272a44ca4e6c51b59b=missing-handle,native-map-keyed:932ce8bef781f3bf0c8c5d84831bdc86b19c2faf4c0d7a80cee5739c943f589c=missing-handle,native-map-keyed:9987275d91cb826eceb7b995099ceceb36db5e6ca0117b4904e2f1e670a5114a=missing-handle,native-map-keyed:a179cfe6c8c58a13771753a583db8feab5db7e0069fe23e5c67fb182b2e37a35=missing-handle,native-map-keyed:a3bbae3aa38ae2487c395ec573335305a7f5a04bba0bfb829207f359c31df81c=missing-handle,native-map-keyed:b784d765df5c8350acfb8cf0caa73c95b97777b959f9fd83a02104444baa1537=missing-handle,native-map-keyed:bcf1c31800d3ab1fc065376015b5b65f5c7e0265e2af04f77d50d120fb5fdee1=missing-handle,native-map-keyed:be5e37d27005566676fcd25fc67e8f87e9fa5f0ef1ead1a158ef0567aa3f1425=missing-handle,native-map-keyed:c60c7238cc4b5e882db07db460ffca6bebf61f020fced87785c279c17334092c=missing-handle,native-map-keyed:f8ff655891c4a831f8e86aa641c4e3be70082cd41c98f5c7fac405ab327104ff=missing-handle]
10-02 15:11:58.122 16125 16147 I RustStdoutStderr: [android-world-render] map_current=false map_live=0 map_missing=0 map_image_revision=228 entity_live=false entity_self_visible=false entity_layers=3
10-02 15:11:58.160 16125 16147 I RustStdoutStderr: [runtime-map] synced center=Some(PresentationGridCenter { x: 302, y: 634 }) tiles=607 standalone=242 live=849 missingBindings=0 sample=[]
10-02 15:11:58.163 16125 16147 I RustStdoutStderr: [android-world-render] map_current=true map_live=849 map_missing=0 map_image_revision=228 entity_live=false entity_self_visible=false entity_layers=7
10-02 15:11:58.221 16125 16147 I RustStdoutStderr: [android-world-render] map_current=true map_live=849 map_missing=0 map_image_revision=228 entity_live=true entity_self_visible=true entity_layers=13
10-02 15:11:58.243 16125 16151 I event src/shared_shell.rs:1330: packaged Android world frame queuedrequest_id = 18446744073709551615; pages = 7; sprites = 2111; compressed_bytes = 14785921; rgba_bytes = 7340032; map_object_rgba_bytes = 10489920; map_width = 700; map_height = 700; map_atlases = 7; map_tiles = 607; map_standalone_tiles = 242; unresolved_draws = 0; entity_pages = 5; entities = 8; entity_layers = 13; unresolved_entities = 0; entity_unindexed_rects = 24; entity_compressed_bytes = 11209197; entity_rgba_bytes = 83886080; entity_manifest_sha256 = "929d146535bde9b61c75c33af0e98852dcc3aef83320869aac9f06f4bdd530d9";
10-02 15:11:58.243 16125 16147 I RustStdoutStderr: [2m2026-10-02T07:11:58.242967Z[0m [32m INFO[0m [2mmir2_platform_android::shared_shell[0m[2m:[0m packaged Android world frame queued [3mrequest_id[0m[2m=[0m18446744073709551615 [3mpages[0m[2m=[0m7 [3msprites[0m[2m=[0m2111 [3mcompressed_bytes[0m[2m=[0m14785921 [3mrgba_bytes[0m[2m=[0m7340032 [3mmap_object_rgba_bytes[0m[2m=[0m10489920 [3mmap_width[0m[2m=[0m700 [3mmap_height[0m[2m=[0m700 [3mmap_atlases[0m[2m=[0m7 [3mmap_tiles[0m[2m=[0m607 [3mmap_standalone_tiles[0m[2m=[0m242 [3munresolved_draws[0m[2m=[0m0 [3mentity_pages[0m[2m=[0m5 [3mentities[0m[2m=[0m8 [3mentity_layers[0m[2m=[0m13 [3munresolved_entities[0m[2m=[0m0 [3mentity_unindexed_rects[0m[2m=[0m24 [3mentity_compressed_bytes[0m[2m=[0m11209197 [3mentity_rgba_bytes[0m[2m=[0m83886080 [3mentity_manifest_sha256[0m[2m=[0m"929d146535bde9b61c75c33af0e98852dcc3aef83320869aac9f06f4bdd530d9"
10-02 15:11:58.558 16125 16151 I event src/ui_preview.rs:558: ANDROID_OBJECT_METADATA_PRESENTATION_APPLIED
10-02 15:11:58.558 16125 16147 I RustStdoutStderr: [2m2026-10-02T07:11:58.558830Z[0m [32m INFO[0m [2mmir2_platform_android::ui_preview[0m[2m:[0m ANDROID_OBJECT_METADATA_PRESENTATION_APPLIED
10-02 15:11:58.560 16125 16151 I event src/ui_preview.rs:563: ANDROID_OBJECT_POISON_PRESENTATION_APPLIED
10-02 15:11:58.560 16125 16147 I RustStdoutStderr: [2m2026-10-02T07:11:58.560551Z[0m [32m INFO[0m [2mmir2_platform_android::ui_preview[0m[2m:[0m ANDROID_OBJECT_POISON_PRESENTATION_APPLIED
10-02 15:11:58.562 16125 16151 I event src/ui_preview.rs:568: ANDROID_OBJECT_HIDDEN_PRESENTATION_APPLIED
10-02 15:11:58.562 16125 16147 I RustStdoutStderr: [2m2026-10-02T07:11:58.561983Z[0m [32m INFO[0m [2mmir2_platform_android::ui_preview[0m[2m:[0m ANDROID_OBJECT_HIDDEN_PRESENTATION_APPLIED
10-02 15:11:58.562 16125 16151 I event src/ui_preview.rs:573: ANDROID_OWNED_HERO_VITALS_APPLIED
10-02 15:11:58.562 16125 16151 I event src/ui_preview.rs:606: ANDROID_WORLD_RENDER_READYrequest_id = 18446744073709551615; center_x = 302; center_y = 634; map_tiles = 849; entities = 8; entity_layers = 13;
10-02 15:11:58.562 16125 16147 I RustStdoutStderr: [2m2026-10-02T07:11:58.562864Z[0m [32m INFO[0m [2mmir2_platform_android::ui_preview[0m[2m:[0m ANDROID_OWNED_HERO_VITALS_APPLIED
10-02 15:11:58.562 16125 16147 I RustStdoutStderr: [2m2026-10-02T07:11:58.562924Z[0m [32m INFO[0m [2mmir2_platform_android::ui_preview[0m[2m:[0m ANDROID_WORLD_RENDER_READY [3mrequest_id[0m[2m=[0m18446744073709551615 [3mcenter_x[0m[2m=[0m302 [3mcenter_y[0m[2m=[0m634 [3mmap_tiles[0m[2m=[0m849 [3mentities[0m[2m=[0m8 [3mentity_layers[0m[2m=[0m13
10-02 15:11:58.583 16125 16151 I event src/shared_shell.rs:2013: ANDROID_EFFECT_RENDER_STATE_READYeffect_count = 2;
10-02 15:11:58.583 16125 16147 I RustStdoutStderr: [2m2026-10-02T07:11:58.583487Z[0m [32m INFO[0m [2mmir2_platform_android::shared_shell[0m[2m:[0m ANDROID_EFFECT_RENDER_STATE_READY [3meffect_count[0m[2m=[0m2
10-02 15:11:58.584 16125 16151 I event src/ui_preview.rs:115: ANDROID_OWNED_HERO_MANA_VISIBLEcount = 1;
10-02 15:11:58.584 16125 16147 I RustStdoutStderr: [2m2026-10-02T07:11:58.584434Z[0m [32m INFO[0m [2mmir2_platform_android::ui_preview[0m[2m:[0m ANDROID_OWNED_HERO_MANA_VISIBLE [3mcount[0m[2m=[0m1
10-02 15:11:58.912 16125 16148 D EGL_emulation: app_time_stats: avg=53.91ms min=11.55ms max=314.76ms count=24
10-02 15:11:59.930 16125 16148 D EGL_emulation: app_time_stats: avg=12.81ms min=11.47ms max=19.75ms count=61
10-02 15:11:59.939 16125 16152 I event src/phone_hud.rs:173: ANDROID_PHONE_TEXT_LAYOUTfont = TextFont { font: SystemUi, font_size: Px(23.466667), weight: FontWeight(400), width: FontWidth(1.0), style: Normal, font_smoothing: AntiAliased, font_features: FontFeatures { features: [] }, font_variations: FontVariations { variations: [] } }; color = TextColor(Srgba(Srgba { red: 0.98, green: 0.91, blue: 0.76, alpha: 1.0 })); glyph_masks = [true, true, true, true, true, true, true, true, true, true, true, true, true];
10-02 15:11:59.939 16125 16147 I RustStdoutStderr: [2m2026-10-02T07:11:59.939629Z[0m [32m INFO[0m [2mmir2_platform_android::phone_hud[0m[2m:[0m ANDROID_PHONE_TEXT_LAYOUT [3mfont[0m[2m=[0mTextFont { font: SystemUi, font_size: Px(23.466667), weight: FontWeight(400), width: FontWidth(1.0), style: Normal, font_smoothing: AntiAliased, font_features: FontFeatures { features: [] }, font_variations: FontVariations { variations: [] } } [3mcolor[0m[2m=[0mTextColor(Srgba(Srgba { red: 0.98, green: 0.91, blue: 0.76, alpha: 1.0 })) [3mglyph_masks[0m[2m=[0m[true, true, true, true, true, true, true, true, true, true, true, true, true]
10-02 15:11:59.939 16125 16147 I RustStdoutStderr: [2m2026-10-02T07:11:59.939777Z[0m [32m INFO[0m [2mmir2_platform_android::phone_hud[0m[2m:[0m ANDROID_PHONE_TEXT_LAYOUT [3mfont[0m[2m=[0mTextFont { font: SystemUi, font_size: Px(23.466667), weight: FontWeight(400), width: FontWidth(1.0), style: Normal, font_smoothing: AntiAliased, font_features: FontFeatures { features: [] }, font_variations: FontVariations { variations: [] } } [3mcolor[0m[2m=[0mTextColor(Srgba(Srgba { red: 0.96, green: 0.85, blue: 0.61, alpha: 1.0 })) [3mglyph_masks[0m[2m=[0m[true, true, true]
10-02 15:11:59.939 16125 16152 I event src/phone_hud.rs:173: ANDROID_PHONE_TEXT_LAYOUTfont = TextFont { font: SystemUi, font_size: Px(23.466667), weight: FontWeight(400), width: FontWidth(1.0), style: Normal, font_smoothing: AntiAliased, font_features: FontFeatures { features: [] }, font_variations: FontVariations { variations: [] } }; color = TextColor(Srgba(Srgba { red: 0.96, green: 0.85, blue: 0.61, alpha: 1.0 })); glyph_masks = [true, true, true];
10-02 15:11:59.939 16125 16152 I event src/phone_hud.rs:173: ANDROID_PHONE_TEXT_LAYOUTfont = TextFont { font: SystemUi, font_size: Px(23.466667), weight: FontWeight(400), width: FontWidth(1.0), style: Normal, font_smoothing: AntiAliased, font_features: FontFeatures { features: [] }, font_variations: FontVariations { variations: [] } }; color = TextColor(Srgba(Srgba { red: 0.96, green: 0.85, blue: 0.61, alpha: 1.0 })); glyph_masks = [true, true, true];
10-02 15:11:59.939 16125 16152 I event src/phone_hud.rs:173: ANDROID_PHONE_TEXT_LAYOUTfont = TextFont { font: SystemUi, font_size: Px(23.466667), weight: FontWeight(400), width: FontWidth(1.0), style: Normal, font_smoothing: AntiAliased, font_features: FontFeatures { features: [] }, font_variations: FontVariations { variations: [] } }; color = TextColor(Srgba(Srgba { red: 0.96, green: 0.85, blue: 0.61, alpha: 1.0 })); glyph_masks = [true, true, true, true, true];
10-02 15:11:59.939 16125 16152 I event src/phone_hud.rs:173: ANDROID_PHONE_TEXT_LAYOUTfont = TextFont { font: SystemUi, font_size: Px(23.466667), weight: FontWeight(400), width: FontWidth(1.0), style: Normal, font_smoothing: AntiAliased, font_features: FontFeatures { features: [] }, font_variations: FontVariations { variations: [] } }; color = TextColor(Srgba(Srgba { red: 0.96, green: 0.85, blue: 0.61, alpha: 1.0 })); glyph_masks = [true, true, true, true, true, true, true];
10-02 15:11:59.939 16125 16152 I event src/phone_hud.rs:173: ANDROID_PHONE_TEXT_LAYOUTfont = TextFont { font: SystemUi, font_size: Px(23.466667), weight: FontWeight(400), width: FontWidth(1.0), style: Normal, font_smoothing: AntiAliased, font_features: FontFeatures { features: [] }, font_variations: FontVariations { variations: [] } }; color = TextColor(Srgba(Srgba { red: 0.96, green: 0.85, blue: 0.61, alpha: 1.0 })); glyph_masks = [true, true, true, true, true];
10-02 15:11:59.939 16125 16152 I event src/phone_hud.rs:173: ANDROID_PHONE_TEXT_LAYOUTfont = TextFont { font: SystemUi, font_size: Px(23.466667), weight: FontWeight(400), width: FontWidth(1.0), style: Normal, font_smoothing: AntiAliased, font_features: FontFeatures { features: [] }, font_variations: FontVariations { variations: [] } }; color = TextColor(Srgba(Srgba { red: 0.96, green: 0.85, blue: 0.61, alpha: 1.0 })); glyph_masks = [true, true, true, true, true, true];
10-02 15:11:59.939 16125 16152 I event src/phone_hud.rs:173: ANDROID_PHONE_TEXT_LAYOUTfont = TextFont { font: SystemUi, font_size: Px(23.466667), weight: FontWeight(400), width: FontWidth(1.0), style: Normal, font_smoothing: AntiAliased, font_features: FontFeatures { features: [] }, font_variations: FontVariations { variations: [] } }; color = TextColor(Srgba(Srgba { red: 0.96, green: 0.85, blue: 0.61, alpha: 1.0 })); glyph_masks = [true, true, true, true, true];
10-02 15:11:59.939 16125 16152 I event src/phone_hud.rs:173: ANDROID_PHONE_TEXT_LAYOUTfont = TextFont { font: SystemUi, font_size: Px(23.466667), weight: FontWeight(400), width: FontWidth(1.0), style: Normal, font_smoothing: AntiAliased, font_features: FontFeatures { features: [] }, font_variations: FontVariations { variations: [] } }; color = TextColor(Srgba(Srgba { red: 0.96, green: 0.85, blue: 0.61, alpha: 1.0 })); glyph_masks = [true, true, true, true, true];
10-02 15:11:59.939 16125 16152 I event src/phone_hud.rs:173: ANDROID_PHONE_TEXT_LAYOUTfont = TextFont { font: SystemUi, font_size: Px(23.466667), weight: FontWeight(400), width: FontWidth(1.0), style: Normal, font_smoothing: AntiAliased, font_features: FontFeatures { features: [] }, font_variations: FontVariations { variations: [] } }; color = TextColor(Srgba(Srgba { red: 0.96, green: 0.85, blue: 0.61, alpha: 1.0 })); glyph_masks = [true, true, true, true, true];
10-02 15:11:59.939 16125 16152 I event src/phone_hud.rs:173: ANDROID_PHONE_TEXT_LAYOUTfont = TextFont { font: SystemUi, font_size: Px(23.466667), weight: FontWeight(400), width: FontWidth(1.0), style: Normal, font_smoothing: AntiAliased, font_features: FontFeatures { features: [] }, font_variations: FontVariations { variations: [] } }; color = TextColor(Srgba(Srgba { red: 0.96, green: 0.85, blue: 0.61, alpha: 1.0 })); glyph_masks = [true, true, true, true];
10-02 15:11:59.939 16125 16152 I event src/phone_hud.rs:173: ANDROID_PHONE_TEXT_LAYOUTfont = TextFont { font: SystemUi, font_size: Px(23.466667), weight: FontWeight(400), width: FontWidth(1.0), style: Normal, font_smoothing: AntiAliased, font_features: FontFeatures { features: [] }, font_variations: FontVariations { variations: [] } }; color = TextColor(Srgba(Srgba { red: 0.96, green: 0.85, blue: 0.61, alpha: 1.0 })); glyph_masks = [true, true];
10-02 15:11:59.939 16125 16152 I event src/phone_hud.rs:173: ANDROID_PHONE_TEXT_LAYOUTfont = TextFont { font: SystemUi, font_size: Px(23.466667), weight: FontWeight(400), width: FontWidth(1.0), style: Normal, font_smoothing: AntiAliased, font_features: FontFeatures { features: [] }, font_variations: FontVariations { variations: [] } }; color = TextColor(Srgba(Srgba { red: 0.96, green: 0.85, blue: 0.61, alpha: 1.0 })); glyph_masks = [true, true, true, true];
10-02 15:11:59.939 16125 16147 I RustStdoutStderr: [2m2026-10-02T07:11:59.939788Z[0m [32m INFO[0m [2mmir2_platform_android::phone_hud[0m[2m:[0m ANDROID_PHONE_TEXT_LAYOUT [3mfont[0m[2m=[0mTextFont { font: SystemUi, font_size: Px(23.466667), weight: FontWeight(400), width: FontWidth(1.0), style: Normal, font_smoothing: AntiAliased, font_features: FontFeatures { features: [] }, font_variations: FontVariations { variations: [] } } [3mcolor[0m[2m=[0mTextColor(Srgba(Srgba { red: 0.96, green: 0.85, blue: 0.61, alpha: 1.0 })) [3mglyph_masks[0m[2m=[0m[true, true, true]
10-02 15:11:59.939 16125 16147 I RustStdoutStderr: [2m2026-10-02T07:11:59.939819Z[0m [32m INFO[0m [2mmir2_platform_android::phone_hud[0m[2m:[0m ANDROID_PHONE_TEXT_LAYOUT [3mfont[0m[2m=[0mTextFont { font: SystemUi, font_size: Px(23.466667), weight: FontWeight(400), width: FontWidth(1.0), style: Normal, font_smoothing: AntiAliased, font_features: FontFeatures { features: [] }, font_variations: FontVariations { variations: [] } } [3mcolor[0m[2m=[0mTextColor(Srgba(Srgba { red: 0.96, green: 0.85, blue: 0.61, alpha: 1.0 })) [3mglyph_masks[0m[2m=[0m[true, true, true, true, true]
10-02 15:11:59.939 16125 16147 I RustStdoutStderr: [2m2026-10-02T07:11:59.939824Z[0m [32m INFO[0m [2mmir2_platform_android::phone_hud[0m[2m:[0m ANDROID_PHONE_TEXT_LAYOUT [3mfont[0m[2m=[0mTextFont { font: SystemUi, font_size: Px(23.466667), weight: FontWeight(400), width: FontWidth(1.0), style: Normal, font_smoothing: AntiAliased, font_features: FontFeatures { features: [] }, font_variations: FontVariations { variations: [] } } [3mcolor[0m[2m=[0mTextColor(Srgba(Srgba { red: 0.96, green: 0.85, blue: 0.61, alpha: 1.0 })) [3mglyph_masks[0m[2m=[0m[true, true, true, true, true, true, true]
10-02 15:11:59.939 16125 16147 I RustStdoutStderr: [2m2026-10-02T07:11:59.939829Z[0m [32m INFO[0m [2mmir2_platform_android::phone_hud[0m[2m:[0m ANDROID_PHONE_TEXT_LAYOUT [3mfont[0m[2m=[0mTextFont { font: SystemUi, font_size: Px(23.466667), weight: FontWeight(400), width: FontWidth(1.0), style: Normal, font_smoothing: AntiAliased, font_features: FontFeatures { features: [] }, font_variations: FontVariations { variations: [] } } [3mcolor[0m[2m=[0mTextColor(Srgba(Srgba { red: 0.96, green: 0.85, blue: 0.61, alpha: 1.0 })) [3mglyph_masks[0m[2m=[0m[true, true, true, true, true]
10-02 15:11:59.939 16125 16147 I RustStdoutStderr: [2m2026-10-02T07:11:59.939834Z[0m [32m INFO[0m [2mmir2_platform_android::phone_hud[0m[2m:[0m ANDROID_PHONE_TEXT_LAYOUT [3mfont[0m[2m=[0mTextFont { font: SystemUi, font_size: Px(23.466667), weight: FontWeight(400), width: FontWidth(1.0), style: Normal, font_smoothing: AntiAliased, font_features: FontFeatures { features: [] }, font_variations: FontVariations { variations: [] } } [3mcolor[0m[2m=[0mTextColor(Srgba(Srgba { red: 0.96, green: 0.85, blue: 0.61, alpha: 1.0 })) [3mglyph_masks[0m[2m=[0m[true, true, true, true, true, true]
10-02 15:11:59.939 16125 16147 I RustStdoutStderr: [2m2026-10-02T07:11:59.939839Z[0m [32m INFO[0m [2mmir2_platform_android::phone_hud[0m[2m:[0m ANDROID_PHONE_TEXT_LAYOUT [3mfont[0m[2m=[0mTextFont { font: SystemUi, font_size: Px(23.466667), weight: FontWeight(400), width: FontWidth(1.0), style: Normal, font_smoothing: AntiAliased, font_features: FontFeatures { features: [] }, font_variations: FontVariations { variations: [] } } [3mcolor[0m[2m=[0mTextColor(Srgba(Srgba { red: 0.96, green: 0.85, blue: 0.61, alpha: 1.0 })) [3mglyph_masks[0m[2m=[0m[true, true, true, true, true]
10-02 15:11:59.939 16125 16147 I RustStdoutStderr: [2m2026-10-02T07:11:59.939844Z[0m [32m INFO[0m [2mmir2_platform_android::phone_hud[0m[2m:[0m ANDROID_PHONE_TEXT_LAYOUT [3mfont[0m[2m=[0mTextFont { font: SystemUi, font_size: Px(23.466667), weight: FontWeight(400), width: FontWidth(1.0), style: Normal, font_smoothing: AntiAliased, font_features: FontFeatures { features: [] }, font_variations: FontVariations { variations: [] } } [3mcolor[0m[2m=[0mTextColor(Srgba(Srgba { red: 0.96, green: 0.85, blue: 0.61, alpha: 1.0 })) [3mglyph_masks[0m[2m=[0m[true, true, true, true, true]
10-02 15:11:59.939 16125 16147 I RustStdoutStderr: [2m2026-10-02T07:11:59.939848Z[0m [32m INFO[0m [2mmir2_platform_android::phone_hud[0m[2m:[0m ANDROID_PHONE_TEXT_LAYOUT [3mfont[0m[2m=[0mTextFont { font: SystemUi, font_size: Px(23.466667), weight: FontWeight(400), width: FontWidth(1.0), style: Normal, font_smoothing: AntiAliased, font_features: FontFeatures { features: [] }, font_variations: FontVariations { variations: [] } } [3mcolor[0m[2m=[0mTextColor(Srgba(Srgba { red: 0.96, green: 0.85, blue: 0.61, alpha: 1.0 })) [3mglyph_masks[0m[2m=[0m[true, true, true, true, true]
10-02 15:11:59.939 16125 16147 I RustStdoutStderr: [2m2026-10-02T07:11:59.939854Z[0m [32m INFO[0m [2mmir2_platform_android::phone_hud[0m[2m:[0m ANDROID_PHONE_TEXT_LAYOUT [3mfont[0m[2m=[0mTextFont { font: SystemUi, font_size: Px(23.466667), weight: FontWeight(400), width: FontWidth(1.0), style: Normal, font_smoothing: AntiAliased, font_features: FontFeatures { features: [] }, font_variations: FontVariations { variations: [] } } [3mcolor[0m[2m=[0mTextColor(Srgba(Srgba { red: 0.96, green: 0.85, blue: 0.61, alpha: 1.0 })) [3mglyph_masks[0m[2m=[0m[true, true, true, true]
10-02 15:11:59.940 16125 16147 I RustStdoutStderr: [2m2026-10-02T07:11:59.939859Z[0m [32m INFO[0m [2mmir2_platform_android::phone_hud[0m[2m:[0m ANDROID_PHONE_TEXT_LAYOUT [3mfont[0m[2m=[0mTextFont { font: SystemUi, font_size: Px(23.466667), weight: FontWeight(400), width: FontWidth(1.0), style: Normal, font_smoothing: AntiAliased, font_features: FontFeatures { features: [] }, font_variations: FontVariations { variations: [] } } [3mcolor[0m[2m=[0mTextColor(Srgba(Srgba { red: 0.96, green: 0.85, blue: 0.61, alpha: 1.0 })) [3mglyph_masks[0m[2m=[0m[true, true]
10-02 15:11:59.940 16125 16147 I RustStdoutStderr: [2m2026-10-02T07:11:59.939864Z[0m [32m INFO[0m [2mmir2_platform_android::phone_hud[0m[2m:[0m ANDROID_PHONE_TEXT_LAYOUT [3mfont[0m[2m=[0mTextFont { font: SystemUi, font_size: Px(23.466667), weight: FontWeight(400), width: FontWidth(1.0), style: Normal, font_smoothing: AntiAliased, font_features: FontFeatures { features: [] }, font_variations: FontVariations { variations: [] } } [3mcolor[0m[2m=[0mTextColor(Srgba(Srgba { red: 0.96, green: 0.85, blue: 0.61, alpha: 1.0 })) [3mglyph_masks[0m[2m=[0m[true, true, true, true]
10-02 15:12:00.136 16125 16152 I event src/ui_preview.rs:160: ANDROID_REMOTE_BACKSTEP_PRESENTATION_STARTED
10-02 15:12:00.136 16125 16147 I RustStdoutStderr: [2m2026-10-02T07:12:00.136488Z[0m [32m INFO[0m [2mmir2_platform_android::ui_preview[0m[2m:[0m ANDROID_REMOTE_BACKSTEP_PRESENTATION_STARTED
10-02 15:12:00.139 16125 16152 I event src/ui_preview.rs:168: ANDROID_ASSASSIN_ATTACK_PRESENTATION_STARTED
10-02 15:12:00.139 16125 16147 I RustStdoutStderr: [2m2026-10-02T07:12:00.138977Z[0m [32m INFO[0m [2mmir2_platform_android::ui_preview[0m[2m:[0m ANDROID_ASSASSIN_ATTACK_PRESENTATION_STARTED
10-02 15:12:00.140 16125 16152 I event src/ui_preview.rs:179: ANDROID_USER_DASH_PRESENTATION_APPLIED
10-02 15:12:00.140 16125 16147 I RustStdoutStderr: [2m2026-10-02T07:12:00.140713Z[0m [32m INFO[0m [2mmir2_platform_android::ui_preview[0m[2m:[0m ANDROID_USER_DASH_PRESENTATION_APPLIED
10-02 15:12:00.142 16125 16152 I event src/ui_preview.rs:222: ANDROID_LOCAL_PUSHED_PRESENTATION_APPLIED
10-02 15:12:00.142 16125 16147 I RustStdoutStderr: [2m2026-10-02T07:12:00.142323Z[0m [32m INFO[0m [2mmir2_platform_android::ui_preview[0m[2m:[0m ANDROID_LOCAL_PUSHED_PRESENTATION_APPLIED
10-02 15:12:00.143 16125 16152 I event src/ui_preview.rs:222: ANDROID_LOCAL_BACKSTEP_PRESENTATION_APPLIED
10-02 15:12:00.143 16125 16147 I RustStdoutStderr: [2m2026-10-02T07:12:00.143806Z[0m [32m INFO[0m [2mmir2_platform_android::ui_preview[0m[2m:[0m ANDROID_LOCAL_BACKSTEP_PRESENTATION_APPLIED
10-02 15:12:00.145 16125 16152 I event src/ui_preview.rs:222: ANDROID_LOCAL_ATTACK_MOVE_PRESENTATION_APPLIED
10-02 15:12:00.145 16125 16147 I RustStdoutStderr: [2m2026-10-02T07:12:00.145261Z[0m [32m INFO[0m [2mmir2_platform_android::ui_preview[0m[2m:[0m ANDROID_LOCAL_ATTACK_MOVE_PRESENTATION_APPLIED
10-02 15:12:00.147 16125 16152 I event src/ui_preview.rs:222: ANDROID_LOCAL_DASH_ATTACK_PRESENTATION_APPLIED
10-02 15:12:00.147 16125 16147 I RustStdoutStderr: [2m2026-10-02T07:12:00.147247Z[0m [32m INFO[0m [2mmir2_platform_android::ui_preview[0m[2m:[0m ANDROID_LOCAL_DASH_ATTACK_PRESENTATION_APPLIED
10-02 15:12:00.148 16125 16152 I event src/ui_preview.rs:234: ANDROID_ARCHER_RANGE_PRESENTATION_STARTED
10-02 15:12:00.148 16125 16147 I RustStdoutStderr: [2m2026-10-02T07:12:00.148813Z[0m [32m INFO[0m [2mmir2_platform_android::ui_preview[0m[2m:[0m ANDROID_ARCHER_RANGE_PRESENTATION_STARTED
10-02 15:12:00.150 16125 16152 I event src/ui_preview.rs:245: ANDROID_OBJECT_DASH_PRESENTATION_APPLIED
10-02 15:12:00.150 16125 16147 I RustStdoutStderr: [2m2026-10-02T07:12:00.150109Z[0m [32m INFO[0m [2mmir2_platform_android::ui_preview[0m[2m:[0m ANDROID_OBJECT_DASH_PRESENTATION_APPLIED
10-02 15:12:00.151 16125 16152 I event src/ui_preview.rs:256: ANDROID_MOUNTED_ATTACK_PRESENTATION_STARTED
10-02 15:12:00.151 16125 16147 I RustStdoutStderr: [2m2026-10-02T07:12:00.151599Z[0m [32m INFO[0m [2mmir2_platform_android::ui_preview[0m[2m:[0m ANDROID_MOUNTED_ATTACK_PRESENTATION_STARTED
10-02 15:12:00.152 16125 16152 I event src/ui_preview.rs:267: ANDROID_OBJECT_PUSHED_PRESENTATION_APPLIED
10-02 15:12:00.152 16125 16147 I RustStdoutStderr: [2m2026-10-02T07:12:00.152713Z[0m [32m INFO[0m [2mmir2_platform_android::ui_preview[0m[2m:[0m ANDROID_OBJECT_PUSHED_PRESENTATION_APPLIED
10-02 15:12:00.168 16125 16148 I event src/ui_preview.rs:534: ANDROID_LOCAL_MOVEMENT_SKILL_ACTION_ACTIVE
10-02 15:12:00.168 16125 16147 I RustStdoutStderr: [2m2026-10-02T07:12:00.168622Z[0m [32m INFO[0m [2mmir2_platform_android::ui_preview[0m[2m:[0m ANDROID_LOCAL_MOVEMENT_SKILL_ACTION_ACTIVE
10-02 15:12:00.183 16125 16148 I event src/ui_preview.rs:485: ANDROID_REMOTE_BACKSTEP_POSE_ACTIVEoffset_x = 84.0; offset_y = 0.0;
10-02 15:12:00.183 16125 16148 I event src/ui_preview.rs:499: ANDROID_OBJECT_PUSHED_POSE_ACTIVEoffset_x = 32.0; offset_y = 0.0;
10-02 15:12:00.183 16125 16148 I event src/ui_preview.rs:516: ANDROID_OBJECT_DASH_POSE_ACTIVEoffset_x = -32.0; offset_y = 0.0;
10-02 15:12:00.183 16125 16147 I RustStdoutStderr: [2m2026-10-02T07:12:00.183572Z[0m [32m INFO[0m [2mmir2_platform_android::ui_preview[0m[2m:[0m ANDROID_REMOTE_BACKSTEP_POSE_ACTIVE [3moffset_x[0m[2m=[0m84.0 [3moffset_y[0m[2m=[0m0.0
10-02 15:12:00.183 16125 16147 I RustStdoutStderr: [2m2026-10-02T07:12:00.183629Z[0m [32m INFO[0m [2mmir2_platform_android::ui_preview[0m[2m:[0m ANDROID_OBJECT_PUSHED_POSE_ACTIVE [3moffset_x[0m[2m=[0m32.0 [3moffset_y[0m[2m=[0m0.0
10-02 15:12:00.183 16125 16147 I RustStdoutStderr: [2m2026-10-02T07:12:00.183634Z[0m [32m INFO[0m [2mmir2_platform_android::ui_preview[0m[2m:[0m ANDROID_OBJECT_DASH_POSE_ACTIVE [3moffset_x[0m[2m=[0m-32.0 [3moffset_y[0m[2m=[0m0.0
10-02 15:12:00.317 16125 16148 I event src/ui_preview.rs:510: ANDROID_OBJECT_PUSHED_POSE_SETTLED
10-02 15:12:00.317 16125 16148 I event src/ui_preview.rs:527: ANDROID_OBJECT_DASH_POSE_SETTLED
10-02 15:12:00.317 16125 16147 I RustStdoutStderr: [2m2026-10-02T07:12:00.317211Z[0m [32m INFO[0m [2mmir2_platform_android::ui_preview[0m[2m:[0m ANDROID_OBJECT_PUSHED_POSE_SETTLED
10-02 15:12:00.317 16125 16147 I RustStdoutStderr: [2m2026-10-02T07:12:00.317266Z[0m [32m INFO[0m [2mmir2_platform_android::ui_preview[0m[2m:[0m ANDROID_OBJECT_DASH_POSE_SETTLED
10-02 15:12:00.452 16125 16148 I event src/ui_preview.rs:537: ANDROID_LOCAL_MOVEMENT_SKILL_ACTION_SETTLED
10-02 15:12:00.452 16125 16147 I RustStdoutStderr: [2m2026-10-02T07:12:00.452717Z[0m [32m INFO[0m [2mmir2_platform_android::ui_preview[0m[2m:[0m ANDROID_LOCAL_MOVEMENT_SKILL_ACTION_SETTLED
10-02 15:12:00.834 16125 16148 I event src/ui_preview.rs:493: ANDROID_REMOTE_BACKSTEP_POSE_SETTLED
10-02 15:12:00.834 16125 16147 I RustStdoutStderr: [2m2026-10-02T07:12:00.834006Z[0m [32m INFO[0m [2mmir2_platform_android::ui_preview[0m[2m:[0m ANDROID_REMOTE_BACKSTEP_POSE_SETTLED
10-02 15:12:00.944 16125 16148 D EGL_emulation: app_time_stats: avg=13.75ms min=12.02ms max=31.93ms count=60
10-02 15:12:01.913 16125 16125 V threaded_app: Pause: 0xb400007535842810
10-02 15:12:01.927 16125 16148 V threaded_app: activityState=14
10-02 15:12:01.936 16125 16125 V threaded_app: WindowFocusChanged: 0xb400007535842810 -- 0
10-02 15:12:02.315 16125 16125 V threaded_app: NativeWindowDestroyed: 0xb400007535842810 -- 0xb4000075c59f0350
10-02 15:12:02.315 16125 16125 V threaded_app: android_app_set_window called
10-02 15:12:02.318 16125 16148 V threaded_app: APP_CMD_TERM_WINDOW
10-02 15:12:02.335 16125 16152 D HostConnection: createUnique: call
10-02 15:12:02.335 16125 16152 D HostConnection: HostConnection::get() New Host Connection established 0xb4000074d5881c10, tid 16152
10-02 15:12:02.336 16125 16152 D HostConnection: HostComposition ext ANDROID_EMU_CHECKSUM_HELPER_v1 ANDROID_EMU_native_sync_v2 ANDROID_EMU_native_sync_v3 ANDROID_EMU_native_sync_v4 ANDROID_EMU_dma_v1 ANDROID_EMU_direct_mem ANDROID_EMU_host_composition_v1 ANDROID_EMU_host_composition_v2 ANDROID_EMU_vulkan ANDROID_EMU_deferred_vulkan_commands ANDROID_EMU_vulkan_null_optional_strings ANDROID_EMU_vulkan_create_resources_with_requirements ANDROID_EMU_YUV_Cache ANDROID_EMU_vulkan_ignored_handles ANDROID_EMU_has_shared_slots_host_memory_allocator ANDROID_EMU_vulkan_free_memory_sync ANDROID_EMU_vulkan_shader_float16_int8 ANDROID_EMU_vulkan_async_queue_submit ANDROID_EMU_vulkan_queue_submit_with_commands ANDROID_EMU_sync_buffer_data ANDROID_EMU_vulkan_async_qsri ANDROID_EMU_read_color_buffer_dma ANDROID_EMU_hwc_color_transform GL_OES_EGL_image_external_essl3 GL_OES_vertex_array_object ANDROID_EMU_host_side_tracing ANDROID_EMU_gles_max_version_3_0 
10-02 15:12:02.336 16125 16152 D EGL_emulation: eglMakeCurrent: 0xb4000074d5837c90: ver 3 0 (tinfo 0x76fbc37180) (first time)
10-02 15:12:02.339 16125 16148 V threaded_app: APP_CMD_TERM_WINDOW
10-02 15:12:02.344 16125 16125 V threaded_app: TrimMemory: 0xb400007535842810 20
10-02 15:12:02.347 16125 16125 V threaded_app: Stop: 0xb400007535842810
10-02 15:12:02.348 16125 16148 V threaded_app: activityState=15
10-02 15:12:02.348 16125 16147 I RustStdoutStderr: [2m2026-10-02T07:12:02.348071Z[0m [33m WARN[0m [2mwinit::platform_impl::android[0m[2m:[0m TODO: forward onStop notification to application
10-02 15:12:02.348 16125 16148 W event /Users/henryliu/.cargo/registry/src/index.crates.io-1949cf8c6b5b557f/winit-0.30.13/src/pTODO: forward onStop notification to application
10-02 15:12:02.348 16125 16125 V threaded_app: SaveInstanceState: 0xb400007535842810
10-02 15:12:02.348 16125 16147 I RustStdoutStderr: [2m2026-10-02T07:12:02.348443Z[0m [33m WARN[0m [2mwinit::platform_impl::android[0m[2m:[0m TODO: forward saveState notification to application
10-02 15:12:02.348 16125 16148 W event /Users/henryliu/.cargo/registry/src/index.crates.io-1949cf8c6b5b557f/winit-0.30.13/src/pTODO: forward saveState notification to application
10-02 15:12:02.348 16125 16148 V threaded_app: APP_CMD_SAVE_STATE
10-02 15:12:02.968 16125 16125 V GameActivity: onImeInsetsChanged from Text Listener
10-02 15:12:02.968 16125 16125 V threaded_app: WindowInsetsChanged: 0xb400007535842810
10-02 15:12:02.969 16125 16147 I RustStdoutStderr: [2m2026-10-02T07:12:02.968891Z[0m [33m WARN[0m [2mwinit::platform_impl::android[0m[2m:[0m TODO: handle Android InsetsChanged notification
10-02 15:12:02.969 16125 16148 W event /Users/henryliu/.cargo/registry/src/index.crates.io-1949cf8c6b5b557f/winit-0.30.13/src/pTODO: handle Android InsetsChanged notification
10-02 15:12:02.970 16125 16125 V GameActivity: onStart_native
10-02 15:12:02.970 16125 16125 V threaded_app: Start: 0xb400007535842810
10-02 15:12:02.970 16125 16148 V threaded_app: activityState=11
10-02 15:12:02.970 16125 16148 W event /Users/henryliu/.cargo/registry/src/index.crates.io-1949cf8c6b5b557f/winit-0.30.13/src/pTODO: forward onStart notification to application
10-02 15:12:02.970 16125 16147 I RustStdoutStderr: [2m2026-10-02T07:12:02.970677Z[0m [33m WARN[0m [2mwinit::platform_impl::android[0m[2m:[0m TODO: forward onStart notification to application
10-02 15:12:02.971 16125 16125 V threaded_app: Resume: 0xb400007535842810
10-02 15:12:02.971 16125 16148 V threaded_app: activityState=12
10-02 15:12:02.986 16125 16125 V GameActivity: onImeInsetsChanged from Text Listener
10-02 15:12:02.986 16125 16125 V threaded_app: WindowInsetsChanged: 0xb400007535842810
10-02 15:12:02.987 16125 16148 W event /Users/henryliu/.cargo/registry/src/index.crates.io-1949cf8c6b5b557f/winit-0.30.13/src/pTODO: handle Android InsetsChanged notification
10-02 15:12:02.987 16125 16147 I RustStdoutStderr: [2m2026-10-02T07:12:02.987122Z[0m [33m WARN[0m [2mwinit::platform_impl::android[0m[2m:[0m TODO: handle Android InsetsChanged notification
10-02 15:12:02.989 16125 16125 V GameActivity: onSurfaceCreated_native
10-02 15:12:02.989 16125 16125 V threaded_app: NativeWindowCreated: 0xb400007535842810 -- 0xb4000075c59f0350
10-02 15:12:02.989 16125 16125 V threaded_app: android_app_set_window called
10-02 15:12:02.990 16125 16148 V threaded_app: APP_CMD_INIT_WINDOW
10-02 15:12:02.990 16125 16125 V threaded_app: NativeWindowRedrawNeeded: 0xb400007535842810 -- 0xb4000075c59f0350
10-02 15:12:02.993 16125 16148 I event src/ui_preview.rs:480: ANDROID_REMOTE_BACKSTEP_DIAGNOSTICSdiagnostics = {"enabled":true,"nowMs":1790925122990.376,"moveClockPulseId":38,"moveClockNextPulseMs":1790925123090.376,"entryCount":3,"activeEntryCount":0,"processedEventCount":3,"remoteMotionEventCount":3,"remoteRemoveEventCount":0,"ignoredEventCount":0,"staleEventCount":0,"disabledEventCount":0,"pendingEventDropCount":0,"entryEvictionCount":0,"decodeErrorCount":0,"lastDecodeError":null,"offsetQueryCount":315,"offsetMatchCount":74,"targetMismatchCount":0,"inactiveFallbackCount":241,"entries":[{"atMs":2713.0,"packet":"ObjectPushed","objectId":"9002","fromX":304.0,"fromY":634.0,"toX":303.0,"toY":634.0,"direction":"Left","mode":"pushed","phaseCount":3,"startedMs":1790925120167.7573,"startedPulseId":19,"expiresMs":1790925122990.376,"phaseIndex":2,"nextPhaseMs":1790925123090.376,"completed":true},{"atMs":2568.0,"packet":"ObjectBackStep","objectId":"9003","fromX":301.0,"fromY":634.0,"toX":299.0,"toY":634.0,"direction":"Right","mode":"backstep","phaseCount":8,"startedMs":1790925120167.7573,"startedPulseId":19,"expiresMs":1790925122990.376,"phaseIndex":7,"nextPhaseMs":1790925123090.376,"completed":true},{"atMs":2710.0,"packet":"ObjectDash","objectId":"9004","fromX":301.0,"fromY":631.0,"toX":302.0,"toY":631.0,"direction":"Right","mode":"dashL","phaseCount":3,"startedMs":1790925120167.7573,"startedPulseId":19,"expiresMs":1790925122990.376,"phaseIndex":2,"nextPhaseMs":1790925123090.376,"completed":true}]};
10-02 15:12:02.993 16125 16147 I RustStdoutStderr: [2m2026-10-02T07:12:02.993452Z[0m [32m INFO[0m [2mmir2_platform_android::ui_preview[0m[2m:[0m ANDROID_REMOTE_BACKSTEP_DIAGNOSTICS [3mdiagnostics[0m[2m=[0m{"enabled":true,"nowMs":1790925122990.376,"moveClockPulseId":38,"moveClockNextPulseMs":1790925123090.376,"entryCount":3,"activeEntryCount":0,"processedEventCount":3,"remoteMotionEventCount":3,"remoteRemoveEventCount":0,"ignoredEventCount":0,"staleEventCount":0,"disabledEventCount":0,"pendingEventDropCount":0,"entryEvictionCount":0,"decodeErrorCount":0,"lastDecodeError":null,"offsetQueryCount":315,"offsetMatchCount":74,"targetMismatchCount":0,"inactiveFallbackCount":241,"entries":[{"atMs":2713.0,"packet":"ObjectPushed","objectId":"9002","fromX":304.0,"fromY":634.0,"toX":303.0,"toY":634.0,"direction":"Left","mode":"pushed","phaseCount":3,"startedMs":1790925120167.7573,"startedPulseId":19,"expiresMs":1790925122990.376,"phaseIndex":2,"nextPhaseMs":1790925123090.376,"completed":true},{"atMs":2568.0,"packet":"ObjectBackStep","objectId":"9003","fromX":301.0,"fromY":634.0,"toX":299.0,"toY":634.0,"direction":"Right","mode":"backstep","phaseCount":8,"startedMs":1790925120167.7573,"startedPulseId":19,"expiresMs":1790925122990.376,"phaseIndex":7,"nextPhaseMs":1790925123090.376,"completed":true},{"atMs":2710.0,"packet":"ObjectDash","objectId":"9004","fromX":301.0,"fromY":631.0,"toX":302.0,"toY":631.0,"direction":"Right","mode":"dashL","phaseCount":3,"startedMs":1790925120167.7573,"startedPulseId":19,"expiresMs":1790925122990.376,"phaseIndex":2,"nextPhaseMs":1790925123090.376,"completed":true}]}
10-02 15:12:03.010 16125 16125 V threaded_app: WindowFocusChanged: 0xb400007535842810 -- 1
10-02 15:12:03.014 16125 16125 V GameActivity: onImeInsetsChanged from Text Listener
10-02 15:12:03.014 16125 16125 V threaded_app: WindowInsetsChanged: 0xb400007535842810
10-02 15:12:03.028 16125 16148 W event /Users/henryliu/.cargo/registry/src/index.crates.io-1949cf8c6b5b557f/winit-0.30.13/src/pTODO: handle Android InsetsChanged notification
10-02 15:12:03.028 16125 16147 I RustStdoutStderr: [2m2026-10-02T07:12:03.028482Z[0m [33m WARN[0m [2mwinit::platform_impl::android[0m[2m:[0m TODO: handle Android InsetsChanged notification
10-02 15:12:03.393 16125 16187 D ProfileInstaller: Installing profile for com.mir2.web3.uipreview
10-02 15:12:04.076 16125 16148 D EGL_emulation: app_time_stats: avg=14.37ms min=11.62ms max=48.20ms count=61
10-02 15:12:05.076 16125 16148 D EGL_emulation: app_time_stats: avg=12.69ms min=11.66ms max=14.02ms count=60
10-02 15:12:06.077 16125 16148 D EGL_emulation: app_time_stats: avg=13.40ms min=12.21ms max=18.75ms count=60
10-02 15:12:07.084 16125 16148 D EGL_emulation: app_time_stats: avg=13.82ms min=11.62ms max=45.83ms count=58
