--------- beginning of main
10-01 12:41:58.411  2476  2476 I .web3.uiprevie: Late-enabling -Xcheck:jni
10-01 12:42:02.451  2476  2485 I .web3.uiprevie: Background young concurrent copying GC freed 4487(253KB) AllocSpace objects, 0(0B) LOS objects, 93% free, 1834KB/25MB, paused 57us,31us total 283.023ms
10-01 12:42:04.146  2476  2476 D CompatibilityChangeReporter: Compat change id reported: 171979766; UID 10146; state: ENABLED
10-01 12:42:08.863  2476  2476 V GraphicsEnvironment: ANGLE Developer option for 'com.mir2.web3.uipreview' set to: 'default'
10-01 12:42:08.868  2476  2476 V GraphicsEnvironment: Neither updatable production driver nor prerelease driver is supported.
10-01 12:42:10.046  2476  2476 D NetworkSecurityConfig: No Network Security Config specified, using platform default
10-01 12:42:10.053  2476  2476 D NetworkSecurityConfig: No Network Security Config specified, using platform default
10-01 12:42:12.377  2476  2501 D libEGL  : loaded /vendor/lib64/egl/libEGL_emulation.so
10-01 12:42:12.400  2476  2501 D libEGL  : loaded /vendor/lib64/egl/libGLESv1_CM_emulation.so
10-01 12:42:12.621  2476  2501 D libEGL  : loaded /vendor/lib64/egl/libGLESv2_emulation.so
10-01 12:42:14.451  2476  2476 W .web3.uiprevie: Verification of boolean androidx.appcompat.widget.ResourceManagerInternal.isVectorDrawable(android.graphics.drawable.Drawable) took 140.264ms (178.23 bytecodes/s) (2048B approximate peak alloc)
10-01 12:42:14.657  2476  2476 W .web3.uiprevie: Verification of java.lang.Object androidx.collection.LruCache.get(java.lang.Object) took 146.687ms (763.53 bytecodes/s) (3944B approximate peak alloc)
10-01 12:42:14.873  2476  2476 D AppCompatDelegate: Checking for metadata for AppLocalesMetadataHolderService : Service not found
10-01 12:42:18.135  2476  2476 D gti.InputConnection: InputConnection created
10-01 12:42:18.385  2476  2476 D gti.InputConnection: setEditorInfo
10-01 12:42:18.469  2476  2476 W .web3.uiprevie: Accessing hidden method Landroid/view/ViewGroup;->makeOptionalFitsSystemWindows()V (unsupported, reflection, allowed)
10-01 12:42:18.492  2476  2476 I GameActivity: Looking for library libmir2_platform_android.so
10-01 12:42:18.508  2476  2476 I GameActivity: Found library libmir2_platform_android.so. Loading...
10-01 12:42:19.181  2476  2476 D GameActivity: GameActivity_register
10-01 12:42:19.208  2476  2476 V GameActivity: Registering com/google/androidgamesdk/GameActivity's 24 native methods...
10-01 12:42:19.208  2476  2476 D GameActivity: SDK version: 31
10-01 12:42:19.209  2476  2476 I android-activity: Creating: Activity = 0x1696, saved state size = 0
10-01 12:42:19.274  2476  2476 V threaded_app: Creating: 0xb400007380ce41d0
10-01 12:42:19.274  2476  2476 V threaded_app: Callbacks set: 0xb400007380ce4220
10-01 12:42:19.274  2476  2476 V threaded_app: Launching android_app_entry in a thread
10-01 12:42:19.275  2476  2524 V threaded_app: android_app_entry called
10-01 12:42:19.275  2476  2524 V threaded_app: android_app = 0xb400007360cf1690
10-01 12:42:19.275  2476  2524 V threaded_app: config = 0xb4000072d0cf4dc0
10-01 12:42:19.275  2476  2524 V threaded_app: activity = 0xb400007380ce41d0
10-01 12:42:19.275  2476  2524 V threaded_app: assetmanager = 0xb400007380ce3870
10-01 12:42:19.275  2476  2524 V threaded_app: Config: mcc=310 mnc=260 lang=en cnt=US orien=2 touch=3 dens=440 keys=2 nav=2 keysHid=1 navHid=0 sdk=31 size=2 long=2 modetype=1 modenight=1
10-01 12:42:19.885  2476  2485 W .web3.uiprevie: Suspending all threads took: 7.049ms
10-01 12:42:20.333  2476  2524 D HostConnection: createUnique: call
10-01 12:42:20.354  2476  2524 D HostConnection: HostConnection::get() New Host Connection established 0xb400007320cdbe90, tid 2524
10-01 12:42:20.963  2476  2524 D HostConnection: HostComposition ext ANDROID_EMU_CHECKSUM_HELPER_v1 ANDROID_EMU_native_sync_v2 ANDROID_EMU_native_sync_v3 ANDROID_EMU_native_sync_v4 ANDROID_EMU_dma_v1 ANDROID_EMU_direct_mem ANDROID_EMU_host_composition_v1 ANDROID_EMU_host_composition_v2 ANDROID_EMU_vulkan ANDROID_EMU_deferred_vulkan_commands ANDROID_EMU_vulkan_null_optional_strings ANDROID_EMU_vulkan_create_resources_with_requirements ANDROID_EMU_YUV_Cache ANDROID_EMU_vulkan_ignored_handles ANDROID_EMU_has_shared_slots_host_memory_allocator ANDROID_EMU_vulkan_free_memory_sync ANDROID_EMU_vulkan_shader_float16_int8 ANDROID_EMU_vulkan_async_queue_submit ANDROID_EMU_vulkan_queue_submit_with_commands ANDROID_EMU_sync_buffer_data ANDROID_EMU_vulkan_async_qsri ANDROID_EMU_read_color_buffer_dma ANDROID_EMU_hwc_color_transform GL_OES_EGL_image_external_essl3 GL_OES_vertex_array_object ANDROID_EMU_host_side_tracing ANDROID_EMU_gles_max_version_3_0 
10-01 12:42:22.056  2476  2524 D EGL_emulation: eglCreateContext: 0xb400007320cdb7d0: maj 3 min 0 rcv 3
10-01 12:42:22.149  2476  2524 D EGL_emulation: eglMakeCurrent: 0xb400007320cdb7d0: ver 3 0 (tinfo 0x75468bc080) (first time)
10-01 12:42:23.028  2476  2485 W .web3.uiprevie: Suspending all threads took: 36.510ms
10-01 12:42:23.032  2476  2476 V GameActivity: onStart_native
10-01 12:42:23.032  2476  2476 V threaded_app: Start: 0xb400007380ce41d0
10-01 12:42:23.279  2476  2523 I RustStdoutStderr: [2m2026-10-01T04:42:23.279637Z[0m [32m INFO[0m [2mbevy_render::renderer[0m[2m:[0m AdapterInfo { name: "Android Emulator OpenGL ES Translator (Apple M1 Max)", vendor: 4203, device: 0, device_type: IntegratedGpu, device_pci_bus_id: "", driver: "", driver_info: "OpenGL ES 3.0 (4.1 Metal - 89.4)", backend: Gl, subgroup_min_size: 4, subgroup_max_size: 128, transient_saves_memory: false }
10-01 12:42:23.280  2476  2524 I event /Users/henryliu/obelisk/numeron-worktrees/android-shared-sync/mir2-web3/third_party/bevyAdapterInfo { name: "Android Emulator OpenGL ES Translator (Apple M1 Max)", vendor: 4203, device: 0, device_type: IntegratedGpu, device_pci_bus_id: "", driver: "", driver_info: "OpenGL ES 3.0 (4.1 Metal - 89.4)", backend: Gl, subgroup_min_size: 4, subgroup_max_size: 128, transient_saves_memory: false }
10-01 12:42:24.430  2476  2523 I RustStdoutStderr: [2m2026-10-01T04:42:24.430062Z[0m [32m INFO[0m [2mbevy_render::render_resource::sparse_buffer_vec[0m[2m:[0m Sparse buffer updates disabled. RenderDevice lacks support: max_storage_buffers_per_shader_stage (0) < 3.
10-01 12:42:24.435  2476  2524 I event /Users/henryliu/obelisk/numeron-worktrees/android-shared-sync/mir2-web3/third_party/bevySparse buffer updates disabled. RenderDevice lacks support: max_storage_buffers_per_shader_stage (0) < 3.
10-01 12:42:24.436  2476  2523 I RustStdoutStderr: [2m2026-10-01T04:42:24.436071Z[0m [33m WARN[0m [2mbevy_core_pipeline::oit::resolve[0m[2m:[0m OrderIndependentTransparencyPlugin not loaded. GPU lacks support: DownlevelFlags::FRAGMENT_WRITABLE_STORAGE.
10-01 12:42:24.436  2476  2524 W event /Users/henryliu/.cargo/registry/src/index.crates.io-1949cf8c6b5b557f/bevy_core_pipeline-OrderIndependentTransparencyPlugin not loaded. GPU lacks support: DownlevelFlags::FRAGMENT_WRITABLE_STORAGE.
10-01 12:42:24.436  2476  2523 I RustStdoutStderr: [2m2026-10-01T04:42:24.436121Z[0m [33m WARN[0m [2mbevy_core_pipeline::prepass::background_motion_vectors[0m[2m:[0m BackgroundMotionVectorsPlugin not loaded. GPU lacks support for required downlevel capability flags: DownlevelFlags(INDEPENDENT_BLEND).
10-01 12:42:24.436  2476  2524 W event /Users/henryliu/.cargo/registry/src/index.crates.io-1949cf8c6b5b557f/bevy_core_pipeline-BackgroundMotionVectorsPlugin not loaded. GPU lacks support for required downlevel capability flags: DownlevelFlags(INDEPENDENT_BLEND).
10-01 12:42:25.035  2476  2476 E threaded_app: android_app_set_activity_state timed out waiting for cmd 11
10-01 12:42:25.040  2476  2476 V threaded_app: Resume: 0xb400007380ce41d0
10-01 12:42:25.269  2476  2524 I event /Users/henryliu/obelisk/numeron-worktrees/android-shared-sync/mir2-web3/third_party/bevyGPU preprocessing is not supported on this device. Falling back to CPU preprocessing.
10-01 12:42:25.271  2476  2523 I RustStdoutStderr: [2m2026-10-01T04:42:25.269000Z[0m [32m INFO[0m [2mbevy_render::batching::gpu_preprocessing[0m[2m:[0m GPU preprocessing is not supported on this device. Falling back to CPU preprocessing.
10-01 12:42:26.829  2476  2524 V threaded_app: activityState=11
10-01 12:42:26.869  2476  2523 I RustStdoutStderr: [2m2026-10-01T04:42:26.860021Z[0m [33m WARN[0m [2mwinit::platform_impl::android[0m[2m:[0m TODO: forward onStart notification to application
10-01 12:42:26.944  2476  2524 W event /Users/henryliu/.cargo/registry/src/index.crates.io-1949cf8c6b5b557f/winit-0.30.13/src/pTODO: forward onStart notification to application
10-01 12:42:26.944  2476  2524 V threaded_app: activityState=12
10-01 12:42:27.611  2476  2476 I Choreographer: Skipped 996 frames!  The application may be doing too much work on its main thread.
10-01 12:42:27.790  2476  2476 V GameActivity: onImeInsetsChanged from Text Listener
10-01 12:42:27.792  2476  2476 V threaded_app: WindowInsetsChanged: 0xb400007380ce41d0
10-01 12:42:27.805  2476  2524 W event /Users/henryliu/.cargo/registry/src/index.crates.io-1949cf8c6b5b557f/winit-0.30.13/src/pTODO: handle Android InsetsChanged notification
10-01 12:42:27.805  2476  2523 I RustStdoutStderr: [2m2026-10-01T04:42:27.805276Z[0m [33m WARN[0m [2mwinit::platform_impl::android[0m[2m:[0m TODO: handle Android InsetsChanged notification
10-01 12:42:28.439  2476  2476 V GameActivity: onImeInsetsChanged from Text Listener
10-01 12:42:28.440  2476  2476 V threaded_app: WindowInsetsChanged: 0xb400007380ce41d0
10-01 12:42:28.440  2476  2524 W event /Users/henryliu/.cargo/registry/src/index.crates.io-1949cf8c6b5b557f/winit-0.30.13/src/pTODO: handle Android InsetsChanged notification
10-01 12:42:28.440  2476  2523 I RustStdoutStderr: [2m2026-10-01T04:42:28.440252Z[0m [33m WARN[0m [2mwinit::platform_impl::android[0m[2m:[0m TODO: handle Android InsetsChanged notification
10-01 12:42:28.446  2476  2498 D HostConnection: createUnique: call
10-01 12:42:28.453  2476  2498 D HostConnection: HostConnection::get() New Host Connection established 0xb400007320cf40d0, tid 2498
10-01 12:42:28.528  2476  2498 D HostConnection: HostComposition ext ANDROID_EMU_CHECKSUM_HELPER_v1 ANDROID_EMU_native_sync_v2 ANDROID_EMU_native_sync_v3 ANDROID_EMU_native_sync_v4 ANDROID_EMU_dma_v1 ANDROID_EMU_direct_mem ANDROID_EMU_host_composition_v1 ANDROID_EMU_host_composition_v2 ANDROID_EMU_vulkan ANDROID_EMU_deferred_vulkan_commands ANDROID_EMU_vulkan_null_optional_strings ANDROID_EMU_vulkan_create_resources_with_requirements ANDROID_EMU_YUV_Cache ANDROID_EMU_vulkan_ignored_handles ANDROID_EMU_has_shared_slots_host_memory_allocator ANDROID_EMU_vulkan_free_memory_sync ANDROID_EMU_vulkan_shader_float16_int8 ANDROID_EMU_vulkan_async_queue_submit ANDROID_EMU_vulkan_queue_submit_with_commands ANDROID_EMU_sync_buffer_data ANDROID_EMU_vulkan_async_qsri ANDROID_EMU_read_color_buffer_dma ANDROID_EMU_hwc_color_transform GL_OES_EGL_image_external_essl3 GL_OES_vertex_array_object ANDROID_EMU_host_side_tracing ANDROID_EMU_gles_max_version_3_0 
10-01 12:42:28.539  2476  2498 W OpenGLRenderer: Failed to choose config with EGL_SWAP_BEHAVIOR_PRESERVED, retrying without...
10-01 12:42:28.552  2476  2498 W OpenGLRenderer: Failed to initialize 101010-2 format, error = EGL_SUCCESS
10-01 12:42:28.611  2476  2498 D EGL_emulation: eglCreateContext: 0xb400007320cf4550: maj 3 min 0 rcv 3
10-01 12:42:28.661  2476  2498 D EGL_emulation: eglMakeCurrent: 0xb400007320cf4550: ver 3 0 (tinfo 0x75468bc100) (first time)
10-01 12:42:28.669  2476  2476 V threaded_app: ContentRectChanged: 0xb400007380ce41d0 -- (0 0) (2340 1080)
10-01 12:42:28.670  2476  2524 W event /Users/henryliu/.cargo/registry/src/index.crates.io-1949cf8c6b5b557f/winit-0.30.13/src/pTODO: find a way to notify application of content rect change
10-01 12:42:28.670  2476  2523 I RustStdoutStderr: [2m2026-10-01T04:42:28.670215Z[0m [33m WARN[0m [2mwinit::platform_impl::android[0m[2m:[0m TODO: find a way to notify application of content rect change
10-01 12:42:28.865  2476  2485 I .web3.uiprevie: NativeAlloc concurrent copying GC freed 1890(171KB) AllocSpace objects, 0(0B) LOS objects, 49% free, 2603KB/5206KB, paused 25.024ms,20us total 1.149s
10-01 12:42:29.191  2476  2498 I Gralloc4: mapper 4.x is not supported
10-01 12:42:29.198  2476  2498 D HostConnection: createUnique: call
10-01 12:42:29.199  2476  2498 D HostConnection: HostConnection::get() New Host Connection established 0xb400007320cf3050, tid 2498
10-01 12:42:29.201  2476  2498 D goldfish-address-space: allocate: Ask for block of size 0x100
10-01 12:42:29.201  2476  2498 D goldfish-address-space: allocate: ioctl allocate returned offset 0x1efff8000 size 0x8000
10-01 12:42:29.202  2476  2498 W Gralloc4: allocator 4.x is not supported
10-01 12:42:29.297  2476  2476 V GameActivity: onSurfaceCreated_native
10-01 12:42:29.297  2476  2476 V threaded_app: NativeWindowCreated: 0xb400007380ce41d0 -- 0xb400007410e96f30
10-01 12:42:29.297  2476  2476 V threaded_app: android_app_set_window called
10-01 12:42:29.297  2476  2524 V threaded_app: APP_CMD_INIT_WINDOW
10-01 12:42:29.297  2476  2524 I event /Users/henryliu/.cargo/registry/src/index.crates.io-1949cf8c6b5b557f/bevy_winit-0.19.0/sCreating new window mir2-web3 (android) (105v0)
10-01 12:42:29.298  2476  2523 I RustStdoutStderr: [2m2026-10-01T04:42:29.297865Z[0m [32m INFO[0m [2mbevy_winit::system[0m[2m:[0m Creating new window mir2-web3 (android) (105v0)
10-01 12:42:29.416  2476  2498 D HostConnection: HostComposition ext ANDROID_EMU_CHECKSUM_HELPER_v1 ANDROID_EMU_native_sync_v2 ANDROID_EMU_native_sync_v3 ANDROID_EMU_native_sync_v4 ANDROID_EMU_dma_v1 ANDROID_EMU_direct_mem ANDROID_EMU_host_composition_v1 ANDROID_EMU_host_composition_v2 ANDROID_EMU_vulkan ANDROID_EMU_deferred_vulkan_commands ANDROID_EMU_vulkan_null_optional_strings ANDROID_EMU_vulkan_create_resources_with_requirements ANDROID_EMU_YUV_Cache ANDROID_EMU_vulkan_ignored_handles ANDROID_EMU_has_shared_slots_host_memory_allocator ANDROID_EMU_vulkan_free_memory_sync ANDROID_EMU_vulkan_shader_float16_int8 ANDROID_EMU_vulkan_async_queue_submit ANDROID_EMU_vulkan_queue_submit_with_commands ANDROID_EMU_sync_buffer_data ANDROID_EMU_vulkan_async_qsri ANDROID_EMU_read_color_buffer_dma ANDROID_EMU_hwc_color_transform GL_OES_EGL_image_external_essl3 GL_OES_vertex_array_object ANDROID_EMU_host_side_tracing ANDROID_EMU_gles_max_version_3_0 
10-01 12:42:29.968  2476  2476 V threaded_app: NativeWindowResized: 0xb400007380ce41d0 -- 0xb400007410e96f30 ( 2340 x 1080 )
10-01 12:42:29.969  2476  2476 V threaded_app: NativeWindowRedrawNeeded: 0xb400007380ce41d0 -- 0xb400007410e96f30
10-01 12:42:31.025  2476  2476 I Choreographer: Skipped 203 frames!  The application may be doing too much work on its main thread.
10-01 12:42:31.562  2476  2476 V threaded_app: WindowFocusChanged: 0xb400007380ce41d0 -- 1
10-01 12:42:31.633  2476  2538 W .web3.uiprevie: Verification of void androidx.emoji2.text.FontRequestEmojiCompatConfig$FontRequestMetadataLoader.createMetadata() took 291.613ms (624.11 bytecodes/s) (6632B approximate peak alloc)
10-01 12:42:32.319  2476  2476 I Choreographer: Skipped 45 frames!  The application may be doing too much work on its main thread.
10-01 12:42:32.320  2476  2476 V GameActivity: onImeInsetsChanged from Text Listener
10-01 12:42:32.320  2476  2476 V threaded_app: WindowInsetsChanged: 0xb400007380ce41d0
10-01 12:42:33.633  2476  2541 D ProfileInstaller: Installing profile for com.mir2.web3.uipreview
10-01 12:42:36.368  2476  2524 I event src/ui_preview.rs:765: ANDROID_UI_PREVIEW_READY scene=world-render
10-01 12:42:36.369  2476  2523 I RustStdoutStderr: [2m2026-10-01T04:42:36.368317Z[0m [32m INFO[0m [2mmir2_platform_android::ui_preview[0m[2m:[0m ANDROID_UI_PREVIEW_READY scene=world-render
10-01 12:42:36.544  2476  2524 W event /Users/henryliu/.cargo/registry/src/index.crates.io-1949cf8c6b5b557f/winit-0.30.13/src/pTODO: handle Android InsetsChanged notification
10-01 12:42:36.546  2476  2523 I RustStdoutStderr: [2m2026-10-01T04:42:36.544689Z[0m [33m WARN[0m [2mwinit::platform_impl::android[0m[2m:[0m TODO: handle Android InsetsChanged notification
10-01 12:42:40.440  2476  2524 D eglCodecCommon: checkFramebufferAttachmentCompleteness: rbo not color renderable. format: 0x0
10-01 12:42:40.441  2476  2524 D eglCodecCommon: checkFramebufferCompleteness: color attachment 0 not complete: 0x8cd6
10-01 12:42:40.441  2476  2524 E emuglGLESv2_enc: device/generic/goldfish-opengl/system/GLESv2_enc/GL2Encoder.cpp:s_glDrawElementsInstanced:4585 GL error 0x506 condition [ctx->m_state->checkFramebufferCompleteness(GL_FRAMEBUFFER) != GL_FRAMEBUFFER_COMPLETE]
10-01 12:42:41.686  2476  2524 D EGL_emulation: app_time_stats: avg=2831.84ms min=877.93ms max=4785.75ms count=2
10-01 12:42:43.899  2476  2524 D EGL_emulation: app_time_stats: avg=1106.01ms min=999.44ms max=1212.58ms count=2
10-01 12:42:44.808  2476  2523 I RustStdoutStderr: [android-world-render] map_current=false map_live=0 map_missing=0 map_image_revision=31 entity_live=false entity_self_visible=false entity_layers=2
10-01 12:42:45.414  2476  2524 D EGL_emulation: app_time_stats: avg=1513.45ms min=1513.45ms max=1513.45ms count=1
10-01 12:42:45.452  2476  2523 I RustStdoutStderr: [runtime-map] waiting-images center=Some(PresentationGridCenter { x: 302, y: 634 }) states=[native-map-keyed:00e3342688edb59d7ccd3784567586b3ab4c28c1b3bb0fbb928fb8560bb937e8=missing-handle,native-map-keyed:0222e758190fb702f62c1180c302535fa88376dc4d91515f6a3da6858692d879=missing-handle,native-map-keyed:02fcf4c4c475d1c1002d45563f34bf90aabc5d57865a90a9c1d738eea292c519=missing-handle,native-map-keyed:0446dc96478c6a6426006d4ebcd9b473422254a4a3b87d13e6513a4664cc1674=missing-handle,native-map-keyed:04f2f6406275680ee10c2bb613e324d59e0dea10befb67479d5db488f1e5e9bf=missing-handle,native-map-keyed:06877672fe022bb18e0e3289b29a8a2316614ba81070c465594dc1d5f1e414f4=missing-handle,native-map-keyed:0873e402c768945dbd03f13c801f352570c3cbbc15b7547b3965db22c4f88a2d=missing-handle,native-map-keyed:09c1aeb9a676d9b5e9156dd6302baf429a788ede13eb2561f72752639991cfa2=missing-handle,native-map-keyed:0bb6e8f16b06e61e5485cd9c69682635bc4d076e78f3e426bc7c1c0cdf92d50b=missing-handle,native-map-keyed:0e54663e52210f29caafb4e45b01d2ddcdd62fbb4f07359cdbdf327630acedbd=missing-handle,native-map-keyed:101d496a3e3006b8a0640e530d7bb5aaabfc3cc9f7a8844fd83450a65903a0ef=missing-handle,native-map-keyed:120fd8e86ad6a1121b73b64f684cad8a6e301c75c6a40787a4a564c5aadaab4a=missing-handle,native-map-keyed:13645e18038cb14276656008c43fc00eb92b94607d7eb9a04a64a6f66232d045=missing-handle,native-map-keyed:142960f1af1b8faa165eb1b55b57fc14db26156287a4c5ca23e035daf9f10e33=missing-handle,native-map-keyed:16f3602253a4256b8bf51a103e6bbe9d36a4cfaf6771bebc72d7ca43a25c1de6=missing-handle,native-map-keyed:1a753eed19dc81252971e03a9ea302f2c31bc3cf51d92b187b664a1e8b1936b1=missing-handle,native-map-keyed:1d68e7a7c4fdfe49cedb75b5678139cb152cb5b0ebe59b0542935d1fd67d87ae=missing-handle,native-map-keyed:1ef61cf6318b9db7968b35797c3a62b27e08c1ef2475a23ec3ca379b729d92f1=missing-handle,native-map-keyed:1f4a39a368bbaca431ec450a830e3c0bdcaabe0af6de5730eb1f28e59b8dd533=missing-handle,native-map-keyed:20625ebb957139dcbec35004f2ca784c926cdee1439035eb896dbf427495872d=missing-handle,native-map-keyed:219bb835f8f28e6bf59b93f1d069b437875a5d49dbd7631ff34176c572d7a14d=missing-handle,native-map-keyed:226a0bac665d1bf713b8baf39ecf7ae61be856189d1cf823921ed0e53a5c29fe=missing-handle,native-map-keyed:23035e5244797f2f70bbeaa5c393d6d112a6196b5ab8e4d02b351fbf38f8101a=missing-handle,native-map-keyed:230966b0481d315c12097d9ff7d4da07aa1cdf981552a5323ab088ba990ba950=missing-handle,native-map-keyed:232bfc461f055784e7d90e5e0378d3cea8317eb078c4bf66e7afe999812ff902=missing-handle,native-map-keyed:2675a421a8639ea87dcfc98b62558519a15cedc35d925663b6909d4988742940=missing-handle,native-map-keyed:26aa612a5755ef95b03c2bfb8c32208b7b862aa4abbf134fa4f9741e95aa173b=missing-handle,native-map-keyed:270c75661f320e8c98c039a8c4a26724a568469937485ff8f748e5e7045d0239=missing-handle,native-map-keyed:2775964d9f9d7b8b06e60a4bc848015817a1fa04cccfffe2e936202ea0756d4b=missing-handle,native-map-keyed:289cb8d084c1cc6b504d8152af2de8f7372c563f8104a8c78ad208caccefb34b=missing-handle,native-map-keyed:2a537899c5467f32f4e30a657c233ed270db6f829d90106b7fa0704f469d167c=missing-handle,native-map-keyed:2a7228b716f29f6fb29a9b41ed3f1ce17ec6cdbfd89b69ca7c38b6c8b5b5d72a=missing-handle,native-map-keyed:2c76f7575f3d1661681533a2ed2893f96c1f4b914bcfd60ae32c207561eb263b=missing-handle,native-map-keyed:2cd7444281094e689c5fe7c22a994aa527766e0665fc32b2cec42cbdc9978ab4=missing-handle,native-map-keyed:2d98ce9df6396e943fa00aebaf7a929c15ebaa4ab8e71ab99299c7f31b75d240=missing-handle,native-map-keyed:2fa02ae3202a4c91117b85d6ed57ca1d81c787b4b32ad6561c9ca340312d1620=missing-handle,native-map-keyed:313c3e7a3a4bef6d0ef6b02a9b0c37230ef819d06c72012bb513a591244a393d=missing-handle,native-map-keyed:33b2f84e21bb7bb379950d3da05ce44d393d84ca43f7044b6a8d1fba68a4c3a0=missing-handle,native-map-keyed:354a710bc4fda3d19397bf717ca33f56979dd060b1538402c6dcd8a12eb31a81=missing-handle,native-map-keyed:357ae499cdc01c6fb8e7f6a351f31e453a56bc0be6a8b044a7d5b03d97e69edc=missing-handle,native-map-keyed:359c62fe94c5cd29c97b629749c8
10-01 12:42:45.452  2476  2523 I RustStdoutStderr: 
10-01 12:42:45.503  2476  2523 I RustStdoutStderr: [android-world-render] map_current=false map_live=0 map_missing=0 map_image_revision=209 entity_live=false entity_self_visible=false entity_layers=3
10-01 12:42:46.241  2476  2523 I RustStdoutStderr: [runtime-map] waiting-images center=Some(PresentationGridCenter { x: 302, y: 634 }) states=[native-map-keyed:0222e758190fb702f62c1180c302535fa88376dc4d91515f6a3da6858692d879=missing-handle,native-map-keyed:09c1aeb9a676d9b5e9156dd6302baf429a788ede13eb2561f72752639991cfa2=missing-handle,native-map-keyed:13645e18038cb14276656008c43fc00eb92b94607d7eb9a04a64a6f66232d045=missing-handle,native-map-keyed:35fded5dc786ac191da47a42e1f2c4114875c5035cb6a15c9e3d28445a598672=missing-handle,native-map-keyed:39e2974ef371bbecc01f43513d9548c127e7ad4428c93015f3b9e58efddbee04=missing-handle,native-map-keyed:60593053797e508260c66f2dccb2147fab3fd0583aebd36139637b2191310d19=missing-handle,native-map-keyed:65eef61897766d1710ebb066f92ee531ed3d6bb70f973ec3e312606f9247fb2e=missing-handle,native-map-keyed:6a331d64448423171c9bd195276a89f11bc868c7f5bcfecd8d7c4d01d7aa77f4=missing-handle,native-map-keyed:6ba897f8b82efa0a41f233589ef528ceb6822f487542ac6cc926797af456e5ab=missing-handle,native-map-keyed:754d9ce023271699547b606e8f96a506f3ef90324640ef74f650b14e9341c2dc=missing-handle,native-map-keyed:7853f1ae68df42bd77f1b76cb22186f6e9b9d7ea6daa5db1de0ce685186de5bd=missing-handle,native-map-keyed:9193eb213fa563a95c340cb2a2ffc65d0aaaf61ae51c73664d2cde2edf4c4281=missing-handle,native-map-keyed:b255a0acf2470344f2fa4917a295437b3c1b85a7d62bc0536223052f0a6694cf=missing-handle,native-map-keyed:b40a54a9b34fa287ee6653b2dcaf2656625c161702c51ae2e9ebb9e00e57926d=missing-handle,native-map-keyed:ba760433cd7414e24e51f6ea75d660b5222f55ad8d7851f50b45bf06ad6bfb15=missing-handle,native-map-keyed:beaf69222d96d2b57d787e274b5ade7119a59239081b65ad8fbb0c5260cf7aa7=missing-handle,native-map-keyed:d56e8db5e769743a299529020584e8d4b042a887d1028db32138152d3cd862eb=missing-handle,native-map-keyed:d9c8ff59b2a56ad01e23464985cbc57ac906ab954db069085708e3d95149efcd=missing-handle,native-map-keyed:ffc093f86a65f8e00a03c2f443f7ef262a448b6e60f25eabe63582f03c04c313=missing-handle]
10-01 12:42:46.265  2476  2523 I RustStdoutStderr: [android-world-render] map_current=false map_live=0 map_missing=0 map_image_revision=228 entity_live=false entity_self_visible=false entity_layers=3
10-01 12:42:46.818  2476  2524 D EGL_emulation: app_time_stats: avg=701.80ms min=653.51ms max=750.09ms count=2
10-01 12:42:46.975  2476  2523 I RustStdoutStderr: [runtime-map] synced center=Some(PresentationGridCenter { x: 302, y: 634 }) tiles=607 standalone=242 live=849 missingBindings=0 sample=[]
10-01 12:42:46.985  2476  2523 I RustStdoutStderr: [android-world-render] map_current=true map_live=849 map_missing=0 map_image_revision=228 entity_live=false entity_self_visible=false entity_layers=7
10-01 12:42:49.069  2476  2524 D EGL_emulation: app_time_stats: avg=2251.52ms min=2251.52ms max=2251.52ms count=1
10-01 12:42:49.701  2476  2523 I RustStdoutStderr: [android-world-render] map_current=true map_live=849 map_missing=0 map_image_revision=228 entity_live=true entity_self_visible=true entity_layers=13
10-01 12:42:49.975  2476  2523 I RustStdoutStderr: [2m2026-10-01T04:42:49.975732Z[0m [32m INFO[0m [2mmir2_platform_android::shared_shell[0m[2m:[0m packaged Android world frame queued [3mrequest_id[0m[2m=[0m18446744073709551615 [3mpages[0m[2m=[0m7 [3msprites[0m[2m=[0m2111 [3mcompressed_bytes[0m[2m=[0m14785921 [3mrgba_bytes[0m[2m=[0m7340032 [3mmap_object_rgba_bytes[0m[2m=[0m10489920 [3mmap_width[0m[2m=[0m700 [3mmap_height[0m[2m=[0m700 [3mmap_atlases[0m[2m=[0m7 [3mmap_tiles[0m[2m=[0m607 [3mmap_standalone_tiles[0m[2m=[0m242 [3munresolved_draws[0m[2m=[0m0 [3mentity_pages[0m[2m=[0m5 [3mentities[0m[2m=[0m8 [3mentity_layers[0m[2m=[0m13 [3munresolved_entities[0m[2m=[0m0 [3mentity_unindexed_rects[0m[2m=[0m24 [3mentity_compressed_bytes[0m[2m=[0m11209197 [3mentity_rgba_bytes[0m[2m=[0m83886080 [3mentity_manifest_sha256[0m[2m=[0m"929d146535bde9b61c75c33af0e98852dcc3aef83320869aac9f06f4bdd530d9"
10-01 12:42:49.979  2476  2529 I event src/shared_shell.rs:1136: packaged Android world frame queuedrequest_id = 18446744073709551615; pages = 7; sprites = 2111; compressed_bytes = 14785921; rgba_bytes = 7340032; map_object_rgba_bytes = 10489920; map_width = 700; map_height = 700; map_atlases = 7; map_tiles = 607; map_standalone_tiles = 242; unresolved_draws = 0; entity_pages = 5; entities = 8; entity_layers = 13; unresolved_entities = 0; entity_unindexed_rects = 24; entity_compressed_bytes = 11209197; entity_rgba_bytes = 83886080; entity_manifest_sha256 = "929d146535bde9b61c75c33af0e98852dcc3aef83320869aac9f06f4bdd530d9";
10-01 12:42:50.262  2476  2524 D EGL_emulation: app_time_stats: avg=397.55ms min=298.75ms max=538.65ms count=3
10-01 12:42:50.344  2476  2523 I RustStdoutStderr: [2m2026-10-01T04:42:50.344020Z[0m [32m INFO[0m [2mmir2_platform_android::ui_preview[0m[2m:[0m ANDROID_OBJECT_METADATA_PRESENTATION_APPLIED
10-01 12:42:50.344  2476  2528 I event src/ui_preview.rs:515: ANDROID_OBJECT_METADATA_PRESENTATION_APPLIED
10-01 12:42:50.409  2476  2528 I event src/ui_preview.rs:520: ANDROID_OBJECT_POISON_PRESENTATION_APPLIED
10-01 12:42:50.411  2476  2523 I RustStdoutStderr: [2m2026-10-01T04:42:50.409047Z[0m [32m INFO[0m [2mmir2_platform_android::ui_preview[0m[2m:[0m ANDROID_OBJECT_POISON_PRESENTATION_APPLIED
10-01 12:42:50.435  2476  2528 I event src/ui_preview.rs:525: ANDROID_OBJECT_HIDDEN_PRESENTATION_APPLIED
10-01 12:42:50.436  2476  2523 I RustStdoutStderr: [2m2026-10-01T04:42:50.435617Z[0m [32m INFO[0m [2mmir2_platform_android::ui_preview[0m[2m:[0m ANDROID_OBJECT_HIDDEN_PRESENTATION_APPLIED
10-01 12:42:50.443  2476  2528 I event src/ui_preview.rs:530: ANDROID_OWNED_HERO_VITALS_APPLIED
10-01 12:42:50.475  2476  2528 I event src/ui_preview.rs:563: ANDROID_WORLD_RENDER_READYrequest_id = 18446744073709551615; center_x = 302; center_y = 634; map_tiles = 849; entities = 8; entity_layers = 13;
10-01 12:42:50.477  2476  2523 I RustStdoutStderr: [2m2026-10-01T04:42:50.440354Z[0m [32m INFO[0m [2mmir2_platform_android::ui_preview[0m[2m:[0m ANDROID_OWNED_HERO_VITALS_APPLIED
10-01 12:42:50.477  2476  2523 I RustStdoutStderr: [2m2026-10-01T04:42:50.475483Z[0m [32m INFO[0m [2mmir2_platform_android::ui_preview[0m[2m:[0m ANDROID_WORLD_RENDER_READY [3mrequest_id[0m[2m=[0m18446744073709551615 [3mcenter_x[0m[2m=[0m302 [3mcenter_y[0m[2m=[0m634 [3mmap_tiles[0m[2m=[0m849 [3mentities[0m[2m=[0m8 [3mentity_layers[0m[2m=[0m13
10-01 12:42:59.011  2476  2524 D EGL_emulation: app_time_stats: avg=8748.11ms min=8748.11ms max=8748.11ms count=1
10-01 12:42:59.030  2476  2523 I RustStdoutStderr: [2m2026-10-01T04:42:59.030770Z[0m [32m INFO[0m [2mmir2_platform_android::shared_shell[0m[2m:[0m ANDROID_EFFECT_RENDER_STATE_READY [3meffect_count[0m[2m=[0m2
10-01 12:42:59.031  2476  2528 I event src/shared_shell.rs:1725: ANDROID_EFFECT_RENDER_STATE_READYeffect_count = 2;
10-01 12:42:59.377  2476  2523 I RustStdoutStderr: [2m2026-10-01T04:42:59.377228Z[0m [32m INFO[0m [2mmir2_platform_android::ui_preview[0m[2m:[0m ANDROID_OWNED_HERO_MANA_VISIBLE [3mcount[0m[2m=[0m1
10-01 12:42:59.380  2476  2529 I event src/ui_preview.rs:72: ANDROID_OWNED_HERO_MANA_VISIBLEcount = 1;
