--------- beginning of main
10-02 09:51:18.895 12070 12070 I com.mir2.web3: Late-enabling -Xcheck:jni
10-02 09:51:18.923 12070 12070 D CompatibilityChangeReporter: Compat change id reported: 171979766; UID 10147; state: ENABLED
10-02 09:51:18.960 12070 12070 V GraphicsEnvironment: ANGLE Developer option for 'com.mir2.web3' set to: 'default'
10-02 09:51:18.960 12070 12070 V GraphicsEnvironment: Neither updatable production driver nor prerelease driver is supported.
10-02 09:51:18.960 12070 12070 D NetworkSecurityConfig: No Network Security Config specified, using platform default
10-02 09:51:18.961 12070 12070 D NetworkSecurityConfig: No Network Security Config specified, using platform default
10-02 09:51:18.994 12070 12091 D libEGL  : loaded /vendor/lib64/egl/libEGL_emulation.so
10-02 09:51:18.995 12070 12091 D libEGL  : loaded /vendor/lib64/egl/libGLESv1_CM_emulation.so
10-02 09:51:18.996 12070 12091 D libEGL  : loaded /vendor/lib64/egl/libGLESv2_emulation.so
10-02 09:51:19.020 12070 12070 D AppCompatDelegate: Checking for metadata for AppLocalesMetadataHolderService : Service not found
10-02 09:51:19.027 12070 12070 D gti.InputConnection: InputConnection created
10-02 09:51:19.029 12070 12070 D gti.InputConnection: setEditorInfo
10-02 09:51:19.033 12070 12070 W com.mir2.web3: Accessing hidden method Landroid/view/ViewGroup;->makeOptionalFitsSystemWindows()V (unsupported, reflection, allowed)
10-02 09:51:19.034 12070 12070 I GameActivity: Looking for library libmir2_platform_android.so
10-02 09:51:19.034 12070 12070 I GameActivity: Found library libmir2_platform_android.so. Loading...
10-02 09:51:19.036 12070 12070 D GameActivity: GameActivity_register
10-02 09:51:19.036 12070 12070 V GameActivity: Registering com/google/androidgamesdk/GameActivity's 24 native methods...
10-02 09:51:19.036 12070 12070 D GameActivity: SDK version: 31
10-02 09:51:19.036 12070 12070 I android-activity: Creating: Activity = 0x1696, saved state size = 0
10-02 09:51:19.039 12070 12070 V threaded_app: Creating: 0xb400007535836970
10-02 09:51:19.039 12070 12070 V threaded_app: Callbacks set: 0xb4000075358369c0
10-02 09:51:19.039 12070 12070 V threaded_app: Launching android_app_entry in a thread
10-02 09:51:19.039 12070 12093 V threaded_app: android_app_entry called
10-02 09:51:19.039 12070 12093 V threaded_app: android_app = 0xb400007515842d50
10-02 09:51:19.039 12070 12093 V threaded_app: config = 0xb400007485852720
10-02 09:51:19.039 12070 12093 V threaded_app: activity = 0xb400007535836970
10-02 09:51:19.039 12070 12093 V threaded_app: assetmanager = 0xb400007535841550
10-02 09:51:19.039 12070 12093 V threaded_app: Config: mcc=310 mnc=260 lang=en cnt=US orien=2 touch=3 dens=440 keys=2 nav=2 keysHid=1 navHid=0 sdk=31 size=2 long=2 modetype=1 modenight=1
10-02 09:51:19.054 12070 12093 D HostConnection: createUnique: call
10-02 09:51:19.054 12070 12093 D HostConnection: HostConnection::get() New Host Connection established 0xb4000074d583c3d0, tid 12093
10-02 09:51:19.056 12070 12093 D HostConnection: HostComposition ext ANDROID_EMU_CHECKSUM_HELPER_v1 ANDROID_EMU_native_sync_v2 ANDROID_EMU_native_sync_v3 ANDROID_EMU_native_sync_v4 ANDROID_EMU_dma_v1 ANDROID_EMU_direct_mem ANDROID_EMU_host_composition_v1 ANDROID_EMU_host_composition_v2 ANDROID_EMU_vulkan ANDROID_EMU_deferred_vulkan_commands ANDROID_EMU_vulkan_null_optional_strings ANDROID_EMU_vulkan_create_resources_with_requirements ANDROID_EMU_YUV_Cache ANDROID_EMU_vulkan_ignored_handles ANDROID_EMU_has_shared_slots_host_memory_allocator ANDROID_EMU_vulkan_free_memory_sync ANDROID_EMU_vulkan_shader_float16_int8 ANDROID_EMU_vulkan_async_queue_submit ANDROID_EMU_vulkan_queue_submit_with_commands ANDROID_EMU_sync_buffer_data ANDROID_EMU_vulkan_async_qsri ANDROID_EMU_read_color_buffer_dma ANDROID_EMU_hwc_color_transform GL_OES_EGL_image_external_essl3 GL_OES_vertex_array_object ANDROID_EMU_host_side_tracing ANDROID_EMU_gles_max_version_3_0 
10-02 09:51:19.058 12070 12093 D EGL_emulation: eglCreateContext: 0xb4000074d583b650: maj 3 min 0 rcv 3
10-02 09:51:19.059 12070 12093 D EGL_emulation: eglMakeCurrent: 0xb4000074d583b650: ver 3 0 (tinfo 0x76fbc37080) (first time)
10-02 09:51:19.075 12070 12093 I event /Users/henryliu/obelisk/numeron-worktrees/android-shared-sync/mir2-web3/third_party/bevyAdapterInfo { name: "Android Emulator OpenGL ES Translator (Apple M1 Max)", vendor: 4203, device: 0, device_type: IntegratedGpu, device_pci_bus_id: "", driver: "", driver_info: "OpenGL ES 3.0 (4.1 Metal - 89.4)", backend: Gl, subgroup_min_size: 4, subgroup_max_size: 128, transient_saves_memory: false }
10-02 09:51:19.075 12070 12092 I RustStdoutStderr: [2m2026-10-02T01:51:19.075552Z[0m [32m INFO[0m [2mbevy_render::renderer[0m[2m:[0m AdapterInfo { name: "Android Emulator OpenGL ES Translator (Apple M1 Max)", vendor: 4203, device: 0, device_type: IntegratedGpu, device_pci_bus_id: "", driver: "", driver_info: "OpenGL ES 3.0 (4.1 Metal - 89.4)", backend: Gl, subgroup_min_size: 4, subgroup_max_size: 128, transient_saves_memory: false }
10-02 09:51:19.082 12070 12070 V GameActivity: onStart_native
10-02 09:51:19.082 12070 12070 V threaded_app: Start: 0xb400007535836970
10-02 09:51:19.140 12070 12093 I event /Users/henryliu/obelisk/numeron-worktrees/android-shared-sync/mir2-web3/third_party/bevySparse buffer updates disabled. RenderDevice lacks support: max_storage_buffers_per_shader_stage (0) < 3.
10-02 09:51:19.140 12070 12093 W event /Users/henryliu/.cargo/registry/src/index.crates.io-1949cf8c6b5b557f/bevy_core_pipeline-OrderIndependentTransparencyPlugin not loaded. GPU lacks support: DownlevelFlags::FRAGMENT_WRITABLE_STORAGE.
10-02 09:51:19.140 12070 12093 W event /Users/henryliu/.cargo/registry/src/index.crates.io-1949cf8c6b5b557f/bevy_core_pipeline-BackgroundMotionVectorsPlugin not loaded. GPU lacks support for required downlevel capability flags: DownlevelFlags(INDEPENDENT_BLEND).
10-02 09:51:19.140 12070 12092 I RustStdoutStderr: [2m2026-10-02T01:51:19.140357Z[0m [32m INFO[0m [2mbevy_render::render_resource::sparse_buffer_vec[0m[2m:[0m Sparse buffer updates disabled. RenderDevice lacks support: max_storage_buffers_per_shader_stage (0) < 3.
10-02 09:51:19.140 12070 12092 I RustStdoutStderr: [2m2026-10-02T01:51:19.140540Z[0m [33m WARN[0m [2mbevy_core_pipeline::oit::resolve[0m[2m:[0m OrderIndependentTransparencyPlugin not loaded. GPU lacks support: DownlevelFlags::FRAGMENT_WRITABLE_STORAGE.
10-02 09:51:19.140 12070 12092 I RustStdoutStderr: [2m2026-10-02T01:51:19.140688Z[0m [33m WARN[0m [2mbevy_core_pipeline::prepass::background_motion_vectors[0m[2m:[0m BackgroundMotionVectorsPlugin not loaded. GPU lacks support for required downlevel capability flags: DownlevelFlags(INDEPENDENT_BLEND).
10-02 09:51:19.203 12070 12093 I event /Users/henryliu/obelisk/numeron-worktrees/android-shared-sync/mir2-web3/third_party/bevyGPU preprocessing is not supported on this device. Falling back to CPU preprocessing.
10-02 09:51:19.203 12070 12092 I RustStdoutStderr: [2m2026-10-02T01:51:19.203078Z[0m [32m INFO[0m [2mbevy_render::batching::gpu_preprocessing[0m[2m:[0m GPU preprocessing is not supported on this device. Falling back to CPU preprocessing.
10-02 09:51:19.228 12070 12093 V threaded_app: activityState=11
10-02 09:51:19.228 12070 12092 I RustStdoutStderr: [2m2026-10-02T01:51:19.228248Z[0m [33m WARN[0m [2mwinit::platform_impl::android[0m[2m:[0m TODO: forward onStart notification to application
10-02 09:51:19.228 12070 12093 W event /Users/henryliu/.cargo/registry/src/index.crates.io-1949cf8c6b5b557f/winit-0.30.13/src/pTODO: forward onStart notification to application
10-02 09:51:19.231 12070 12070 V threaded_app: Resume: 0xb400007535836970
10-02 09:51:19.232 12070 12093 V threaded_app: activityState=12
10-02 09:51:19.246 12070 12070 V GameActivity: onImeInsetsChanged from Text Listener
10-02 09:51:19.246 12070 12070 V threaded_app: WindowInsetsChanged: 0xb400007535836970
10-02 09:51:19.246 12070 12093 W event /Users/henryliu/.cargo/registry/src/index.crates.io-1949cf8c6b5b557f/winit-0.30.13/src/pTODO: handle Android InsetsChanged notification
10-02 09:51:19.246 12070 12092 I RustStdoutStderr: [2m2026-10-02T01:51:19.246733Z[0m [33m WARN[0m [2mwinit::platform_impl::android[0m[2m:[0m TODO: handle Android InsetsChanged notification
10-02 09:51:19.251 12070 12089 D HostConnection: createUnique: call
10-02 09:51:19.252 12070 12089 D HostConnection: HostConnection::get() New Host Connection established 0xb4000074d5853050, tid 12089
10-02 09:51:19.252 12070 12070 V threaded_app: ContentRectChanged: 0xb400007535836970 -- (0 0) (2340 1080)
10-02 09:51:19.252 12070 12092 I RustStdoutStderr: [2m2026-10-02T01:51:19.252541Z[0m [33m WARN[0m [2mwinit::platform_impl::android[0m[2m:[0m TODO: find a way to notify application of content rect change
10-02 09:51:19.252 12070 12093 W event /Users/henryliu/.cargo/registry/src/index.crates.io-1949cf8c6b5b557f/winit-0.30.13/src/pTODO: find a way to notify application of content rect change
10-02 09:51:19.253 12070 12070 V GameActivity: onSurfaceCreated_native
10-02 09:51:19.253 12070 12070 V threaded_app: NativeWindowCreated: 0xb400007535836970 -- 0xb4000075c59f6980
10-02 09:51:19.253 12070 12070 V threaded_app: android_app_set_window called
10-02 09:51:19.253 12070 12093 V threaded_app: APP_CMD_INIT_WINDOW
10-02 09:51:19.253 12070 12093 I event /Users/henryliu/.cargo/registry/src/index.crates.io-1949cf8c6b5b557f/bevy_winit-0.19.0/sCreating new window mir2-web3 (android) (105v0)
10-02 09:51:19.253 12070 12092 I RustStdoutStderr: [2m2026-10-02T01:51:19.253304Z[0m [32m INFO[0m [2mbevy_winit::system[0m[2m:[0m Creating new window mir2-web3 (android) (105v0)
10-02 09:51:19.254 12070 12089 D HostConnection: HostComposition ext ANDROID_EMU_CHECKSUM_HELPER_v1 ANDROID_EMU_native_sync_v2 ANDROID_EMU_native_sync_v3 ANDROID_EMU_native_sync_v4 ANDROID_EMU_dma_v1 ANDROID_EMU_direct_mem ANDROID_EMU_host_composition_v1 ANDROID_EMU_host_composition_v2 ANDROID_EMU_vulkan ANDROID_EMU_deferred_vulkan_commands ANDROID_EMU_vulkan_null_optional_strings ANDROID_EMU_vulkan_create_resources_with_requirements ANDROID_EMU_YUV_Cache ANDROID_EMU_vulkan_ignored_handles ANDROID_EMU_has_shared_slots_host_memory_allocator ANDROID_EMU_vulkan_free_memory_sync ANDROID_EMU_vulkan_shader_float16_int8 ANDROID_EMU_vulkan_async_queue_submit ANDROID_EMU_vulkan_queue_submit_with_commands ANDROID_EMU_sync_buffer_data ANDROID_EMU_vulkan_async_qsri ANDROID_EMU_read_color_buffer_dma ANDROID_EMU_hwc_color_transform GL_OES_EGL_image_external_essl3 GL_OES_vertex_array_object ANDROID_EMU_host_side_tracing ANDROID_EMU_gles_max_version_3_0 
10-02 09:51:19.254 12070 12089 W OpenGLRenderer: Failed to choose config with EGL_SWAP_BEHAVIOR_PRESERVED, retrying without...
10-02 09:51:19.254 12070 12089 W OpenGLRenderer: Failed to initialize 101010-2 format, error = EGL_SUCCESS
10-02 09:51:19.255 12070 12089 D EGL_emulation: eglCreateContext: 0xb4000074d5854850: maj 3 min 0 rcv 3
10-02 09:51:19.255 12070 12089 D EGL_emulation: eglMakeCurrent: 0xb4000074d5854850: ver 3 0 (tinfo 0x76fbc37100) (first time)
10-02 09:51:19.256 12070 12070 V threaded_app: NativeWindowResized: 0xb400007535836970 -- 0xb4000075c59f6980 ( 2340 x 1080 )
10-02 09:51:19.256 12070 12070 V threaded_app: NativeWindowRedrawNeeded: 0xb400007535836970 -- 0xb4000075c59f6980
10-02 09:51:19.261 12070 12089 I Gralloc4: mapper 4.x is not supported
10-02 09:51:19.261 12070 12089 D HostConnection: createUnique: call
10-02 09:51:19.262 12070 12089 D HostConnection: HostConnection::get() New Host Connection established 0xb4000074d5852b10, tid 12089
10-02 09:51:19.262 12070 12089 D goldfish-address-space: allocate: Ask for block of size 0x100
10-02 09:51:19.262 12070 12089 D goldfish-address-space: allocate: ioctl allocate returned offset 0x1efff8000 size 0x8000
10-02 09:51:19.263 12070 12089 W Gralloc4: allocator 4.x is not supported
10-02 09:51:19.266 12070 12089 D HostConnection: HostComposition ext ANDROID_EMU_CHECKSUM_HELPER_v1 ANDROID_EMU_native_sync_v2 ANDROID_EMU_native_sync_v3 ANDROID_EMU_native_sync_v4 ANDROID_EMU_dma_v1 ANDROID_EMU_direct_mem ANDROID_EMU_host_composition_v1 ANDROID_EMU_host_composition_v2 ANDROID_EMU_vulkan ANDROID_EMU_deferred_vulkan_commands ANDROID_EMU_vulkan_null_optional_strings ANDROID_EMU_vulkan_create_resources_with_requirements ANDROID_EMU_YUV_Cache ANDROID_EMU_vulkan_ignored_handles ANDROID_EMU_has_shared_slots_host_memory_allocator ANDROID_EMU_vulkan_free_memory_sync ANDROID_EMU_vulkan_shader_float16_int8 ANDROID_EMU_vulkan_async_queue_submit ANDROID_EMU_vulkan_queue_submit_with_commands ANDROID_EMU_sync_buffer_data ANDROID_EMU_vulkan_async_qsri ANDROID_EMU_read_color_buffer_dma ANDROID_EMU_hwc_color_transform GL_OES_EGL_image_external_essl3 GL_OES_vertex_array_object ANDROID_EMU_host_side_tracing ANDROID_EMU_gles_max_version_3_0 
10-02 09:51:19.298 12070 12070 V GameActivity: onImeInsetsChanged from Text Listener
10-02 09:51:19.298 12070 12070 V threaded_app: WindowInsetsChanged: 0xb400007535836970
10-02 09:51:19.299 12070 12070 V threaded_app: WindowFocusChanged: 0xb400007535836970 -- 1
10-02 09:51:19.314 12070 12070 V GameActivity: onImeInsetsChanged from Text Listener
10-02 09:51:19.314 12070 12070 V threaded_app: WindowInsetsChanged: 0xb400007535836970
10-02 09:51:19.359 12070 12093 W event /Users/henryliu/.cargo/registry/src/index.crates.io-1949cf8c6b5b557f/winit-0.30.13/src/pTODO: handle Android InsetsChanged notification
10-02 09:51:19.359 12070 12092 I RustStdoutStderr: [2m2026-10-02T01:51:19.359759Z[0m [33m WARN[0m [2mwinit::platform_impl::android[0m[2m:[0m TODO: handle Android InsetsChanged notification
10-02 09:51:19.414 12070 12093 D eglCodecCommon: checkFramebufferAttachmentCompleteness: rbo not color renderable. format: 0x0
10-02 09:51:19.414 12070 12093 D eglCodecCommon: checkFramebufferCompleteness: color attachment 0 not complete: 0x8cd6
10-02 09:51:19.414 12070 12093 E emuglGLESv2_enc: device/generic/goldfish-opengl/system/GLESv2_enc/GL2Encoder.cpp:s_glDrawElementsInstanced:4585 GL error 0x506 condition [ctx->m_state->checkFramebufferCompleteness(GL_FRAMEBUFFER) != GL_FRAMEBUFFER_COMPLETE]
10-02 09:51:19.414 12070 12093 D eglCodecCommon: checkFramebufferAttachmentCompleteness: rbo not color renderable. format: 0x0
10-02 09:51:19.414 12070 12093 D eglCodecCommon: checkFramebufferCompleteness: color attachment 0 not complete: 0x8cd6
10-02 09:51:19.414 12070 12093 E emuglGLESv2_enc: device/generic/goldfish-opengl/system/GLESv2_enc/GL2Encoder.cpp:s_glDrawElementsInstanced:4585 GL error 0x506 condition [ctx->m_state->checkFramebufferCompleteness(GL_FRAMEBUFFER) != GL_FRAMEBUFFER_COMPLETE]
10-02 09:51:19.422 12070 12093 W event /Users/henryliu/.cargo/registry/src/index.crates.io-1949cf8c6b5b557f/winit-0.30.13/src/pTODO: handle Android InsetsChanged notification
10-02 09:51:19.422 12070 12092 I RustStdoutStderr: [2m2026-10-02T01:51:19.422075Z[0m [33m WARN[0m [2mwinit::platform_impl::android[0m[2m:[0m TODO: handle Android InsetsChanged notification
10-02 09:51:19.441 12070 12093 D eglCodecCommon: checkFramebufferAttachmentCompleteness: rbo not color renderable. format: 0x0
10-02 09:51:19.441 12070 12093 D eglCodecCommon: checkFramebufferCompleteness: color attachment 0 not complete: 0x8cd6
10-02 09:51:19.441 12070 12093 E emuglGLESv2_enc: device/generic/goldfish-opengl/system/GLESv2_enc/GL2Encoder.cpp:s_glDrawElementsInstanced:4585 GL error 0x506 condition [ctx->m_state->checkFramebufferCompleteness(GL_FRAMEBUFFER) != GL_FRAMEBUFFER_COMPLETE]
10-02 09:51:19.441 12070 12093 D eglCodecCommon: checkFramebufferAttachmentCompleteness: rbo not color renderable. format: 0x0
10-02 09:51:19.441 12070 12093 D eglCodecCommon: checkFramebufferCompleteness: color attachment 0 not complete: 0x8cd6
10-02 09:51:19.441 12070 12093 E emuglGLESv2_enc: device/generic/goldfish-opengl/system/GLESv2_enc/GL2Encoder.cpp:s_glDrawElementsInstanced:4585 GL error 0x506 condition [ctx->m_state->checkFramebufferCompleteness(GL_FRAMEBUFFER) != GL_FRAMEBUFFER_COMPLETE]
10-02 09:51:19.441 12070 12093 D eglCodecCommon: checkFramebufferAttachmentCompleteness: rbo not color renderable. format: 0x0
10-02 09:51:19.441 12070 12093 D eglCodecCommon: checkFramebufferCompleteness: color attachment 0 not complete: 0x8cd6
10-02 09:51:19.441 12070 12093 E emuglGLESv2_enc: device/generic/goldfish-opengl/system/GLESv2_enc/GL2Encoder.cpp:s_glDrawElementsInstanced:4585 GL error 0x506 condition [ctx->m_state->checkFramebufferCompleteness(GL_FRAMEBUFFER) != GL_FRAMEBUFFER_COMPLETE]
10-02 09:51:19.462 12070 12093 D eglCodecCommon: checkFramebufferAttachmentCompleteness: rbo not color renderable. format: 0x0
10-02 09:51:19.462 12070 12093 D eglCodecCommon: checkFramebufferCompleteness: color attachment 0 not complete: 0x8cd6
10-02 09:51:19.462 12070 12093 E emuglGLESv2_enc: device/generic/goldfish-opengl/system/GLESv2_enc/GL2Encoder.cpp:s_glDrawElementsInstanced:4585 GL error 0x506 condition [ctx->m_state->checkFramebufferCompleteness(GL_FRAMEBUFFER) != GL_FRAMEBUFFER_COMPLETE]
10-02 09:51:19.462 12070 12093 D eglCodecCommon: checkFramebufferAttachmentCompleteness: rbo not color renderable. format: 0x0
10-02 09:51:19.462 12070 12093 D eglCodecCommon: checkFramebufferCompleteness: color attachment 0 not complete: 0x8cd6
10-02 09:51:19.462 12070 12093 E emuglGLESv2_enc: device/generic/goldfish-opengl/system/GLESv2_enc/GL2Encoder.cpp:s_glDrawElementsInstanced:4585 GL error 0x506 condition [ctx->m_state->checkFramebufferCompleteness(GL_FRAMEBUFFER) != GL_FRAMEBUFFER_COMPLETE]
10-02 09:51:19.462 12070 12093 D eglCodecCommon: checkFramebufferAttachmentCompleteness: rbo not color renderable. format: 0x0
10-02 09:51:19.462 12070 12093 D eglCodecCommon: checkFramebufferCompleteness: color attachment 0 not complete: 0x8cd6
10-02 09:51:19.462 12070 12093 E emuglGLESv2_enc: device/generic/goldfish-opengl/system/GLESv2_enc/GL2Encoder.cpp:s_glDrawElementsInstanced:4585 GL error 0x506 condition [ctx->m_state->checkFramebufferCompleteness(GL_FRAMEBUFFER) != GL_FRAMEBUFFER_COMPLETE]
10-02 09:51:19.523 12070 12093 D eglCodecCommon: checkFramebufferAttachmentCompleteness: rbo not color renderable. format: 0x0
10-02 09:51:19.523 12070 12093 D eglCodecCommon: checkFramebufferCompleteness: color attachment 0 not complete: 0x8cd6
10-02 09:51:19.523 12070 12093 E emuglGLESv2_enc: device/generic/goldfish-opengl/system/GLESv2_enc/GL2Encoder.cpp:s_glDrawElementsInstanced:4585 GL error 0x506 condition [ctx->m_state->checkFramebufferCompleteness(GL_FRAMEBUFFER) != GL_FRAMEBUFFER_COMPLETE]
10-02 09:51:19.523 12070 12093 D eglCodecCommon: checkFramebufferAttachmentCompleteness: rbo not color renderable. format: 0x0
10-02 09:51:19.523 12070 12093 D eglCodecCommon: checkFramebufferCompleteness: color attachment 0 not complete: 0x8cd6
10-02 09:51:19.523 12070 12093 E emuglGLESv2_enc: device/generic/goldfish-opengl/system/GLESv2_enc/GL2Encoder.cpp:s_glDrawElementsInstanced:4585 GL error 0x506 condition [ctx->m_state->checkFramebufferCompleteness(GL_FRAMEBUFFER) != GL_FRAMEBUFFER_COMPLETE]
10-02 09:51:19.523 12070 12093 D eglCodecCommon: checkFramebufferAttachmentCompleteness: rbo not color renderable. format: 0x0
10-02 09:51:19.523 12070 12093 D eglCodecCommon: checkFramebufferCompleteness: color attachment 0 not complete: 0x8cd6
10-02 09:51:19.523 12070 12093 E emuglGLESv2_enc: device/generic/goldfish-opengl/system/GLESv2_enc/GL2Encoder.cpp:s_glDrawElementsInstanced:4585 GL error 0x506 condition [ctx->m_state->checkFramebufferCompleteness(GL_FRAMEBUFFER) != GL_FRAMEBUFFER_COMPLETE]
10-02 09:51:20.426 12070 12093 D EGL_emulation: app_time_stats: avg=13.79ms min=8.45ms max=100.86ms count=58
10-02 09:51:21.428 12070 12093 D EGL_emulation: app_time_stats: avg=10.13ms min=9.29ms max=11.48ms count=60
10-02 09:51:22.441 12070 12093 D EGL_emulation: app_time_stats: avg=10.33ms min=9.18ms max=12.42ms count=61
10-02 09:51:23.444 12070 12093 D EGL_emulation: app_time_stats: avg=10.60ms min=9.26ms max=15.83ms count=60
