    Updating crates.io index
    Updating git repository `https://github.com/commonwarexyz/monorepo.git`
 Downloading crates ...
  Downloaded adler2 v2.0.1
  Downloaded atomic-waker v1.1.2
  Downloaded cpufeatures v0.2.17
  Downloaded argon2 v0.5.3
  Downloaded fallible-iterator v0.2.0
  Downloaded async-task v4.7.1
  Downloaded quote v1.0.45
  Downloaded serde_derive v1.0.228
  Downloaded variadics_please v1.1.0
  Downloaded postgres-types v0.2.13
  Downloaded block-buffer v0.12.0
  Downloaded whoami v2.1.1
  Downloaded thiserror v2.0.18
  Downloaded zmij v1.0.21
  Downloaded toml_edit v0.23.10+spec-1.0.0
  Downloaded itoa v1.0.18
  Downloaded smol_str v0.2.2
  Downloaded nonmax v0.5.5
  Downloaded unicode-xid v0.2.6
  Downloaded tinyvec_macros v0.1.1
  Downloaded sha2 v0.11.0
  Downloaded subtle v2.6.1
  Downloaded socket2 v0.6.3
  Downloaded toml_datetime v0.7.5+spec-1.1.0
  Downloaded thiserror-impl v2.0.18
  Downloaded slab v0.4.12
  Downloaded futures-io v0.3.32
  Downloaded foldhash v0.2.0
  Downloaded version_check v0.9.5
  Downloaded spin v0.10.0
  Downloaded uuid v1.23.1
  Downloaded postgres-protocol v0.6.11
  Downloaded parking_lot v0.12.5
  Downloaded wgpu-types v26.0.0
  Downloaded unicode-normalization v0.1.25
  Downloaded unicode-segmentation v1.13.2
  Downloaded mio v1.2.0
  Downloaded serde_json v1.0.149
  Downloaded winnow v1.0.1
  Downloaded bevy_reflect v0.17.3
  Downloaded winnow v0.7.15
  Downloaded indexmap v2.14.0
  Downloaded portable-atomic v1.13.1
  Downloaded hashbrown v0.17.0
  Downloaded derive_more-impl v2.1.1
  Downloaded tokio-util v0.7.18
  Downloaded syn v2.0.117
  Downloaded memchr v2.8.0
  Downloaded nix v0.31.2
  Downloaded derive_more v2.1.1
  Downloaded bytes v1.11.1
  Downloaded base64 v0.22.1
  Downloaded rand v0.10.1
  Downloaded miniz_oxide v0.8.9
  Downloaded getrandom v0.4.2
  Downloaded bevy_reflect_derive v0.17.3
  Downloaded serde v1.0.228
  Downloaded parking_lot_core v0.9.12
  Downloaded event-listener v5.4.1
  Downloaded bumpalo v3.20.2
  Downloaded blake2 v0.10.6
  Downloaded postgres v0.19.13
  Downloaded hmac v0.13.0
  Downloaded bevy_ecs v0.17.3
  Downloaded futures-lite v2.6.1
  Downloaded fastrand v2.4.1
  Downloaded crc32fast v1.5.0
  Downloaded bevy_tasks v0.17.3
  Downloaded unicode-ident v1.0.24
  Downloaded unicode-bidi v0.3.18
  Downloaded tokio-postgres v0.7.17
  Downloaded serde_core v1.0.228
  Downloaded rand_core v0.6.4
  Downloaded log v0.4.29
  Downloaded glam v0.30.10
  Downloaded libc v0.2.185
  Downloaded hybrid-array v0.4.10
  Downloaded crypto-common v0.1.7
  Downloaded bevy_app v0.17.3
  Downloaded async-channel v2.5.0
  Downloaded password-hash v0.5.0
  Downloaded tokio v1.52.0
  Downloaded lock_api v0.4.14
  Downloaded futures-util v0.3.32
  Downloaded digest v0.11.2
  Downloaded crossbeam-utils v0.8.21
  Downloaded cmov v0.5.3
  Downloaded bitflags v2.11.1
  Downloaded unicode-properties v0.1.4
  Downloaded typenum v1.19.0
  Downloaded toml_parser v1.1.2+spec-1.1.0
  Downloaded thread_local v1.1.9
  Downloaded smallvec v1.15.1
  Downloaded pin-project-lite v0.2.17
  Downloaded phf v0.13.1
  Downloaded futures-channel v0.3.32
  Downloaded erased-serde v0.4.10
  Downloaded digest v0.10.7
  Downloaded fixedbitset v0.5.7
  Downloaded downcast-rs v2.0.2
  Downloaded disqualified v1.0.0
  Downloaded ctutils v0.4.2
  Downloaded critical-section v1.2.0
  Downloaded convert_case v0.10.0
  Downloaded byteorder v1.5.0
  Downloaded const-oid v0.10.2
  Downloaded chacha20 v0.10.0
  Downloaded bytemuck v1.25.0
  Downloaded async-trait v0.1.89
  Downloaded arrayvec v0.7.6
  Downloaded md-5 v0.11.0
  Downloaded event-listener-strategy v0.5.4
  Downloaded equivalent v1.0.2
  Downloaded ctrlc v3.5.2
  Downloaded phf_shared v0.13.1
  Downloaded generic-array v0.14.7
  Downloaded crypto-common v0.2.1
  Downloaded parking v2.2.1
  Downloaded tinyvec v1.11.0
  Downloaded slotmap v1.1.1
  Downloaded cpufeatures v0.3.0
  Downloaded typeid v1.0.3
  Downloaded scopeguard v1.2.0
  Downloaded rustc_version v0.4.1
  Downloaded concurrent-queue v2.5.0
  Downloaded bytemuck_derive v1.10.2
  Downloaded futures-task v0.3.32
  Downloaded futures-core v0.3.32
  Downloaded bevy_derive v0.17.3
  Downloaded bevy_platform v0.17.3
  Downloaded hashbrown v0.16.1
  Downloaded siphasher v1.0.2
  Downloaded futures-sink v0.3.32
  Downloaded simd-adler32 v0.3.9
  Downloaded percent-encoding v2.3.2
  Downloaded crossbeam-queue v0.3.12
  Downloaded block-buffer v0.10.4
  Downloaded bevy_utils v0.17.3
  Downloaded bevy_macro_utils v0.17.3
  Downloaded bevy_ptr v0.17.3
  Downloaded assert_type_match v0.1.1
  Downloaded cfg_aliases v0.2.1
  Downloaded bevy_ecs_macros v0.17.3
  Downloaded base64ct v1.8.3
  Downloaded stringprep v0.1.5
  Downloaded rand_core v0.10.1
  Downloaded cfg-if v1.0.4
  Downloaded semver v1.0.28
  Downloaded flate2 v1.1.9
  Downloaded proc-macro2 v1.0.106
  Downloaded getrandom v0.2.17
  Downloaded async-executor v1.14.0
   Compiling cfg-if v1.0.4
   Compiling proc-macro2 v1.0.106
   Compiling unicode-ident v1.0.24
   Compiling quote v1.0.45
   Compiling libc v0.2.185
   Compiling syn v2.0.117
   Compiling typenum v1.19.0
   Compiling serde_core v1.0.228
   Compiling parking_lot_core v0.9.12
   Compiling equivalent v1.0.2
   Compiling version_check v0.9.5
   Compiling pin-project-lite v0.2.17
   Compiling scopeguard v1.2.0
   Compiling crossbeam-utils v0.8.21
   Compiling lock_api v0.4.14
   Compiling futures-core v0.3.32
   Compiling hybrid-array v0.4.10
   Compiling hashbrown v0.17.0
   Compiling serde v1.0.228
   Compiling serde_derive v1.0.228
   Compiling smallvec v1.15.1
   Compiling winnow v1.0.1
   Compiling cmov v0.5.3
   Compiling ctutils v0.4.2
   Compiling toml_parser v1.1.2+spec-1.1.0
   Compiling indexmap v2.14.0
   Compiling block-buffer v0.12.0
   Compiling crypto-common v0.2.1
   Compiling parking v2.2.1
   Compiling toml_datetime v0.7.5+spec-1.1.0
   Compiling winnow v0.7.15
   Compiling const-oid v0.10.2
   Compiling digest v0.11.2
   Compiling parking_lot v0.12.5
   Compiling concurrent-queue v2.5.0
   Compiling generic-array v0.14.7
   Compiling zmij v1.0.21
   Compiling cpufeatures v0.3.0
   Compiling tinyvec_macros v0.1.1
   Compiling getrandom v0.4.2
   Compiling toml_edit v0.23.10+spec-1.0.0
   Compiling rand_core v0.10.1
   Compiling unicode-segmentation v1.13.2
   Compiling convert_case v0.10.0
   Compiling bevy_macro_utils v0.17.3
   Compiling tinyvec v1.11.0
   Compiling hashbrown v0.16.1
   Compiling spin v0.10.0
   Compiling unicode-xid v0.2.6
   Compiling memchr v2.8.0
   Compiling serde_json v1.0.149
   Compiling bytes v1.11.1
   Compiling foldhash v0.2.0
   Compiling typeid v1.0.3
   Compiling bevy_platform v0.17.3
   Compiling derive_more-impl v2.1.1
   Compiling unicode-normalization v0.1.25
   Compiling chacha20 v0.10.0
   Compiling event-listener v5.4.1
   Compiling unicode-bidi v0.3.18
   Compiling itoa v1.0.18
   Compiling futures-sink v0.3.32
   Compiling fastrand v2.4.1
   Compiling unicode-properties v0.1.4
   Compiling futures-io v0.3.32
   Compiling cfg_aliases v0.2.1
   Compiling erased-serde v0.4.10
   Compiling thiserror v2.0.18
   Compiling nix v0.31.2
   Compiling derive_more v2.1.1
   Compiling futures-lite v2.6.1
   Compiling stringprep v0.1.5
   Compiling event-listener-strategy v0.5.4
   Compiling rand v0.10.1
   Compiling sha2 v0.11.0
   Compiling md-5 v0.11.0
   Compiling hmac v0.13.0
   Compiling thiserror-impl v2.0.18
   Compiling slotmap v1.1.1
   Compiling socket2 v0.6.3
   Compiling mio v1.2.0
   Compiling thread_local v1.1.9
   Compiling bitflags v2.11.1
   Compiling async-task v4.7.1
   Compiling base64 v0.22.1
   Compiling subtle v2.6.1
   Compiling siphasher v1.0.2
   Compiling byteorder v1.5.0
   Compiling disqualified v1.0.0
   Compiling log v0.4.29
   Compiling fallible-iterator v0.2.0
   Compiling slab v0.4.12
   Compiling async-executor v1.14.0
   Compiling postgres-protocol v0.6.11
   Compiling bevy_utils v0.17.3
   Compiling phf_shared v0.13.1
   Compiling tokio v1.52.0
   Compiling async-channel v2.5.0
   Compiling crypto-common v0.1.7
   Compiling block-buffer v0.10.4
   Compiling bevy_reflect_derive v0.17.3
   Compiling crossbeam-queue v0.3.12
   Compiling assert_type_match v0.1.1
   Compiling variadics_please v1.1.0
   Compiling getrandom v0.2.17
   Compiling atomic-waker v1.1.2
   Compiling futures-task v0.3.32
   Compiling bevy_ptr v0.17.3
   Compiling crc32fast v1.5.0
   Compiling downcast-rs v2.0.2
   Compiling bevy_reflect v0.17.3
   Compiling futures-util v0.3.32
   Compiling bevy_tasks v0.17.3
   Compiling rand_core v0.6.4
   Compiling tokio-util v0.7.18
   Compiling digest v0.10.7
   Compiling phf v0.13.1
   Compiling postgres-types v0.2.13
   Compiling futures-channel v0.3.32
   Compiling bevy_ecs_macros v0.17.3
   Compiling async-trait v0.1.89
   Compiling whoami v2.1.1
   Compiling adler2 v2.0.1
   Compiling bumpalo v3.20.2
   Compiling fixedbitset v0.5.7
   Compiling percent-encoding v2.3.2
   Compiling nonmax v0.5.5
   Compiling base64ct v1.8.3
   Compiling simd-adler32 v0.3.9
   Compiling password-hash v0.5.0
   Compiling miniz_oxide v0.8.9
   Compiling bevy_ecs v0.17.3
   Compiling tokio-postgres v0.7.17
   Compiling ctrlc v3.5.2
   Compiling blake2 v0.10.6
   Compiling bevy_derive v0.17.3
   Compiling mir2-protocol v0.1.0 (/home/runner/work/mir2/mir2/mir2-web3/packages/protocol)
   Compiling cpufeatures v0.2.17
   Compiling argon2 v0.5.3
   Compiling bevy_app v0.17.3
   Compiling mir2-game-data v0.1.0 (/home/runner/work/mir2/mir2/mir2-web3/packages/game-data)
   Compiling flate2 v1.1.9
   Compiling postgres v0.19.13
   Compiling mir2-simulation v0.1.0 (/home/runner/work/mir2/mir2/mir2-web3/apps/simulation)
warning: unused import: `super::skills::crystal_magic_damage`
  --> apps/simulation/src/runtime/hero_ai.rs:53:5
   |
53 | use super::skills::crystal_magic_damage;
   |     ^^^^^^^^^^^^^^^^^^^^^^^^^^^^^^^^^^^
   |
   = note: `#[warn(unused_imports)]` (part of `#[warn(unused)]`) on by default

warning: unused import: `hero_registry_scan::validate_shared_hero_physical_custody`
  --> apps/simulation/src/runtime/mod.rs:24:16
   |
24 | pub(crate) use hero_registry_scan::validate_shared_hero_physical_custody;
   |                ^^^^^^^^^^^^^^^^^^^^^^^^^^^^^^^^^^^^^^^^^^^^^^^^^^^^^^^^^

warning: unused import: `HeroInventoryResource`
  --> apps/simulation/src/runtime/items.rs:58:19
   |
58 |     BuffResource, HeroInventoryResource, InventoryResource, PlayerPermissionResource,
   |                   ^^^^^^^^^^^^^^^^^^^^^

warning: unused import: `merged_user_item_stats`
  --> apps/simulation/src/runtime/npc.rs:35:72
   |
35 |     crystal_item_key_for_template, crystal_item_template_for_item_key, merged_user_item_stats,
   |                                                                        ^^^^^^^^^^^^^^^^^^^^^^

warning: unused import: `hero_inventory_crystal_stat_total`
  --> apps/simulation/src/runtime/packets.rs:72:22
   |
72 | use super::hero_ai::{hero_inventory_crystal_stat_total, hero_inventory_equipment_slots};
   |                      ^^^^^^^^^^^^^^^^^^^^^^^^^^^^^^^^^

warning: unused import: `crystal_quest_info_by_id`
   --> apps/simulation/src/runtime/packets.rs:108:5
    |
108 |     crystal_quest_info_by_id, crystal_quest_reward_selection_missing,
    |     ^^^^^^^^^^^^^^^^^^^^^^^^

warning: unused import: `intelligent_creature_default_rules`
   --> apps/simulation/src/runtime/packets.rs:125:5
    |
125 |     intelligent_creature_default_rules, is_in_world, mark_crystal_packet_action,
    |     ^^^^^^^^^^^^^^^^^^^^^^^^^^^^^^^^^^

warning: use of deprecated method `bevy_ecs::world::World::iter_entities`: use world.query::<EntityRef>()` instead
  --> apps/simulation/src/runtime/hero_cast.rs:61:22
   |
61 |     let target=world.iter_entities().find_map(|entry| {
   |                      ^^^^^^^^^^^^^
   |
   = note: `#[warn(deprecated)]` on by default

warning: use of deprecated method `bevy_ecs::world::World::iter_entities`: use world.query::<EntityRef>()` instead
   --> apps/simulation/src/runtime/monster_ai/great_fox_spirit.rs:163:28
    |
163 |     for candidate in world.iter_entities() {
    |                            ^^^^^^^^^^^^^

warning: use of deprecated method `bevy_ecs::world::World::iter_entities`: use world.query::<EntityRef>()` instead
    --> apps/simulation/src/runtime/packets.rs:7947:25
     |
7947 |     for entity in world.iter_entities() {
     |                         ^^^^^^^^^^^^^

warning: use of deprecated method `bevy_ecs::world::World::iter_entities`: use world.query::<EntityRef>()` instead
   --> apps/simulation/src/runtime/session.rs:776:14
    |
776 |             .iter_entities()
    |              ^^^^^^^^^^^^^

warning: use of deprecated method `bevy_ecs::world::World::iter_entities`: use world.query::<EntityRef>()` instead
    --> apps/simulation/src/runtime/skills.rs:5017:10
     |
5017 |         .iter_entities()
     |          ^^^^^^^^^^^^^

warning: use of deprecated method `bevy_ecs::world::World::iter_entities`: use world.query::<EntityRef>()` instead
    --> apps/simulation/src/runtime/skills.rs:5100:10
     |
5100 |         .iter_entities()
     |          ^^^^^^^^^^^^^

warning: type `HeroSourceVersions` is more private than the item `config::AccountStoreRepositorySave::heroes`
   --> apps/simulation/src/config.rs:931:5
    |
931 |     pub(crate) heroes: hero_registry::HeroSourceVersions,
    |     ^^^^^^^^^^^^^^^^^^^^^^^^^^^^^^^^^^^^^^^^^^^^^^^^^^^^ field `config::AccountStoreRepositorySave::heroes` is reachable at visibility `pub(crate)`
    |
note: but type `HeroSourceVersions` is only usable at visibility `pub(in crate::config)`
   --> apps/simulation/src/config_hero_registry.rs:93:1
    |
 93 | pub(super) struct HeroSourceVersions {
    | ^^^^^^^^^^^^^^^^^^^^^^^^^^^^^^^^^^^^
    = note: `#[warn(private_interfaces)]` on by default

warning: type `ZoneCombatEntityRef` is more private than the item `tree_queen_ai::TreeQueenRoot::source_ref`
  --> apps/simulation/src/runtime/zone/runtime/tree_queen_ai.rs:39:5
   |
39 |     pub source_ref: Option<ZoneCombatEntityRef>,
   |     ^^^^^^^^^^^^^^^^^^^^^^^^^^^^^^^^^^^^^^^^^^^ field `tree_queen_ai::TreeQueenRoot::source_ref` is reachable at visibility `pub(in crate::runtime::zone)`
   |
note: but type `ZoneCombatEntityRef` is only usable at visibility `pub(in crate::runtime::zone::runtime)`
  --> apps/simulation/src/runtime/zone/runtime/entity_combat.rs:7:1
   |
 7 | pub(super) enum ZoneCombatEntityRef {
   | ^^^^^^^^^^^^^^^^^^^^^^^^^^^^^^^^^^^

warning: type `ZoneCombatEntityRef` is more private than the item `EvilMirState::target_ref`
  --> apps/simulation/src/runtime/zone/runtime/evil_mir_ai.rs:11:5
   |
11 |     pub target_ref: Option<ZoneCombatEntityRef>,
   |     ^^^^^^^^^^^^^^^^^^^^^^^^^^^^^^^^^^^^^^^^^^^ field `EvilMirState::target_ref` is reachable at visibility `pub(in crate::runtime::zone)`
   |
note: but type `ZoneCombatEntityRef` is only usable at visibility `pub(in crate::runtime::zone::runtime)`
  --> apps/simulation/src/runtime/zone/runtime/entity_combat.rs:7:1
   |
 7 | pub(super) enum ZoneCombatEntityRef {
   | ^^^^^^^^^^^^^^^^^^^^^^^^^^^^^^^^^^^

warning: type `ZoneCombatEntityRef` is more private than the item `EvilMirPendingSource::source`
  --> apps/simulation/src/runtime/zone/runtime/evil_mir_ai.rs:20:5
   |
20 |     pub source: ZoneCombatEntityRef,
   |     ^^^^^^^^^^^^^^^^^^^^^^^^^^^^^^^ field `EvilMirPendingSource::source` is reachable at visibility `pub(in crate::runtime::zone)`
   |
note: but type `ZoneCombatEntityRef` is only usable at visibility `pub(in crate::runtime::zone::runtime)`
  --> apps/simulation/src/runtime/zone/runtime/entity_combat.rs:7:1
   |
 7 | pub(super) enum ZoneCombatEntityRef {
   | ^^^^^^^^^^^^^^^^^^^^^^^^^^^^^^^^^^^

warning: type `ZoneCombatEntityRef` is more private than the item `GreatFoxState::target_ref`
  --> apps/simulation/src/runtime/zone/runtime/great_fox_ai.rs:15:5
   |
15 |     pub target_ref: Option<ZoneCombatEntityRef>,
   |     ^^^^^^^^^^^^^^^^^^^^^^^^^^^^^^^^^^^^^^^^^^^ field `GreatFoxState::target_ref` is reachable at visibility `pub(in crate::runtime::zone)`
   |
note: but type `ZoneCombatEntityRef` is only usable at visibility `pub(in crate::runtime::zone::runtime)`
  --> apps/simulation/src/runtime/zone/runtime/entity_combat.rs:7:1
   |
 7 | pub(super) enum ZoneCombatEntityRef {
   | ^^^^^^^^^^^^^^^^^^^^^^^^^^^^^^^^^^^

warning: type `ZoneCombatEntityRef` is more private than the item `GreatFoxHit::source_ref`
  --> apps/simulation/src/runtime/zone/runtime/great_fox_ai.rs:42:5
   |
42 |     pub source_ref: Option<ZoneCombatEntityRef>,
   |     ^^^^^^^^^^^^^^^^^^^^^^^^^^^^^^^^^^^^^^^^^^^ field `GreatFoxHit::source_ref` is reachable at visibility `pub(in crate::runtime::zone)`
   |
note: but type `ZoneCombatEntityRef` is only usable at visibility `pub(in crate::runtime::zone::runtime)`
  --> apps/simulation/src/runtime/zone/runtime/entity_combat.rs:7:1
   |
 7 | pub(super) enum ZoneCombatEntityRef {
   | ^^^^^^^^^^^^^^^^^^^^^^^^^^^^^^^^^^^

warning: type `ZoneCombatEntityRef` is more private than the item `GreatFoxHit::target_ref`
  --> apps/simulation/src/runtime/zone/runtime/great_fox_ai.rs:44:5
   |
44 |     pub target_ref: Option<ZoneCombatEntityRef>,
   |     ^^^^^^^^^^^^^^^^^^^^^^^^^^^^^^^^^^^^^^^^^^^ field `GreatFoxHit::target_ref` is reachable at visibility `pub(in crate::runtime::zone)`
   |
note: but type `ZoneCombatEntityRef` is only usable at visibility `pub(in crate::runtime::zone::runtime)`
  --> apps/simulation/src/runtime/zone/runtime/entity_combat.rs:7:1
   |
 7 | pub(super) enum ZoneCombatEntityRef {
   | ^^^^^^^^^^^^^^^^^^^^^^^^^^^^^^^^^^^

warning: type `ZoneCombatEntityRef` is more private than the item `HornedEncounterState::target_ref`
  --> apps/simulation/src/runtime/zone/runtime/horned_encounter_ai.rs:12:5
   |
12 |     pub target_ref: Option<ZoneCombatEntityRef>,
   |     ^^^^^^^^^^^^^^^^^^^^^^^^^^^^^^^^^^^^^^^^^^^ field `HornedEncounterState::target_ref` is reachable at visibility `pub(in crate::runtime::zone)`
   |
note: but type `ZoneCombatEntityRef` is only usable at visibility `pub(in crate::runtime::zone::runtime)`
  --> apps/simulation/src/runtime/zone/runtime/entity_combat.rs:7:1
   |
 7 | pub(super) enum ZoneCombatEntityRef {
   | ^^^^^^^^^^^^^^^^^^^^^^^^^^^^^^^^^^^

warning: type `ZoneCombatEntityRef` is more private than the item `HornedEncounterHit::source_ref`
  --> apps/simulation/src/runtime/zone/runtime/horned_encounter_ai.rs:38:5
   |
38 |     pub source_ref: Option<ZoneCombatEntityRef>,
   |     ^^^^^^^^^^^^^^^^^^^^^^^^^^^^^^^^^^^^^^^^^^^ field `HornedEncounterHit::source_ref` is reachable at visibility `pub(in crate::runtime::zone)`
   |
note: but type `ZoneCombatEntityRef` is only usable at visibility `pub(in crate::runtime::zone::runtime)`
  --> apps/simulation/src/runtime/zone/runtime/entity_combat.rs:7:1
   |
 7 | pub(super) enum ZoneCombatEntityRef {
   | ^^^^^^^^^^^^^^^^^^^^^^^^^^^^^^^^^^^

warning: type `ZoneCombatEntityRef` is more private than the item `HornedEncounterHit::target_ref`
  --> apps/simulation/src/runtime/zone/runtime/horned_encounter_ai.rs:41:5
   |
41 |     pub target_ref: Option<ZoneCombatEntityRef>,
   |     ^^^^^^^^^^^^^^^^^^^^^^^^^^^^^^^^^^^^^^^^^^^ field `HornedEncounterHit::target_ref` is reachable at visibility `pub(in crate::runtime::zone)`
   |
note: but type `ZoneCombatEntityRef` is only usable at visibility `pub(in crate::runtime::zone::runtime)`
  --> apps/simulation/src/runtime/zone/runtime/entity_combat.rs:7:1
   |
 7 | pub(super) enum ZoneCombatEntityRef {
   | ^^^^^^^^^^^^^^^^^^^^^^^^^^^^^^^^^^^

warning: type `ZoneCombatEntityRef` is more private than the item `HornedMapSpell::source_ref`
  --> apps/simulation/src/runtime/zone/runtime/horned_encounter_ai.rs:60:5
   |
60 |     pub source_ref: Option<ZoneCombatEntityRef>,
   |     ^^^^^^^^^^^^^^^^^^^^^^^^^^^^^^^^^^^^^^^^^^^ field `HornedMapSpell::source_ref` is reachable at visibility `pub(in crate::runtime::zone)`
   |
note: but type `ZoneCombatEntityRef` is only usable at visibility `pub(in crate::runtime::zone::runtime)`
  --> apps/simulation/src/runtime/zone/runtime/entity_combat.rs:7:1
   |
 7 | pub(super) enum ZoneCombatEntityRef {
   | ^^^^^^^^^^^^^^^^^^^^^^^^^^^^^^^^^^^

warning: type `ZoneCombatEntityRef` is more private than the item `HornedState::target_ref`
  --> apps/simulation/src/runtime/zone/runtime/horned_ai.rs:14:5
   |
14 |     pub target_ref: Option<ZoneCombatEntityRef>,
   |     ^^^^^^^^^^^^^^^^^^^^^^^^^^^^^^^^^^^^^^^^^^^ field `HornedState::target_ref` is reachable at visibility `pub(in crate::runtime::zone)`
   |
note: but type `ZoneCombatEntityRef` is only usable at visibility `pub(in crate::runtime::zone::runtime)`
  --> apps/simulation/src/runtime/zone/runtime/entity_combat.rs:7:1
   |
 7 | pub(super) enum ZoneCombatEntityRef {
   | ^^^^^^^^^^^^^^^^^^^^^^^^^^^^^^^^^^^

warning: type `ZoneCombatEntityRef` is more private than the item `HornedHit::source_ref`
  --> apps/simulation/src/runtime/zone/runtime/horned_ai.rs:28:5
   |
28 |     pub source_ref: Option<ZoneCombatEntityRef>,
   |     ^^^^^^^^^^^^^^^^^^^^^^^^^^^^^^^^^^^^^^^^^^^ field `HornedHit::source_ref` is reachable at visibility `pub(in crate::runtime::zone)`
   |
note: but type `ZoneCombatEntityRef` is only usable at visibility `pub(in crate::runtime::zone::runtime)`
  --> apps/simulation/src/runtime/zone/runtime/entity_combat.rs:7:1
   |
 7 | pub(super) enum ZoneCombatEntityRef {
   | ^^^^^^^^^^^^^^^^^^^^^^^^^^^^^^^^^^^

warning: type `ZoneCombatEntityRef` is more private than the item `HornedHit::target_ref`
  --> apps/simulation/src/runtime/zone/runtime/horned_ai.rs:30:5
   |
30 |     pub target_ref: Option<ZoneCombatEntityRef>,
   |     ^^^^^^^^^^^^^^^^^^^^^^^^^^^^^^^^^^^^^^^^^^^ field `HornedHit::target_ref` is reachable at visibility `pub(in crate::runtime::zone)`
   |
note: but type `ZoneCombatEntityRef` is only usable at visibility `pub(in crate::runtime::zone::runtime)`
  --> apps/simulation/src/runtime/zone/runtime/entity_combat.rs:7:1
   |
 7 | pub(super) enum ZoneCombatEntityRef {
   | ^^^^^^^^^^^^^^^^^^^^^^^^^^^^^^^^^^^

warning: type `ZoneCombatEntityRef` is more private than the item `HellState::explosion_source_ref`
  --> apps/simulation/src/runtime/zone/runtime/hell_ai.rs:14:5
   |
14 |     pub explosion_source_ref: Option<ZoneCombatEntityRef>,
   |     ^^^^^^^^^^^^^^^^^^^^^^^^^^^^^^^^^^^^^^^^^^^^^^^^^^^^^ field `HellState::explosion_source_ref` is reachable at visibility `pub(in crate::runtime::zone)`
   |
note: but type `ZoneCombatEntityRef` is only usable at visibility `pub(in crate::runtime::zone::runtime)`
  --> apps/simulation/src/runtime/zone/runtime/entity_combat.rs:7:1
   |
 7 | pub(super) enum ZoneCombatEntityRef {
   | ^^^^^^^^^^^^^^^^^^^^^^^^^^^^^^^^^^^

warning: type `ZoneCombatEntityRef` is more private than the item `SpiderAiState::parent_ref`
  --> apps/simulation/src/runtime/zone/runtime/spider_ai.rs:40:5
   |
40 |     pub parent_ref: Option<ZoneCombatEntityRef>,
   |     ^^^^^^^^^^^^^^^^^^^^^^^^^^^^^^^^^^^^^^^^^^^ field `SpiderAiState::parent_ref` is reachable at visibility `pub(in crate::runtime::zone)`
   |
note: but type `ZoneCombatEntityRef` is only usable at visibility `pub(in crate::runtime::zone::runtime)`
  --> apps/simulation/src/runtime/zone/runtime/entity_combat.rs:7:1
   |
 7 | pub(super) enum ZoneCombatEntityRef {
   | ^^^^^^^^^^^^^^^^^^^^^^^^^^^^^^^^^^^

warning: type `ZoneCombatEntityRef` is more private than the item `PendingRootSpiderSpawn::source`
  --> apps/simulation/src/runtime/zone/runtime/spider_ai.rs:52:5
   |
52 |     pub source: Option<ZoneCombatEntityRef>,
   |     ^^^^^^^^^^^^^^^^^^^^^^^^^^^^^^^^^^^^^^^ field `PendingRootSpiderSpawn::source` is reachable at visibility `pub(in crate::runtime::zone)`
   |
note: but type `ZoneCombatEntityRef` is only usable at visibility `pub(in crate::runtime::zone::runtime)`
  --> apps/simulation/src/runtime/zone/runtime/entity_combat.rs:7:1
   |
 7 | pub(super) enum ZoneCombatEntityRef {
   | ^^^^^^^^^^^^^^^^^^^^^^^^^^^^^^^^^^^

warning: type `ZoneCombatEntityRef` is more private than the item `PendingRootSpiderSpawn::target`
  --> apps/simulation/src/runtime/zone/runtime/spider_ai.rs:54:5
   |
54 |     pub target: Option<ZoneCombatEntityRef>,
   |     ^^^^^^^^^^^^^^^^^^^^^^^^^^^^^^^^^^^^^^^ field `PendingRootSpiderSpawn::target` is reachable at visibility `pub(in crate::runtime::zone)`
   |
note: but type `ZoneCombatEntityRef` is only usable at visibility `pub(in crate::runtime::zone::runtime)`
  --> apps/simulation/src/runtime/zone/runtime/entity_combat.rs:7:1
   |
 7 | pub(super) enum ZoneCombatEntityRef {
   | ^^^^^^^^^^^^^^^^^^^^^^^^^^^^^^^^^^^

warning: type `PendingOwnerHealthChange` is more private than the item `zone::types::ZonePlayer::pending_owner_health_changes`
    --> apps/simulation/src/runtime/zone/types.rs:1386:5
     |
1386 |     pub pending_owner_health_changes: Vec<super::owner_health::PendingOwnerHealthChange>,
     |     ^^^^^^^^^^^^^^^^^^^^^^^^^^^^^^^^^^^^^^^^^^^^^^^^^^^^^^^^^^^^^^^^^^^^^^^^^^^^^^^^^^^^ field `zone::types::ZonePlayer::pending_owner_health_changes` is reachable at visibility `pub(crate)`
     |
note: but type `PendingOwnerHealthChange` is only usable at visibility `pub(in crate::runtime::zone)`
    --> apps/simulation/src/runtime/zone/owner_health.rs:29:1
     |
  29 | pub(super) struct PendingOwnerHealthChange {
     | ^^^^^^^^^^^^^^^^^^^^^^^^^^^^^^^^^^^^^^^^^^

warning: methods `scoped_to_account` and `scoped_to_accounts` are never used
   --> apps/simulation/src/config.rs:406:8
    |
266 | impl AccountStore {
    | ----------------- methods in this implementation
...
406 |     fn scoped_to_account(&self, account_id: &str) -> Self {
    |        ^^^^^^^^^^^^^^^^^
...
410 |     fn scoped_to_accounts(&self, account_ids: &[&str]) -> Self {
    |        ^^^^^^^^^^^^^^^^^^
    |
    = note: `#[warn(dead_code)]` (part of `#[warn(unused)]`) on by default

warning: variant `AccountsWithHeroes` is never constructed
   --> apps/simulation/src/config.rs:491:5
    |
488 | enum AccountStoreMutationScope<'a> {
    |      ------------------------- variant in this enum
...
491 |     AccountsWithHeroes { account_ids: &'a [String], hero_ids: &'a [i32], allocate: bool },
    |     ^^^^^^^^^^^^^^^^^^
    |
    = note: `AccountStoreMutationScope` has derived impls for the traits `Clone` and `Debug`, but these are intentionally ignored during dead code analysis

warning: field `admitted_minutes` is never read
  --> apps/simulation/src/config_guild_clock_transactions.rs:13:9
   |
 6 | pub(in crate::config) struct GuildClockCommitReceipt {
   |                              ----------------------- field in this struct
...
13 |     pub admitted_minutes: u64,
   |         ^^^^^^^^^^^^^^^^
   |
   = note: `GuildClockCommitReceipt` has derived impls for the traits `Clone` and `Debug`, but these are intentionally ignored during dead code analysis

warning: function `commit_postgres_tick` is never used
  --> apps/simulation/src/config_guild_clock_transactions.rs:17:26
   |
17 | pub(in crate::config) fn commit_postgres_tick(
   |                          ^^^^^^^^^^^^^^^^^^^^

warning: function `commit_postgres_tick_checked` is never used
  --> apps/simulation/src/config_guild_clock_transactions.rs:24:26
   |
24 | pub(in crate::config) fn commit_postgres_tick_checked(
   |                          ^^^^^^^^^^^^^^^^^^^^^^^^^^^^

warning: method `item_identity_path` is never used
   --> apps/simulation/src/config_file_authority.rs:102:19
    |
 99 | impl FileAuthority {
    | ------------------ method in this implementation
...
102 |     pub(super) fn item_identity_path(&self, config: &SimulationConfig) -> Result<PathBuf, String> {
    |                   ^^^^^^^^^^^^^^^^^^

warning: method `refresh_shared_hero_authority` is never used
 --> apps/simulation/src/config_hero_authority.rs:8:19
  |
7 | impl SimulationConfig {
  | --------------------- method in this implementation
8 |     pub(crate) fn refresh_shared_hero_authority(&self)->Result<(),String>{
  |                   ^^^^^^^^^^^^^^^^^^^^^^^^^^^^^

warning: method `shared_guild_authority_snapshot` is never used
   --> apps/simulation/src/config_shared_guilds.rs:933:19
    |
932 | impl SimulationConfig {
    | --------------------- method in this implementation
933 |     pub(crate) fn shared_guild_authority_snapshot(
    |                   ^^^^^^^^^^^^^^^^^^^^^^^^^^^^^^^

warning: variant `MacAgility` is never constructed
   --> apps/simulation/src/runtime/combat.rs:787:5
    |
780 | pub(super) enum CrystalDefence {
    |                 -------------- variant in this enum
...
787 |     MacAgility,
    |     ^^^^^^^^^^
    |
    = note: `CrystalDefence` has derived impls for the traits `Debug` and `Clone`, but these are intentionally ignored during dead code analysis

warning: constant `CRYSTAL_BAG_WEIGHT_LIMIT` is never used
  --> apps/simulation/src/runtime/drops.rs:72:18
   |
72 | pub(super) const CRYSTAL_BAG_WEIGHT_LIMIT: u32 = 100;
   |                  ^^^^^^^^^^^^^^^^^^^^^^^^

warning: function `resolved_monster_drop_templates_at_tick` is never used
   --> apps/simulation/src/runtime/drops.rs:466:15
    |
466 | pub(super) fn resolved_monster_drop_templates_at_tick(
    |               ^^^^^^^^^^^^^^^^^^^^^^^^^^^^^^^^^^^^^^^

warning: function `crystal_monster_drop_templates` is never used
   --> apps/simulation/src/runtime/drops.rs:537:15
    |
537 | pub(super) fn crystal_monster_drop_templates(
    |               ^^^^^^^^^^^^^^^^^^^^^^^^^^^^^^

warning: function `crystal_resolve_group_drop` is never used
   --> apps/simulation/src/runtime/drops.rs:612:15
    |
612 | pub(super) fn crystal_resolve_group_drop(
    |               ^^^^^^^^^^^^^^^^^^^^^^^^^^

warning: function `crystal_drop_entry_should_drop` is never used
   --> apps/simulation/src/runtime/drops.rs:667:15
    |
667 | pub(super) fn crystal_drop_entry_should_drop(
    |               ^^^^^^^^^^^^^^^^^^^^^^^^^^^^^^

warning: method `socketed_count` is never used
   --> apps/simulation/src/runtime/equipment.rs:304:19
    |
120 | impl EquipmentState {
    | ------------------- method in this implementation
...
304 |     pub(super) fn socketed_count(&self) -> usize {
    |                   ^^^^^^^^^^^^^^

warning: function `equipment_state_identified` is never used
   --> apps/simulation/src/runtime/equipment.rs:309:15
    |
309 | pub(super) fn equipment_state_identified(item: &EquipmentState) -> bool {
    |               ^^^^^^^^^^^^^^^^^^^^^^^^^^

warning: function `equipment_state_soul_bound_id` is never used
   --> apps/simulation/src/runtime/equipment.rs:314:15
    |
314 | pub(super) fn equipment_state_soul_bound_id(item: &EquipmentState) -> i32 {
    |               ^^^^^^^^^^^^^^^^^^^^^^^^^^^^^

warning: function `hero_inventory_equipment_slot` is never used
   --> apps/simulation/src/runtime/hero_ai.rs:180:4
    |
180 | fn hero_inventory_equipment_slot(item: &ItemState) -> Option<EquipmentSlot> {
    |    ^^^^^^^^^^^^^^^^^^^^^^^^^^^^^

warning: function `hero_inventory_item_is_broken` is never used
   --> apps/simulation/src/runtime/hero_ai.rs:185:4
    |
185 | fn hero_inventory_item_is_broken(item: &ItemState) -> bool {
    |    ^^^^^^^^^^^^^^^^^^^^^^^^^^^^^

warning: function `hero_inventory_item_modeled_base_stat` is never used
   --> apps/simulation/src/runtime/hero_ai.rs:189:4
    |
189 | fn hero_inventory_item_modeled_base_stat(item: &ItemState, stat: u8) -> i32 {
    |    ^^^^^^^^^^^^^^^^^^^^^^^^^^^^^^^^^^^^^

warning: function `hero_inventory_item_crystal_stat` is never used
   --> apps/simulation/src/runtime/hero_ai.rs:197:4
    |
197 | fn hero_inventory_item_crystal_stat(item: &ItemState, stat: u8) -> i32 {
    |    ^^^^^^^^^^^^^^^^^^^^^^^^^^^^^^^^

warning: function `hero_inventory_crystal_stat_total` is never used
   --> apps/simulation/src/runtime/hero_ai.rs:214:15
    |
214 | pub(super) fn hero_inventory_crystal_stat_total(world: &World, stat: u8) -> i32 {
    |               ^^^^^^^^^^^^^^^^^^^^^^^^^^^^^^^^^

warning: enum `CarrierOrigin` is never used
 --> apps/simulation/src/runtime/hero_registry_carriers.rs:8:17
  |
8 | pub(super) enum CarrierOrigin { External, Hero(i32) }
  |                 ^^^^^^^^^^^^^

warning: struct `HeroCarrierCensus` is never constructed
  --> apps/simulation/src/runtime/hero_registry_carriers.rs:10:19
   |
10 | pub(super) struct HeroCarrierCensus {
   |                   ^^^^^^^^^^^^^^^^^

warning: methods `node`, `record`, `record_unresolved_legacy`, and `validate` are never used
  --> apps/simulation/src/runtime/hero_registry_carriers.rs:15:8
   |
14 | impl HeroCarrierCensus {
   | ---------------------- methods in this implementation
15 |     fn node(&mut self,item:&UserItem,origin:CarrierOrigin)->Result<(),String>{
   |        ^^^^
...
27 |     pub fn record(&mut self,item:&UserItem,origin:CarrierOrigin)->Result<(),String>{
   |            ^^^^^^
...
42 |     pub fn record_unresolved_legacy(&mut self,root:&super::items::ItemState)->Result<(),String>{
   |            ^^^^^^^^^^^^^^^^^^^^^^^^
...
70 |     pub fn validate(&self,heroes:&BTreeMap<i32,SharedHeroRecord>,owned_ids:&BTreeSet<u64>)->Result<(),String>{
   |            ^^^^^^^^

warning: function `decode` is never used
 --> apps/simulation/src/runtime/hero_registry_scan.rs:8:4
  |
8 | fn decode<T:DeserializeOwned>(value:&str)->Result<T,String>{serde_json::from_str(value).map_err(|error|format!("invalid Hero custody ...
  |    ^^^^^^

warning: function `add_wire` is never used
 --> apps/simulation/src/runtime/hero_registry_scan.rs:9:4
  |
9 | fn add_wire(census:&mut HeroCarrierCensus,item:&UserItem,origin:CarrierOrigin,forbidden_bind:u16)->Result<(),String>{
  |    ^^^^^^^^

warning: function `add_items` is never used
  --> apps/simulation/src/runtime/hero_registry_scan.rs:21:4
   |
21 | fn add_items(census:&mut HeroCarrierCensus,encoded:&[String],origin:CarrierOrigin,forbidden:u16)->Result<(),String>{
   |    ^^^^^^^^^

warning: function `add_character` is never used
  --> apps/simulation/src/runtime/hero_registry_scan.rs:32:4
   |
32 | fn add_character(census:&mut HeroCarrierCensus,save:&CharacterSaveRecord,mirrored:bool)->Result<(),String>{
   |    ^^^^^^^^^^^^^

warning: function `validate_shared_hero_physical_custody` is never used
  --> apps/simulation/src/runtime/hero_registry_scan.rs:86:15
   |
86 | pub(crate) fn validate_shared_hero_physical_custody(store:&AccountStore)->Result<(),String>{
   |               ^^^^^^^^^^^^^^^^^^^^^^^^^^^^^^^^^^^^^

warning: function `hero_inventory_item_is_broken` is never used
    --> apps/simulation/src/runtime/items.rs:3462:4
     |
3462 | fn hero_inventory_item_is_broken(item: &ItemState) -> bool {
     |    ^^^^^^^^^^^^^^^^^^^^^^^^^^^^^

warning: function `hero_inventory_requirement_stat` is never used
    --> apps/simulation/src/runtime/items.rs:3466:4
     |
3466 | fn hero_inventory_requirement_stat(item: &ItemState, stat: u8) -> i32 {
     |    ^^^^^^^^^^^^^^^^^^^^^^^^^^^^^^^

warning: function `repair_conquest_asset` is never used
    --> apps/simulation/src/runtime/monsters.rs:1879:15
     |
1879 | pub(super) fn repair_conquest_asset(world: &mut World, ai: u8, asset_id: u8) -> bool {
     |               ^^^^^^^^^^^^^^^^^^^^^

warning: function `crystal_npc_visible_to_character` is never used
   --> apps/simulation/src/runtime/npc.rs:246:15
    |
246 | pub(super) fn crystal_npc_visible_to_character(
    |               ^^^^^^^^^^^^^^^^^^^^^^^^^^^^^^^^

warning: function `refine_deterministic_1_99` is never used
    --> apps/simulation/src/runtime/packets.rs:4745:15
     |
4745 | pub(super) fn refine_deterministic_1_99(tick: u64, unique_id: u64, salt: u64) -> i32 {
     |               ^^^^^^^^^^^^^^^^^^^^^^^^^

warning: function `complete_quest` is never used
    --> apps/simulation/src/runtime/quests.rs:1104:15
     |
1104 | pub(super) fn complete_quest(world: &mut World, quest_id: i32) {
     |               ^^^^^^^^^^^^^^

warning: function `quest_info_by_id_unchecked` is never used
   --> apps/simulation/src/runtime/newcomer_v2.rs:231:27
    |
231 | pub(in crate::runtime) fn quest_info_by_id_unchecked(quest_id: i32) -> Option<ClientQuestInfo> {
    |                           ^^^^^^^^^^^^^^^^^^^^^^^^^^

warning: function `default_save_for_character` is never used
  --> apps/simulation/src/runtime/save.rs:76:15
   |
76 | pub(super) fn default_save_for_character(
   |               ^^^^^^^^^^^^^^^^^^^^^^^^^^

warning: function `persist_character_save` is never used
   --> apps/simulation/src/runtime/save.rs:929:15
    |
929 | pub(super) fn persist_character_save(
    |               ^^^^^^^^^^^^^^^^^^^^^^

warning: method `game_shop_buy_product` is never used
    --> apps/simulation/src/runtime/stage5.rs:4319:8
     |
3249 | impl SimulationSession {
     | ---------------------- method in this implementation
...
4319 |     fn game_shop_buy_product(
     |        ^^^^^^^^^^^^^^^^^^^^^

warning: method `select` is never used
   --> apps/simulation/src/runtime/zone/experience.rs:297:19
    |
222 | impl ZoneExperienceProfile {
    | -------------------------- method in this implementation
...
297 |     pub(super) fn select(
    |                   ^^^^^^

warning: methods `nearest_native_summon_target`, `apply_native_monster_direct_damage`, and `boss_reward_owner` are never used
     --> apps/simulation/src/runtime/zone/runtime.rs:12391:8
      |
  601 | impl ZoneRuntime {
      | ---------------- methods in this implementation
...
12391 |     fn nearest_native_summon_target(
      |        ^^^^^^^^^^^^^^^^^^^^^^^^^^^^
...
12529 |     fn apply_native_monster_direct_damage(
      |        ^^^^^^^^^^^^^^^^^^^^^^^^^^^^^^^^^^
...
12790 |     fn boss_reward_owner(
      |        ^^^^^^^^^^^^^^^^^

warning: function `zone_native_summon_monster_attack_damage` is never used
     --> apps/simulation/src/runtime/zone/runtime.rs:14798:4
      |
14798 | fn zone_native_summon_monster_attack_damage(monster: &ZoneNativeMonster, target: &Point) -> i32 {
      |    ^^^^^^^^^^^^^^^^^^^^^^^^^^^^^^^^^^^^^^^^

warning: function `zone_native_summon_base_attack_damage` is never used
     --> apps/simulation/src/runtime/zone/runtime.rs:14808:4
      |
14808 | fn zone_native_summon_base_attack_damage(name: &str, ai: u8, distance: i32) -> i32 {
      |    ^^^^^^^^^^^^^^^^^^^^^^^^^^^^^^^^^^^^^

warning: function `zone_crystal_monster_attack_damage` is never used
     --> apps/simulation/src/runtime/zone/runtime.rs:14859:4
      |
14859 | fn zone_crystal_monster_attack_damage(name: &str) -> i32 {
      |    ^^^^^^^^^^^^^^^^^^^^^^^^^^^^^^^^^^

warning: function `zone_player_can_attack_player` is never used
     --> apps/simulation/src/runtime/zone/runtime.rs:15254:4
      |
15254 | fn zone_player_can_attack_player(attacker: &ZonePlayer, target: &ZonePlayer) -> bool {
      |    ^^^^^^^^^^^^^^^^^^^^^^^^^^^^^

warning: method `tick_shared_spitting_toad` is never used
   --> apps/simulation/src/runtime/zone/runtime/pet_special_ai.rs:191:19
    |
 48 | impl ZoneRuntime {
    | ---------------- method in this implementation
...
191 |     pub(super) fn tick_shared_spitting_toad(&mut self, id: u32, now: u64) -> Vec<ZoneOutbound> {
    |                   ^^^^^^^^^^^^^^^^^^^^^^^^^

warning: function `hell_can_move` is never used
  --> apps/simulation/src/runtime/zone/runtime/hell_ai.rs:68:15
   |
68 | pub(super) fn hell_can_move(m: &ZoneNativeMonster) -> bool {
   |               ^^^^^^^^^^^^^

warning: function `hell_can_regen` is never used
  --> apps/simulation/src/runtime/zone/runtime/hell_ai.rs:74:15
   |
74 | pub(super) fn hell_can_regen(m: &ZoneNativeMonster) -> bool {
   |               ^^^^^^^^^^^^^^

warning: methods `blocking` and `set_replay_seed` are never used
   --> apps/simulation/src/runtime/zone/intelligent_creatures.rs:183:12
    |
112 | impl ZoneIntelligentCreature {
    | ---------------------------- methods in this implementation
...
183 |     pub fn blocking(&self) -> bool {
    |            ^^^^^^^^
...
187 |     pub fn set_replay_seed(&mut self, seed: u64) {
    |            ^^^^^^^^^^^^^^^

warning: `mir2-simulation` (lib) generated 82 warnings (run `cargo fix --lib -p mir2-simulation` to apply 7 suggestions)
    Finished `test` profile [unoptimized + debuginfo] target(s) in 1m 36s
     Running tests/billing_monthly_card.rs (target/debug/deps/billing_monthly_card-a0412ffbe9a79696)

running 9 tests
test billing_card_before_start_game_is_atomic_and_replays_without_new_asset ... ok
test billing_card_failed_publication_rolls_back_inventory_credit_and_access ... ok
test billing_card_file_restart_retains_unit_and_consumption_receipts ... ok
test billing_card_key_alias_cannot_consume_a_card ... ok
test billing_card_malformed_or_duplicate_owned_item_cannot_extend_access ... ok
test billing_card_offline_select_can_activate_unclaimed_game_shop_mail ... ok
test billing_card_real_native_shop_mail_and_use_keep_permanent_identity ... ok
test billing_card_stacks_with_codes_and_old_uid_does_not_consume_new_card ... ok
test billing_card_uncertain_file_publication_does_not_allow_a_second_activation ... ok

test result: ok. 9 passed; 0 failed; 0 ignored; 0 measured; 0 filtered out; finished in 0.75s

     Running tests/billing_recharge.rs (target/debug/deps/billing_recharge-a9880c996136d0f0)

running 26 tests
test recharge_archived_unapplied_order_records_verified_payment_and_review_without_roster ... ok
test recharge_before_persist_failure_rolls_back_confirm_and_owner_application ... ok
test recharge_character_deletion_keeps_unfunded_credits_compatible ... ok
test recharge_delete_protects_cash_wallet_and_unused_card_then_preserves_archived_receipts ... ok
test recharge_enabled_tick_polls_without_cached_ledger_and_throttles_failures ... ok
test recharge_explicit_refresh_and_purchase_preflight_bypass_the_tick_window ... ok
test recharge_file_reload_retains_pending_and_applied_receipts_without_regrant ... ok
test recharge_immutable_identity_amount_currency_mode_and_provider_tuple_reject ... ok
test recharge_legacy_schema_upgrades_empty_but_cannot_promote_injected_paid_authority ... ok
test recharge_monthly_card_credit_price_is_explicit_positive_and_default_disabled ... ok
test recharge_new_orders_reserve_unapplied_capacity_and_retry_at_capacity ... ok
test recharge_no_fitting_payment_never_publishes_unsaved_owner_and_spending_recovers ... ok
test recharge_overflow_retains_complete_pending_orders_and_recovers_after_spending ... ok
test recharge_owner_consumes_current_checkpoint_and_preserves_unsaved_personal_state ... ok
test recharge_paid_application_receipt_cannot_be_malformed_or_rebound_on_reload ... ok
test recharge_paid_pending_application_and_replays_grant_exactly_once ... ok
test recharge_payment_can_precede_checkout_bind_but_late_bind_cannot_change_it ... ok
test recharge_provider_session_and_payment_cannot_fund_another_order_or_account ... ok
test recharge_real_character_select_delete_rejects_every_unsettled_order_state ... ok
test recharge_review_before_payment_is_terminal_and_review_after_spend_never_rewinds ... ok
test recharge_schema_seven_cannot_promote_real_monthly_card_item_receipts ... ok
test recharge_skips_large_pending_payment_and_applies_smaller_complete_payment ... ok
test recharge_stale_online_checkpoint_cannot_overwrite_newer_save_or_apply_payment ... ok
test recharge_tick_poll_waits_five_seconds_then_applies_the_payment_once ... ok
test recharge_tick_skips_empty_ledgers_and_never_uses_an_unauthenticated_demo_owner ... ok
test recharge_unknown_file_publication_freezes_without_claiming_payment_rollback ... ok

test result: ok. 26 passed; 0 failed; 0 ignored; 0 measured; 0 filtered out; finished in 9.55s

