warning: unused import: `super::skills::crystal_magic_damage`
  --> apps\simulation\src\runtime\hero_ai.rs:53:5
   |
53 | use super::skills::crystal_magic_damage;
   |     ^^^^^^^^^^^^^^^^^^^^^^^^^^^^^^^^^^^
   |
   = note: `#[warn(unused_imports)]` (part of `#[warn(unused)]`) on by default

warning: unused import: `hero_registry_scan::validate_shared_hero_physical_custody`
  --> apps\simulation\src\runtime\mod.rs:22:16
   |
22 | pub(crate) use hero_registry_scan::validate_shared_hero_physical_custody;
   |                ^^^^^^^^^^^^^^^^^^^^^^^^^^^^^^^^^^^^^^^^^^^^^^^^^^^^^^^^^

warning: unused import: `HeroInventoryResource`
  --> apps\simulation\src\runtime\items.rs:58:19
   |
58 |     BuffResource, HeroInventoryResource, InventoryResource, PlayerPermissionResource,
   |                   ^^^^^^^^^^^^^^^^^^^^^

warning: unused import: `merged_user_item_stats`
  --> apps\simulation\src\runtime\npc.rs:35:72
   |
35 |     crystal_item_key_for_template, crystal_item_template_for_item_key, merged_user_item_stats,
   |                                                                        ^^^^^^^^^^^^^^^^^^^^^^

warning: unused import: `hero_inventory_crystal_stat_total`
  --> apps\simulation\src\runtime\packets.rs:72:22
   |
72 | use super::hero_ai::{hero_inventory_crystal_stat_total, hero_inventory_equipment_slots};
   |                      ^^^^^^^^^^^^^^^^^^^^^^^^^^^^^^^^^

warning: unused import: `crystal_quest_info_by_id`
   --> apps\simulation\src\runtime\packets.rs:108:5
    |
108 |     crystal_quest_info_by_id, crystal_quest_reward_selection_missing,
    |     ^^^^^^^^^^^^^^^^^^^^^^^^

warning: unused import: `intelligent_creature_default_rules`
   --> apps\simulation\src\runtime\packets.rs:125:5
    |
125 |     intelligent_creature_default_rules, is_in_world, mark_crystal_packet_action,
    |     ^^^^^^^^^^^^^^^^^^^^^^^^^^^^^^^^^^

warning: unused imports: `ZoneExperienceProfile` and `ZoneGuildExperienceMembership`
 --> apps\simulation\src\runtime\zone\mod.rs:6:22
  |
6 | pub use experience::{ZoneExperienceProfile,ZoneExperienceSelection,ZoneGuildExperienceMembership};
  |                      ^^^^^^^^^^^^^^^^^^^^^                         ^^^^^^^^^^^^^^^^^^^^^^^^^^^^^

warning: use of deprecated method `bevy_ecs::world::World::iter_entities`: use world.query::<EntityRef>()` instead
  --> apps\simulation\src\runtime\hero_cast.rs:61:22
   |
61 |     let target=world.iter_entities().find_map(|entry| {
   |                      ^^^^^^^^^^^^^
   |
   = note: `#[warn(deprecated)]` on by default

warning: use of deprecated method `bevy_ecs::world::World::iter_entities`: use world.query::<EntityRef>()` instead
   --> apps\simulation\src\runtime\monster_ai\great_fox_spirit.rs:163:28
    |
163 |     for candidate in world.iter_entities() {
    |                            ^^^^^^^^^^^^^

warning: use of deprecated method `bevy_ecs::world::World::iter_entities`: use world.query::<EntityRef>()` instead
    --> apps\simulation\src\runtime\packets.rs:7894:25
     |
7894 |     for entity in world.iter_entities() {
     |                         ^^^^^^^^^^^^^

warning: use of deprecated method `bevy_ecs::world::World::iter_entities`: use world.query::<EntityRef>()` instead
   --> apps\simulation\src\runtime\session.rs:757:14
    |
757 |             .iter_entities()
    |              ^^^^^^^^^^^^^

warning: use of deprecated method `bevy_ecs::world::World::iter_entities`: use world.query::<EntityRef>()` instead
    --> apps\simulation\src\runtime\skills.rs:5017:10
     |
5017 |         .iter_entities()
     |          ^^^^^^^^^^^^^

warning: use of deprecated method `bevy_ecs::world::World::iter_entities`: use world.query::<EntityRef>()` instead
    --> apps\simulation\src\runtime\skills.rs:5100:10
     |
5100 |         .iter_entities()
     |          ^^^^^^^^^^^^^

warning: type `HeroSourceVersions` is more private than the item `config::AccountStoreRepositorySave::heroes`
   --> apps\simulation\src\config.rs:911:5
    |
911 |     pub(crate) heroes: hero_registry::HeroSourceVersions,
    |     ^^^^^^^^^^^^^^^^^^^^^^^^^^^^^^^^^^^^^^^^^^^^^^^^^^^^ field `config::AccountStoreRepositorySave::heroes` is reachable at visibility `pub(crate)`
    |
note: but type `HeroSourceVersions` is only usable at visibility `pub(in crate::config)`
   --> apps\simulation\src\config_hero_registry.rs:93:1
    |
 93 | pub(super) struct HeroSourceVersions {
    | ^^^^^^^^^^^^^^^^^^^^^^^^^^^^^^^^^^^^
    = note: `#[warn(private_interfaces)]` on by default

warning: type `ZoneCombatEntityRef` is more private than the item `tree_queen_ai::TreeQueenRoot::source_ref`
  --> apps\simulation\src\runtime\zone\runtime\tree_queen_ai.rs:39:5
   |
39 |     pub source_ref: Option<ZoneCombatEntityRef>,
   |     ^^^^^^^^^^^^^^^^^^^^^^^^^^^^^^^^^^^^^^^^^^^ field `tree_queen_ai::TreeQueenRoot::source_ref` is reachable at visibility `pub(in crate::runtime::zone)`
   |
note: but type `ZoneCombatEntityRef` is only usable at visibility `pub(in crate::runtime::zone::runtime)`
  --> apps\simulation\src\runtime\zone\runtime\entity_combat.rs:7:1
   |
 7 | pub(super) enum ZoneCombatEntityRef {
   | ^^^^^^^^^^^^^^^^^^^^^^^^^^^^^^^^^^^

warning: type `ZoneCombatEntityRef` is more private than the item `EvilMirState::target_ref`
  --> apps\simulation\src\runtime\zone\runtime\evil_mir_ai.rs:11:5
   |
11 |     pub target_ref: Option<ZoneCombatEntityRef>,
   |     ^^^^^^^^^^^^^^^^^^^^^^^^^^^^^^^^^^^^^^^^^^^ field `EvilMirState::target_ref` is reachable at visibility `pub(in crate::runtime::zone)`
   |
note: but type `ZoneCombatEntityRef` is only usable at visibility `pub(in crate::runtime::zone::runtime)`
  --> apps\simulation\src\runtime\zone\runtime\entity_combat.rs:7:1
   |
 7 | pub(super) enum ZoneCombatEntityRef {
   | ^^^^^^^^^^^^^^^^^^^^^^^^^^^^^^^^^^^

warning: type `ZoneCombatEntityRef` is more private than the item `EvilMirPendingSource::source`
  --> apps\simulation\src\runtime\zone\runtime\evil_mir_ai.rs:20:5
   |
20 |     pub source: ZoneCombatEntityRef,
   |     ^^^^^^^^^^^^^^^^^^^^^^^^^^^^^^^ field `EvilMirPendingSource::source` is reachable at visibility `pub(in crate::runtime::zone)`
   |
note: but type `ZoneCombatEntityRef` is only usable at visibility `pub(in crate::runtime::zone::runtime)`
  --> apps\simulation\src\runtime\zone\runtime\entity_combat.rs:7:1
   |
 7 | pub(super) enum ZoneCombatEntityRef {
   | ^^^^^^^^^^^^^^^^^^^^^^^^^^^^^^^^^^^

warning: type `ZoneCombatEntityRef` is more private than the item `GreatFoxState::target_ref`
  --> apps\simulation\src\runtime\zone\runtime\great_fox_ai.rs:15:5
   |
15 |     pub target_ref: Option<ZoneCombatEntityRef>,
   |     ^^^^^^^^^^^^^^^^^^^^^^^^^^^^^^^^^^^^^^^^^^^ field `GreatFoxState::target_ref` is reachable at visibility `pub(in crate::runtime::zone)`
   |
note: but type `ZoneCombatEntityRef` is only usable at visibility `pub(in crate::runtime::zone::runtime)`
  --> apps\simulation\src\runtime\zone\runtime\entity_combat.rs:7:1
   |
 7 | pub(super) enum ZoneCombatEntityRef {
   | ^^^^^^^^^^^^^^^^^^^^^^^^^^^^^^^^^^^

warning: type `ZoneCombatEntityRef` is more private than the item `GreatFoxHit::source_ref`
  --> apps\simulation\src\runtime\zone\runtime\great_fox_ai.rs:42:5
   |
42 |     pub source_ref: Option<ZoneCombatEntityRef>,
   |     ^^^^^^^^^^^^^^^^^^^^^^^^^^^^^^^^^^^^^^^^^^^ field `GreatFoxHit::source_ref` is reachable at visibility `pub(in crate::runtime::zone)`
   |
note: but type `ZoneCombatEntityRef` is only usable at visibility `pub(in crate::runtime::zone::runtime)`
  --> apps\simulation\src\runtime\zone\runtime\entity_combat.rs:7:1
   |
 7 | pub(super) enum ZoneCombatEntityRef {
   | ^^^^^^^^^^^^^^^^^^^^^^^^^^^^^^^^^^^

warning: type `ZoneCombatEntityRef` is more private than the item `GreatFoxHit::target_ref`
  --> apps\simulation\src\runtime\zone\runtime\great_fox_ai.rs:44:5
   |
44 |     pub target_ref: Option<ZoneCombatEntityRef>,
   |     ^^^^^^^^^^^^^^^^^^^^^^^^^^^^^^^^^^^^^^^^^^^ field `GreatFoxHit::target_ref` is reachable at visibility `pub(in crate::runtime::zone)`
   |
note: but type `ZoneCombatEntityRef` is only usable at visibility `pub(in crate::runtime::zone::runtime)`
  --> apps\simulation\src\runtime\zone\runtime\entity_combat.rs:7:1
   |
 7 | pub(super) enum ZoneCombatEntityRef {
   | ^^^^^^^^^^^^^^^^^^^^^^^^^^^^^^^^^^^

warning: type `ZoneCombatEntityRef` is more private than the item `HornedEncounterState::target_ref`
  --> apps\simulation\src\runtime\zone\runtime\horned_encounter_ai.rs:12:5
   |
12 |     pub target_ref: Option<ZoneCombatEntityRef>,
   |     ^^^^^^^^^^^^^^^^^^^^^^^^^^^^^^^^^^^^^^^^^^^ field `HornedEncounterState::target_ref` is reachable at visibility `pub(in crate::runtime::zone)`
   |
note: but type `ZoneCombatEntityRef` is only usable at visibility `pub(in crate::runtime::zone::runtime)`
  --> apps\simulation\src\runtime\zone\runtime\entity_combat.rs:7:1
   |
 7 | pub(super) enum ZoneCombatEntityRef {
   | ^^^^^^^^^^^^^^^^^^^^^^^^^^^^^^^^^^^

warning: type `ZoneCombatEntityRef` is more private than the item `HornedEncounterHit::source_ref`
  --> apps\simulation\src\runtime\zone\runtime\horned_encounter_ai.rs:38:5
   |
38 |     pub source_ref: Option<ZoneCombatEntityRef>,
   |     ^^^^^^^^^^^^^^^^^^^^^^^^^^^^^^^^^^^^^^^^^^^ field `HornedEncounterHit::source_ref` is reachable at visibility `pub(in crate::runtime::zone)`
   |
note: but type `ZoneCombatEntityRef` is only usable at visibility `pub(in crate::runtime::zone::runtime)`
  --> apps\simulation\src\runtime\zone\runtime\entity_combat.rs:7:1
   |
 7 | pub(super) enum ZoneCombatEntityRef {
   | ^^^^^^^^^^^^^^^^^^^^^^^^^^^^^^^^^^^

warning: type `ZoneCombatEntityRef` is more private than the item `HornedEncounterHit::target_ref`
  --> apps\simulation\src\runtime\zone\runtime\horned_encounter_ai.rs:41:5
   |
41 |     pub target_ref: Option<ZoneCombatEntityRef>,
   |     ^^^^^^^^^^^^^^^^^^^^^^^^^^^^^^^^^^^^^^^^^^^ field `HornedEncounterHit::target_ref` is reachable at visibility `pub(in crate::runtime::zone)`
   |
note: but type `ZoneCombatEntityRef` is only usable at visibility `pub(in crate::runtime::zone::runtime)`
  --> apps\simulation\src\runtime\zone\runtime\entity_combat.rs:7:1
   |
 7 | pub(super) enum ZoneCombatEntityRef {
   | ^^^^^^^^^^^^^^^^^^^^^^^^^^^^^^^^^^^

warning: type `ZoneCombatEntityRef` is more private than the item `HornedMapSpell::source_ref`
  --> apps\simulation\src\runtime\zone\runtime\horned_encounter_ai.rs:60:5
   |
60 |     pub source_ref: Option<ZoneCombatEntityRef>,
   |     ^^^^^^^^^^^^^^^^^^^^^^^^^^^^^^^^^^^^^^^^^^^ field `HornedMapSpell::source_ref` is reachable at visibility `pub(in crate::runtime::zone)`
   |
note: but type `ZoneCombatEntityRef` is only usable at visibility `pub(in crate::runtime::zone::runtime)`
  --> apps\simulation\src\runtime\zone\runtime\entity_combat.rs:7:1
   |
 7 | pub(super) enum ZoneCombatEntityRef {
   | ^^^^^^^^^^^^^^^^^^^^^^^^^^^^^^^^^^^

warning: type `ZoneCombatEntityRef` is more private than the item `HornedState::target_ref`
  --> apps\simulation\src\runtime\zone\runtime\horned_ai.rs:14:5
   |
14 |     pub target_ref: Option<ZoneCombatEntityRef>,
   |     ^^^^^^^^^^^^^^^^^^^^^^^^^^^^^^^^^^^^^^^^^^^ field `HornedState::target_ref` is reachable at visibility `pub(in crate::runtime::zone)`
   |
note: but type `ZoneCombatEntityRef` is only usable at visibility `pub(in crate::runtime::zone::runtime)`
  --> apps\simulation\src\runtime\zone\runtime\entity_combat.rs:7:1
   |
 7 | pub(super) enum ZoneCombatEntityRef {
   | ^^^^^^^^^^^^^^^^^^^^^^^^^^^^^^^^^^^

warning: type `ZoneCombatEntityRef` is more private than the item `HornedHit::source_ref`
  --> apps\simulation\src\runtime\zone\runtime\horned_ai.rs:28:5
   |
28 |     pub source_ref: Option<ZoneCombatEntityRef>,
   |     ^^^^^^^^^^^^^^^^^^^^^^^^^^^^^^^^^^^^^^^^^^^ field `HornedHit::source_ref` is reachable at visibility `pub(in crate::runtime::zone)`
   |
note: but type `ZoneCombatEntityRef` is only usable at visibility `pub(in crate::runtime::zone::runtime)`
  --> apps\simulation\src\runtime\zone\runtime\entity_combat.rs:7:1
   |
 7 | pub(super) enum ZoneCombatEntityRef {
   | ^^^^^^^^^^^^^^^^^^^^^^^^^^^^^^^^^^^

warning: type `ZoneCombatEntityRef` is more private than the item `HornedHit::target_ref`
  --> apps\simulation\src\runtime\zone\runtime\horned_ai.rs:30:5
   |
30 |     pub target_ref: Option<ZoneCombatEntityRef>,
   |     ^^^^^^^^^^^^^^^^^^^^^^^^^^^^^^^^^^^^^^^^^^^ field `HornedHit::target_ref` is reachable at visibility `pub(in crate::runtime::zone)`
   |
note: but type `ZoneCombatEntityRef` is only usable at visibility `pub(in crate::runtime::zone::runtime)`
  --> apps\simulation\src\runtime\zone\runtime\entity_combat.rs:7:1
   |
 7 | pub(super) enum ZoneCombatEntityRef {
   | ^^^^^^^^^^^^^^^^^^^^^^^^^^^^^^^^^^^

warning: type `ZoneCombatEntityRef` is more private than the item `HellState::explosion_source_ref`
  --> apps\simulation\src\runtime\zone\runtime\hell_ai.rs:14:5
   |
14 |     pub explosion_source_ref: Option<ZoneCombatEntityRef>,
   |     ^^^^^^^^^^^^^^^^^^^^^^^^^^^^^^^^^^^^^^^^^^^^^^^^^^^^^ field `HellState::explosion_source_ref` is reachable at visibility `pub(in crate::runtime::zone)`
   |
note: but type `ZoneCombatEntityRef` is only usable at visibility `pub(in crate::runtime::zone::runtime)`
  --> apps\simulation\src\runtime\zone\runtime\entity_combat.rs:7:1
   |
 7 | pub(super) enum ZoneCombatEntityRef {
   | ^^^^^^^^^^^^^^^^^^^^^^^^^^^^^^^^^^^

warning: type `ZoneCombatEntityRef` is more private than the item `SpiderAiState::parent_ref`
  --> apps\simulation\src\runtime\zone\runtime\spider_ai.rs:40:5
   |
40 |     pub parent_ref: Option<ZoneCombatEntityRef>,
   |     ^^^^^^^^^^^^^^^^^^^^^^^^^^^^^^^^^^^^^^^^^^^ field `SpiderAiState::parent_ref` is reachable at visibility `pub(in crate::runtime::zone)`
   |
note: but type `ZoneCombatEntityRef` is only usable at visibility `pub(in crate::runtime::zone::runtime)`
  --> apps\simulation\src\runtime\zone\runtime\entity_combat.rs:7:1
   |
 7 | pub(super) enum ZoneCombatEntityRef {
   | ^^^^^^^^^^^^^^^^^^^^^^^^^^^^^^^^^^^

warning: type `ZoneCombatEntityRef` is more private than the item `PendingRootSpiderSpawn::source`
  --> apps\simulation\src\runtime\zone\runtime\spider_ai.rs:52:5
   |
52 |     pub source: Option<ZoneCombatEntityRef>,
   |     ^^^^^^^^^^^^^^^^^^^^^^^^^^^^^^^^^^^^^^^ field `PendingRootSpiderSpawn::source` is reachable at visibility `pub(in crate::runtime::zone)`
   |
note: but type `ZoneCombatEntityRef` is only usable at visibility `pub(in crate::runtime::zone::runtime)`
  --> apps\simulation\src\runtime\zone\runtime\entity_combat.rs:7:1
   |
 7 | pub(super) enum ZoneCombatEntityRef {
   | ^^^^^^^^^^^^^^^^^^^^^^^^^^^^^^^^^^^

warning: type `ZoneCombatEntityRef` is more private than the item `PendingRootSpiderSpawn::target`
  --> apps\simulation\src\runtime\zone\runtime\spider_ai.rs:54:5
   |
54 |     pub target: Option<ZoneCombatEntityRef>,
   |     ^^^^^^^^^^^^^^^^^^^^^^^^^^^^^^^^^^^^^^^ field `PendingRootSpiderSpawn::target` is reachable at visibility `pub(in crate::runtime::zone)`
   |
note: but type `ZoneCombatEntityRef` is only usable at visibility `pub(in crate::runtime::zone::runtime)`
  --> apps\simulation\src\runtime\zone\runtime\entity_combat.rs:7:1
   |
 7 | pub(super) enum ZoneCombatEntityRef {
   | ^^^^^^^^^^^^^^^^^^^^^^^^^^^^^^^^^^^

warning: methods `scoped_to_account` and `scoped_to_accounts` are never used
   --> apps\simulation\src\config.rs:403:8
    |
266 | impl AccountStore {
    | ----------------- methods in this implementation
...
403 |     fn scoped_to_account(&self, account_id: &str) -> Self {
    |        ^^^^^^^^^^^^^^^^^
...
407 |     fn scoped_to_accounts(&self, account_ids: &[&str]) -> Self {
    |        ^^^^^^^^^^^^^^^^^^
    |
    = note: `#[warn(dead_code)]` (part of `#[warn(unused)]`) on by default

warning: variant `AccountsWithHeroes` is never constructed
   --> apps\simulation\src\config.rs:488:5
    |
485 | enum AccountStoreMutationScope<'a> {
    |      ------------------------- variant in this enum
...
488 |     AccountsWithHeroes { account_ids: &'a [String], hero_ids: &'a [i32], allocate: bool },
    |     ^^^^^^^^^^^^^^^^^^
    |
    = note: `AccountStoreMutationScope` has derived impls for the traits `Clone` and `Debug`, but these are intentionally ignored during dead code analysis

warning: field `admitted_minutes` is never read
  --> apps\simulation\src\config_guild_clock_transactions.rs:13:9
   |
 6 | pub(in crate::config) struct GuildClockCommitReceipt {
   |                              ----------------------- field in this struct
...
13 |     pub admitted_minutes: u64,
   |         ^^^^^^^^^^^^^^^^
   |
   = note: `GuildClockCommitReceipt` has derived impls for the traits `Clone` and `Debug`, but these are intentionally ignored during dead code analysis

warning: function `commit_postgres_tick` is never used
  --> apps\simulation\src\config_guild_clock_transactions.rs:17:26
   |
17 | pub(in crate::config) fn commit_postgres_tick(
   |                          ^^^^^^^^^^^^^^^^^^^^

warning: function `commit_postgres_tick_checked` is never used
  --> apps\simulation\src\config_guild_clock_transactions.rs:24:26
   |
24 | pub(in crate::config) fn commit_postgres_tick_checked(
   |                          ^^^^^^^^^^^^^^^^^^^^^^^^^^^^

warning: method `item_identity_path` is never used
   --> apps\simulation\src\config_file_authority.rs:102:19
    |
 99 | impl FileAuthority {
    | ------------------ method in this implementation
...
102 |     pub(super) fn item_identity_path(&self, config: &SimulationConfig) -> Result<PathBuf, String> {
    |                   ^^^^^^^^^^^^^^^^^^

warning: method `refresh_shared_hero_authority` is never used
 --> apps\simulation\src\config_hero_authority.rs:8:19
  |
7 | impl SimulationConfig {
  | --------------------- method in this implementation
8 |     pub(crate) fn refresh_shared_hero_authority(&self)->Result<(),String>{
  |                   ^^^^^^^^^^^^^^^^^^^^^^^^^^^^^

warning: method `shared_guild_authority_snapshot` is never used
   --> apps\simulation\src\config_shared_guilds.rs:845:19
    |
844 | impl SimulationConfig {
    | --------------------- method in this implementation
845 |     pub(crate) fn shared_guild_authority_snapshot(
    |                   ^^^^^^^^^^^^^^^^^^^^^^^^^^^^^^^

warning: variant `MacAgility` is never constructed
   --> apps\simulation\src\runtime\combat.rs:784:5
    |
777 | pub(super) enum CrystalDefence {
    |                 -------------- variant in this enum
...
784 |     MacAgility,
    |     ^^^^^^^^^^
    |
    = note: `CrystalDefence` has derived impls for the traits `Debug` and `Clone`, but these are intentionally ignored during dead code analysis

warning: constant `CRYSTAL_BAG_WEIGHT_LIMIT` is never used
  --> apps\simulation\src\runtime\drops.rs:70:18
   |
70 | pub(super) const CRYSTAL_BAG_WEIGHT_LIMIT: u32 = 100;
   |                  ^^^^^^^^^^^^^^^^^^^^^^^^

warning: function `resolved_monster_drop_templates_at_tick` is never used
   --> apps\simulation\src\runtime\drops.rs:464:15
    |
464 | pub(super) fn resolved_monster_drop_templates_at_tick(
    |               ^^^^^^^^^^^^^^^^^^^^^^^^^^^^^^^^^^^^^^^

warning: function `crystal_monster_drop_templates` is never used
   --> apps\simulation\src\runtime\drops.rs:535:15
    |
535 | pub(super) fn crystal_monster_drop_templates(
    |               ^^^^^^^^^^^^^^^^^^^^^^^^^^^^^^

warning: function `crystal_resolve_group_drop` is never used
   --> apps\simulation\src\runtime\drops.rs:610:15
    |
610 | pub(super) fn crystal_resolve_group_drop(
    |               ^^^^^^^^^^^^^^^^^^^^^^^^^^

warning: function `crystal_drop_entry_should_drop` is never used
   --> apps\simulation\src\runtime\drops.rs:665:15
    |
665 | pub(super) fn crystal_drop_entry_should_drop(
    |               ^^^^^^^^^^^^^^^^^^^^^^^^^^^^^^

warning: method `socketed_count` is never used
   --> apps\simulation\src\runtime\equipment.rs:304:19
    |
120 | impl EquipmentState {
    | ------------------- method in this implementation
...
304 |     pub(super) fn socketed_count(&self) -> usize {
    |                   ^^^^^^^^^^^^^^

warning: function `equipment_state_identified` is never used
   --> apps\simulation\src\runtime\equipment.rs:309:15
    |
309 | pub(super) fn equipment_state_identified(item: &EquipmentState) -> bool {
    |               ^^^^^^^^^^^^^^^^^^^^^^^^^^

warning: function `equipment_state_soul_bound_id` is never used
   --> apps\simulation\src\runtime\equipment.rs:314:15
    |
314 | pub(super) fn equipment_state_soul_bound_id(item: &EquipmentState) -> i32 {
    |               ^^^^^^^^^^^^^^^^^^^^^^^^^^^^^

warning: function `hero_inventory_equipment_slot` is never used
   --> apps\simulation\src\runtime\hero_ai.rs:180:4
    |
180 | fn hero_inventory_equipment_slot(item: &ItemState) -> Option<EquipmentSlot> {
    |    ^^^^^^^^^^^^^^^^^^^^^^^^^^^^^

warning: function `hero_inventory_item_is_broken` is never used
   --> apps\simulation\src\runtime\hero_ai.rs:185:4
    |
185 | fn hero_inventory_item_is_broken(item: &ItemState) -> bool {
    |    ^^^^^^^^^^^^^^^^^^^^^^^^^^^^^

warning: function `hero_inventory_item_modeled_base_stat` is never used
   --> apps\simulation\src\runtime\hero_ai.rs:189:4
    |
189 | fn hero_inventory_item_modeled_base_stat(item: &ItemState, stat: u8) -> i32 {
    |    ^^^^^^^^^^^^^^^^^^^^^^^^^^^^^^^^^^^^^

warning: function `hero_inventory_item_crystal_stat` is never used
   --> apps\simulation\src\runtime\hero_ai.rs:197:4
    |
197 | fn hero_inventory_item_crystal_stat(item: &ItemState, stat: u8) -> i32 {
    |    ^^^^^^^^^^^^^^^^^^^^^^^^^^^^^^^^

warning: function `hero_inventory_crystal_stat_total` is never used
   --> apps\simulation\src\runtime\hero_ai.rs:214:15
    |
214 | pub(super) fn hero_inventory_crystal_stat_total(world: &World, stat: u8) -> i32 {
    |               ^^^^^^^^^^^^^^^^^^^^^^^^^^^^^^^^^

warning: enum `CarrierOrigin` is never used
 --> apps\simulation\src\runtime\hero_registry_carriers.rs:8:17
  |
8 | pub(super) enum CarrierOrigin { External, Hero(i32) }
  |                 ^^^^^^^^^^^^^

warning: struct `HeroCarrierCensus` is never constructed
  --> apps\simulation\src\runtime\hero_registry_carriers.rs:10:19
   |
10 | pub(super) struct HeroCarrierCensus {
   |                   ^^^^^^^^^^^^^^^^^

warning: methods `node`, `record`, `record_unresolved_legacy`, and `validate` are never used
  --> apps\simulation\src\runtime\hero_registry_carriers.rs:15:8
   |
14 | impl HeroCarrierCensus {
   | ---------------------- methods in this implementation
15 |     fn node(&mut self,item:&UserItem,origin:CarrierOrigin)->Result<(),String>{
   |        ^^^^
...
27 |     pub fn record(&mut self,item:&UserItem,origin:CarrierOrigin)->Result<(),String>{
   |            ^^^^^^
...
42 |     pub fn record_unresolved_legacy(&mut self,root:&super::items::ItemState)->Result<(),String>{
   |            ^^^^^^^^^^^^^^^^^^^^^^^^
...
70 |     pub fn validate(&self,heroes:&BTreeMap<i32,SharedHeroRecord>,owned_ids:&BTreeSet<u64>)->Result<(),String>{
   |            ^^^^^^^^

warning: function `decode` is never used
 --> apps\simulation\src\runtime\hero_registry_scan.rs:8:4
  |
8 | fn decode<T:DeserializeOwned>(value:&str)->Result<T,String>{serde_json::from_str(value).map_err(|error|format!("invalid Hero custody ...
  |    ^^^^^^

warning: function `add_wire` is never used
 --> apps\simulation\src\runtime\hero_registry_scan.rs:9:4
  |
9 | fn add_wire(census:&mut HeroCarrierCensus,item:&UserItem,origin:CarrierOrigin,forbidden_bind:u16)->Result<(),String>{
  |    ^^^^^^^^

warning: function `add_items` is never used
  --> apps\simulation\src\runtime\hero_registry_scan.rs:21:4
   |
21 | fn add_items(census:&mut HeroCarrierCensus,encoded:&[String],origin:CarrierOrigin,forbidden:u16)->Result<(),String>{
   |    ^^^^^^^^^

warning: function `add_character` is never used
  --> apps\simulation\src\runtime\hero_registry_scan.rs:32:4
   |
32 | fn add_character(census:&mut HeroCarrierCensus,save:&CharacterSaveRecord,mirrored:bool)->Result<(),String>{
   |    ^^^^^^^^^^^^^

warning: function `validate_shared_hero_physical_custody` is never used
  --> apps\simulation\src\runtime\hero_registry_scan.rs:86:15
   |
86 | pub(crate) fn validate_shared_hero_physical_custody(store:&AccountStore)->Result<(),String>{
   |               ^^^^^^^^^^^^^^^^^^^^^^^^^^^^^^^^^^^^^

warning: function `hero_inventory_item_is_broken` is never used
    --> apps\simulation\src\runtime\items.rs:3452:4
     |
3452 | fn hero_inventory_item_is_broken(item: &ItemState) -> bool {
     |    ^^^^^^^^^^^^^^^^^^^^^^^^^^^^^

warning: function `hero_inventory_requirement_stat` is never used
    --> apps\simulation\src\runtime\items.rs:3456:4
     |
3456 | fn hero_inventory_requirement_stat(item: &ItemState, stat: u8) -> i32 {
     |    ^^^^^^^^^^^^^^^^^^^^^^^^^^^^^^^

warning: function `repair_conquest_asset` is never used
    --> apps\simulation\src\runtime\monsters.rs:1879:15
     |
1879 | pub(super) fn repair_conquest_asset(world: &mut World, ai: u8, asset_id: u8) -> bool {
     |               ^^^^^^^^^^^^^^^^^^^^^

warning: function `crystal_npc_visible_to_character` is never used
   --> apps\simulation\src\runtime\npc.rs:246:15
    |
246 | pub(super) fn crystal_npc_visible_to_character(
    |               ^^^^^^^^^^^^^^^^^^^^^^^^^^^^^^^^

warning: function `complete_quest` is never used
    --> apps\simulation\src\runtime\quests.rs:1094:15
     |
1094 | pub(super) fn complete_quest(world: &mut World, quest_id: i32) {
     |               ^^^^^^^^^^^^^^

warning: function `quest_info_by_id_unchecked` is never used
   --> apps\simulation\src\runtime\newcomer_v2.rs:231:27
    |
231 | pub(in crate::runtime) fn quest_info_by_id_unchecked(quest_id: i32) -> Option<ClientQuestInfo> {
    |                           ^^^^^^^^^^^^^^^^^^^^^^^^^^

warning: function `default_save_for_character` is never used
  --> apps\simulation\src\runtime\save.rs:76:15
   |
76 | pub(super) fn default_save_for_character(
   |               ^^^^^^^^^^^^^^^^^^^^^^^^^^

warning: function `persist_character_save` is never used
   --> apps\simulation\src\runtime\save.rs:926:15
    |
926 | pub(super) fn persist_character_save(
    |               ^^^^^^^^^^^^^^^^^^^^^^

warning: function `bank_mentor_gain` is never used
   --> apps\simulation\src\runtime\shared_relationships.rs:321:15
    |
321 | pub(super) fn bank_mentor_gain(
    |               ^^^^^^^^^^^^^^^^

warning: method `game_shop_buy_product` is never used
    --> apps\simulation\src\runtime\stage5.rs:4304:8
     |
3234 | impl SimulationSession {
     | ---------------------- method in this implementation
...
4304 |     fn game_shop_buy_product(
     |        ^^^^^^^^^^^^^^^^^^^^^

warning: struct `ZoneExperienceProfile` is never constructed
  --> apps\simulation\src\runtime\zone\experience.rs:13:12
   |
13 | pub struct ZoneExperienceProfile {
   |            ^^^^^^^^^^^^^^^^^^^^^

warning: method `select` is never used
  --> apps\simulation\src\runtime\zone\experience.rs:41:19
   |
40 | impl ZoneExperienceProfile {
   | -------------------------- method in this implementation
41 |     pub(super) fn select(
   |                   ^^^^^^

warning: method `apply_native_monster_direct_damage` is never used
     --> apps\simulation\src\runtime\zone\runtime.rs:12276:8
      |
  573 | impl ZoneRuntime {
      | ---------------- method in this implementation
...
12276 |     fn apply_native_monster_direct_damage(
      |        ^^^^^^^^^^^^^^^^^^^^^^^^^^^^^^^^^^

warning: function `hell_can_move` is never used
  --> apps\simulation\src\runtime\zone\runtime\hell_ai.rs:68:15
   |
68 | pub(super) fn hell_can_move(m: &ZoneNativeMonster) -> bool {
   |               ^^^^^^^^^^^^^

warning: function `hell_can_regen` is never used
  --> apps\simulation\src\runtime\zone\runtime\hell_ai.rs:74:15
   |
74 | pub(super) fn hell_can_regen(m: &ZoneNativeMonster) -> bool {
   |               ^^^^^^^^^^^^^^

warning: methods `blocking` and `set_replay_seed` are never used
   --> apps\simulation\src\runtime\zone\intelligent_creatures.rs:183:12
    |
112 | impl ZoneIntelligentCreature {
    | ---------------------------- methods in this implementation
...
183 |     pub fn blocking(&self) -> bool {
    |            ^^^^^^^^
...
187 |     pub fn set_replay_seed(&mut self, seed: u64) {
    |            ^^^^^^^^^^^^^^^

warning: `mir2-simulation` (lib) generated 78 warnings (run `cargo fix --lib -p mir2-simulation` to apply 8 suggestions)
warning: function `fixture` is never used
  --> apps\simulation\tests\shared_monster_pet_special_ai.rs:68:4
   |
68 | fn fixture(id: u32, ai: u8, hp: i32, name: &str) -> ZoneRuntime {
   |    ^^^^^^^
   |
   = note: `#[warn(dead_code)]` (part of `#[warn(unused)]`) on by default

warning: `mir2-simulation` (test "shared_monster_pet_special_ai") generated 1 warning
    Finished `test` profile [unoptimized + debuginfo] target(s) in 0.24s
     Running tests\shared_monster_horned_encounter_ai.rs (C:/mir2-build/gateway-tests-r49\debug\deps\shared_monster_horned_encounter_ai-6838b02da5392b4e.exe)

running 11 tests
test commander_basic_attack_hits_owned_target_at_five_hundred_ms ... ok
test commander_boulder_ring_uses_source_offsets_without_parent_stat_inheritance ... ok
test commander_rock_fall_keeps_all_source_cells_and_nine_visible_centers ... ok
test commander_shield_expires_and_death_kills_its_real_sorceror_slave ... ok
test invalidated_stomp_does_not_hit_new_life_but_still_releases_immunity ... ok
test sorceror_captured_owned_target_retirement_cancels_damage_but_not_release ... ok
test sorceror_charged_stomp_has_real_shared_damage_and_immunity_until_completion ... ok
test sorceror_native_tornado_is_environment_struck_and_source_retirement_stops_it ... ok
test sorceror_owned_target_stomp_restores_real_hit_and_releases_immunity ... ok
test source_zero_sc_stomp_preserves_no_pending_damage_instead_of_inventing_dc ... ok
test tornado_is_twenty_five_real_cells_one_visual_and_delayed_environment_struck ... ok

test result: ok. 11 passed; 0 failed; 0 ignored; 0 measured; 0 filtered out; finished in 0.86s

     Running tests\shared_monster_hugger_ai.rs (C:/mir2-build/gateway-tests-r49\debug\deps\shared_monster_hugger_ai-68a41d1f60ffad8d.exe)

running 11 tests
test hugger_blocked_first_player_stops_later_owned_monster_blast ... ok
test hugger_green_death_clears_observer_mask_and_cannot_poison_reused_id ... ok
test hugger_keeps_a_real_owned_target_and_uses_300ms_melee ... ok
test hugger_max_poison_resistance_blocks_green_without_blocking_blast_damage ... ok
test hugger_scans_at_completion_and_clears_old_player_life ... ok
test hugger_successful_explosion_applies_real_green_status_and_expires_it ... ok
test hugger_tagged_suicide_awards_once_and_never_rewards_expired_or_offline_owner ... ok
test poison_hugger_captures_actual_owned_monster_and_finishes_after_500ms ... ok
test poison_hugger_captures_victims_on_death_and_restores_delayed_damage ... ok
test poison_hugger_real_template_does_not_invent_damage_from_zero_dc ... ok
test poison_hugger_retired_owned_target_does_not_receive_captured_blast ... ok

test result: ok. 11 passed; 0 failed; 0 ignored; 0 measured; 0 filtered out; finished in 0.12s

     Running tests\shared_monster_kirin_snow_ai.rs (C:/mir2-build/gateway-tests-r49\debug\deps\shared_monster_kirin_snow_ai-a7c5a614cbf2e5e4.exe)

running 9 tests
test kirin_ice_thrust_damages_real_pet_and_applies_checkpointed_slow ... ok
test kirin_ice_thrust_hits_immediately_with_nonzero_mc_fixture ... ok
test kirin_zero_stat_fixture_does_not_create_damage ... ok
test snow_attack_is_delayed_checkpointed_and_consumed_once ... ok
test snow_death_blast_hits_real_pet_and_player_with_mac_after_500ms ... ok
test snow_death_blast_occurs_after_500ms_and_is_not_repeated ... ok
test snow_low_health_spawns_once_and_death_adopts_live_wolves ... ok
test snow_pending_strike_does_not_hit_revived_player_life ... ok
test snow_pet_only_melee_delays_actual_ac_damage_and_restores_once ... ok

test result: ok. 9 passed; 0 failed; 0 ignored; 0 measured; 0 filtered out; finished in 0.11s

     Running tests\shared_monster_mud_boulder_ai.rs (C:/mir2-build/gateway-tests-r49\debug\deps\shared_monster_mud_boulder_ai-be59a5f7c5263618.exe)

running 16 tests
test boulder_dies_immediately_then_explodes_300ms_later_once_for_all_observers ... ok
test boulder_direct_kill_awards_once_per_incarnation_and_allocates_fresh_drop_ids ... ok
test boulder_does_not_treat_unowned_wild_monster_as_an_opponent ... ok
test boulder_explosion_uses_impact_positions_and_ignores_hiding_after_activation ... ok
test boulder_owned_monster_triggers_delayed_blast_without_visible_player ... ok
test boulder_pending_checkpoint_cannot_be_cancelled_by_personal_refresh_or_repeated_ticks ... ok
test boulder_without_visible_targets_stands_and_real_zero_stats_are_not_fabricated ... ok
test mud_checkpoint_and_dead_attacker_keep_launched_actions_without_new_incarnation_overwrite ... ok
test mud_line_combines_first_native_tile_and_second_player_tile ... ok
test mud_line_hits_two_tiles_at_550_and_600ms_and_is_shared_once ... ok
test mud_line_reaches_real_owned_monster_at_550ms_and_restores_pending ... ok
test mud_mac_can_absorb_the_ranged_hit_and_absorbed_hits_do_not_apply_green ... ok
test mud_pending_hit_cannot_cross_leave_rejoin_vital_revive_or_packet_revive ... ok
test mud_pending_native_target_is_invalidated_by_real_retirement ... ok
test mud_ranged_uses_mac_delay_extra_cooldown_and_keeps_chasing_during_cooldown ... ok
test mud_zombie_snake_totem_forces_actual_attack_away_from_retained_player ... ok

test result: ok. 16 passed; 0 failed; 0 ignored; 0 measured; 0 filtered out; finished in 0.13s

     Running tests\shared_monster_pet_special_ai.rs (C:/mir2-build/gateway-tests-r49\debug\deps\shared_monster_pet_special_ai-d40e2010e1206c0b.exe)

running 3 tests
test toad_spawn_lock_and_exact_projectile_timer_survive_checkpoint ... ok
test vampire_healing_arrives_after_one_second_in_ten_hp_slices ... ok
test vampire_pool_is_cleared_before_same_id_owner_rejoins ... ok

test result: ok. 3 passed; 0 failed; 0 ignored; 0 measured; 0 filtered out; finished in 0.09s

     Running tests\shared_monster_revival_ai.rs (C:/mir2-build/gateway-tests-r49\debug\deps\shared_monster_revival_ai-aaf8790cec436dc4.exe)

running 8 tests
test checkpointed_dead_zombie_replays_one_revival_without_reroll_or_second_reward ... ok
test expired_corpse_is_removed_before_overdue_revival_after_long_offline_interval ... ok
test final_death_clears_poison_from_body_and_late_observer_snapshot_once ... ok
test monster_incarnation_survives_metadata_checkpoint_and_actual_replacement ... ok
test personal_spawn_refresh_cannot_replace_a_pending_self_revival_without_respawn_policy ... ok
test random_zero_one_or_two_revivals_scale_each_life_and_reward_independently ... ok
test revival_delay_includes_four_and_twenty_three_seconds_without_fixed_count ... ok
test revival_discards_prior_life_control_deadline_and_retained_poison ... ok

test result: ok. 8 passed; 0 failed; 0 ignored; 0 measured; 0 filtered out; finished in 0.53s

     Running tests\shared_monster_shinsu_ai.rs (C:/mir2-build/gateway-tests-r49\debug\deps\shared_monster_shinsu_ai-7cee20d9a05da8be.exe)

running 4 tests
test owned_shinsu_transforms_then_hits_both_line_cells_at_550_and_600ms ... ok
test shinsu_ignores_friendly_line_cell_but_damages_hostile_second_cell ... ok
test shinsu_line_uses_impact_armour_and_owner_disconnect_cancels_pending_hit ... ok
test shinsu_returns_to_small_visible_form_only_after_thirty_seconds_without_target ... ok

test result: ok. 4 passed; 0 failed; 0 ignored; 0 measured; 0 filtered out; finished in 0.09s

     Running tests\shared_monster_spider_ai.rs (C:/mir2-build/gateway-tests-r49\debug\deps\shared_monster_spider_ai-cbc25cc9da8b2c53.exe)

running 17 tests
test adjacent_spider_dies_then_explodes_once_at_500ms_for_both_observers ... ok
test bomb_positive_real_pet_hit_can_apply_sc_powered_green_poison ... ok
test bomb_real_pet_only_dies_then_delayed_acagility_hits_pet_not_owner ... ok
test damaged_spider_suicide_credits_owner_once_but_expired_tag_does_not ... ok
test explosion_uses_impact_positions_and_never_hits_outside_radius_one ... ok
test five_minute_lifetime_is_strict_and_survives_blocked_movement ... ok
test full_poison_resistance_blocks_explosion_poison_while_damage_still_lands ... ok
test missing_target_triggers_death_and_corpse_expires_without_resurrection ... ok
test ordinary_monster_has_no_spider_lifecycle_state ... ok
test pending_explosion_checkpoint_replays_identical_damage_and_never_reexecutes ... ok
test player_kill_awards_drops_once_and_personal_refresh_cannot_cancel_pending_explosion ... ok
test root_children_keep_independent_drop_rolls_and_reward_only_their_actual_deaths ... ok
test root_pending_spawn_does_not_inherit_retired_pet_life ... ok
test root_pending_spawn_survives_producer_death_refresh_and_checkpoint_exactly_once ... ok
test root_spider_real_pet_target_is_captured_and_inherited_by_real_child ... ok
test root_spider_summons_one_shared_child_after_500ms_with_source_relationship_and_cadence ... ok
test root_twenty_live_child_cap_survives_repeated_ticks_and_replenishes_a_dead_child ... ok

test result: ok. 17 passed; 0 failed; 0 ignored; 0 measured; 0 filtered out; finished in 0.56s

     Running tests\shared_monster_stone_trap_ai.rs (C:/mir2-build/gateway-tests-r49\debug\deps\shared_monster_stone_trap_ai-2e1c0c7758ed95da.exe)

running 5 tests
test monster_decoy_swing_reduces_trap_hp_after_500ms_without_player_credit ... ok
test monsters_can_kill_a_stone_trap_without_awarding_its_owner_xp_or_loot ... ok
test stone_trap_dies_when_owner_exceeds_fifteen_cells_without_chasing ... ok
test stone_trap_expires_through_death_then_retains_source_corpse_interval ... ok
test stone_trap_has_source_image_extra_and_owner_name ... ok

test result: ok. 5 passed; 0 failed; 0 ignored; 0 measured; 0 filtered out; finished in 0.10s

     Running tests\shared_monster_thunder_ai.rs (C:/mir2-build/gateway-tests-r49\debug\deps\shared_monster_thunder_ai-f968dc53f96dfe95.exe)

running 5 tests
test successful_repulsion_can_kill_thunder_and_rewards_exactly_once ... ok
test thunder_acquires_real_pet_and_bursts_at_300ms_without_fake_player_damage ... ok
test thunder_burst_is_delayed_shared_aoe_and_checkpoint_resumes_once ... ok
test thunder_kills_real_pet_without_awarding_the_pet_owner_a_kill ... ok
test thunder_rejects_ordinary_lethal_damage_without_a_reward ... ok

test result: ok. 5 passed; 0 failed; 0 ignored; 0 measured; 0 filtered out; finished in 0.09s

     Running tests\shared_monster_vampire_ai.rs (C:/mir2-build/gateway-tests-r49\debug\deps\shared_monster_vampire_ai-b81e96e9a406405f.exe)

running 3 tests
test vampire_bite_settles_mac_damage_in_attack_update_and_queues_vamp_once ... ok
test vampire_expiry_explodes_once_with_exact_pet_level_damage_and_checkpoint ... ok
test vampire_fully_armoured_hit_does_not_create_vampire_pool ... ok

test result: ok. 3 passed; 0 failed; 0 ignored; 0 measured; 0 filtered out; finished in 0.08s

