To honour the JVM settings for this build a single-use Daemon process will be forked. For more on this, please refer to https://docs.gradle.org/8.11.1/userguide/gradle_daemon.html#sec:disabling_the_daemon in the Gradle documentation.
Daemon will be stopped at the end of the build 
> Task :app:preBuild UP-TO-DATE
> Task :app:preDebugBuild UP-TO-DATE
> Task :app:generateDebugBuildConfig UP-TO-DATE
> Task :app:javaPreCompileDebug UP-TO-DATE
> Task :app:checkDebugAarMetadata UP-TO-DATE
> Task :app:generateDebugResValues UP-TO-DATE
> Task :app:mapDebugSourceSetPaths UP-TO-DATE
> Task :app:generateDebugResources UP-TO-DATE
> Task :app:mergeDebugResources UP-TO-DATE
> Task :app:packageDebugResources UP-TO-DATE
> Task :app:parseDebugLocalResources UP-TO-DATE
> Task :app:createDebugCompatibleScreenManifests UP-TO-DATE
> Task :app:extractDeepLinksDebug UP-TO-DATE
> Task :app:processDebugMainManifest UP-TO-DATE
> Task :app:processDebugManifest UP-TO-DATE
> Task :app:processDebugManifestForPackage UP-TO-DATE
> Task :app:processDebugResources UP-TO-DATE
> Task :app:compileDebugJavaWithJavac UP-TO-DATE
> Task :app:bundleDebugClassesToRuntimeJar UP-TO-DATE
> Task :app:bundleDebugClassesToCompileJar UP-TO-DATE
> Task :app:preDebugUnitTestBuild UP-TO-DATE
> Task :app:javaPreCompileDebugUnitTest UP-TO-DATE
> Task :app:compileDebugUnitTestJavaWithJavac UP-TO-DATE
> Task :app:processDebugJavaRes NO-SOURCE
> Task :app:processDebugUnitTestJavaRes NO-SOURCE
> Task :app:testDebugUnitTest UP-TO-DATE
> Task :app:preUiPreviewBuild UP-TO-DATE
> Task :app:generateUiPreviewBuildConfig UP-TO-DATE
> Task :app:javaPreCompileUiPreview UP-TO-DATE
> Task :app:checkUiPreviewAarMetadata UP-TO-DATE
> Task :app:generateUiPreviewResValues UP-TO-DATE
> Task :app:mapUiPreviewSourceSetPaths UP-TO-DATE
> Task :app:generateUiPreviewResources UP-TO-DATE
> Task :app:mergeUiPreviewResources UP-TO-DATE
> Task :app:packageUiPreviewResources UP-TO-DATE
> Task :app:parseUiPreviewLocalResources UP-TO-DATE
> Task :app:createUiPreviewCompatibleScreenManifests UP-TO-DATE
> Task :app:extractDeepLinksUiPreview UP-TO-DATE
> Task :app:processUiPreviewMainManifest UP-TO-DATE
> Task :app:processUiPreviewManifest UP-TO-DATE
> Task :app:processUiPreviewManifestForPackage UP-TO-DATE
> Task :app:processUiPreviewResources UP-TO-DATE
> Task :app:compileUiPreviewJavaWithJavac UP-TO-DATE
> Task :app:bundleUiPreviewClassesToRuntimeJar UP-TO-DATE
> Task :app:bundleUiPreviewClassesToCompileJar UP-TO-DATE
> Task :app:preUiPreviewUnitTestBuild UP-TO-DATE
> Task :app:javaPreCompileUiPreviewUnitTest UP-TO-DATE
> Task :app:compileUiPreviewUnitTestJavaWithJavac UP-TO-DATE
> Task :app:processUiPreviewJavaRes NO-SOURCE
> Task :app:processUiPreviewUnitTestJavaRes NO-SOURCE
> Task :app:testUiPreviewUnitTest UP-TO-DATE

BUILD SUCCESSFUL in 5s
42 actionable tasks: 42 up-to-date
