   Compiling mir2-client-bevy v0.1.0 (/Users/henryliu/obelisk/numeron-worktrees/android-shared-sync/mir2-web3/apps/game-client/client-bevy)
warning: method `normalize_bindings` is never used
   --> /Users/henryliu/obelisk/numeron-worktrees/android-shared-sync/mir2-web3/apps/game-client/client-bevy/src/skill_binding_ui.rs:331:8
    |
133 | impl SkillBindingUi {
    | ------------------- method in this implementation
...
331 |     fn normalize_bindings(&mut self) {
    |        ^^^^^^^^^^^^^^^^^^
    |
    = note: `#[warn(dead_code)]` (part of `#[warn(unused)]`) on by default

warning: `mir2-client-bevy` (lib) generated 1 warning
   Compiling mir2-bevy-runtime v0.1.0 (/Users/henryliu/obelisk/numeron-worktrees/android-shared-sync/mir2-web3/apps/game-client/runtime)
    Finished `test` profile [unoptimized + debuginfo] target(s) in 11.43s
     Running unittests src/lib.rs (mir2-web3/apps/game-client/platform-android/target/shared-sync-build-cache/debug/deps/mir2_bevy_runtime-e4e6e12b50fd9ce2)

running 293 tests
test additive_material::gpu_tests::dense_map_animation_gpu_comparison ... ignored, explicit offscreen GPU comparison; run alone with --ignored --nocapture
test additive_material::tests::additive_material_cache_retains_exact_atlas_uv_rect ... ok
test additive_material::tests::changing_one_shared_alias_preserves_other_effects_and_rejoins_exact_parameters ... ok
test additive_material::tests::crystal_blend_preserves_additive_rgb_without_opaque_black_alpha ... ok
test additive_material::tests::effect_material_cache_evicts_stale_entries_and_remains_bounded ... ok
test additive_material::tests::shader_derives_alpha_coverage_from_additive_brightness ... ok
test additive_material::tests::unchanged_additive_lookup_does_not_emit_asset_modified_events ... ok
test android_schedule_cleanup::tests::removal_keeps_resource_and_other_schedules_alive ... ok
test android_schedule_cleanup::tests::scoped_removal_does_not_require_running_the_unsupported_system ... ok
test capture_context::tests::cleared_scene_retains_new_epoch_without_old_authority ... ok
test capture_context::tests::consumed_day_is_ready_without_a_darkness_pass_and_transitions_to_night ... ok
test capture_context::tests::day_still_requires_valid_consumed_identity_setting_and_dimensions ... ok
test capture_context::tests::delayed_lighting_stays_unready_until_consumed ... ok
test capture_context::tests::native_queue_is_not_capture_authority_until_the_consumer_runs ... ok
test capture_context::tests::producer_progress_without_consumption_cannot_change_capture ... ok
test capture_context::tests::same_title_on_another_map_cannot_borrow_old_lighting ... ok
test capture_context::tests::title_is_not_used_as_the_lighting_file_identity ... ok
test effect_mask_shadow_tests::additive_toggle_rebuilds_all_required_layers ... ok
test effect_mask_shadow_tests::effect_shadow_uses_manifest_offsets ... ok
test effect_mask_shadow_tests::frame_with_mask_emits_mask_render_state ... ok
test effect_mask_shadow_tests::lighting_buffer_and_composite_follow_the_presented_main_camera ... ok
test effect_mask_shadow_tests::missing_mask_falls_back_without_placeholder ... ok
test effect_mask_shadow_tests::shadow_renders_below_primary_effect ... ok
test effect_mask_shadow_tests::shared_light_material_rebinds_an_opacity_only_change_without_fading_its_neighbor ... ok
test effect_mask_shadow_tests::sync_effect_render_disabled_snapshot_clears_all_layers ... ok
test effect_mask_shadow_tests::sync_effect_render_keeps_bounded_preload_images_until_snapshot_releases_them ... ok
test effect_mask_shadow_tests::sync_effect_render_mask_geometry_follows_nonzero_to_zero ... ok
test effect_mask_shadow_tests::sync_effect_render_no_shadow_when_only_single_axis_missing ... ok
test effect_mask_shadow_tests::sync_effect_render_scene_reset_recycles_shadow_assets ... ok
test effect_mask_shadow_tests::sync_effect_render_shadow_zero_axes_still_spawn_and_update_in_place ... ok
test effect_mask_shadow_tests::sync_effect_render_spawns_primary_mask_and_shadow_and_cleans_up ... ok
test effect_mask_shadow_tests::sync_lighting_is_bounded_and_clears_on_map_logout_or_reconnect_reset ... ok
test effect_mask_shadow_tests::sync_lighting_stage_resize_rebuilds_without_leaking_old_targets ... ok
test entity_animation::tests::action_feed_preserves_walk_run_attack_and_struck_fifo_order ... ok
test entity_animation::tests::clock_is_monotonic ... ok
test entity_animation::tests::crystal_default_catalogs_match_audited_frame_sets ... ok
test entity_animation::tests::custom_catalog_rejects_invalid_or_missing_actions ... ok
test entity_animation::tests::die_clears_later_actions_and_holds_dead ... ok
test entity_animation::tests::draw_frame_uses_crystal_direction_stride_and_signed_reverse_offset ... ok
test entity_animation::tests::event_sequence_must_increase ... ok
test entity_animation::tests::harvested_monster_transitions_from_dead_to_persistent_skeleton ... ok
test entity_animation::tests::kind_change_without_remove_still_reincarnates ... ok
test entity_animation::tests::latest_player_locomotion_preserves_waiting_combat_fifo ... ok
test entity_animation::tests::latest_player_locomotion_restarts_without_stale_queueing ... ok
test entity_animation::tests::monster_spawn_uses_seeded_random_frame_and_100_ms_grid ... ok
test entity_animation::tests::npc_reselects_standing_or_harvest_with_audited_intervals ... ok
test entity_animation::tests::per_object_rng_is_independent_of_spawn_order ... ok
test entity_animation::tests::player_standing_starts_at_zero_and_cycles_every_500_ms ... ok
test entity_animation::tests::repeated_snapshot_preserves_phase_queue_deadline_rng_and_incarnation ... ok
test entity_animation::tests::revive_barrier_discards_stale_actions_blocking_a_dead_actor ... ok
test entity_animation::tests::revive_draws_reverse_frames_and_returns_to_standing ... ok
test entity_animation::tests::show_and_hide_use_source_frames_and_complete_deterministically ... ok
test entity_animation::tests::show_interrupts_an_in_progress_hide_instead_of_stalling_in_the_queue ... ok
test entity_animation::tests::stale_incarnation_cannot_receive_events ... ok
test entity_animation_bridge::tests::a_world_or_clock_reset_replaces_bridge_state ... ok
test entity_animation_bridge::tests::action_events_remain_fifo ... ok
test entity_animation_bridge::tests::attack_range_two_round_trips_as_the_ranged_animation_state ... ok
test entity_animation_bridge::tests::removing_and_readding_an_id_creates_a_new_incarnation ... ok
test entity_animation_bridge::tests::repeated_snapshots_do_not_restart_an_event ... ok
test entity_atlas_tests::additive_entity_layer_keeps_exact_atlas_uv_subrect ... ok
test entity_atlas_tests::additive_entity_layer_uses_material_mesh_and_evicts_on_removal ... ok
test entity_atlas_tests::animation_frames_extend_one_stable_atlas_layout ... ok
test entity_atlas_tests::animation_page_switch_retains_each_atlas_layout ... ok
test entity_atlas_tests::authoritative_actor_tint_updates_and_clears_on_one_retained_sprite ... ok
test entity_atlas_tests::cached_layout_must_cover_new_transient_action_rects ... ok
test entity_atlas_tests::disabled_map_render_releases_additive_map_materials ... ok
test entity_atlas_tests::effect_render_position_matches_entity_layer_contract ... ok
test entity_atlas_tests::effect_render_state_deserializes_entries ... ok
test entity_atlas_tests::entity_layer_rebuilds_between_sprite_and_additive_mesh_with_same_stable_key ... ok
test entity_atlas_tests::map_atlas_layout_accumulates_rects_across_viewports ... ok
test entity_atlas_tests::map_handoff_keeps_previous_layout_while_next_page_is_pending ... ok
test entity_atlas_tests::map_handoff_waits_for_retained_url_animation_pixels ... ok
test entity_atlas_tests::map_handoff_waits_for_url_standalone_pixels_not_just_handle ... ok
test entity_atlas_tests::map_render_binding_coverage_reports_missing_rects ... ok
test entity_atlas_tests::map_render_state_accepts_standalone_image_urls ... ok
test entity_atlas_tests::map_render_state_retains_animation_family_keys_without_drawing_them ... ok
test entity_atlas_tests::map_render_url_sources_include_atlases_and_standalone_tiles ... ok
test entity_atlas_tests::native_atlas_layer_waits_for_uploaded_image_without_loading_debug_path ... ok
test entity_atlas_tests::pending_entity_center_retains_camera_with_the_previous_actor_frame ... ok
test entity_atlas_tests::regular_animation_uses_direct_image_rect_on_one_retained_sprite ... ok
test entity_atlas_tests::retained_actor_root_uses_target_xy_and_crystal_motion_sort_depth ... ok
test entity_atlas_tests::retained_self_advances_during_center_wait_without_changing_its_screen_anchor ... ok
test entity_atlas_tests::stable_map_render_revision_skips_only_the_applied_image_generation ... ok
test entity_atlas_tests::stale_additive_map_tile_releases_its_material_and_image_handle ... ok
test entity_atlas_tests::unready_actor_layer_defers_the_whole_composite ... ok
test entity_atlas_tests::unready_entity_image_switch_retains_the_visible_binding ... ok
test fallback_hierarchy_tests::fallback_scene_roots_propagate_transform_and_visibility_to_sprite_children ... ok
test interpolation::tests::alpha_equal_timestamps_degenerate_returns_one ... ok
test interpolation::tests::alpha_inverted_timestamps_returns_one ... ok
test interpolation::tests::alpha_midpoint ... ok
test interpolation::tests::alpha_quarter_point ... ok
test interpolation::tests::alpha_render_after_next_clamps_to_one ... ok
test interpolation::tests::alpha_render_before_prev_clamps_to_zero ... ok
test interpolation::tests::buffer_evicts_oldest_on_third_push ... ok
test interpolation::tests::buffer_not_ready_when_empty ... ok
test interpolation::tests::buffer_not_ready_with_one_snapshot ... ok
test interpolation::tests::buffer_ready_with_two_snapshots ... ok
test interpolation::tests::grid_to_world_origin ... ok
test interpolation::tests::grid_to_world_positive_x_negative_y_in_world ... ok
test interpolation::tests::lerp_midpoint ... ok
test interpolation::tests::lerp_t0_returns_a ... ok
test interpolation::tests::lerp_t1_returns_b ... ok
test lighting::tests::dead_spell_light_is_preserved_like_crystal_object_loop ... ok
test lighting::tests::entity_strength_dead_rules_and_two_hundred_cap_match_crystal ... ok
test lighting::tests::map_override_and_native_range_placement_mismatch_match_crystal ... ok
test lighting::tests::multiply_material_uses_destination_colour_not_alpha_black ... ok
test lighting::tests::multiply_shader_samples_the_completed_light_buffer ... ok
test lighting::tests::stage_and_source_validation_fail_closed_and_remain_bounded ... ok
test lighting::tests::virtual_light_guard_covers_run_without_enlarging_the_offscreen_target ... ok
test lighting::tests::web_crystal_light_setting_and_darkness_mapping_is_exact ... ok
test local_motion::tests::applied_center_candidate_starts_on_the_command_frame_without_a_ts_window ... ok
test local_motion::tests::clean_ack_keeps_original_segment_alive ... ok
test local_motion::tests::command_fifo_is_bounded ... ok
test local_motion::tests::command_produces_crystal_stepped_candidate ... ok
test local_motion::tests::confirmed_successor_rebases_once_against_the_previous_command_origin ... ok
test local_motion::tests::connected_commands_retain_committed_local_presentation_ownership ... ok
test local_motion::tests::correction_or_degraded_target_stays_typescript_owned ... ok
test local_motion::tests::delayed_tick_advances_only_one_crystal_phase ... ok
test local_motion::tests::final_phase_finishes_on_the_sixth_scene_pulse_without_an_ack ... ok
test local_motion::tests::first_phase_gets_a_full_hundred_milliseconds_near_a_shared_pulse ... ok
test local_motion::tests::first_phase_latches_when_bevy_consumes_the_command ... ok
test local_motion::tests::left_command_source_center_exposes_crystals_first_eight_pixels ... ok
test local_motion::tests::matching_segment_target_survives_settle_but_correction_falls_back ... ok
test local_motion::tests::mounted_walk_finishes_on_the_eighth_scene_pulse ... ok
test local_motion::tests::native_bridge_carries_input_and_toggle_across_threads ... ok
test local_motion::tests::native_producer_and_motion_consumer_share_the_same_preupdate ... ok
test local_motion::tests::overlapping_command_matches_fractional_typescript_window ... ok
test local_motion::tests::packed_target_mismatch_falls_back ... ok
test local_motion::tests::pixel_comparison_tracks_matches_and_max_delta ... ok
test local_motion::tests::plugin_ingests_and_publishes_serializable_diagnostics ... ok
test local_motion::tests::presentation_takeover_is_disabled_by_default_and_applies_pending_toggle ... ok
test local_motion::tests::scene_reset_rebases_same_frame_successor_from_its_command_origin ... ok
test local_motion::tests::smooth_display_advances_inside_phase_and_preserves_recenter_and_endpoint ... ok
test local_motion::tests::stale_typescript_window_is_counted_separately ... ok
test local_motion::tests::typescript_window_path_must_match_local_command_geometry ... ok
test local_motion::tests::unconfirmed_corrected_or_reset_paths_never_grant_old_center_handoff ... ok
test mail_service_runtime_tests::full_ui_fifo_still_delivers_the_single_flight_cost_and_reset_clears_it ... ok
test mail_service_runtime_tests::mail_service_events_are_ordered_and_clear_on_session_reset ... ok
test map_animation_tests::animation_family_exposes_exactly_one_phase ... ok
test map_animation_tests::crystal_animation_clock_advances_once_per_hundred_milliseconds ... ok
test map_animation_tests::crystal_animation_phase_matches_frame_and_tick_dwell_formula ... ok
test map_animation_tests::unchanged_sixteen_ms_map_frames_do_not_dirty_visibility ... ok
test motion::tests::entity_removal_clears_entry ... ok
test motion::tests::fractional_downward_move_offset_is_negative_y ... ok
test motion::tests::fractional_from_glide_start_is_preserved ... ok
test motion::tests::fractional_matches_integer_path_for_whole_cells ... ok
test motion::tests::fractional_offset_at_expiry_is_zero ... ok
test motion::tests::fractional_offset_inverted_or_zero_span_is_zero ... ok
test motion::tests::frozen_clock_future_skew_falls_back_to_now ... ok
test motion::tests::future_timestamp_skew_falls_back_to_now ... ok
test motion::tests::manual_clock_source_advances_deterministically ... ok
test motion::tests::movement_step_presented_at_start_midpoint_and_expiry ... ok
test motion::tests::new_entity_creates_entry ... ok
test motion::tests::new_entity_without_timing_uses_fallback_started ... ok
test motion::tests::no_change_and_no_timing_does_not_update_existing_entry ... ok
test motion::tests::offset_asymmetric_cell_dims ... ok
test motion::tests::offset_at_300ms_has_applied_four_of_six_frames ... ok
test motion::tests::offset_at_expiry_is_zero ... ok
test motion::tests::offset_at_t0_has_applied_crystals_first_frame_increment ... ok
test motion::tests::offset_degenerate_zero_duration ... ok
test motion::tests::offset_past_expiry_clamps_to_zero ... ok
test motion::tests::offset_uses_crystal_100ms_step_cadence ... ok
test motion::tests::offset_y_step ... ok
test motion::tests::position_change_updates_from_to_previous_to ... ok
test motion::tests::shared_move_clock_uses_one_pulse_per_display_tick ... ok
test motion::tests::stale_entity_removal_is_deterministic_under_frozen_clock ... ok
test motion::tests::table_get_returns_entry_after_insert ... ok
test motion::tests::table_get_returns_none_when_empty ... ok
test motion::tests::world_position_at_expiry_is_target_cell ... ok
test motion::tests::world_position_at_t0_has_advanced_one_crystal_frame ... ok
test motion::tests::world_position_y_axis_inverted ... ok
test movement_shadow::tests::clear_starts_a_fresh_diagnostic_session_without_restarting_fixed_time ... ok
test movement_shadow::tests::duplicate_ack_is_untracked_after_fifo_command_is_consumed ... ok
test movement_shadow::tests::event_schema_is_internally_tagged_and_camel_case ... ok
test movement_shadow::tests::latest_intent_replaces_older_intents_before_the_fixed_step ... ok
test movement_shadow::tests::malformed_json_is_counted_without_stopping_the_fixed_system ... ok
test movement_shadow::tests::matching_ack_compares_shadow_typescript_and_authoritative_positions ... ok
test movement_shadow::tests::mismatching_ack_preserves_diagnostic_prediction_then_reconciles_current_state ... ok
test movement_shadow::tests::mounted_or_swift_feet_three_tile_run_uses_the_explicit_target ... ok
test movement_shadow::tests::one_tile_run_landing_is_counted_as_confirmed_degradation ... ok
test movement_shadow::tests::ordinary_two_tile_run_uses_the_explicit_target_for_command_and_ack ... ok
test movement_shadow::tests::pending_event_queue_and_remote_segment_registry_are_bounded ... ok
test movement_shadow::tests::plugin_and_system_use_one_hundred_millisecond_fixed_ticks ... ok
test movement_shadow::tests::remote_motion_records_latest_segment_per_object ... ok
test movement_shadow::tests::reset_reinitializes_session_diagnostics_and_shadow_transforms ... ok
test movement_shadow::tests::target_vector_that_disagrees_with_direction_is_a_mismatch ... ok
test movement_shadow::tests::thread_local_getters_publish_a_serializable_snapshot ... ok
test movement_shadow::tests::turn_ack_requires_direction_match_even_when_tile_is_unchanged ... ok
test native_data_path_tests::data_reset_clears_all_character_read_models_before_next_account_snapshot ... ok
test native_data_path_tests::data_reset_includes_scene_reset_and_clears_all_models_and_pending ... ok
test native_data_path_tests::known_stage5_mail_metadata_explicitly_replaces_packet_metadata ... ok
test native_data_path_tests::native_game_shop_receipt_requires_exact_pending_request ... ok
test native_data_path_tests::native_mail_shop_storage_payloads_update_preserve_reject_and_reset ... ok
test native_data_path_tests::native_map_atlas_upload_reaches_the_render_registry ... ok
test native_data_path_tests::native_npc_service_opening_observation_clears_on_scene_and_session_reset ... ok
test native_data_path_tests::native_npc_service_queue_preserves_close_and_reopen_order ... ok
test native_data_path_tests::native_storage_nacks_release_exact_pending_operations_without_mutating_models ... ok
test native_data_path_tests::reset_drops_account_a_models_but_preserves_account_b_models_queued_after_it ... ok
test native_data_path_tests::scene_reset_clears_retained_camera_without_a_new_map_command ... ok
test native_data_path_tests::scene_reset_clears_scene_same_frame_but_preserves_personal_models_and_pending ... ok
test native_data_path_tests::scene_reset_retires_confirmed_old_map_handoff_but_keeps_new_map_command ... ok
test native_data_path_tests::skill_ingest_keeps_full_receipt_when_newer_model_arrives_in_same_frame ... ok
test native_data_path_tests::stage5_mail_snapshot_does_not_reuse_packet_metadata_after_session_reset ... ok
test native_data_path_tests::stage5_mail_snapshot_never_reuses_metadata_across_id_or_sender ... ok
test native_data_path_tests::stage5_mail_snapshot_retains_packet_metadata_for_exact_sender ... ok
test native_data_path_tests::storage_password_receipt_emits_system_feedback_without_mutating_the_model ... ok
test native_data_path_tests::storage_password_remove_failure_does_not_request_close ... ok
test native_data_path_tests::storage_password_remove_success_relocks_and_acknowledges_once ... ok
test native_data_path_tests::storage_password_results_use_pre_result_state_and_snapshots_stay_silent ... ok
test native_data_path_tests::unchanged_periodic_inventory_snapshot_keeps_pending_until_exact_nack ... ok
test native_ingest::tests::all_critical_flood_cannot_evict_the_reserved_game_shop_receipt ... ok
test native_ingest::tests::bounded_image_drain_makes_progress_without_consuming_the_whole_batch ... ok
test native_ingest::tests::bulk_render_assets_do_not_evict_the_state_that_references_them ... ok
test native_ingest::tests::critical_ack_uses_reserved_capacity_after_non_critical_flood ... ok
test native_ingest::tests::data_reset_clears_old_cost_reserve_but_keeps_post_reset_cost_reserve ... ok
test native_ingest::tests::exact_receipt_cannot_be_replaced_by_later_valid_wrong_receipts ... ok
test native_ingest::tests::game_shop_receipt_has_an_independent_slot_and_survives_snapshot_flood ... ok
test native_ingest::tests::hero_receipts_retain_each_snapshot_and_reset_with_session ... ok
test native_ingest::tests::high_frequency_snapshots_are_coalesced_to_the_latest_value ... ok
test native_ingest::tests::lighting_snapshot_coalesces_and_scene_reset_drops_only_the_stale_generation ... ok
test native_ingest::tests::mail_cost_reserve_does_not_displace_a_game_shop_receipt ... ok
test native_ingest::tests::mail_service_events_are_critical_ordered_and_removed_by_data_reset ... ok
test native_ingest::tests::malformed_and_oversized_receipts_never_enter_the_reserve ... ok
test native_ingest::tests::map_render_atlas_validates_and_coalesces_per_page ... ok
test native_ingest::tests::non_critical_event_flood_is_bounded_and_reports_backpressure ... ok
test native_ingest::tests::operation_ack_and_reset_survive_other_critical_message_floods ... ok
test native_ingest::tests::preserving_data_reset_atomically_rehydrates_and_keeps_exact_receipt ... ok
test native_ingest::tests::queued_mail_cost_survives_full_fifo_game_shop_receipt_and_keeps_its_position ... ok
test native_ingest::tests::queued_mail_cost_survives_full_fifo_operation_ack ... ok
test native_ingest::tests::rebuilding_runtime_invalidates_only_the_previous_buffer ... ok
test native_ingest::tests::reset_barriers_drop_scene_map_uploads_but_keep_immutable_entity_pages ... ok
test native_ingest::tests::reset_barriers_preserve_process_lifetime_entity_atlases ... ok
test native_ingest::tests::reset_discards_queued_stale_models_but_keeps_models_after_reset ... ok
test native_ingest::tests::saturated_native_fifo_reserves_one_valid_mail_cost_for_its_consumer ... ok
test native_ingest::tests::scene_reset_discards_old_scene_messages_but_keeps_personal_models ... ok
test native_ingest::tests::scene_reset_preserves_receipt_reserve_but_data_reset_clears_it ... ok
test native_ingest::tests::single_message_and_total_payload_bytes_are_bounded ... ok
test native_ingest::tests::skill_receipt_is_not_coalesced_with_newer_skill_snapshots ... ok
test native_ingest::tests::snapshot_coalescing_keeps_post_reset_order ... ok
test native_ingest::tests::type_specific_consumers_preserve_messages_for_later_consumers ... ok
test native_render_receipt::tests::changing_request_restarts_the_two_frame_presentation_gate ... ok
test native_render_receipt::tests::ready_requires_exact_complete_same_center_frame ... ok
test native_soak_metrics_tests::native_image_asset_counts_sum_cpu_payload_bytes ... ok
test native_soak_metrics_tests::native_image_path_bucket_preserves_source_library_identity ... ok
test native_soak_metrics_tests::native_soak_counts_empty_scene_are_zero ... ok
test native_soak_metrics_tests::native_soak_counts_separate_retained_layers_and_assets ... ok
test native_soak_metrics_tests::native_soak_metrics_json_includes_memory_diagnostic_fields ... ok
test native_world_receipt::tests::production_queue_only_receipts_the_consumed_snapshot_after_update ... ok
test native_world_receipt::tests::receipt_is_published_after_shared_state_application_not_tagging ... ok
test native_world_receipt::tests::untracked_legacy_world_does_not_create_or_reuse_a_receipt ... ok
test presentation_pose::tests::bridge_disable_does_not_change_bevy_camera_or_self_pose ... ok
test presentation_pose::tests::coherent_applied_center_tracks_rendered_layers_not_requested_snapshot ... ok
test presentation_pose::tests::committed_center_reconciles_settled_camera_before_publish ... ok
test presentation_pose::tests::default_snapshot_is_not_ready ... ok
test presentation_pose::tests::duplicate_entity_updates_in_place ... ok
test presentation_pose::tests::entity_buffer_is_bounded_and_disabled_frames_stay_empty ... ok
test presentation_pose::tests::frame_ids_are_monotonic_and_dispatch_receives_committed_json ... ok
test presentation_pose::tests::local_command_pose_publishes_the_same_sprite_motion_phase ... ok
test presentation_pose::tests::matching_self_window_promotes_source_without_moving_pixels ... ok
test presentation_pose::tests::mixed_or_incomplete_scene_frames_are_not_ready ... ok
test presentation_pose::tests::native_consumer_reads_exact_pose_without_enabling_the_dom_bridge ... ok
test presentation_pose::tests::publishes_exact_camera_and_entity_offsets ... ok
test remote_motion::tests::actors_started_between_pulses_advance_on_the_same_scene_tick ... ok
test remote_motion::tests::consecutive_segments_start_from_previous_fractional_pose ... ok
test remote_motion::tests::current_remove_clear_and_reset_evict_entries ... ok
test remote_motion::tests::disabled_by_default_discards_remote_motion ... ok
test remote_motion::tests::disabling_clears_existing_entries ... ok
test remote_motion::tests::disconnected_segment_uses_packet_source_instead_of_old_pose ... ok
test remote_motion::tests::enabled_walk_produces_crystal_stepped_offsets ... ok
test remote_motion::tests::malformed_json_is_bounded_and_does_not_stop_next_event ... ok
test remote_motion::tests::mounted_walk_remains_active_for_eight_scene_pulses ... ok
test remote_motion::tests::pending_json_queue_is_bounded ... ok
test remote_motion::tests::plugin_consumes_config_and_events_on_pre_update ... ok
test remote_motion::tests::presentation_registry_is_bounded_and_evicts_oldest ... ok
test remote_motion::tests::stale_motion_and_remove_cannot_replace_newer_segment ... ok
test remote_motion::tests::target_handshake_falls_back_until_packed_snapshot_catches_up ... ok
test remote_motion::tests::turn_segment_stops_motion_and_uses_fallback ... ok
test render_diagnostics::tests::command_correlation_detects_world_pullback_even_when_self_anchor_stays_locked ... ok
test render_diagnostics::tests::command_correlation_recenter_preserves_world_position_without_alarm ... ok
test render_diagnostics::tests::command_correlation_resets_on_turn_correction_focus_and_new_command ... ok
test render_diagnostics::tests::existing_full_file_is_not_extended_and_io_errors_propagate ... ok
test render_diagnostics::tests::file_budget_records_stop_reason_without_exceeding_limit ... ok
test render_diagnostics::tests::healthy_frames_still_emit_summary_and_markers_do_not_count_as_frames ... ok
test render_diagnostics::tests::real_file_writer_locks_and_flushes_session ... ok
test render_diagnostics::tests::ring_bounds_preroll_and_fixed_postroll_without_extending_on_anomalies ... ok
test render_diagnostics::tests::thresholds_are_inclusive_and_boundary_can_omit_anchor_alarm ... ok
test render_diagnostics::tests::time_bound_discards_old_frames_even_below_frame_cap ... ok
test self_camera_motion_tests::completed_prediction_keeps_camera_at_endpoint_until_map_commit ... ok
test self_camera_motion_tests::local_camera_preserves_later_crystal_phases_across_the_ack ... ok
test self_camera_motion_tests::local_camera_uses_the_current_committed_map_center ... ok
test self_camera_motion_tests::native_self_camera_window_crosses_the_input_render_thread_boundary ... ok
test self_camera_motion_tests::smooth_fallback_does_not_jump_one_sprite_phase_before_command_takeover ... ok
test self_camera_motion_tests::stale_scene_center_fails_closed_and_finished_step_stays_at_endpoint ... ok

test result: ok. 292 passed; 0 failed; 1 ignored; 0 measured; 0 filtered out; finished in 0.40s

