warning: use of deprecated method `bevy_ecs::world::World::iter_entities`: use world.query::<EntityRef>()` instead
   --> apps\simulation\src\runtime\monster_ai\great_fox_spirit.rs:163:28
    |
163 |     for candidate in world.iter_entities() {
    |                            ^^^^^^^^^^^^^
    |
    = note: `#[warn(deprecated)]` on by default

warning: use of deprecated method `bevy_ecs::world::World::iter_entities`: use world.query::<EntityRef>()` instead
    --> apps\simulation\src\runtime\packets.rs:7292:25
     |
7292 |     for entity in world.iter_entities() {
     |                         ^^^^^^^^^^^^^

warning: use of deprecated method `bevy_ecs::world::World::iter_entities`: use world.query::<EntityRef>()` instead
    --> apps\simulation\src\runtime\skills.rs:4946:10
     |
4946 |         .iter_entities()
     |          ^^^^^^^^^^^^^

warning: use of deprecated method `bevy_ecs::world::World::iter_entities`: use world.query::<EntityRef>()` instead
    --> apps\simulation\src\runtime\skills.rs:5028:10
     |
5028 |         .iter_entities()
     |          ^^^^^^^^^^^^^

warning: methods `scoped_to_account` and `scoped_to_accounts` are never used
   --> apps\simulation\src\config.rs:225:8
    |
109 | impl AccountStore {
    | ----------------- methods in this implementation
...
225 |     fn scoped_to_account(&self, account_id: &str) -> Self {
    |        ^^^^^^^^^^^^^^^^^
...
229 |     fn scoped_to_accounts(&self, account_ids: &[&str]) -> Self {
    |        ^^^^^^^^^^^^^^^^^^
    |
    = note: `#[warn(dead_code)]` (part of `#[warn(unused)]`) on by default

warning: variant `MacAgility` is never constructed
   --> apps\simulation\src\runtime\combat.rs:736:5
    |
729 | pub(super) enum CrystalDefence {
    |                 -------------- variant in this enum
...
736 |     MacAgility,
    |     ^^^^^^^^^^
    |
    = note: `CrystalDefence` has derived impls for the traits `Debug` and `Clone`, but these are intentionally ignored during dead code analysis

warning: method `socketed_count` is never used
   --> apps\simulation\src\runtime\equipment.rs:303:19
    |
119 | impl EquipmentState {
    | ------------------- method in this implementation
...
303 |     pub(super) fn socketed_count(&self) -> usize {
    |                   ^^^^^^^^^^^^^^

warning: function `equipment_state_identified` is never used
   --> apps\simulation\src\runtime\equipment.rs:308:15
    |
308 | pub(super) fn equipment_state_identified(item: &EquipmentState) -> bool {
    |               ^^^^^^^^^^^^^^^^^^^^^^^^^^

warning: function `equipment_state_soul_bound_id` is never used
   --> apps\simulation\src\runtime\equipment.rs:313:15
    |
313 | pub(super) fn equipment_state_soul_bound_id(item: &EquipmentState) -> i32 {
    |               ^^^^^^^^^^^^^^^^^^^^^^^^^^^^^

warning: function `repair_conquest_asset` is never used
    --> apps\simulation\src\runtime\monsters.rs:1813:15
     |
1813 | pub(super) fn repair_conquest_asset(world: &mut World, ai: u8, asset_id: u8) -> bool {
     |               ^^^^^^^^^^^^^^^^^^^^^

warning: function `complete_quest` is never used
   --> apps\simulation\src\runtime\quests.rs:814:15
    |
814 | pub(super) fn complete_quest(world: &mut World, quest_id: i32) {
    |               ^^^^^^^^^^^^^^

warning: function `default_save_for_character` is never used
  --> apps\simulation\src\runtime\save.rs:76:15
   |
76 | pub(super) fn default_save_for_character(
   |               ^^^^^^^^^^^^^^^^^^^^^^^^^^

warning: function `persist_character_save` is never used
   --> apps\simulation\src\runtime\save.rs:818:15
    |
818 | pub(super) fn persist_character_save(
    |               ^^^^^^^^^^^^^^^^^^^^^^

warning: method `game_shop_buy_product` is never used
    --> apps\simulation\src\runtime\stage5.rs:4258:8
     |
3188 | impl SimulationSession {
     | ---------------------- method in this implementation
...
4258 |     fn game_shop_buy_product(
     |        ^^^^^^^^^^^^^^^^^^^^^

warning: function `hell_can_move` is never used
  --> apps\simulation\src\runtime\zone\runtime\hell_ai.rs:59:15
   |
59 | pub(super) fn hell_can_move(m: &ZoneNativeMonster) -> bool {
   |               ^^^^^^^^^^^^^

warning: function `hell_accepts_struck` is never used
  --> apps\simulation\src\runtime\zone\runtime\hell_ai.rs:62:15
   |
62 | pub(super) fn hell_accepts_struck(m: &ZoneNativeMonster) -> bool {
   |               ^^^^^^^^^^^^^^^^^^^

warning: function `hell_can_regen` is never used
  --> apps\simulation\src\runtime\zone\runtime\hell_ai.rs:65:15
   |
65 | pub(super) fn hell_can_regen(m: &ZoneNativeMonster) -> bool {
   |               ^^^^^^^^^^^^^^

warning: `mir2-simulation` (lib) generated 17 warnings
   Compiling mir2-simulation v0.1.0 (E:\mir2-player-journey\mir2-web3\apps\simulation)
    Finished `test` profile [unoptimized + debuginfo] target(s) in 2.00s
     Running tests\shared_monster_armadillo_ai.rs (C:\Users\Administrator\AppData\Local\Temp\mir2-trade-gold-simulation-20260908\x86_64-pc-windows-msvc\debug\deps\shared_monster_armadillo_ai-3fce414fb96ca4db.exe)

running 5 tests
test armadillo_all_six_roll_outcomes_preserve_original_delays_and_elder_push_only ... ok
test armadillo_retreat_does_not_hit_rejoined_or_revived_target_life ... ok
test elder_push_blocks_movement_and_attack_for_500ms_across_checkpoint ... ok
test elder_push_owner_and_aoi_edges_receive_correct_surfaces ... ok
test occupied_first_push_tile_still_applies_the_500ms_action_lock ... ok

test result: ok. 5 passed; 0 failed; 0 ignored; 0 measured; 0 filtered out; finished in 0.46s

     Running tests\shared_monster_great_fox_ai.rs (C:\Users\Administrator\AppData\Local\Temp\mir2-trade-gold-simulation-20260908\x86_64-pc-windows-msvc\debug\deps\shared_monster_great_fox_ai-21b04f82eac80727.exe)

running 9 tests
test dead_boss_and_deactivated_guardian_finish_already_cast_actions ... ok
test great_fox_damage_updates_shared_stage_and_death_deactivates_guardian ... ok
test great_fox_old_life_damage_is_cancelled_on_leave_and_same_id_join ... ok
test great_fox_ranged_attack_snapshots_shared_targets_and_resumes_pending_damage_once ... ok
test great_fox_recall_respects_magic_immunity_and_saves_authoritative_transform ... ok
test guardian_old_life_pending_cannot_transfer_to_rejoined_current_target ... ok
test guardian_pull_emits_every_step_faces_away_and_locks_owner_actions ... ok
test guardian_queues_each_ready_tick_and_checkpoint_preserves_each_completion ... ok
test recall_rebuilds_overlap_and_diffs_old_and_new_observers_and_owner_objects ... ok

test result: ok. 9 passed; 0 failed; 0 ignored; 0 measured; 0 filtered out; finished in 0.14s

     Running tests\shared_monster_hell_ai.rs (C:\Users\Administrator\AppData\Local\Temp\mir2-trade-gold-simulation-20260908\x86_64-pc-windows-msvc\debug\deps\shared_monster_hell_ai-62d29e313f3e6622.exe)

running 11 tests
test bomb_bleeding_ticks_on_next_update_and_does_not_cross_player_lives ... ok
test bomb_expires_strictly_after_ten_seconds_and_explodes_after_death_once ... ok
test bomb_poison_counted_end_clears_all_legacy_projections_without_reappearing ... ok
test bomb_source_replacement_with_same_id_cannot_keep_the_old_poison_lease ... ok
test canonical_checkpoint_rejects_modified_periodic_and_hell_world_state ... ok
test killing_bomb_with_damage_does_not_schedule_an_explosion ... ok
test knight_death_advances_lord_once_and_empty_map_resets_the_stage ... ok
test lord_delayed_knight_and_quakes_are_shared_checkpoint_state ... ok
test positive_bleeding_and_green_periodic_damage_never_emits_object_struck ... ok
test purification_then_same_bit_reapplication_starts_a_fresh_counted_lease ... ok
test unrelated_observer_monster_death_and_revive_do_not_retire_player_poison ... ok

test result: ok. 11 passed; 0 failed; 0 ignored; 0 measured; 0 filtered out; finished in 0.70s

     Running tests\shared_monster_hugger_ai.rs (C:\Users\Administrator\AppData\Local\Temp\mir2-trade-gold-simulation-20260908\x86_64-pc-windows-msvc\debug\deps\shared_monster_hugger_ai-c30ee30a73be7489.exe)

running 6 tests
test hugger_max_poison_resistance_blocks_green_without_blocking_blast_damage ... ok
test hugger_scans_at_completion_and_clears_old_player_life ... ok
test hugger_successful_explosion_applies_real_green_status_and_expires_it ... ok
test hugger_tagged_suicide_awards_once_and_never_rewards_expired_or_offline_owner ... ok
test poison_hugger_captures_victims_on_death_and_restores_delayed_damage ... ok
test poison_hugger_real_template_does_not_invent_damage_from_zero_dc ... ok

test result: ok. 6 passed; 0 failed; 0 ignored; 0 measured; 0 filtered out; finished in 0.13s

     Running tests\shared_monster_mud_boulder_ai.rs (C:\Users\Administrator\AppData\Local\Temp\mir2-trade-gold-simulation-20260908\x86_64-pc-windows-msvc\debug\deps\shared_monster_mud_boulder_ai-847361c47eb085ad.exe)

running 10 tests
test boulder_dies_immediately_then_explodes_300ms_later_once_for_all_observers ... ok
test boulder_direct_kill_awards_once_per_incarnation_and_allocates_fresh_drop_ids ... ok
test boulder_explosion_uses_impact_positions_and_ignores_hiding_after_activation ... ok
test boulder_pending_checkpoint_cannot_be_cancelled_by_personal_refresh_or_repeated_ticks ... ok
test boulder_without_visible_targets_stands_and_real_zero_stats_are_not_fabricated ... ok
test mud_checkpoint_and_dead_attacker_keep_launched_actions_without_new_incarnation_overwrite ... ok
test mud_line_hits_two_tiles_at_550_and_600ms_and_is_shared_once ... ok
test mud_mac_can_absorb_the_ranged_hit_and_absorbed_hits_do_not_apply_green ... ok
test mud_pending_hit_cannot_cross_leave_rejoin_vital_revive_or_packet_revive ... ok
test mud_ranged_uses_mac_delay_extra_cooldown_and_keeps_chasing_during_cooldown ... ok

test result: ok. 10 passed; 0 failed; 0 ignored; 0 measured; 0 filtered out; finished in 0.15s

     Running tests\shared_monster_node_ai.rs (C:\Users\Administrator\AppData\Local\Temp\mir2-trade-gold-simulation-20260908\x86_64-pc-windows-msvc\debug\deps\shared_monster_node_ai-ec7aa5e6a44f1c88.exe)

running 2 tests
test node_attack_buff_affects_real_player_hit_and_expiry_restores_base_damage ... ok
test node_delayed_source_intersection_buffs_players_not_ordinary_wild_allies ... ok

test result: ok. 2 passed; 0 failed; 0 ignored; 0 measured; 0 filtered out; finished in 0.12s

     Running tests\shared_monster_passive_ai.rs (C:\Users\Administrator\AppData\Local\Temp\mir2-trade-gold-simulation-20260908\x86_64-pc-windows-msvc\debug\deps\shared_monster_passive_ai-120d15d94a841a80.exe)

running 3 tests
test ordinary_deer_only_retaliates_after_a_real_hit ... ok
test saved_temperament_does_not_reroll_or_double_speed_discount_and_leaving_clears_target ... ok
test timid_deer_flees_direct_attacker_without_turning_hostile_and_respects_speed ... ok

test result: ok. 3 passed; 0 failed; 0 ignored; 0 measured; 0 filtered out; finished in 0.12s

     Running tests\shared_monster_reactive_ai.rs (C:\Users\Administrator\AppData\Local\Temp\mir2-trade-gold-simulation-20260908\x86_64-pc-windows-msvc\debug\deps\shared_monster_reactive_ai-37e078650e0ac529.exe)

running 9 tests
test axe_projectile_cannot_damage_a_rejoined_player_with_the_same_id ... ok
test axe_skeleton_retreats_before_shooting_and_broadcasts_the_same_move ... ok
test blocked_approach_rotates_to_a_free_tile_and_starts_the_attack_window ... ok
test blocked_retreat_tries_a_free_direction_instead_of_overlapping_or_attacking ... ok
test fear_expiry_is_strict_and_checkpoint_does_not_restart_the_window ... ok
test red_fox_adjacent_teleport_uses_effect_two_and_persists_ten_second_cooldown ... ok
test white_fox_full_poison_resistance_blocks_slow_without_replacing_it_with_damage ... ok
test white_fox_old_life_slow_is_cancelled_before_same_id_rejoin ... ok
test white_fox_slow_is_delayed_non_damage_and_checkpoint_replays_one_cast ... ok

test result: ok. 9 passed; 0 failed; 0 ignored; 0 measured; 0 filtered out; finished in 0.12s

     Running tests\shared_monster_revival_ai.rs (C:\Users\Administrator\AppData\Local\Temp\mir2-trade-gold-simulation-20260908\x86_64-pc-windows-msvc\debug\deps\shared_monster_revival_ai-9b40b048d23f43d9.exe)

running 7 tests
test checkpointed_dead_zombie_replays_one_revival_without_reroll_or_second_reward ... ok
test expired_corpse_is_removed_before_overdue_revival_after_long_offline_interval ... ok
test final_death_clears_poison_from_body_and_late_observer_snapshot_once ... ok
test personal_spawn_refresh_cannot_replace_a_pending_self_revival_without_respawn_policy ... ok
test random_zero_one_or_two_revivals_scale_each_life_and_reward_independently ... ok
test revival_delay_includes_four_and_twenty_three_seconds_without_fixed_count ... ok
test revival_discards_prior_life_control_deadline_and_retained_poison ... ok

test result: ok. 7 passed; 0 failed; 0 ignored; 0 measured; 0 filtered out; finished in 3.30s

     Running tests\shared_monster_shinsu_ai.rs (C:\Users\Administrator\AppData\Local\Temp\mir2-trade-gold-simulation-20260908\x86_64-pc-windows-msvc\debug\deps\shared_monster_shinsu_ai-618e74e9ce9630df.exe)

running 4 tests
test owned_shinsu_transforms_then_hits_both_line_cells_at_550_and_600ms ... ok
test shinsu_ignores_friendly_line_cell_but_damages_hostile_second_cell ... ok
test shinsu_line_uses_impact_armour_and_owner_disconnect_cancels_pending_hit ... ok
test shinsu_returns_to_small_visible_form_only_after_thirty_seconds_without_target ... ok

test result: ok. 4 passed; 0 failed; 0 ignored; 0 measured; 0 filtered out; finished in 0.11s

     Running tests\shared_monster_sleep_ai.rs (C:\Users\Administrator\AppData\Local\Temp\mir2-trade-gold-simulation-20260908\x86_64-pc-windows-msvc\debug\deps\shared_monster_sleep_ai-70b4845c4caa81f9.exe)

running 5 tests
test frost_tiger_does_not_aggro_nearby_players_and_sits_until_attacked ... ok
test sleeping_and_awakened_statue_remain_alive_for_late_observers_after_checkpoint ... ok
test sleeping_statue_ignores_stale_harvest_remove_and_ai_metadata ... ok
test statue_checkpoint_preserves_sleep_and_wakes_strictly_after_fifteen_minutes ... ok
test statue_lethal_damage_sleeps_without_kill_rewards_and_metadata_cannot_wake_it ... ok

test result: ok. 5 passed; 0 failed; 0 ignored; 0 measured; 0 filtered out; finished in 0.11s

     Running tests\shared_monster_special_ai.rs (C:\Users\Administrator\AppData\Local\Temp\mir2-trade-gold-simulation-20260908\x86_64-pc-windows-msvc\debug\deps\shared_monster_special_ai-1845e891c2b8bdbd.exe)

running 4 tests
test ordinary_monster_does_not_acquire_wooma_state_or_rage_speeds ... ok
test wooma_checkpoint_preserves_rage_phase_and_does_not_retrigger_for_unchanged_hp ... ok
test wooma_hp_stage_uses_crystal_rage_speeds_and_expires_strictly_after_eight_seconds ... ok
test wooma_surrounded_teleport_reconciles_two_observers_without_fake_walk_or_duplicate_tick ... ok

test result: ok. 4 passed; 0 failed; 0 ignored; 0 measured; 0 filtered out; finished in 0.12s

     Running tests\shared_monster_spider_ai.rs (C:\Users\Administrator\AppData\Local\Temp\mir2-trade-gold-simulation-20260908\x86_64-pc-windows-msvc\debug\deps\shared_monster_spider_ai-eac328ba0b15539b.exe)

running 13 tests
test adjacent_spider_dies_then_explodes_once_at_500ms_for_both_observers ... ok
test damaged_spider_suicide_credits_owner_once_but_expired_tag_does_not ... ok
test explosion_uses_impact_positions_and_never_hits_outside_radius_one ... ok
test five_minute_lifetime_is_strict_and_survives_blocked_movement ... ok
test full_poison_resistance_blocks_explosion_poison_while_damage_still_lands ... ok
test missing_target_triggers_death_and_corpse_expires_without_resurrection ... ok
test ordinary_monster_has_no_spider_lifecycle_state ... ok
test pending_explosion_checkpoint_replays_identical_damage_and_never_reexecutes ... ok
test player_kill_awards_drops_once_and_personal_refresh_cannot_cancel_pending_explosion ... ok
test root_children_keep_independent_drop_rolls_and_reward_only_their_actual_deaths ... ok
test root_pending_spawn_survives_producer_death_refresh_and_checkpoint_exactly_once ... ok
test root_spider_summons_one_shared_child_after_500ms_with_source_relationship_and_cadence ... ok
test root_twenty_live_child_cap_survives_repeated_ticks_and_replenishes_a_dead_child ... ok

test result: ok. 13 passed; 0 failed; 0 ignored; 0 measured; 0 filtered out; finished in 1.44s

     Running tests\shared_monster_stage_summons.rs (C:\Users\Administrator\AppData\Local\Temp\mir2-trade-gold-simulation-20260908\x86_64-pc-windows-msvc\debug\deps\shared_monster_stage_summons-add418f1945dd153.exe)

running 3 tests
test bone_requires_a_living_visible_target_but_zuma_does_not ... ok
test bone_wave_is_one_shared_batch_with_parent_target_and_two_second_startup ... ok
test checkpoint_keeps_exact_wave_identity_without_replaying_spawn_or_shortening_startup ... ok

test result: ok. 3 passed; 0 failed; 0 ignored; 0 measured; 0 filtered out; finished in 1.50s

     Running tests\shared_monster_thunder_ai.rs (C:\Users\Administrator\AppData\Local\Temp\mir2-trade-gold-simulation-20260908\x86_64-pc-windows-msvc\debug\deps\shared_monster_thunder_ai-1de7212950cd300b.exe)

running 3 tests
test successful_repulsion_can_kill_thunder_and_rewards_exactly_once ... ok
test thunder_burst_is_delayed_shared_aoe_and_checkpoint_resumes_once ... ok
test thunder_rejects_ordinary_lethal_damage_without_a_reward ... ok

test result: ok. 3 passed; 0 failed; 0 ignored; 0 measured; 0 filtered out; finished in 0.10s

     Running tests\shared_monster_town_archer_ai.rs (C:\Users\Administrator\AppData\Local\Temp\mir2-trade-gold-simulation-20260908\x86_64-pc-windows-msvc\debug\deps\shared_monster_town_archer_ai-20a332d9fd92b363.exe)

running 4 tests
test town_archer_missing_disposition_cannot_acquire_or_continue_shooting ... ok
test town_archer_pk_threshold_fear_window_projectile_damage_and_checkpoint ... ok
test town_archer_projectile_respects_impact_armour_and_disconnect ... ok
test town_archer_retains_target_to_ten_tiles_then_returns_home_direction ... ok

test result: ok. 4 passed; 0 failed; 0 ignored; 0 measured; 0 filtered out; finished in 0.11s

     Running tests\shared_monster_trap_rock_ai.rs (C:\Users\Administrator\AppData\Local\Temp\mir2-trade-gold-simulation-20260908\x86_64-pc-windows-msvc\debug\deps\shared_monster_trap_rock_ai-596db0736a2626bf.exe)

running 1 test
test trap_rock_delayed_ring_has_no_damage_and_first_parent_hit_kills_group ... ok

test result: ok. 1 passed; 0 failed; 0 ignored; 0 measured; 0 filtered out; finished in 0.10s

     Running tests\shared_monster_visibility_ai.rs (C:\Users\Administrator\AppData\Local\Temp\mir2-trade-gold-simulation-20260908\x86_64-pc-windows-msvc\debug\deps\shared_monster_visibility_ai-2979ff9e442a199b.exe)

running 8 tests
test all_supported_stone_families_start_visible_and_unawake ... ok
test centipede_keeps_seven_tile_visibility_and_plants_hide_on_strict_deadline ... ok
test dig_out_families_reveal_once_with_original_delayed_persistent_ground_effect ... ok
test hidden_plants_have_no_spawn_until_shared_player_proximity_reveals_once ... ok
test lion_roar_cannot_control_stone_before_wake ... ok
test personal_broadcast_cannot_restone_awakened_zuma_or_expose_hidden_plant ... ok
test poison_cloud_cannot_poison_hidden_or_stoned_monster ... ok
test stone_zuma_visible_at_spawn_and_wake_wave_does_not_recurse ... ok

test result: ok. 8 passed; 0 failed; 0 ignored; 0 measured; 0 filtered out; finished in 0.12s

     Running tests\shared_zone.rs (C:\Users\Administrator\AppData\Local\Temp\mir2-trade-gold-simulation-20260908\x86_64-pc-windows-msvc\debug\deps\shared_zone-c794111d1300a649.exe)

running 204 tests
test aoi_grid_players_far_apart_do_not_see_each_other ... ok
test aoi_grid_relocates_moving_shared_monster_before_visibility_diff ... ok
test aoi_grid_walking_into_range_triggers_appearance ... ok
test buffered_walk_run_reverse_chain_waits_for_real_ready_ticks ... ok
test call_npc_packet_opens_runtime_npc_dialog ... ok
test conquest_archer_guard_ignores_defender_guild_and_attacks_enemy_guild ... ok
test continuous_run_extends_run_grace_after_successful_run ... ok
test detached_ground_drop_claim_survives_session_leave_and_restores_once ... ok
test each_joined_player_has_unique_object_id ... ok
test harvest_admission_is_trusted_and_fail_closed ... ok
test harvested_deer_late_join_still_waits_for_wall_clock_due ... ok
test high_frequency_input_keeps_latest_crystal_movement_intent ... ok
test interaction_boundary_cancels_queued_movement_without_moving_the_player ... ok
test late_join_sync_cannot_respawn_scheduled_corpse_before_zone_due ... ok
test later_joiner_receives_rebased_player_buffs_in_object_player ... ok
test later_joiner_receives_retained_zone_object_spawns ... ok
test later_joiners_receive_player_hidden_dead_and_effect_state ... ok
test later_joiners_receive_retained_player_visual_status ... ok
test level50_taoist_control_debuff_and_revelation_paths_are_shared ... ok
test level50_taoist_purification_clears_shared_poison_and_curse_state ... ok
test level50_taoist_support_spells_apply_to_shared_friendly_targets ... ok
test level50_warrior_entrapment_pulls_and_counterattack_closes_shared_combat_loop ... ok
test level50_warrior_melee_skills_keep_crystal_range_shapes_and_hit_timing ... ok
test level50_wizard_ground_and_direction_spell_families_hit_crystal_shapes ... ok
test level50_wizard_relocation_clone_and_self_buffs_are_zone_authoritative ... ok
test level50_wizard_single_target_specializations_keep_control_and_monster_rules ... ok
test level50_wizard_vampirism_damages_and_heals_through_shared_authority ... ok
test living_native_monster_blocks_player_walk_into_its_tile ... ok
test living_native_monsters_do_not_walk_onto_the_same_tile ... ok
test materialized_melee_rejection_is_atomic_and_allowed_attack_commits ... ok
test materialized_range_refresh_rejects_stale_readiness_before_spawn ... ok
test materialized_range_rejects_neutral_ai_atomically ... ok
test mounted_player_run_moves_three_tiles_and_broadcasts_object_run ... ok
test mounted_player_walk_uses_the_same_crystal_server_delay ... ok
test mounted_run_checks_third_tile_before_moving ... ok
test movement_input_after_ready_acknowledges_without_waiting_for_world_tick ... ok
test npc_teleport_discards_movement_intent_queued_before_commit ... ok
test npc_teleport_enabled_fixture_commits_exact_front_and_refreshes_observers ... ok
test npc_teleport_real_disabled_policy_is_silent_and_mutates_nothing ... ok
test npc_teleport_rejections_preserve_transform_for_missing_ineligible_low_gold_and_occupied_front ... ok
test npc_teleport_rollback_sync_restores_aoi_and_occupancy ... ok
test observer_actions_require_the_authenticated_owner_actor ... ok
test owner_leave_removes_owned_retained_zone_objects ... ok
test paused_swift_feet_does_not_extend_run_to_three_tiles ... ok
test player_a_leaves_player_b_receives_object_remove ... ok
test player_a_runs_player_b_receives_object_run ... ok
test player_a_turns_player_b_receives_object_turn ... ok
test player_a_walks_player_b_receives_object_walk ... ok
test player_action_packets_are_rewritten_and_broadcast_to_observers ... ok
test player_buff_mana_and_effect_packets_use_zone_object_id_for_observers ... ok
test player_drop_spawn_packets_are_broadcast_to_observers ... ok
test player_harvest_packets_use_zone_object_id_for_observers ... ok
test player_intelligent_creature_pickup_is_broadcast_to_observers ... ok
test player_late_status_packets_use_zone_object_id_for_observers ... ok
test player_magic_and_projectiles_use_zone_object_id_for_observers ... ok
test player_movement_diffs_retained_zone_object_visibility ... ok
test player_movement_skill_packets_use_zone_object_id_for_observers ... ok
test player_spawned_hero_and_npc_packets_are_broadcast_to_observers ... ok
test player_spawned_monster_packets_rebase_master_for_observers ... ok
test player_special_skill_state_packets_use_zone_object_id_for_observers ... ok
test ready_pending_run_is_consumed_at_real_arrival_before_followup_is_queued ... ok
test retained_dead_monster_does_not_block_player_walk ... ok
test retained_object_remove_clears_blocking_occupancy ... ok
test retained_zone_drops_expire_on_zone_tick ... ok
test retained_zone_npc_blocks_player_walk ... ok
test retained_zone_object_buff_payloads_are_replayed_for_late_joiner ... ok
test retained_zone_object_buffs_expire_for_observers_and_late_joiners ... ok
test retained_zone_object_harvested_before_spawn_keeps_late_spawn_dead ... ok
test retained_zone_object_harvested_is_canonical_for_late_joiners ... ok
test retained_zone_object_health_does_not_increase_from_stale_runtime_packet ... ok
test retained_zone_object_health_updates_for_late_joiner ... ok
test retained_zone_object_health_updates_when_entering_object_aoi ... ok
test retained_zone_object_mana_updates_for_late_joiner ... ok
test retained_zone_object_pickup_reaches_local_object_observer_without_visible_set ... ok
test retained_zone_object_remove_suppresses_late_join_spawn ... ok
test retained_zone_object_remove_uses_object_visibility_not_actor_aoi ... ok
test retained_zone_object_revive_before_spawn_suppresses_stale_dead_spawn ... ok
test retained_zone_object_revive_updates_existing_dead_object ... ok
test retained_zone_object_spawn_uses_object_aoi_not_actor_aoi ... ok
test retained_zone_object_state_updates_for_late_joiner ... ok
test retained_zone_object_zero_health_marks_dead_for_late_joiner ... ok
test run_checks_intermediate_tile ... ok
test run_from_standstill_degrades_to_walk ... ok
test run_received_inside_grace_survives_late_zone_tick ... ok
test run_step_expires_after_crystal_celltime_grace ... ok
test session_applies_shared_monster_snapshot_to_local_runtime ... ok
test session_materializes_missing_shared_deer_corpse_and_resets_it_on_respawn ... ok
test session_mirrors_zone_monster_death_until_explicit_revive ... ok
test session_resets_shared_deer_harvest_state_on_explicit_zone_revive ... ok
test shared_object_health_updates_retained_state_for_late_joiner ... ok
test shared_object_strike_rebases_local_self_results_to_zone_player ... ok
test shared_object_update_uses_zone_object_aoi_not_same_map ... ok
test stale_movement_intent_is_not_replayed ... ok
test stale_retained_zone_object_movement_and_vitals_after_death_are_suppressed ... ok
test stale_retained_zone_object_spawn_after_death_stays_dead ... ok
test stale_retained_zone_object_spawn_after_remove_is_suppressed ... ok
test swift_feet_run_moves_three_tiles_unless_sneaking ... ok
test synchronized_native_monsters_never_spawn_with_overlapping_hitboxes ... ok
test taoist_poison_item_shape_reaches_shared_zone_authority ... ok
test two_players_cannot_occupy_same_tile ... ok
test two_players_join_same_zone_see_each_other ... ok
test zero_health_before_retained_spawn_marks_late_spawn_dead ... ok
test zone_applies_player_movement_skill_transform_and_save ... ok
test zone_applies_user_location_action_transform_before_observer_effect ... ok
test zone_authoritative_attack_is_deterministic_across_runs ... ok
test zone_authoritative_damage_shared_hp_consistent_across_attackers ... ok
test zone_checkpoint_preserves_wall_clock_respawn_due_time ... ok
test zone_direct_and_materialized_melee_reject_neutral_monsters_atomically ... ok
test zone_expires_player_buffs_for_observers_and_late_joiners ... ok
test zone_explicit_disposition_overrides_ai0_for_direct_and_materialized_attacks ... ok
test zone_ground_drop_claim_blocks_non_owner_until_owner_window_expires ... ok
test zone_ground_drop_claim_cancel_restores_visibility ... ok
test zone_ground_drop_claim_commit_removes_for_late_joiners ... ok
test zone_ground_drop_countdown_changes_keep_generation_but_not_claim_identity ... ok
test zone_ground_drop_nearest_claim_filters_range_and_allowed_ids ... ok
test zone_ground_drop_object_id_claim_allows_adjacent_player_tile_only ... ok
test zone_ground_drop_owner_group_and_unowned_protection_follow_crystal_semantics ... ok
test zone_ground_drop_reclaim_uses_fresh_claim_id_and_stable_economic_key ... ok
test zone_ground_drop_ticket_prevents_aba_and_duplicate_followups ... ok
test zone_ground_drop_ticket_tampering_and_legacy_commands_fail_closed ... ok
test zone_group_chat_routes_declared_members ... ok
test zone_guild_chat_routes_same_guild ... ok
test zone_melee_enforces_fishing_and_authoritative_mount_attack_capability ... ok
test zone_melee_requires_trusted_dead_and_blocked_admission ... ok
test zone_movement_emits_save_transform ... ok
test zone_movement_writes_back_authoritative_transform_to_session ... ok
test zone_native_archer_stonetrap_spawns_static_trap_and_expires ... ok
test zone_native_archer_summon_snakes_spawns_static_totem_profile ... ok
test zone_native_archer_summon_toad_uses_ranged_pet_attack ... ok
test zone_native_archer_summon_vampire_spawns_at_target_and_recalls_existing_pet ... ok
test zone_native_charmed_snake_hit_applies_paralysis_poison ... ok
test zone_native_harvestable_monster_cannot_respawn_before_object_harvested ... ok
test zone_native_holy_deva_uses_ranged_summon_attack_against_hostile_monster ... ok
test zone_native_monster_combat_kill_and_drop_are_authoritative ... ok
test zone_native_monster_green_poison_does_not_block_movement ... ok
test zone_native_monster_melee_damage_is_data_driven_from_crystal_stats ... ok
test zone_native_monster_paralysis_blocks_movement_until_status_expires ... ok
test zone_native_monster_preserves_crystal_move_speed_in_real_milliseconds ... ok
test zone_native_monster_same_object_id_respawns_as_attackable_new_incarnation ... ok
test zone_native_monster_tick_attacks_adjacent_player_with_delayed_hit ... ok
test zone_native_monster_tick_walks_toward_visible_player ... ok
test zone_native_neutral_guards_do_not_follow_player ... ok
test zone_native_pet_enhancer_buffs_owned_summon_and_increases_damage ... ok
test zone_native_player_area_magic_damages_secondary_monsters_authoritatively ... ok
test zone_native_player_blizzard_family_spawns_ground_spell_and_ticks_damage ... ok
test zone_native_player_buff_stats_authoritatively_modify_damage_until_expiry ... ok
test zone_native_player_cripple_shot_consumes_poison_buff_and_spreads_green_poison ... ok
test zone_native_player_cripple_shot_consumes_vampire_buff_and_heals_owner ... ok
test zone_native_player_defence_buff_mitigates_monster_damage_until_expiry ... ok
test zone_native_player_explosive_trap_spawns_front_row_and_detonates_once ... ok
test zone_native_player_fire_bounce_cancels_when_target_moves_beyond_crystal_tolerance ... ok
test zone_native_player_fire_bounce_chains_projectiles_and_damage ... ok
test zone_native_player_firewall_accepts_targetless_ground_cast ... ok
test zone_native_player_firewall_spawns_ground_spell_and_ticks_damage ... ok
test zone_native_player_firewall_subtracts_monster_magic_armour ... ok
test zone_native_player_healing_circle_spawns_spell_and_heals_in_zone ... ok
test zone_native_player_healing_self_schedules_zone_heal ... ok
test zone_native_player_magic_control_stops_monster_ai_until_expiry ... ok
test zone_native_player_magic_damages_monster_and_projects_authoritatively ... ok
test zone_native_player_magic_respects_spell_action_window_across_spells ... ok
test zone_native_player_magic_shield_adds_zone_buff_and_mitigates_hits ... ok
test zone_native_player_magic_spends_mana_and_enforces_cooldown ... ok
test zone_native_player_magic_subtracts_monster_magic_armour ... ok
test zone_native_player_mass_healing_schedules_area_zone_heal ... ok
test zone_native_player_meteor_shower_damages_primary_and_secondary_monsters ... ok
test zone_native_player_poison_cloud_spawns_ground_spell_and_poisons_monsters ... ok
test zone_native_player_poison_shot_applies_visible_arrow_buff ... ok
test zone_native_player_poison_shot_ticks_green_damage_and_awards_kill ... ok
test zone_native_player_range_attack_damages_monster_authoritatively ... ok
test zone_native_player_range_attack_rejects_invalid_target ... ok
test zone_native_player_range_attack_respects_attack_action_window ... ok
test zone_native_player_summon_skeleton_recalls_existing_owned_summon_without_respawn ... ok
test zone_native_player_summon_skeleton_spawns_owned_friendly_summon_after_delay ... ok
test zone_native_player_trap_hexagon_roots_area_and_spawns_ring_objects ... ok
test zone_native_player_trap_spawns_object_and_roots_lower_level_monster ... ok
test zone_native_player_vampire_shot_heals_owner_through_zone_authority ... ok
test zone_native_ranged_monster_attacks_without_chasing_when_target_not_adjacent ... ok
test zone_native_snake_totem_caps_minions_and_respawns_after_minion_expiry ... ok
test zone_native_snake_totem_self_destruct_kills_owned_minions ... ok
test zone_native_stonetrap_draws_hostile_monster_aggro_without_player_damage ... ok
test zone_native_summon_attacks_hostile_monster_for_owner_without_hitting_players ... ok
test zone_native_summon_shinsu_spawns_owned_pet_and_attacks_hostile_monster ... ok
test zone_native_vampire_spider_explodes_on_expiry_and_vampires_nearby_target ... ok
test zone_native_vampire_spider_hit_bleeds_target_and_heals_owner ... ok
test zone_neutral_harvestable_monster_accepts_only_adjacent_melee ... ok
test zone_one_shot_map_shout_is_consumed_before_next_profile_sync ... ok
test zone_player_attack_armour_can_fully_block_authoritative_damage ... ok
test zone_player_attack_luck_biases_authoritative_damage_toward_max ... ok
test zone_player_attack_misses_evasive_monster_authoritatively ... ok
test zone_player_base_armour_mitigates_incoming_monster_melee ... ok
test zone_player_physical_armour_does_not_reduce_incoming_magic_damage ... ok
test zone_range_attack_requires_trusted_admission_and_enforces_nine_tile_boundary ... ok
test zone_recomputes_authoritative_magic_damage_ignoring_supplied_scalar ... ok
test zone_rejects_player_movement_skill_transform_into_occupied_tile ... ok
test zone_resolves_player_attack_damage_from_authoritative_stats ... ok
test zone_resolves_player_critical_hit_from_authoritative_stats ... ok
test zone_shout_applies_crystal_cooldown_and_position_macro ... ok
test zone_shout_level_gate_and_linked_item_text_match_crystal_surface ... ok
test zone_starter_armour_can_fully_block_scarecrow_damage ... ok
test zone_update_player_combat_stats_promotes_to_authoritative_damage ... ok
test zone_wall_clock_deer_respawn_waits_for_authoritative_harvest ... ok
test zone_wall_clock_respawn_is_emitted_once_for_two_observing_sessions ... ok
test zone_wall_clock_respawn_waits_for_every_crystal_harvest_ai ... ok
test zone_whisper_routes_sender_and_target_only ... ok

test result: ok. 204 passed; 0 failed; 0 ignored; 0 measured; 0 filtered out; finished in 4.39s

     Running tests\zone_replay.rs (C:\Users\Administrator\AppData\Local\Temp\mir2-trade-gold-simulation-20260908\x86_64-pc-windows-msvc\debug\deps\zone_replay-a4fb5192538ea077.exe)

running 8 tests
test independent_processes_match_for_ten_thousand_ticks ... ok
test one_hundred_replays_produce_the_same_commitments ... ok
test promoted_standby_rebases_fencing_epoch_and_continues_deterministically ... ok
test replay_rejects_missing_duplicate_and_regressed_inputs ... ok
test standby_accepts_monotonic_checkpoints_and_rejects_stale_or_conflicting_state ... ok
test standby_rejects_corrupted_replica_checkpoint_before_install ... ok
test tampered_checkpoint_is_rejected ... ok
test ten_thousand_tick_checkpoint_restore_matches_uninterrupted_replay ... ok

test result: ok. 8 passed; 0 failed; 0 ignored; 0 measured; 0 filtered out; finished in 45.63s

