   Compiling mir2-game-data v0.1.0 (E:\mir2-player-journey\mir2-web3\packages\game-data)
   Compiling mir2-simulation v0.1.0 (E:\mir2-player-journey\mir2-web3\apps\simulation)
warning: use of deprecated method `bevy_ecs::world::World::iter_entities`: use world.query::<EntityRef>()` instead
   --> apps\simulation\src\runtime\monster_ai\great_fox_spirit.rs:163:28
    |
163 |     for candidate in world.iter_entities() {
    |                            ^^^^^^^^^^^^^
    |
    = note: `#[warn(deprecated)]` on by default

warning: use of deprecated method `bevy_ecs::world::World::iter_entities`: use world.query::<EntityRef>()` instead
    --> apps\simulation\src\runtime\packets.rs:7292:25
     |
7292 |     for entity in world.iter_entities() {
     |                         ^^^^^^^^^^^^^

warning: use of deprecated method `bevy_ecs::world::World::iter_entities`: use world.query::<EntityRef>()` instead
    --> apps\simulation\src\runtime\skills.rs:4946:10
     |
4946 |         .iter_entities()
     |          ^^^^^^^^^^^^^

warning: use of deprecated method `bevy_ecs::world::World::iter_entities`: use world.query::<EntityRef>()` instead
    --> apps\simulation\src\runtime\skills.rs:5028:10
     |
5028 |         .iter_entities()
     |          ^^^^^^^^^^^^^

warning: methods `scoped_to_account` and `scoped_to_accounts` are never used
   --> apps\simulation\src\config.rs:225:8
    |
109 | impl AccountStore {
    | ----------------- methods in this implementation
...
225 |     fn scoped_to_account(&self, account_id: &str) -> Self {
    |        ^^^^^^^^^^^^^^^^^
...
229 |     fn scoped_to_accounts(&self, account_ids: &[&str]) -> Self {
    |        ^^^^^^^^^^^^^^^^^^
    |
    = note: `#[warn(dead_code)]` (part of `#[warn(unused)]`) on by default

warning: variant `MacAgility` is never constructed
   --> apps\simulation\src\runtime\combat.rs:767:5
    |
760 | pub(super) enum CrystalDefence {
    |                 -------------- variant in this enum
...
767 |     MacAgility,
    |     ^^^^^^^^^^
    |
    = note: `CrystalDefence` has derived impls for the traits `Debug` and `Clone`, but these are intentionally ignored during dead code analysis

warning: method `socketed_count` is never used
   --> apps\simulation\src\runtime\equipment.rs:303:19
    |
119 | impl EquipmentState {
    | ------------------- method in this implementation
...
303 |     pub(super) fn socketed_count(&self) -> usize {
    |                   ^^^^^^^^^^^^^^

warning: function `equipment_state_identified` is never used
   --> apps\simulation\src\runtime\equipment.rs:308:15
    |
308 | pub(super) fn equipment_state_identified(item: &EquipmentState) -> bool {
    |               ^^^^^^^^^^^^^^^^^^^^^^^^^^

warning: function `equipment_state_soul_bound_id` is never used
   --> apps\simulation\src\runtime\equipment.rs:313:15
    |
313 | pub(super) fn equipment_state_soul_bound_id(item: &EquipmentState) -> i32 {
    |               ^^^^^^^^^^^^^^^^^^^^^^^^^^^^^

warning: function `repair_conquest_asset` is never used
    --> apps\simulation\src\runtime\monsters.rs:1813:15
     |
1813 | pub(super) fn repair_conquest_asset(world: &mut World, ai: u8, asset_id: u8) -> bool {
     |               ^^^^^^^^^^^^^^^^^^^^^

warning: function `complete_quest` is never used
   --> apps\simulation\src\runtime\quests.rs:814:15
    |
814 | pub(super) fn complete_quest(world: &mut World, quest_id: i32) {
    |               ^^^^^^^^^^^^^^

warning: function `default_save_for_character` is never used
  --> apps\simulation\src\runtime\save.rs:76:15
   |
76 | pub(super) fn default_save_for_character(
   |               ^^^^^^^^^^^^^^^^^^^^^^^^^^

warning: function `persist_character_save` is never used
   --> apps\simulation\src\runtime\save.rs:818:15
    |
818 | pub(super) fn persist_character_save(
    |               ^^^^^^^^^^^^^^^^^^^^^^

warning: method `game_shop_buy_product` is never used
    --> apps\simulation\src\runtime\stage5.rs:4258:8
     |
3188 | impl SimulationSession {
     | ---------------------- method in this implementation
...
4258 |     fn game_shop_buy_product(
     |        ^^^^^^^^^^^^^^^^^^^^^

warning: method `resolve_native_player_environment_struck` is never used
    --> apps\simulation\src\runtime\zone\runtime.rs:8756:8
     |
 428 | impl ZoneRuntime {
     | ---------------- method in this implementation
...
8756 |     fn resolve_native_player_environment_struck(
     |        ^^^^^^^^^^^^^^^^^^^^^^^^^^^^^^^^^^^^^^^^

warning: function `hell_can_move` is never used
  --> apps\simulation\src\runtime\zone\runtime\hell_ai.rs:59:15
   |
59 | pub(super) fn hell_can_move(m: &ZoneNativeMonster) -> bool {
   |               ^^^^^^^^^^^^^

warning: function `hell_accepts_struck` is never used
  --> apps\simulation\src\runtime\zone\runtime\hell_ai.rs:62:15
   |
62 | pub(super) fn hell_accepts_struck(m: &ZoneNativeMonster) -> bool {
   |               ^^^^^^^^^^^^^^^^^^^

warning: function `hell_can_regen` is never used
  --> apps\simulation\src\runtime\zone\runtime\hell_ai.rs:65:15
   |
65 | pub(super) fn hell_can_regen(m: &ZoneNativeMonster) -> bool {
   |               ^^^^^^^^^^^^^^

warning: `mir2-simulation` (lib) generated 18 warnings
   Compiling mir2-gateway v0.1.0 (E:\mir2-player-journey\mir2-web3\apps\gateway)
warning: variable does not need to be mutable
    --> apps\gateway\src\routing.rs:3514:13
     |
3514 |         let mut current_player_heals = Vec::new();
     |             ----^^^^^^^^^^^^^^^^^^^^
     |             |
     |             help: remove this `mut`
     |
     = note: `#[warn(unused_mut)]` (part of `#[warn(unused)]`) on by default

warning: `mir2-gateway` (lib test) generated 1 warning (run `cargo fix --lib -p mir2-gateway --tests` to apply 1 suggestion)
    Finished `test` profile [unoptimized + debuginfo] target(s) in 1m 21s
     Running unittests src\lib.rs (C:\Users\Administrator\AppData\Local\Temp\mir2-trade-gold-simulation-20260908\x86_64-pc-windows-msvc\debug\deps\mir2_gateway-c1f8d45a37e221d8.exe)

running 166 tests
test channel_identity::tests::postgres_store_is_shared_across_gateway_instances ... ignored, requires MIR2_CHANNEL_IDENTITY_TEST_DATABASE_URL
test routing::tests::command_tail_aoi_remove_does_not_tombstone_retained_shared_npc_globally ... ok
test routing::tests::final_shared_entity_apply_does_not_tombstone_retained_shared_npc_globally ... ok
test routing::tests::gateway_shared_range_uses_crystal_nine_tile_boundary ... ok
test routing::tests::intelligent_creature_shared_pickup_service_failure_cancels_without_personal_fallback ... ok
test routing::tests::intelligent_creature_shared_pickup_uses_ticket_bound_account_service ... ok
test routing::tests::personal_tick_drops_shared_monster_motion_but_preserves_other_packets ... ok
test routing::tests::personal_viewport_remove_does_not_delete_retained_shared_npc_from_zone ... ok
test routing::tests::player_observer_broadcast_does_not_delete_retained_shared_npc_from_zone ... ok
test routing::tests::retained_shared_npc_survives_owner_aoi_leave_and_reentry ... ok
test routing::tests::retained_shared_npc_survives_personal_ticks_outside_aoi ... ok
test routing::tests::shared_account_inventory_skill_item_key_includes_request_id ... ok
test routing::tests::shared_death_drop_spawn_packet_uses_committed_drop_payload ... ok
test routing::tests::shared_gateway_dead_potion_requires_town_revive_and_logout_saves_zone_authority ... ok
test routing::tests::shared_gateway_tick_does_not_run_private_monster_authority ... ok
test routing::tests::shared_gateway_turn_commits_allowed_crystal_map_coordinate_transfer ... ok
test routing::tests::shared_harvest_syncs_private_player_to_authoritative_zone_transform ... ok
test routing::tests::shared_in_process_crystal_runtime_does_not_apply_starter_demo_gate_transfer ... ok
test routing::tests::shared_in_process_crystal_world_runtime_does_not_apply_starter_demo_gate_transfer ... ok
test routing::tests::shared_in_process_factory_isolates_state_by_zone_id ... ok
test routing::tests::shared_in_process_registry_allocates_unique_ids_for_concurrent_player_gold_drops ... ok
test routing::tests::shared_in_process_registry_broadcasts_player_drop_gold_spawn ... ok
test routing::tests::shared_in_process_registry_callnpc_shared_guide_starts_sparse_session_quest ... ok
test routing::tests::shared_in_process_registry_commits_trade_through_economy_boundary ... ok
test routing::tests::shared_in_process_registry_commits_two_sided_item_rental_delivery ... ok
test routing::tests::shared_in_process_registry_commits_two_sided_trade_delivery ... ok
test routing::tests::shared_in_process_registry_consumes_ready_crystal_run_chain ... ok
test routing::tests::shared_in_process_registry_gains_remote_picked_up_shared_gold ... ok
test routing::tests::shared_in_process_registry_intelligent_creature_auto_picks_remote_shared_gold ... ok
test routing::tests::shared_in_process_registry_intelligent_creature_filter_blocks_remote_shared_item ... ok
test routing::tests::shared_in_process_registry_intelligent_creature_picks_up_remote_shared_gold ... ok
test routing::tests::shared_in_process_registry_keeps_npc_quest_icons_personal_per_session ... ok
test routing::tests::shared_in_process_registry_post_movement_grace_yields_world_tick ... ok
test routing::tests::shared_in_process_registry_qa_apply_native_state_syncs_zone_transform ... ok
test routing::tests::shared_in_process_registry_rejects_run_outside_bichon_collision_bounds ... ok
test routing::tests::shared_in_process_registry_rejects_walk_outside_bichon_collision_bounds ... ok
test routing::tests::shared_in_process_registry_relays_share_quest_to_online_group_member ... ok
test routing::tests::shared_in_process_registry_removes_logged_out_remote_players ... ok
test routing::tests::shared_in_process_registry_removes_packet_picked_up_shared_drop ... ok
test routing::tests::shared_in_process_registry_removes_remote_picked_up_shared_drop ... ok
test routing::tests::shared_in_process_registry_rolls_back_item_rental_when_partner_cancels ... ok
test routing::tests::shared_in_process_registry_rolls_back_pending_trade_when_partner_cancels ... ok
test routing::tests::shared_in_process_registry_rolls_back_pending_trade_when_partner_disconnects ... ok
test routing::tests::shared_in_process_registry_rolls_back_two_sided_trade_when_receiver_is_full ... ok
test routing::tests::shared_in_process_registry_routes_chat_through_shared_zone ... ok
test routing::tests::shared_in_process_registry_routes_gm_chat_commands_to_personal_session ... ok
test routing::tests::shared_in_process_registry_routes_leave_through_shared_zone ... ok
test routing::tests::shared_in_process_registry_routes_melee_pvp_and_accrues_unlawful_pk ... ok
test routing::tests::shared_in_process_registry_routes_monster_attack_through_zone_native_combat ... ok
test routing::tests::shared_in_process_registry_routes_run_through_shared_zone ... ok
test routing::tests::shared_in_process_registry_routes_turn_through_shared_zone ... ok
test routing::tests::shared_in_process_registry_routes_walk_through_shared_zone ... ok
test routing::tests::shared_in_process_registry_same_map_transfer_syncs_zone_movement_origin ... ok
test routing::tests::shared_in_process_registry_surfaces_remote_players_in_snapshots ... ok
test routing::tests::shared_in_process_registry_surfaces_shared_ground_drops ... ok
test routing::tests::shared_in_process_registry_surfaces_shared_npcs_for_sparse_sessions ... ok
test routing::tests::shared_in_process_registry_syncs_equipped_mount_before_three_tile_run ... ok
test routing::tests::shared_in_process_registry_syncs_npc_random_seed_between_sessions ... ok
test routing::tests::shared_in_process_registry_syncs_npc_saved_values_between_sessions ... ok
test routing::tests::shared_in_process_registry_syncs_stage5_event_spawn_to_zone ... ok
test routing::tests::shared_in_process_registry_syncs_visible_paid_sailor_round_trip_into_zone ... ok
test routing::tests::shared_in_process_registry_uses_adjacent_remote_player_for_item_rental_request ... ok
test routing::tests::shared_in_process_registry_uses_adjacent_remote_player_for_trade_request ... ok
test routing::tests::shared_in_process_registry_walk_onto_crystal_movement_transfers_map ... ok
test routing::tests::shared_in_process_registry_walk_onto_library_movement_transfers_map ... ok
test routing::tests::shared_in_process_runtime_applies_current_map_shared_monsters_to_local_runtime ... ok
test routing::tests::shared_in_process_runtime_applies_pending_zone_player_damage_to_session_hp ... ok
test routing::tests::shared_in_process_runtime_applies_pending_zone_player_heal_to_session_hp ... ok
test routing::tests::shared_in_process_runtime_broadcasts_delayed_player_tick_damage ... ok
test routing::tests::shared_in_process_runtime_broadcasts_shared_entity_action_packets ... ok
test routing::tests::shared_in_process_runtime_broadcasts_shared_entity_movement_packets ... ok
test routing::tests::shared_in_process_runtime_claims_packet_spawned_shared_drop_through_zone ... ok
test routing::tests::shared_in_process_runtime_claims_shared_drop_through_zone ... ok
test routing::tests::shared_in_process_runtime_commits_npc_script_outcome_atomically ... ok
test routing::tests::shared_in_process_runtime_delegates_typed_game_shop_outcome ... ok
test routing::tests::shared_in_process_runtime_emits_gain_experience_after_kill_award_commit ... ok
test routing::tests::shared_in_process_runtime_expires_shared_drop_on_zone_cadence ... ok
test routing::tests::shared_in_process_runtime_filters_snapshots_at_crystal_object_data_range ... ok
test routing::tests::shared_in_process_runtime_level_one_field_melee_resolves_damage_on_tick ... ok
test routing::tests::shared_in_process_runtime_mirrors_pending_zone_self_buff_to_session_snapshot ... ok
test routing::tests::shared_in_process_runtime_pickup_uses_zone_authoritative_position_for_packet_drop ... ok
test routing::tests::shared_in_process_runtime_prechecks_item_skill_before_consuming_items ... ok
test routing::tests::shared_in_process_runtime_rebases_owned_summon_master_before_disconnect_cleanup ... ok
test routing::tests::shared_in_process_runtime_rejects_early_range_attack_at_zone_boundary ... ok
test routing::tests::shared_in_process_runtime_removes_owned_summon_when_owner_changes_map ... ok
test routing::tests::shared_in_process_runtime_removes_owner_generated_entities_on_disconnect ... ok
test routing::tests::shared_in_process_runtime_rolls_back_shared_gold_claim_when_gold_cap_blocks_commit ... ok
test routing::tests::shared_in_process_runtime_routes_magic_through_shared_zone ... ok
test routing::tests::shared_in_process_runtime_routes_range_attack_through_shared_zone ... ok
test routing::tests::shared_in_process_runtime_routes_summon_magic_through_zone_item_boundary ... ok
test routing::tests::shared_in_process_runtime_uses_account_inventory_receipts_for_zone_rewards ... ok
test routing::tests::shared_in_process_runtime_uses_account_inventory_service_boundary ... ok
test routing::tests::shared_in_process_runtime_uses_npc_world_service_boundary ... ok
test routing::tests::shared_in_process_town_revive_preserves_private_death_until_zone_sync ... ok
test routing::tests::shared_map_sync_preserves_zone_native_monster_authority ... ok
test routing::tests::shared_melee_direction_uses_authoritative_zone_transform ... ok
test routing::tests::shared_npc_entity_side_effects_emit_death_packets_for_monclear ... ok
test routing::tests::shared_npc_entity_side_effects_emit_spawn_packets_for_new_monsters ... ok
test routing::tests::shared_npc_interact_uses_authoritative_zone_transform_after_long_movement ... ok
test routing::tests::shared_owner_dead_entity_packet_filter_drops_stale_transforms_after_death ... ok
test routing::tests::shared_pickup_zone_path_is_handled_even_when_it_emits_no_packets ... ok
test routing::tests::shared_pvp_red_name_death_applies_two_item_penalty_without_penalizing_killer ... ok
test routing::tests::shared_quest_packet_uses_authoritative_zone_transform_after_callnpc ... ok
test routing::tests::shared_runtime_npc_teleport_checkpoint_failure_rolls_back_before_dispatch ... ok
test routing::tests::shared_runtime_npc_teleport_routes_protocol_atomically_and_persists_transform ... ok
test routing::tests::shared_runtime_real_disabled_npc_teleport_is_silent_and_zero_mutation ... ok
test routing::tests::shared_trade_repeat_request_cannot_replace_debited_unmatched_offer ... ok
test routing::tests::shared_zone_cadence_is_not_multiplied_by_personal_session_ticks ... ok
test routing::tests::shared_zone_movement_ingress_returns_fallback_near_map_transfer ... ok
test routing::tests::shared_zone_movement_ingress_returns_fallback_when_queue_is_full ... ok
test routing::tests::shared_zone_movement_ingress_runs_while_private_runtime_is_blocked ... ok
test routing::tests::shared_zone_movement_reply_wait_is_bounded ... ok
test routing::tests::shared_zone_mutation_gate_hands_off_to_exact_next_ticket ... ok
test routing::tests::shared_zone_mutation_gate_runs_zones_in_parallel_but_fences_host_checkpoint ... ok
test routing::tests::shared_zone_owner_cadence_consumes_queued_player_movement_without_session_tick ... ok
test routing::tests::shared_zone_presence_epoch_advances_on_map_membership_change ... ok
test routing::tests::shared_zone_seeds_current_map_npcs_for_later_owner_aoi_entry ... ok
test routing::tests::shared_zone_seeds_distant_current_map_monsters_for_later_owner_aoi_entry ... ok
test routing::tests::shared_zone_state_allows_shared_drop_after_ownership_window ... ok
test routing::tests::shared_zone_state_allows_shared_drop_owner_group_member ... ok
test routing::tests::shared_zone_state_applies_dead_marker_to_late_object_monster_packet ... ok
test routing::tests::shared_zone_state_applies_object_died_before_snapshot_arrives ... ok
test routing::tests::shared_zone_state_applies_object_died_without_stale_revive ... ok
test routing::tests::shared_zone_state_applies_object_health_without_stale_overwrite ... ok
test routing::tests::shared_zone_state_applies_object_movement_packets_to_shared_entities ... ok
test routing::tests::shared_zone_state_applies_object_remove_as_entity_tombstone ... ok
test routing::tests::shared_zone_state_applies_object_revived_before_snapshot_arrives ... ok
test routing::tests::shared_zone_state_applies_object_revived_without_stale_redeath ... ok
test routing::tests::shared_zone_state_applies_object_transform_packets_to_shared_entities ... ok
test routing::tests::shared_zone_state_blocks_actions_against_dead_entities ... ok
test routing::tests::shared_zone_state_blocks_reharvest_when_harvest_packet_arrives_before_snapshot ... ok
test routing::tests::shared_zone_state_blocks_reharvesting_harvested_shared_corpse ... ok
test routing::tests::shared_zone_state_clears_stale_harvest_only_for_a_new_corpse_incarnation ... ok
test routing::tests::shared_zone_state_coalesces_pending_movement_by_object ... ok
test routing::tests::shared_zone_state_commits_death_drop_without_prior_entity_snapshot ... ok
test routing::tests::shared_zone_state_commits_monster_death_drops_once ... ok
test routing::tests::shared_zone_state_commits_zero_health_monster_drops_once ... ok
test routing::tests::shared_zone_state_death_drop_anchor_survives_corpse_remove ... ok
test routing::tests::shared_zone_state_dispatches_current_and_pending_monster_kill_awards ... ok
test routing::tests::shared_zone_state_dispatches_current_and_pending_player_damages ... ok
test routing::tests::shared_zone_state_dispatches_current_and_pending_player_heals ... ok
test routing::tests::shared_zone_state_expires_shared_drop_and_queues_object_remove ... ok
test routing::tests::shared_zone_state_expires_shared_drop_ownership_deadline_before_auto_creature_pickup ... ok
test routing::tests::shared_zone_state_expires_shared_drop_ownership_deadline_before_pickup ... ok
test routing::tests::shared_zone_state_filters_stale_dead_entity_packets_for_owner_stream ... ok
test routing::tests::shared_zone_state_ignores_object_transform_packets_for_dead_entities ... ok
test routing::tests::shared_zone_state_keeps_absent_viewport_drops_until_object_remove_or_pickup ... ok
test routing::tests::shared_zone_state_keeps_absent_viewport_entities_until_object_remove ... ok
test routing::tests::shared_zone_state_keeps_lower_health_against_stale_packet_increase ... ok
test routing::tests::shared_zone_state_object_revived_clears_remove_tombstone ... ok
test routing::tests::shared_zone_state_preserves_owned_generated_entity_owner_during_snapshot_merge ... ok
test routing::tests::shared_zone_state_records_object_hero_and_npc_spawn_packets ... ok
test routing::tests::shared_zone_state_records_object_monster_spawn_packet ... ok
test routing::tests::shared_zone_state_records_summon_owner_from_monster_master ... ok
test routing::tests::shared_zone_state_removes_owned_generated_entities_on_player_leave ... ok
test routing::tests::shared_zone_state_resolves_harvest_target_across_crystal_front_scan ... ok
test routing::tests::shared_zone_state_respects_shared_drop_ownership_window ... ok
test routing::tests::shared_zone_state_save_transform_updates_presence_before_pending_drain ... ok
test routing::tests::shared_zone_state_treats_intelligent_creature_pickup_as_drop_remove ... ok
test routing::tests::shared_zone_state_treats_zero_health_as_dead ... ok
test routing::tests::shared_zone_state_treats_zero_health_without_max_hp_as_dead ... ok
test routing::tests::shared_zone_upsert_preserves_same_map_authoritative_transform ... ok
test routing::tests::zone_monster_spawn_from_shared_entity_preserves_explicit_hostile_passive_override ... ok
test routing::tests::zone_monster_spawn_from_shared_entity_restores_crystal_drop_templates ... ok
test routing::tests::zone_monster_spawn_from_shared_entity_restores_crystal_neutral_ai ... ok
test web::tests::native_resume_remote_revocation_after_precheck_is_caught_by_post_commit_shared_revalidate ... ok

test result: ok. 165 passed; 0 failed; 1 ignored; 0 measured; 534 filtered out; finished in 560.71s

