   Compiling mir2-simulation v0.1.0 (E:\mir2-player-journey\mir2-web3\apps\simulation)
warning: use of deprecated method `bevy_ecs::world::World::iter_entities`: use world.query::<EntityRef>()` instead
   --> apps\simulation\src\runtime\monster_ai\great_fox_spirit.rs:163:28
    |
163 |     for candidate in world.iter_entities() {
    |                            ^^^^^^^^^^^^^
    |
    = note: `#[warn(deprecated)]` on by default

warning: use of deprecated method `bevy_ecs::world::World::iter_entities`: use world.query::<EntityRef>()` instead
    --> apps\simulation\src\runtime\packets.rs:7292:25
     |
7292 |     for entity in world.iter_entities() {
     |                         ^^^^^^^^^^^^^

warning: use of deprecated method `bevy_ecs::world::World::iter_entities`: use world.query::<EntityRef>()` instead
    --> apps\simulation\src\runtime\skills.rs:4946:10
     |
4946 |         .iter_entities()
     |          ^^^^^^^^^^^^^

warning: use of deprecated method `bevy_ecs::world::World::iter_entities`: use world.query::<EntityRef>()` instead
    --> apps\simulation\src\runtime\skills.rs:5028:10
     |
5028 |         .iter_entities()
     |          ^^^^^^^^^^^^^

warning: type `ZoneCombatEntityRef` is more private than the item `tree_queen_ai::TreeQueenRoot::source_ref`
  --> apps\simulation\src\runtime\zone\runtime\tree_queen_ai.rs:39:5
   |
39 |     pub source_ref: Option<ZoneCombatEntityRef>,
   |     ^^^^^^^^^^^^^^^^^^^^^^^^^^^^^^^^^^^^^^^^^^^ field `tree_queen_ai::TreeQueenRoot::source_ref` is reachable at visibility `pub(in crate::runtime::zone)`
   |
note: but type `ZoneCombatEntityRef` is only usable at visibility `pub(in crate::runtime::zone::runtime)`
  --> apps\simulation\src\runtime\zone\runtime\entity_combat.rs:7:1
   |
 7 | pub(super) enum ZoneCombatEntityRef {
   | ^^^^^^^^^^^^^^^^^^^^^^^^^^^^^^^^^^^
   = note: `#[warn(private_interfaces)]` on by default

warning: type `ZoneCombatEntityRef` is more private than the item `EvilMirState::target_ref`
  --> apps\simulation\src\runtime\zone\runtime\evil_mir_ai.rs:11:5
   |
11 |     pub target_ref: Option<ZoneCombatEntityRef>,
   |     ^^^^^^^^^^^^^^^^^^^^^^^^^^^^^^^^^^^^^^^^^^^ field `EvilMirState::target_ref` is reachable at visibility `pub(in crate::runtime::zone)`
   |
note: but type `ZoneCombatEntityRef` is only usable at visibility `pub(in crate::runtime::zone::runtime)`
  --> apps\simulation\src\runtime\zone\runtime\entity_combat.rs:7:1
   |
 7 | pub(super) enum ZoneCombatEntityRef {
   | ^^^^^^^^^^^^^^^^^^^^^^^^^^^^^^^^^^^

warning: type `ZoneCombatEntityRef` is more private than the item `EvilMirPendingSource::source`
  --> apps\simulation\src\runtime\zone\runtime\evil_mir_ai.rs:20:5
   |
20 |     pub source: ZoneCombatEntityRef,
   |     ^^^^^^^^^^^^^^^^^^^^^^^^^^^^^^^ field `EvilMirPendingSource::source` is reachable at visibility `pub(in crate::runtime::zone)`
   |
note: but type `ZoneCombatEntityRef` is only usable at visibility `pub(in crate::runtime::zone::runtime)`
  --> apps\simulation\src\runtime\zone\runtime\entity_combat.rs:7:1
   |
 7 | pub(super) enum ZoneCombatEntityRef {
   | ^^^^^^^^^^^^^^^^^^^^^^^^^^^^^^^^^^^

warning: type `ZoneCombatEntityRef` is more private than the item `GreatFoxState::target_ref`
  --> apps\simulation\src\runtime\zone\runtime\great_fox_ai.rs:15:5
   |
15 |     pub target_ref: Option<ZoneCombatEntityRef>,
   |     ^^^^^^^^^^^^^^^^^^^^^^^^^^^^^^^^^^^^^^^^^^^ field `GreatFoxState::target_ref` is reachable at visibility `pub(in crate::runtime::zone)`
   |
note: but type `ZoneCombatEntityRef` is only usable at visibility `pub(in crate::runtime::zone::runtime)`
  --> apps\simulation\src\runtime\zone\runtime\entity_combat.rs:7:1
   |
 7 | pub(super) enum ZoneCombatEntityRef {
   | ^^^^^^^^^^^^^^^^^^^^^^^^^^^^^^^^^^^

warning: type `ZoneCombatEntityRef` is more private than the item `GreatFoxHit::source_ref`
  --> apps\simulation\src\runtime\zone\runtime\great_fox_ai.rs:42:5
   |
42 |     pub source_ref: Option<ZoneCombatEntityRef>,
   |     ^^^^^^^^^^^^^^^^^^^^^^^^^^^^^^^^^^^^^^^^^^^ field `GreatFoxHit::source_ref` is reachable at visibility `pub(in crate::runtime::zone)`
   |
note: but type `ZoneCombatEntityRef` is only usable at visibility `pub(in crate::runtime::zone::runtime)`
  --> apps\simulation\src\runtime\zone\runtime\entity_combat.rs:7:1
   |
 7 | pub(super) enum ZoneCombatEntityRef {
   | ^^^^^^^^^^^^^^^^^^^^^^^^^^^^^^^^^^^

warning: type `ZoneCombatEntityRef` is more private than the item `GreatFoxHit::target_ref`
  --> apps\simulation\src\runtime\zone\runtime\great_fox_ai.rs:44:5
   |
44 |     pub target_ref: Option<ZoneCombatEntityRef>,
   |     ^^^^^^^^^^^^^^^^^^^^^^^^^^^^^^^^^^^^^^^^^^^ field `GreatFoxHit::target_ref` is reachable at visibility `pub(in crate::runtime::zone)`
   |
note: but type `ZoneCombatEntityRef` is only usable at visibility `pub(in crate::runtime::zone::runtime)`
  --> apps\simulation\src\runtime\zone\runtime\entity_combat.rs:7:1
   |
 7 | pub(super) enum ZoneCombatEntityRef {
   | ^^^^^^^^^^^^^^^^^^^^^^^^^^^^^^^^^^^

warning: type `ZoneCombatEntityRef` is more private than the item `HornedEncounterState::target_ref`
  --> apps\simulation\src\runtime\zone\runtime\horned_encounter_ai.rs:12:5
   |
12 |     pub target_ref: Option<ZoneCombatEntityRef>,
   |     ^^^^^^^^^^^^^^^^^^^^^^^^^^^^^^^^^^^^^^^^^^^ field `HornedEncounterState::target_ref` is reachable at visibility `pub(in crate::runtime::zone)`
   |
note: but type `ZoneCombatEntityRef` is only usable at visibility `pub(in crate::runtime::zone::runtime)`
  --> apps\simulation\src\runtime\zone\runtime\entity_combat.rs:7:1
   |
 7 | pub(super) enum ZoneCombatEntityRef {
   | ^^^^^^^^^^^^^^^^^^^^^^^^^^^^^^^^^^^

warning: type `ZoneCombatEntityRef` is more private than the item `HornedEncounterHit::source_ref`
  --> apps\simulation\src\runtime\zone\runtime\horned_encounter_ai.rs:38:5
   |
38 |     pub source_ref: Option<ZoneCombatEntityRef>,
   |     ^^^^^^^^^^^^^^^^^^^^^^^^^^^^^^^^^^^^^^^^^^^ field `HornedEncounterHit::source_ref` is reachable at visibility `pub(in crate::runtime::zone)`
   |
note: but type `ZoneCombatEntityRef` is only usable at visibility `pub(in crate::runtime::zone::runtime)`
  --> apps\simulation\src\runtime\zone\runtime\entity_combat.rs:7:1
   |
 7 | pub(super) enum ZoneCombatEntityRef {
   | ^^^^^^^^^^^^^^^^^^^^^^^^^^^^^^^^^^^

warning: type `ZoneCombatEntityRef` is more private than the item `HornedEncounterHit::target_ref`
  --> apps\simulation\src\runtime\zone\runtime\horned_encounter_ai.rs:41:5
   |
41 |     pub target_ref: Option<ZoneCombatEntityRef>,
   |     ^^^^^^^^^^^^^^^^^^^^^^^^^^^^^^^^^^^^^^^^^^^ field `HornedEncounterHit::target_ref` is reachable at visibility `pub(in crate::runtime::zone)`
   |
note: but type `ZoneCombatEntityRef` is only usable at visibility `pub(in crate::runtime::zone::runtime)`
  --> apps\simulation\src\runtime\zone\runtime\entity_combat.rs:7:1
   |
 7 | pub(super) enum ZoneCombatEntityRef {
   | ^^^^^^^^^^^^^^^^^^^^^^^^^^^^^^^^^^^

warning: type `ZoneCombatEntityRef` is more private than the item `HornedMapSpell::source_ref`
  --> apps\simulation\src\runtime\zone\runtime\horned_encounter_ai.rs:60:5
   |
60 |     pub source_ref: Option<ZoneCombatEntityRef>,
   |     ^^^^^^^^^^^^^^^^^^^^^^^^^^^^^^^^^^^^^^^^^^^ field `HornedMapSpell::source_ref` is reachable at visibility `pub(in crate::runtime::zone)`
   |
note: but type `ZoneCombatEntityRef` is only usable at visibility `pub(in crate::runtime::zone::runtime)`
  --> apps\simulation\src\runtime\zone\runtime\entity_combat.rs:7:1
   |
 7 | pub(super) enum ZoneCombatEntityRef {
   | ^^^^^^^^^^^^^^^^^^^^^^^^^^^^^^^^^^^

warning: type `ZoneCombatEntityRef` is more private than the item `HornedState::target_ref`
  --> apps\simulation\src\runtime\zone\runtime\horned_ai.rs:14:5
   |
14 |     pub target_ref: Option<ZoneCombatEntityRef>,
   |     ^^^^^^^^^^^^^^^^^^^^^^^^^^^^^^^^^^^^^^^^^^^ field `HornedState::target_ref` is reachable at visibility `pub(in crate::runtime::zone)`
   |
note: but type `ZoneCombatEntityRef` is only usable at visibility `pub(in crate::runtime::zone::runtime)`
  --> apps\simulation\src\runtime\zone\runtime\entity_combat.rs:7:1
   |
 7 | pub(super) enum ZoneCombatEntityRef {
   | ^^^^^^^^^^^^^^^^^^^^^^^^^^^^^^^^^^^

warning: type `ZoneCombatEntityRef` is more private than the item `HornedHit::source_ref`
  --> apps\simulation\src\runtime\zone\runtime\horned_ai.rs:28:5
   |
28 |     pub source_ref: Option<ZoneCombatEntityRef>,
   |     ^^^^^^^^^^^^^^^^^^^^^^^^^^^^^^^^^^^^^^^^^^^ field `HornedHit::source_ref` is reachable at visibility `pub(in crate::runtime::zone)`
   |
note: but type `ZoneCombatEntityRef` is only usable at visibility `pub(in crate::runtime::zone::runtime)`
  --> apps\simulation\src\runtime\zone\runtime\entity_combat.rs:7:1
   |
 7 | pub(super) enum ZoneCombatEntityRef {
   | ^^^^^^^^^^^^^^^^^^^^^^^^^^^^^^^^^^^

warning: type `ZoneCombatEntityRef` is more private than the item `HornedHit::target_ref`
  --> apps\simulation\src\runtime\zone\runtime\horned_ai.rs:30:5
   |
30 |     pub target_ref: Option<ZoneCombatEntityRef>,
   |     ^^^^^^^^^^^^^^^^^^^^^^^^^^^^^^^^^^^^^^^^^^^ field `HornedHit::target_ref` is reachable at visibility `pub(in crate::runtime::zone)`
   |
note: but type `ZoneCombatEntityRef` is only usable at visibility `pub(in crate::runtime::zone::runtime)`
  --> apps\simulation\src\runtime\zone\runtime\entity_combat.rs:7:1
   |
 7 | pub(super) enum ZoneCombatEntityRef {
   | ^^^^^^^^^^^^^^^^^^^^^^^^^^^^^^^^^^^

warning: type `ZoneCombatEntityRef` is more private than the item `HellState::explosion_source_ref`
  --> apps\simulation\src\runtime\zone\runtime\hell_ai.rs:14:5
   |
14 |     pub explosion_source_ref: Option<ZoneCombatEntityRef>,
   |     ^^^^^^^^^^^^^^^^^^^^^^^^^^^^^^^^^^^^^^^^^^^^^^^^^^^^^ field `HellState::explosion_source_ref` is reachable at visibility `pub(in crate::runtime::zone)`
   |
note: but type `ZoneCombatEntityRef` is only usable at visibility `pub(in crate::runtime::zone::runtime)`
  --> apps\simulation\src\runtime\zone\runtime\entity_combat.rs:7:1
   |
 7 | pub(super) enum ZoneCombatEntityRef {
   | ^^^^^^^^^^^^^^^^^^^^^^^^^^^^^^^^^^^

warning: type `ZoneCombatEntityRef` is more private than the item `SpiderAiState::parent_ref`
  --> apps\simulation\src\runtime\zone\runtime\spider_ai.rs:40:5
   |
40 |     pub parent_ref: Option<ZoneCombatEntityRef>,
   |     ^^^^^^^^^^^^^^^^^^^^^^^^^^^^^^^^^^^^^^^^^^^ field `SpiderAiState::parent_ref` is reachable at visibility `pub(in crate::runtime::zone)`
   |
note: but type `ZoneCombatEntityRef` is only usable at visibility `pub(in crate::runtime::zone::runtime)`
  --> apps\simulation\src\runtime\zone\runtime\entity_combat.rs:7:1
   |
 7 | pub(super) enum ZoneCombatEntityRef {
   | ^^^^^^^^^^^^^^^^^^^^^^^^^^^^^^^^^^^

warning: type `ZoneCombatEntityRef` is more private than the item `PendingRootSpiderSpawn::source`
  --> apps\simulation\src\runtime\zone\runtime\spider_ai.rs:52:5
   |
52 |     pub source: Option<ZoneCombatEntityRef>,
   |     ^^^^^^^^^^^^^^^^^^^^^^^^^^^^^^^^^^^^^^^ field `PendingRootSpiderSpawn::source` is reachable at visibility `pub(in crate::runtime::zone)`
   |
note: but type `ZoneCombatEntityRef` is only usable at visibility `pub(in crate::runtime::zone::runtime)`
  --> apps\simulation\src\runtime\zone\runtime\entity_combat.rs:7:1
   |
 7 | pub(super) enum ZoneCombatEntityRef {
   | ^^^^^^^^^^^^^^^^^^^^^^^^^^^^^^^^^^^

warning: type `ZoneCombatEntityRef` is more private than the item `PendingRootSpiderSpawn::target`
  --> apps\simulation\src\runtime\zone\runtime\spider_ai.rs:54:5
   |
54 |     pub target: Option<ZoneCombatEntityRef>,
   |     ^^^^^^^^^^^^^^^^^^^^^^^^^^^^^^^^^^^^^^^ field `PendingRootSpiderSpawn::target` is reachable at visibility `pub(in crate::runtime::zone)`
   |
note: but type `ZoneCombatEntityRef` is only usable at visibility `pub(in crate::runtime::zone::runtime)`
  --> apps\simulation\src\runtime\zone\runtime\entity_combat.rs:7:1
   |
 7 | pub(super) enum ZoneCombatEntityRef {
   | ^^^^^^^^^^^^^^^^^^^^^^^^^^^^^^^^^^^

warning: methods `scoped_to_account` and `scoped_to_accounts` are never used
   --> apps\simulation\src\config.rs:225:8
    |
109 | impl AccountStore {
    | ----------------- methods in this implementation
...
225 |     fn scoped_to_account(&self, account_id: &str) -> Self {
    |        ^^^^^^^^^^^^^^^^^
...
229 |     fn scoped_to_accounts(&self, account_ids: &[&str]) -> Self {
    |        ^^^^^^^^^^^^^^^^^^
    |
    = note: `#[warn(dead_code)]` (part of `#[warn(unused)]`) on by default

warning: variant `MacAgility` is never constructed
   --> apps\simulation\src\runtime\combat.rs:767:5
    |
760 | pub(super) enum CrystalDefence {
    |                 -------------- variant in this enum
...
767 |     MacAgility,
    |     ^^^^^^^^^^
    |
    = note: `CrystalDefence` has derived impls for the traits `Debug` and `Clone`, but these are intentionally ignored during dead code analysis

warning: method `socketed_count` is never used
   --> apps\simulation\src\runtime\equipment.rs:303:19
    |
119 | impl EquipmentState {
    | ------------------- method in this implementation
...
303 |     pub(super) fn socketed_count(&self) -> usize {
    |                   ^^^^^^^^^^^^^^

warning: function `equipment_state_identified` is never used
   --> apps\simulation\src\runtime\equipment.rs:308:15
    |
308 | pub(super) fn equipment_state_identified(item: &EquipmentState) -> bool {
    |               ^^^^^^^^^^^^^^^^^^^^^^^^^^

warning: function `equipment_state_soul_bound_id` is never used
   --> apps\simulation\src\runtime\equipment.rs:313:15
    |
313 | pub(super) fn equipment_state_soul_bound_id(item: &EquipmentState) -> i32 {
    |               ^^^^^^^^^^^^^^^^^^^^^^^^^^^^^

warning: function `repair_conquest_asset` is never used
    --> apps\simulation\src\runtime\monsters.rs:1813:15
     |
1813 | pub(super) fn repair_conquest_asset(world: &mut World, ai: u8, asset_id: u8) -> bool {
     |               ^^^^^^^^^^^^^^^^^^^^^

warning: function `complete_quest` is never used
   --> apps\simulation\src\runtime\quests.rs:814:15
    |
814 | pub(super) fn complete_quest(world: &mut World, quest_id: i32) {
    |               ^^^^^^^^^^^^^^

warning: function `default_save_for_character` is never used
  --> apps\simulation\src\runtime\save.rs:76:15
   |
76 | pub(super) fn default_save_for_character(
   |               ^^^^^^^^^^^^^^^^^^^^^^^^^^

warning: function `persist_character_save` is never used
   --> apps\simulation\src\runtime\save.rs:818:15
    |
818 | pub(super) fn persist_character_save(
    |               ^^^^^^^^^^^^^^^^^^^^^^

warning: method `game_shop_buy_product` is never used
    --> apps\simulation\src\runtime\stage5.rs:4258:8
     |
3188 | impl SimulationSession {
     | ---------------------- method in this implementation
...
4258 |     fn game_shop_buy_product(
     |        ^^^^^^^^^^^^^^^^^^^^^

warning: function `hell_can_move` is never used
  --> apps\simulation\src\runtime\zone\runtime\hell_ai.rs:68:15
   |
68 | pub(super) fn hell_can_move(m: &ZoneNativeMonster) -> bool {
   |               ^^^^^^^^^^^^^

warning: function `hell_accepts_struck` is never used
  --> apps\simulation\src\runtime\zone\runtime\hell_ai.rs:71:15
   |
71 | pub(super) fn hell_accepts_struck(m: &ZoneNativeMonster) -> bool {
   |               ^^^^^^^^^^^^^^^^^^^

warning: function `hell_can_regen` is never used
  --> apps\simulation\src\runtime\zone\runtime\hell_ai.rs:74:15
   |
74 | pub(super) fn hell_can_regen(m: &ZoneNativeMonster) -> bool {
   |               ^^^^^^^^^^^^^^

warning: method `clear_native_entity_target` is never used
    --> apps\simulation\src\runtime\zone\runtime\entity_combat.rs:1286:19
     |
 942 | impl ZoneRuntime {
     | ---------------- method in this implementation
...
1286 |     pub(super) fn clear_native_entity_target(&mut self, source_id: u32) {
     |                   ^^^^^^^^^^^^^^^^^^^^^^^^^^

warning: `mir2-simulation` (lib) generated 35 warnings
warning: function `join` is never used
  --> apps\simulation\tests\shared_monster_snake_totem_ai.rs:10:4
   |
10 | fn join(z: &mut ZoneRuntime, name: &str, id: u32, pos: Point, dc: i32) {
   |    ^^^^
   |
   = note: `#[warn(dead_code)]` (part of `#[warn(unused)]`) on by default

warning: function `fixture` is never used
  --> apps\simulation\tests\shared_monster_snake_totem_ai.rs:67:4
   |
67 | fn fixture(id: u32, ai: u8, hp: i32, name: &str) -> ZoneRuntime {
   |    ^^^^^^^

warning: `mir2-simulation` (test "shared_monster_snake_totem_ai") generated 2 warnings
    Finished `test` profile [unoptimized + debuginfo] target(s) in 6.53s
     Running tests\shared_entity_combat.rs (C:\Users\Administrator\AppData\Local\Temp\mir2-trade-gold-simulation-20260908\x86_64-pc-windows-msvc\debug\deps\shared_entity_combat-d05e4edf1fd21328.exe)

running 4 tests
test queued_pet_hit_does_not_fabricate_damage_after_owner_leaves ... ok
test shared_acquired_pet_target_survives_closer_player_join_and_checkpoint ... ok
test wild_attack_lands_on_real_pet_after_300ms_and_checkpoints_the_pending_life ... ok
test wild_monsters_do_not_gain_aggro_against_other_unowned_monsters ... ok

test result: ok. 4 passed; 0 failed; 0 ignored; 0 measured; 0 filtered out; finished in 0.10s

     Running tests\shared_monster_armadillo_ai.rs (C:\Users\Administrator\AppData\Local\Temp\mir2-trade-gold-simulation-20260908\x86_64-pc-windows-msvc\debug\deps\shared_monster_armadillo_ai-3fce414fb96ca4db.exe)

running 6 tests
test armadillo_all_six_roll_outcomes_preserve_original_delays_and_elder_push_only ... ok
test armadillo_pet_only_captured_hits_apply_to_real_pet_after_checkpoint ... ok
test armadillo_retreat_does_not_hit_rejoined_or_revived_target_life ... ok
test elder_push_blocks_movement_and_attack_for_500ms_across_checkpoint ... ok
test elder_push_owner_and_aoi_edges_receive_correct_surfaces ... ok
test occupied_first_push_tile_still_applies_the_500ms_action_lock ... ok

test result: ok. 6 passed; 0 failed; 0 ignored; 0 measured; 0 filtered out; finished in 0.34s

     Running tests\shared_monster_hell_ai.rs (C:\Users\Administrator\AppData\Local\Temp\mir2-trade-gold-simulation-20260908\x86_64-pc-windows-msvc\debug\deps\shared_monster_hell_ai-62d29e313f3e6622.exe)

running 17 tests
test bomb_bleeding_ticks_on_next_update_and_does_not_cross_player_lives ... ok
test bomb_expires_strictly_after_ten_seconds_and_explodes_after_death_once ... ok
test bomb_poison_counted_end_clears_all_legacy_projections_without_reappearing ... ok
test bomb_source_replacement_with_same_id_cannot_keep_the_old_poison_lease ... ok
test canonical_checkpoint_rejects_modified_periodic_and_hell_world_state ... ok
test hell_bomb_native_dazed_and_bleeding_are_real_periodic_statuses ... ok
test hell_bomb_removed_source_does_not_transfer_queued_blast_to_reused_id ... ok
test hell_bomb_shared_owned_target_explosion_finishes_from_corpse_after_checkpoint ... ok
test hell_knight_parent_life_survives_checkpoint_without_binding_reused_lord_id ... ok
test hell_map_quake_strikes_unowned_native_without_caster_and_survives_restore ... ok
test hell_map_spawn_outlives_removed_parent_without_a_replacement ... ok
test killing_bomb_with_damage_does_not_schedule_an_explosion ... ok
test knight_death_advances_lord_once_and_empty_map_resets_the_stage ... ok
test lord_delayed_knight_and_quakes_are_shared_checkpoint_state ... ok
test positive_bleeding_and_green_periodic_damage_never_emits_object_struck ... ok
test purification_then_same_bit_reapplication_starts_a_fresh_counted_lease ... ok
test unrelated_observer_monster_death_and_revive_do_not_retire_player_poison ... ok

test result: ok. 17 passed; 0 failed; 0 ignored; 0 measured; 0 filtered out; finished in 0.80s

     Running tests\shared_monster_snake_totem_ai.rs (C:\Users\Administrator\AppData\Local\Temp\mir2-trade-gold-simulation-20260908\x86_64-pc-windows-msvc\debug\deps\shared_monster_snake_totem_ai-1bfda9a7d67bb3a7.exe)

running 3 tests
test full_totem_keeps_redirecting_real_hostiles_away_from_nearer_player ... FAILED
test totem_produces_without_enemies_and_does_not_fake_an_attack ... ok
test totem_search_clock_and_minion_ownership_restore_without_duplicate_wave ... ok

failures:

---- full_totem_keeps_redirecting_real_hostiles_away_from_nearer_player stdout ----

thread 'full_totem_keeps_redirecting_real_hostiles_away_from_nearer_player' (32748) panicked at apps\simulation\tests\shared_monster_snake_totem_ai.rs:183:5:
assertion `left == right` failed
  left: 2
 right: 3
note: run with `RUST_BACKTRACE=1` environment variable to display a backtrace


failures:
    full_totem_keeps_redirecting_real_hostiles_away_from_nearer_player

test result: FAILED. 2 passed; 1 failed; 0 ignored; 0 measured; 0 filtered out; finished in 0.09s

error: test failed, to rerun pass `-p mir2-simulation --test shared_monster_snake_totem_ai`
     Running tests\shared_monster_spider_ai.rs (C:\Users\Administrator\AppData\Local\Temp\mir2-trade-gold-simulation-20260908\x86_64-pc-windows-msvc\debug\deps\shared_monster_spider_ai-eac328ba0b15539b.exe)

running 17 tests
test adjacent_spider_dies_then_explodes_once_at_500ms_for_both_observers ... ok
test bomb_positive_real_pet_hit_can_apply_sc_powered_green_poison ... ok
test bomb_real_pet_only_dies_then_delayed_acagility_hits_pet_not_owner ... ok
test damaged_spider_suicide_credits_owner_once_but_expired_tag_does_not ... ok
test explosion_uses_impact_positions_and_never_hits_outside_radius_one ... ok
test five_minute_lifetime_is_strict_and_survives_blocked_movement ... ok
test full_poison_resistance_blocks_explosion_poison_while_damage_still_lands ... ok
test missing_target_triggers_death_and_corpse_expires_without_resurrection ... ok
test ordinary_monster_has_no_spider_lifecycle_state ... ok
test pending_explosion_checkpoint_replays_identical_damage_and_never_reexecutes ... ok
test player_kill_awards_drops_once_and_personal_refresh_cannot_cancel_pending_explosion ... ok
test root_children_keep_independent_drop_rolls_and_reward_only_their_actual_deaths ... ok
test root_pending_spawn_does_not_inherit_retired_pet_life ... ok
test root_pending_spawn_survives_producer_death_refresh_and_checkpoint_exactly_once ... ok
test root_spider_real_pet_target_is_captured_and_inherited_by_real_child ... ok
test root_spider_summons_one_shared_child_after_500ms_with_source_relationship_and_cadence ... ok
test root_twenty_live_child_cap_survives_repeated_ticks_and_replenishes_a_dead_child ... ok

test result: ok. 17 passed; 0 failed; 0 ignored; 0 measured; 0 filtered out; finished in 1.30s

     Running tests\shared_monster_statue_centipede_ai.rs (C:\Users\Administrator\AppData\Local\Temp\mir2-trade-gold-simulation-20260908\x86_64-pc-windows-msvc\debug\deps\shared_monster_statue_centipede_ai-06c14a811e6fb4c7.exe)

running 4 tests
test centipede_real_pet_triggers_show_but_cannot_bypass_two_second_lock ... ok
test statue_completion_hits_pet_and_player_in_target_area ... ok
test statue_legacy_target_life_clear_survives_checkpoint_without_hitting_rejoin ... ok
test statue_pet_only_completion_broadcasts_at_500ms_and_damages_real_pet ... ok

test result: ok. 4 passed; 0 failed; 0 ignored; 0 measured; 0 filtered out; finished in 0.09s

     Running tests\shared_monster_tree_queen_ai.rs (C:\Users\Administrator\AppData\Local\Temp\mir2-trade-gold-simulation-20260908\x86_64-pc-windows-msvc\debug\deps\shared_monster_tree_queen_ai-532ae4cc0812d722.exe)

running 7 tests
test queen_map_root_struck_hits_real_shinsu_and_keeps_safe_owner_immune ... FAILED
test queen_mass_roots_are_saved_cells_with_one_center_and_real_mac_damage ... ok
test queen_pending_attack_does_not_hit_same_id_new_life ... ok
test queen_pet_only_captures_real_life_and_delayed_mac_attack_is_checkpoint_stable ... ok
test queen_retired_anchor_cancels_delayed_area_attack ... ok
test queen_spawn_delays_roots_and_never_moves ... ok
test queen_world_checkpoint_is_integrity_protected ... ok

failures:

---- queen_map_root_struck_hits_real_shinsu_and_keeps_safe_owner_immune stdout ----

thread 'queen_map_root_struck_hits_real_shinsu_and_keeps_safe_owner_immune' (42636) panicked at apps\simulation\tests\shared_monster_tree_queen_ai.rs:356:9:
ground MAC Struck must hurt real Shinsu
note: run with `RUST_BACKTRACE=1` environment variable to display a backtrace


failures:
    queen_map_root_struck_hits_real_shinsu_and_keeps_safe_owner_immune

test result: FAILED. 6 passed; 1 failed; 0 ignored; 0 measured; 0 filtered out; finished in 0.12s

error: test failed, to rerun pass `-p mir2-simulation --test shared_monster_tree_queen_ai`
     Running tests\shared_monster_yimoogi_ai.rs (C:\Users\Administrator\AppData\Local\Temp\mir2-trade-gold-simulation-20260908\x86_64-pc-windows-msvc\debug\deps\shared_monster_yimoogi_ai-0627c7f0bf563ecd.exe)

running 8 tests
test yimoogi_actual_pet_hit_activates_pet_not_owner_and_restores_both_attack_delays ... ok
test yimoogi_attacked_wakes_and_delayed_hit_restores_without_duplication ... ok
test yimoogi_can_apply_red_to_owned_target_without_second_human_resistance ... ok
test yimoogi_first_sister_death_suppresses_drop ... ok
test yimoogi_old_native_target_retirement_cancels_captured_hit ... ok
test yimoogi_reused_sister_id_does_not_suppress_original_drop ... FAILED
test yimoogi_sister_inherits_real_pet_life_and_does_not_rebind_replacement_sister ... FAILED
test yimoogi_starts_passive_and_spawns_one_sister_after_four_seconds ... ok

failures:

---- yimoogi_reused_sister_id_does_not_suppress_original_drop stdout ----

thread 'yimoogi_reused_sister_id_does_not_suppress_original_drop' (46372) panicked at apps\simulation\tests\shared_monster_yimoogi_ai.rs:452:5:
new unrelated sister ID must not suppress configured Gold drop
note: run with `RUST_BACKTRACE=1` environment variable to display a backtrace

---- yimoogi_sister_inherits_real_pet_life_and_does_not_rebind_replacement_sister stdout ----

thread 'yimoogi_sister_inherits_real_pet_life_and_does_not_rebind_replacement_sister' (43464) panicked at apps\simulation\tests\shared_monster_yimoogi_ai.rs:386:5:
assertion `left == right` failed
  left: Null
 right: 101


failures:
    yimoogi_reused_sister_id_does_not_suppress_original_drop
    yimoogi_sister_inherits_real_pet_life_and_does_not_rebind_replacement_sister

test result: FAILED. 6 passed; 2 failed; 0 ignored; 0 measured; 0 filtered out; finished in 0.87s

error: test failed, to rerun pass `-p mir2-simulation --test shared_monster_yimoogi_ai`
error: 3 targets failed:
    `-p mir2-simulation --test shared_monster_snake_totem_ai`
    `-p mir2-simulation --test shared_monster_tree_queen_ai`
    `-p mir2-simulation --test shared_monster_yimoogi_ai`
