✖ Source30 durable receiver and retained facade pass strict no-emit type checking (633.0096ms)
✔ quote calls the actual runtime hook with exact full request and preserves Rust values (1.9523ms)
✔ blocked Rust quotes retain computed amounts and never create a sending proof (7.0449ms)
✔ response and wire shapes fail closed without rounding or transport extension (13.4311ms)
✔ caller capture must match the live snapshot before the first Rust call (0.9186ms)
✔ returned DTO and opaque token reject mutation, forgery and a foreign dispatcher (3.7187ms)
✔ final listener changes to every bound owner, model, raw item, wallet or layout reject the send (27.5305ms)
✔ altered or extended mutable wire is rejected and consumes its token (10.699ms)
✔ runtime refusal, throw, replacement and unavailable source fail at the final claim (7.5634ms)
✔ runtime mutation during preparation or final revalidation cannot authorize a stale command (3.8303ms)
✔ read and Rust synchronous reentry cannot claim or prepare a second command (3.9509ms)
✔ a recursive final listener cannot reserve a second proof before the first Core flight enters (3.9173ms)
✔ spent unchanged authority stays disabled across selection, quantity, layout and source withdrawal (6.3099ms)
✔ same OPEN connection keeps entered flushed and unknown blocked through every authority change and ABA (111.5982ms)
✔ an unclaimed old proof cannot revive after an observed model ABA (6.5701ms)
✔ socket throw after claim retains the Core pending barrier without replaying a command (4.8553ms)
✔ non-JSON transport values are refused rather than silently coerced or invoking user callbacks (1.0715ms)
✔ missing raw purchase rate stays null and delegates invalidRate to Rust (1.0782ms)
✔ actual Page quote delegates raw catalogue UID price rate and whole inventory to Rust (60.4906ms)
✔ actual Page Buy callback uses one opaque proof and sendRaw claims only after the action listener (8.8231ms)
✔ actual Page final listener catalogue replacement rejects even a same-template selected UID (15.1659ms)
✔ actual Page NPC service retirement during action withdraws current source before final claim (3.0983ms)
✔ actual Page synchronous action reentry is refused by the existing reserved Core flight (6.6452ms)
✔ actual Page marker with missing raw source or rate delegates refusal without a legacy downgrade (4.7652ms)
✔ actual Page unmarked legacy catalogue keeps its exact service proof and earlier quantity bound (0.9564ms)
✔ actual Page unmarked legacy final listener cannot send through changed catalogue service or owner (1.3204ms)
✔ actual Page send and sendRaw deny naked and forged buyItem commands before any event or socket (0.4962ms)
✔ actual Page final listener rejects wallet owner socket and runtime changes and retains an unknown-send fence (26.8914ms)
✔ actual Core facade forwards all nine exact operations and retains u64 decimal precision (0.423ms)
✔ actual Core request validators refuse getters extra fields malformed u64 and UTF8 before bridge entry (19.8756ms)
✔ actual Core result validator rejects noncanonical malformed contradictory or imprecise responses (0.6177ms)
✔ persistent document version facade survives module reevaluation without a second Core bridge (0.5897ms)
✔ missing incompatible or throwing Core capability closes ordinary Buy while legacy Page remains usable (1.5785ms)
✔ producer handoff prevents stale cleanup commands while forwarding only exact old receipts (0.2723ms)
✔ actual facade transport identities bind current open object and retain decimal socket tickets (1.2377ms)
✔ dispatcher requires exact body and exact socket at entry and never exposes a token on the wire (5.2461ms)
✔ failed bind retires only the exact unpublished token and a later manual attempt gets a new token (3.1854ms)
✔ ownerRevision invalidates a gesture proof but cannot change the entered Core authority (8.7201ms)
✔ player object identity is required and authority changes bind the actual selected player (3.485ms)
✔ two dispatchers share one document bridge and stale dispose cannot withdraw the newer producer (6.7666ms)
✔ actual Page rejected preentry listener finally submits exact Unsent and permits only a fresh manual token (5.7525ms)
✔ actual Page Core enter refusal or throw produces zero socket calls and exact final cleanup (8.8783ms)
✔ actual Page enter is directly before socket send and all terminal receipts keep exact token ticket (4.7102ms)
✔ actual Page malformed receipt result poisons the slot without replaying an already sent purchase (3.8422ms)
✔ actual NPCResponse clause synchronously retires old preentry proof before any later rendered service (6.5877ms)
✔ actual Page player IDs reject noncanonical zero missing fractional and unsafe raw strings (4.2856ms)
✔ temporary missing Core slot recovers with a fresh producer but cannot resurrect an old proof (13.2007ms)
✔ shared UI status reads only an already attached producer and cannot discover or observe a Core (0.8352ms)
✔ shared UI status preserves canonical full-u64 data and does not manufacture receipt history (0.779ms)
✔ shared UI exact revision withdrawal rejects malformed and stale strings before availability (1.3346ms)
✔ shared UI withdrawal preserves Entered Flushed and Unknown rather than asserting a Buy ACK (10.6057ms)
✔ shared UI status and withdrawal fail closed on synchronous producer reentry without cleaning the new lease (2.0439ms)
✔ shared UI availability refusal throw and mismatched post-status cannot certify withdrawal (2.3576ms)
✔ final shared UI beforeEntry veto or throw consumes only the unentered proof and never calls Core enter (4.0706ms)
✔ last shared UI checkpoint follows all callbacks and cannot reenter or revive a consumed proof (2.3641ms)
✔ capacity evidence remains in the Rust request and live proof but leaves persistent authority unchanged (1.8675ms)
✔ evidence-only availability recovery presents the same authority to a held Entered or Unknown Core response (7.1527ms)
✔ inventory readiness retires stale projection stages and owner replacements synchronously (0.1882ms)
✔ canonical expiry strings survive actual WorldSnapshot Bag projection and NPC full request authority (5.3377ms)
✔ old unsafe expiry uses actual source while no-source null is retained through the NPC transport (14.5193ms)
✔ expiry transport never rescues adjacent unsafe UID count or dura or grants their item authority (3.4063ms)
✔ trusted socket connection is observed before complete authority availability and reserve (1.4996ms)
✔ public connection forgery and malformed trusted epoch fields never reach the Core bridge (0.436ms)
✔ only entered flushed and unknown results may retain a canonical old authority revision (0.2736ms)
✔ connection refusal and unavailable old ABI1 operation cannot fall through to authority or reserve (0.7603ms)
✔ preparation read and planner socket changes cannot publish a stale or replacement-socket proof (5.8492ms)
✔ postproof planner Core allows and final callback socket changes produce zero entry (6.5911ms)
✔ same socket close reopen HMR and dual producers retain every unresolved phase (22.3802ms)
✔ new actual socket requires fresh complete observation and a new explicit manual token (4.1567ms)
✔ returning to a known older socket refuses without any Core operation on the new flight (2.1569ms)
✔ connection and Core model callbacks cannot admit an old full model on the current socket (2.528ms)
✔ final beforeEntry sees same-socket last-read source changes before any Core entry (7.8511ms)
✔ same-content old72 holder is poisoned and rejected without returning its pre-connection facade (1.1085ms)
✔ matching connection facade contract reuses the immutable holder and socket epoch across HMR (0.4366ms)
✔ Pearl actual Page quote uses UID0 and Core scalar custody with zero Gold and no JS price (13.9765ms)
✔ Pearl actual Page final claim enters the existing Core immediately before exact four-key send (29.0482ms)
✔ Pearl opaque proof brands reject Gold and legacy routes and cross-currency prepare methods (26.2573ms)
✔ Pearl actual Page quantity delegates 99 100 and u16 maximum and rejects absent or aliased UID (81.1735ms)
✔ Pearl actual Page missing or invalid wallet never admits a free host quote (31.5747ms)
✔ Pearl actual Page wallet catalog and service ABA invalidate exact captured source (81.0586ms)
✔ Pearl actual Page socket session and scene changes burn proof and cannot revive on restoration (174.8314ms)
✔ Pearl actual Page fresh quote and getter replacement reject after action without legacy downgrade (74.1011ms)
✔ Pearl actual Page action and final Core entry reentrancy cannot publish a second flight (61.9147ms)
✔ Pearl entered unknown and flushed Core holds survive ordinary snapshots observe and producer replacement (161.4204ms)
✔ Pearl actual Page own parcel hero and storage reservations reject before Core entry (75.3658ms)
✔ Pearl actual Page retires catalog while retaining personal wallet on service close (1.3765ms)
✔ Pearl actual packet wallet fence ignores old socket generation and NewCreature without amount (12.6983ms)
✔ Pearl full snapshot wallet observation remains inside completed owner inventory projection (24.1209ms)
✔ Pearl actual Page foreign proof options and nested send attempts retire the outer Pearl entry (503.8269ms)
✔ Pearl actual typed Goods case obtains a Core denial quote for every complete raw row before exposing UID0 (8.7955ms)
✔ Pearl actual Goods price Oracle missing malformed mismatch and getter custody failures retire all rows (10.0455ms)
✔ Pearl actual Goods case preserves a whole unfiltered catalog and refuses a bad second raw row (1.4267ms)
✔ Pearl actual final checkpoint rejects facts changed by the last ledger callback after the complete read (297.4877ms)
✔ Pearl reentrant rejected other command still spends send epoch and cannot revive the older proof (67.8238ms)
✔ Pearl actual Page quote and exact send retain an above16KiB complete structured catalog through original payload mutation (170.6259ms)
✔ receipt_facade_document_remount_retains_one_host_and_original_operation (1.3258ms)
✔ receipt_facade_version_mismatch_withdraws_but_never_recreates_retained_host (0.2029ms)
✔ receipt_facade_old_cleanup_cannot_withdraw_successor_or_borrow_its_socket (0.1842ms)
✔ receipt_facade_reconnect_tokens_remain_bound_to_original_physical_socket (0.2128ms)
✔ receipt_facade_operation_accessor_is_rejected_without_invocation (0.2747ms)
✔ receipt_facade_nested_nondata_and_lossy_values_never_enter_abi (0.3282ms)
✔ receipt_facade_nested_proxy_reentry_cannot_enter_after_producer_transition (0.1718ms)
✔ receipt_facade_caller_cannot_supply_core_token_or_open_its_own_connection (0.1675ms)
✔ receipt_facade_bound_bridge_method_survives_old_instance_method_replacement (0.2343ms)
✔ receipt_facade_invalid_output_poison_keeps_original_host_unavailable (0.1833ms)
✔ receipt_facade_unavailable_abi_is_persistent_and_does_not_admit_producer (0.0725ms)
✔ receipt_facade_valid_wire_operation_retains_canonical_u64_strings_and_zero_selector (0.1051ms)
✔ Source30 raw parser rejects duplicate escaped duplicate unsafe integer and preserves canonical u64 strings (0.6019ms)
✔ Source30 numeric token boundaries reject fractional identity rounding and bounded exponent underflow (0.3572ms)
✔ Source30 public complete economy rejects omitted partial wallets stage5 hero or actor fields (0.7721ms)
✔ Source30 actual WorldItem hero equipment and nullable u32 player weights match simulation client view (0.1899ms)
✔ Source30 paired Begin applies frozen full source before exact complete witness (12.4032ms)
✔ Source30 partial application unsafe original integer and omitted bundle never issue complete witness (5.0609ms)
✔ Source30 actual gold trade explicit gesture Quote Reserve Enter sends once (2.9466ms)
✔ Source30 actual gold buyBack explicit gesture Quote Reserve Enter sends once (2.5556ms)
✔ Source30 actual gold used explicit gesture Quote Reserve Enter sends once (2.7992ms)
✔ Source30 actual pearls trade explicit gesture Quote Reserve Enter sends once (1.5475ms)
✔ Source30 quote rejects changed source currency request and stale physical owner before reserve (7.4888ms)
✔ Source30 Enter send exception marks original Unknown and fresh Begin queries original operation only (4.113ms)
✔ Source30 post Enter callbacks and malformed decisions retain Unknown original without Purchase or retry (20.1668ms)
✔ Source30 malformed Reserve and refused Enter cancel only exact queued definitely unsent custody (12.7342ms)
✖ Source30 old Gold barrier refuses quote without withdrawing or resetting legacy custody (1.5061ms)
✔ Source30 dispatcher malformed extra fields or accessor decisions cannot send (0.249ms)
✔ Source30 actual Page branches raw owner before generic decoder and complete application bypasses movement overlays (1.0722ms)
✔ Source30 actual Pearl catalogue accepts and preserves only canonical purchase selectors (4.2378ms)
✔ Source30 terminal frame applies its entire same revision economic source before complete witness (3.3057ms)
✔ Source30 terminal receipt with partial snapshot preserves owner observation without complete or repeat purchase (2.104ms)
✔ Source30 actual owner Pearl projection preserves equal wallet custody and carries canonical selectors on changed balance (6.7793ms)
ℹ tests 128
ℹ suites 0
ℹ pass 126
ℹ fail 2
ℹ cancelled 0
ℹ skipped 0
ℹ todo 0
ℹ duration_ms 4077.6468

✖ failing tests:

test at scripts\test-bevy-npc-shop-buy.mjs:24:1
✖ Source30 durable receiver and retained facade pass strict no-emit type checking (633.0096ms)
  AssertionError [ERR_ASSERTION]: lib/npc-purchase-client.ts(426,21): error TS2339: Property 'rejected' does not exist on type 'never'.
  
  
  1 !== 0
  
      at TestContext.<anonymous> (file:///E:/mir2-player-journey/mir2-web3/apps/web/scripts/test-bevy-npc-shop-buy.mjs:34:10)
      at Test.runInAsyncScope (node:async_hooks:214:14)
      at Test.run (node:internal/test_runner/test:1047:25)
      at Test.start (node:internal/test_runner/test:944:17)
      at startSubtestAfterBootstrap (node:internal/test_runner/harness:296:17) {
    generatedMessage: false,
    code: 'ERR_ASSERTION',
    actual: 1,
    expected: 0,
    operator: 'strictEqual'
  }

test at scripts\test-bevy-npc-shop-buy.mjs:2348:1
✖ Source30 old Gold barrier refuses quote without withdrawing or resetting legacy custody (1.5061ms)
  AssertionError [ERR_ASSERTION]: Expected values to be strictly equal:
  
  true !== false
  
      at TestContext.<anonymous> (file:///E:/mir2-player-journey/mir2-web3/apps/web/scripts/test-bevy-npc-shop-buy.mjs:2351:38)
      at Test.runInAsyncScope (node:async_hooks:214:14)
      at Test.run (node:internal/test_runner/test:1047:25)
      at Test.processPendingSubtests (node:internal/test_runner/test:744:18)
      at Test.postRun (node:internal/test_runner/test:1173:19)
      at Test.run (node:internal/test_runner/test:1101:12)
      at async Test.processPendingSubtests (node:internal/test_runner/test:744:7) {
    generatedMessage: true,
    code: 'ERR_ASSERTION',
    actual: true,
    expected: false,
    operator: 'strictEqual'
  }
