✔ Source30 durable receiver and retained facade pass strict no-emit type checking (670.5953ms)
✔ quote calls the actual runtime hook with exact full request and preserves Rust values (2.3746ms)
✔ blocked Rust quotes retain computed amounts and never create a sending proof (8.6458ms)
✔ response and wire shapes fail closed without rounding or transport extension (14.4646ms)
✔ caller capture must match the live snapshot before the first Rust call (0.889ms)
✔ returned DTO and opaque token reject mutation, forgery and a foreign dispatcher (3.7462ms)
✔ final listener changes to every bound owner, model, raw item, wallet or layout reject the send (26.9825ms)
✔ altered or extended mutable wire is rejected and consumes its token (11.0463ms)
✔ runtime refusal, throw, replacement and unavailable source fail at the final claim (10.0017ms)
✔ runtime mutation during preparation or final revalidation cannot authorize a stale command (4.268ms)
✔ read and Rust synchronous reentry cannot claim or prepare a second command (5.1322ms)
✔ a recursive final listener cannot reserve a second proof before the first Core flight enters (5.1368ms)
✔ spent unchanged authority stays disabled across selection, quantity, layout and source withdrawal (5.897ms)
✔ same OPEN connection keeps entered flushed and unknown blocked through every authority change and ABA (117.8929ms)
✔ an unclaimed old proof cannot revive after an observed model ABA (6.4989ms)
✔ socket throw after claim retains the Core pending barrier without replaying a command (4.7981ms)
✔ non-JSON transport values are refused rather than silently coerced or invoking user callbacks (1.2339ms)
✔ missing raw purchase rate stays null and delegates invalidRate to Rust (1.1351ms)
✔ actual Page quote delegates raw catalogue UID price rate and whole inventory to Rust (67.486ms)
✔ actual Page Buy callback uses one opaque proof and sendRaw claims only after the action listener (9.0239ms)
✔ actual Page final listener catalogue replacement rejects even a same-template selected UID (15.9547ms)
✔ actual Page NPC service retirement during action withdraws current source before final claim (3.0315ms)
✔ actual Page synchronous action reentry is refused by the existing reserved Core flight (6.4914ms)
✔ actual Page marker with missing raw source or rate delegates refusal without a legacy downgrade (5.0464ms)
✔ actual Page unmarked legacy catalogue keeps its exact service proof and earlier quantity bound (0.9579ms)
✔ actual Page unmarked legacy final listener cannot send through changed catalogue service or owner (1.3632ms)
✔ actual Page send and sendRaw deny naked and forged buyItem commands before any event or socket (0.4949ms)
✔ actual Page final listener rejects wallet owner socket and runtime changes and retains an unknown-send fence (27.8242ms)
✔ actual Core facade forwards all nine exact operations and retains u64 decimal precision (0.4996ms)
✔ actual Core request validators refuse getters extra fields malformed u64 and UTF8 before bridge entry (17.5768ms)
✔ actual Core result validator rejects noncanonical malformed contradictory or imprecise responses (1.1014ms)
✔ persistent document version facade survives module reevaluation without a second Core bridge (0.7198ms)
✔ missing incompatible or throwing Core capability closes ordinary Buy while legacy Page remains usable (1.6487ms)
✔ producer handoff prevents stale cleanup commands while forwarding only exact old receipts (0.3524ms)
✔ actual facade transport identities bind current open object and retain decimal socket tickets (1.1932ms)
✔ dispatcher requires exact body and exact socket at entry and never exposes a token on the wire (5.0364ms)
✔ failed bind retires only the exact unpublished token and a later manual attempt gets a new token (4.0823ms)
✔ ownerRevision invalidates a gesture proof but cannot change the entered Core authority (7.1616ms)
✔ player object identity is required and authority changes bind the actual selected player (3.2017ms)
✔ two dispatchers share one document bridge and stale dispose cannot withdraw the newer producer (7.4628ms)
✔ actual Page rejected preentry listener finally submits exact Unsent and permits only a fresh manual token (5.9597ms)
✔ actual Page Core enter refusal or throw produces zero socket calls and exact final cleanup (10.6839ms)
✔ actual Page enter is directly before socket send and all terminal receipts keep exact token ticket (6.261ms)
✔ actual Page malformed receipt result poisons the slot without replaying an already sent purchase (4.3397ms)
✔ actual NPCResponse clause synchronously retires old preentry proof before any later rendered service (7.007ms)
✔ actual Page player IDs reject noncanonical zero missing fractional and unsafe raw strings (3.9623ms)
✔ temporary missing Core slot recovers with a fresh producer but cannot resurrect an old proof (15.4175ms)
✔ shared UI status reads only an already attached producer and cannot discover or observe a Core (0.8177ms)
✔ shared UI status preserves canonical full-u64 data and does not manufacture receipt history (0.6775ms)
✔ shared UI exact revision withdrawal rejects malformed and stale strings before availability (1.32ms)
✔ shared UI withdrawal preserves Entered Flushed and Unknown rather than asserting a Buy ACK (12.5549ms)
✔ shared UI status and withdrawal fail closed on synchronous producer reentry without cleaning the new lease (3.3305ms)
✔ shared UI availability refusal throw and mismatched post-status cannot certify withdrawal (3.5279ms)
✔ final shared UI beforeEntry veto or throw consumes only the unentered proof and never calls Core enter (4.3721ms)
✔ last shared UI checkpoint follows all callbacks and cannot reenter or revive a consumed proof (2.4471ms)
✔ capacity evidence remains in the Rust request and live proof but leaves persistent authority unchanged (1.9355ms)
✔ evidence-only availability recovery presents the same authority to a held Entered or Unknown Core response (6.5911ms)
✔ inventory readiness retires stale projection stages and owner replacements synchronously (0.1775ms)
✔ canonical expiry strings survive actual WorldSnapshot Bag projection and NPC full request authority (5.8817ms)
✔ old unsafe expiry uses actual source while no-source null is retained through the NPC transport (16.3371ms)
✔ expiry transport never rescues adjacent unsafe UID count or dura or grants their item authority (4.9127ms)
✔ trusted socket connection is observed before complete authority availability and reserve (1.8136ms)
✔ public connection forgery and malformed trusted epoch fields never reach the Core bridge (0.4319ms)
✔ only entered flushed and unknown results may retain a canonical old authority revision (0.279ms)
✔ connection refusal and unavailable old ABI1 operation cannot fall through to authority or reserve (0.7687ms)
✔ preparation read and planner socket changes cannot publish a stale or replacement-socket proof (4.0713ms)
✔ postproof planner Core allows and final callback socket changes produce zero entry (7.9244ms)
✔ same socket close reopen HMR and dual producers retain every unresolved phase (24.8268ms)
✔ new actual socket requires fresh complete observation and a new explicit manual token (5.1266ms)
✔ returning to a known older socket refuses without any Core operation on the new flight (2.9346ms)
✔ connection and Core model callbacks cannot admit an old full model on the current socket (2.082ms)
✔ final beforeEntry sees same-socket last-read source changes before any Core entry (7.6176ms)
✔ same-content old72 holder is poisoned and rejected without returning its pre-connection facade (1.168ms)
✔ matching connection facade contract reuses the immutable holder and socket epoch across HMR (0.3019ms)
✔ Pearl actual Page quote uses UID0 and Core scalar custody with zero Gold and no JS price (15.1935ms)
✔ Pearl actual Page final claim enters the existing Core immediately before exact four-key send (29.3653ms)
✔ Pearl opaque proof brands reject Gold and legacy routes and cross-currency prepare methods (29.4189ms)
✔ Pearl actual Page quantity delegates 99 100 and u16 maximum and rejects absent or aliased UID (85.647ms)
✔ Pearl actual Page missing or invalid wallet never admits a free host quote (36.3103ms)
✔ Pearl actual Page wallet catalog and service ABA invalidate exact captured source (79.7438ms)
✔ Pearl actual Page socket session and scene changes burn proof and cannot revive on restoration (162.4566ms)
✔ Pearl actual Page fresh quote and getter replacement reject after action without legacy downgrade (72.9502ms)
✔ Pearl actual Page action and final Core entry reentrancy cannot publish a second flight (57.943ms)
✔ Pearl entered unknown and flushed Core holds survive ordinary snapshots observe and producer replacement (157.0688ms)
✔ Pearl actual Page own parcel hero and storage reservations reject before Core entry (69.1907ms)
✔ Pearl actual Page retires catalog while retaining personal wallet on service close (0.9602ms)
✔ Pearl actual packet wallet fence ignores old socket generation and NewCreature without amount (8.2126ms)
✔ Pearl full snapshot wallet observation remains inside completed owner inventory projection (18.1596ms)
✔ Pearl actual Page foreign proof options and nested send attempts retire the outer Pearl entry (451.273ms)
✔ Pearl actual typed Goods case obtains a Core denial quote for every complete raw row before exposing UID0 (5.3037ms)
✔ Pearl actual Goods price Oracle missing malformed mismatch and getter custody failures retire all rows (8.58ms)
✔ Pearl actual Goods case preserves a whole unfiltered catalog and refuses a bad second raw row (2.4124ms)
✔ Pearl actual final checkpoint rejects facts changed by the last ledger callback after the complete read (323.6187ms)
✔ Pearl reentrant rejected other command still spends send epoch and cannot revive the older proof (77.0838ms)
✔ Pearl actual Page quote and exact send retain an above16KiB complete structured catalog through original payload mutation (182.9104ms)
✔ receipt_facade_document_remount_retains_one_host_and_original_operation (1.3192ms)
✔ receipt_facade_version_mismatch_withdraws_but_never_recreates_retained_host (0.3816ms)
✔ receipt_facade_old_cleanup_cannot_withdraw_successor_or_borrow_its_socket (0.4407ms)
✔ receipt_facade_reconnect_tokens_remain_bound_to_original_physical_socket (0.3356ms)
✔ receipt_facade_operation_accessor_is_rejected_without_invocation (0.3815ms)
✔ receipt_facade_nested_nondata_and_lossy_values_never_enter_abi (0.5681ms)
✔ receipt_facade_nested_proxy_reentry_cannot_enter_after_producer_transition (0.4156ms)
✔ receipt_facade_caller_cannot_supply_core_token_or_open_its_own_connection (0.3757ms)
✔ receipt_facade_bound_bridge_method_survives_old_instance_method_replacement (0.2003ms)
✔ receipt_facade_invalid_output_poison_keeps_original_host_unavailable (0.2751ms)
✔ receipt_facade_unavailable_abi_is_persistent_and_does_not_admit_producer (0.1441ms)
✔ receipt_facade_valid_wire_operation_retains_canonical_u64_strings_and_zero_selector (0.215ms)
✔ Source30 raw parser rejects duplicate escaped duplicate unsafe integer and preserves canonical u64 strings (1.0452ms)
✔ Source30 numeric token boundaries reject fractional identity rounding and bounded exponent underflow (0.6177ms)
✔ Source30 public complete economy rejects omitted partial wallets stage5 hero or actor fields (1.1618ms)
✔ Source30 actual WorldItem hero equipment and nullable u32 player weights match simulation client view (0.3168ms)
✔ Source30 paired Begin applies frozen full source before exact complete witness (14.1987ms)
✔ Source30 partial application unsafe original integer and omitted bundle never issue complete witness (5.7435ms)
✔ Source30 actual gold trade explicit gesture Quote Reserve Enter sends once (3.2371ms)
✔ Source30 actual gold buyBack explicit gesture Quote Reserve Enter sends once (2.8905ms)
✔ Source30 actual gold used explicit gesture Quote Reserve Enter sends once (2.675ms)
✔ Source30 actual pearls trade explicit gesture Quote Reserve Enter sends once (2.7357ms)
✔ Source30 quote rejects changed source currency request and stale physical owner before reserve (7.9537ms)
✔ Source30 Enter send exception marks original Unknown and fresh Begin queries original operation only (3.7658ms)
✔ Source30 post Enter callbacks and malformed decisions retain Unknown original without Purchase or retry (23.1308ms)
✔ Source30 malformed Reserve and refused Enter cancel only exact queued definitely unsent custody (11.1502ms)
✔ Source30 old Gold barrier refuses quote without withdrawing or resetting legacy custody (2.4175ms)
✔ Source30 dispatcher malformed extra fields or accessor decisions cannot send (0.3153ms)
✔ Source30 actual Page branches raw owner before generic decoder and complete application bypasses movement overlays (0.9861ms)
✔ Source30 actual Pearl catalogue accepts and preserves only canonical purchase selectors (3.0709ms)
✔ Source30 terminal frame applies its entire same revision economic source before complete witness (4.996ms)
✔ Source30 terminal receipt with partial snapshot preserves owner observation without complete or repeat purchase (1.5665ms)
✔ Source30 actual owner Pearl projection preserves equal wallet custody and carries canonical selectors on changed balance (5.3754ms)
ℹ tests 128
ℹ suites 0
ℹ pass 128
ℹ fail 0
ℹ cancelled 0
ℹ skipped 0
ℹ todo 0
ℹ duration_ms 4158.6992
