   Compiling mir2-ui-core v0.1.0 (E:\mir2-player-journey\mir2-web3\apps\game-client\ui-core)
   Compiling mir2-client-bevy v0.1.0 (E:\mir2-player-journey\mir2-web3\apps\game-client\client-bevy)
warning: method `normalize_bindings` is never used
   --> E:\mir2-player-journey\mir2-web3\apps\game-client\client-bevy\src\skill_binding_ui.rs:331:8
    |
133 | impl SkillBindingUi {
    | ------------------- method in this implementation
...
331 |     fn normalize_bindings(&mut self) {
    |        ^^^^^^^^^^^^^^^^^^
    |
    = note: `#[warn(dead_code)]` (part of `#[warn(unused)]`) on by default

warning: `mir2-client-bevy` (lib) generated 1 warning
   Compiling mir2-bevy-runtime v0.1.0 (E:\mir2-player-journey\mir2-web3\apps\game-client\runtime)
warning: unused imports: `CombatController`, `CombatEdge`, `CombatOutput`, and `CombatSnapshot`
 --> src\combat_input_host.rs:2:38
  |
2 | use mir2_client_bevy::combat_input::{CombatController, CombatEdge, CombatOutput, CombatSnapshot};
  |                                      ^^^^^^^^^^^^^^^^  ^^^^^^^^^^  ^^^^^^^^^^^^  ^^^^^^^^^^^^^^
  |
  = note: `#[warn(unused_imports)]` (part of `#[warn(unused)]`) on by default

warning: struct `WebGl2SharedUiPrototype` is never constructed
 --> src\webgl2_shared_ui.rs:8:19
  |
8 | pub(crate) struct WebGl2SharedUiPrototype;
  |                   ^^^^^^^^^^^^^^^^^^^^^^^
  |
  = note: `#[warn(dead_code)]` (part of `#[warn(unused)]`) on by default

warning: `mir2-bevy-runtime` (lib test) generated 2 warnings (run `cargo fix --lib -p mir2-bevy-runtime --tests` to apply 1 suggestion)
    Finished `test` profile [unoptimized + debuginfo] target(s) in 50.20s
     Running unittests src\lib.rs (C:\mir2-cross-platform-storage-20261002\rust-target\windows\debug\deps\mir2_bevy_runtime-7bac6d8efb84b305.exe)
