warning: use of deprecated method `bevy_ecs::world::World::iter_entities`: use world.query::<EntityRef>()` instead
   --> apps\simulation\src\runtime\monster_ai\great_fox_spirit.rs:163:28
    |
163 |     for candidate in world.iter_entities() {
    |                            ^^^^^^^^^^^^^
    |
    = note: `#[warn(deprecated)]` on by default

warning: use of deprecated method `bevy_ecs::world::World::iter_entities`: use world.query::<EntityRef>()` instead
    --> apps\simulation\src\runtime\packets.rs:7569:25
     |
7569 |     for entity in world.iter_entities() {
     |                         ^^^^^^^^^^^^^

warning: use of deprecated method `bevy_ecs::world::World::iter_entities`: use world.query::<EntityRef>()` instead
    --> apps\simulation\src\runtime\skills.rs:4946:10
     |
4946 |         .iter_entities()
     |          ^^^^^^^^^^^^^

warning: use of deprecated method `bevy_ecs::world::World::iter_entities`: use world.query::<EntityRef>()` instead
    --> apps\simulation\src\runtime\skills.rs:5028:10
     |
5028 |         .iter_entities()
     |          ^^^^^^^^^^^^^

warning: type `ZoneCombatEntityRef` is more private than the item `tree_queen_ai::TreeQueenRoot::source_ref`
  --> apps\simulation\src\runtime\zone\runtime\tree_queen_ai.rs:39:5
   |
39 |     pub source_ref: Option<ZoneCombatEntityRef>,
   |     ^^^^^^^^^^^^^^^^^^^^^^^^^^^^^^^^^^^^^^^^^^^ field `tree_queen_ai::TreeQueenRoot::source_ref` is reachable at visibility `pub(in crate::runtime::zone)`
   |
note: but type `ZoneCombatEntityRef` is only usable at visibility `pub(in crate::runtime::zone::runtime)`
  --> apps\simulation\src\runtime\zone\runtime\entity_combat.rs:7:1
   |
 7 | pub(super) enum ZoneCombatEntityRef {
   | ^^^^^^^^^^^^^^^^^^^^^^^^^^^^^^^^^^^
   = note: `#[warn(private_interfaces)]` on by default

warning: type `ZoneCombatEntityRef` is more private than the item `EvilMirState::target_ref`
  --> apps\simulation\src\runtime\zone\runtime\evil_mir_ai.rs:11:5
   |
11 |     pub target_ref: Option<ZoneCombatEntityRef>,
   |     ^^^^^^^^^^^^^^^^^^^^^^^^^^^^^^^^^^^^^^^^^^^ field `EvilMirState::target_ref` is reachable at visibility `pub(in crate::runtime::zone)`
   |
note: but type `ZoneCombatEntityRef` is only usable at visibility `pub(in crate::runtime::zone::runtime)`
  --> apps\simulation\src\runtime\zone\runtime\entity_combat.rs:7:1
   |
 7 | pub(super) enum ZoneCombatEntityRef {
   | ^^^^^^^^^^^^^^^^^^^^^^^^^^^^^^^^^^^

warning: type `ZoneCombatEntityRef` is more private than the item `EvilMirPendingSource::source`
  --> apps\simulation\src\runtime\zone\runtime\evil_mir_ai.rs:20:5
   |
20 |     pub source: ZoneCombatEntityRef,
   |     ^^^^^^^^^^^^^^^^^^^^^^^^^^^^^^^ field `EvilMirPendingSource::source` is reachable at visibility `pub(in crate::runtime::zone)`
   |
note: but type `ZoneCombatEntityRef` is only usable at visibility `pub(in crate::runtime::zone::runtime)`
  --> apps\simulation\src\runtime\zone\runtime\entity_combat.rs:7:1
   |
 7 | pub(super) enum ZoneCombatEntityRef {
   | ^^^^^^^^^^^^^^^^^^^^^^^^^^^^^^^^^^^

warning: type `ZoneCombatEntityRef` is more private than the item `GreatFoxState::target_ref`
  --> apps\simulation\src\runtime\zone\runtime\great_fox_ai.rs:15:5
   |
15 |     pub target_ref: Option<ZoneCombatEntityRef>,
   |     ^^^^^^^^^^^^^^^^^^^^^^^^^^^^^^^^^^^^^^^^^^^ field `GreatFoxState::target_ref` is reachable at visibility `pub(in crate::runtime::zone)`
   |
note: but type `ZoneCombatEntityRef` is only usable at visibility `pub(in crate::runtime::zone::runtime)`
  --> apps\simulation\src\runtime\zone\runtime\entity_combat.rs:7:1
   |
 7 | pub(super) enum ZoneCombatEntityRef {
   | ^^^^^^^^^^^^^^^^^^^^^^^^^^^^^^^^^^^

warning: type `ZoneCombatEntityRef` is more private than the item `GreatFoxHit::source_ref`
  --> apps\simulation\src\runtime\zone\runtime\great_fox_ai.rs:42:5
   |
42 |     pub source_ref: Option<ZoneCombatEntityRef>,
   |     ^^^^^^^^^^^^^^^^^^^^^^^^^^^^^^^^^^^^^^^^^^^ field `GreatFoxHit::source_ref` is reachable at visibility `pub(in crate::runtime::zone)`
   |
note: but type `ZoneCombatEntityRef` is only usable at visibility `pub(in crate::runtime::zone::runtime)`
  --> apps\simulation\src\runtime\zone\runtime\entity_combat.rs:7:1
   |
 7 | pub(super) enum ZoneCombatEntityRef {
   | ^^^^^^^^^^^^^^^^^^^^^^^^^^^^^^^^^^^

warning: type `ZoneCombatEntityRef` is more private than the item `GreatFoxHit::target_ref`
  --> apps\simulation\src\runtime\zone\runtime\great_fox_ai.rs:44:5
   |
44 |     pub target_ref: Option<ZoneCombatEntityRef>,
   |     ^^^^^^^^^^^^^^^^^^^^^^^^^^^^^^^^^^^^^^^^^^^ field `GreatFoxHit::target_ref` is reachable at visibility `pub(in crate::runtime::zone)`
   |
note: but type `ZoneCombatEntityRef` is only usable at visibility `pub(in crate::runtime::zone::runtime)`
  --> apps\simulation\src\runtime\zone\runtime\entity_combat.rs:7:1
   |
 7 | pub(super) enum ZoneCombatEntityRef {
   | ^^^^^^^^^^^^^^^^^^^^^^^^^^^^^^^^^^^

warning: type `ZoneCombatEntityRef` is more private than the item `HornedEncounterState::target_ref`
  --> apps\simulation\src\runtime\zone\runtime\horned_encounter_ai.rs:12:5
   |
12 |     pub target_ref: Option<ZoneCombatEntityRef>,
   |     ^^^^^^^^^^^^^^^^^^^^^^^^^^^^^^^^^^^^^^^^^^^ field `HornedEncounterState::target_ref` is reachable at visibility `pub(in crate::runtime::zone)`
   |
note: but type `ZoneCombatEntityRef` is only usable at visibility `pub(in crate::runtime::zone::runtime)`
  --> apps\simulation\src\runtime\zone\runtime\entity_combat.rs:7:1
   |
 7 | pub(super) enum ZoneCombatEntityRef {
   | ^^^^^^^^^^^^^^^^^^^^^^^^^^^^^^^^^^^

warning: type `ZoneCombatEntityRef` is more private than the item `HornedEncounterHit::source_ref`
  --> apps\simulation\src\runtime\zone\runtime\horned_encounter_ai.rs:38:5
   |
38 |     pub source_ref: Option<ZoneCombatEntityRef>,
   |     ^^^^^^^^^^^^^^^^^^^^^^^^^^^^^^^^^^^^^^^^^^^ field `HornedEncounterHit::source_ref` is reachable at visibility `pub(in crate::runtime::zone)`
   |
note: but type `ZoneCombatEntityRef` is only usable at visibility `pub(in crate::runtime::zone::runtime)`
  --> apps\simulation\src\runtime\zone\runtime\entity_combat.rs:7:1
   |
 7 | pub(super) enum ZoneCombatEntityRef {
   | ^^^^^^^^^^^^^^^^^^^^^^^^^^^^^^^^^^^

warning: type `ZoneCombatEntityRef` is more private than the item `HornedEncounterHit::target_ref`
  --> apps\simulation\src\runtime\zone\runtime\horned_encounter_ai.rs:41:5
   |
41 |     pub target_ref: Option<ZoneCombatEntityRef>,
   |     ^^^^^^^^^^^^^^^^^^^^^^^^^^^^^^^^^^^^^^^^^^^ field `HornedEncounterHit::target_ref` is reachable at visibility `pub(in crate::runtime::zone)`
   |
note: but type `ZoneCombatEntityRef` is only usable at visibility `pub(in crate::runtime::zone::runtime)`
  --> apps\simulation\src\runtime\zone\runtime\entity_combat.rs:7:1
   |
 7 | pub(super) enum ZoneCombatEntityRef {
   | ^^^^^^^^^^^^^^^^^^^^^^^^^^^^^^^^^^^

warning: type `ZoneCombatEntityRef` is more private than the item `HornedMapSpell::source_ref`
  --> apps\simulation\src\runtime\zone\runtime\horned_encounter_ai.rs:60:5
   |
60 |     pub source_ref: Option<ZoneCombatEntityRef>,
   |     ^^^^^^^^^^^^^^^^^^^^^^^^^^^^^^^^^^^^^^^^^^^ field `HornedMapSpell::source_ref` is reachable at visibility `pub(in crate::runtime::zone)`
   |
note: but type `ZoneCombatEntityRef` is only usable at visibility `pub(in crate::runtime::zone::runtime)`
  --> apps\simulation\src\runtime\zone\runtime\entity_combat.rs:7:1
   |
 7 | pub(super) enum ZoneCombatEntityRef {
   | ^^^^^^^^^^^^^^^^^^^^^^^^^^^^^^^^^^^

warning: type `ZoneCombatEntityRef` is more private than the item `HornedState::target_ref`
  --> apps\simulation\src\runtime\zone\runtime\horned_ai.rs:14:5
   |
14 |     pub target_ref: Option<ZoneCombatEntityRef>,
   |     ^^^^^^^^^^^^^^^^^^^^^^^^^^^^^^^^^^^^^^^^^^^ field `HornedState::target_ref` is reachable at visibility `pub(in crate::runtime::zone)`
   |
note: but type `ZoneCombatEntityRef` is only usable at visibility `pub(in crate::runtime::zone::runtime)`
  --> apps\simulation\src\runtime\zone\runtime\entity_combat.rs:7:1
   |
 7 | pub(super) enum ZoneCombatEntityRef {
   | ^^^^^^^^^^^^^^^^^^^^^^^^^^^^^^^^^^^

warning: type `ZoneCombatEntityRef` is more private than the item `HornedHit::source_ref`
  --> apps\simulation\src\runtime\zone\runtime\horned_ai.rs:28:5
   |
28 |     pub source_ref: Option<ZoneCombatEntityRef>,
   |     ^^^^^^^^^^^^^^^^^^^^^^^^^^^^^^^^^^^^^^^^^^^ field `HornedHit::source_ref` is reachable at visibility `pub(in crate::runtime::zone)`
   |
note: but type `ZoneCombatEntityRef` is only usable at visibility `pub(in crate::runtime::zone::runtime)`
  --> apps\simulation\src\runtime\zone\runtime\entity_combat.rs:7:1
   |
 7 | pub(super) enum ZoneCombatEntityRef {
   | ^^^^^^^^^^^^^^^^^^^^^^^^^^^^^^^^^^^

warning: type `ZoneCombatEntityRef` is more private than the item `HornedHit::target_ref`
  --> apps\simulation\src\runtime\zone\runtime\horned_ai.rs:30:5
   |
30 |     pub target_ref: Option<ZoneCombatEntityRef>,
   |     ^^^^^^^^^^^^^^^^^^^^^^^^^^^^^^^^^^^^^^^^^^^ field `HornedHit::target_ref` is reachable at visibility `pub(in crate::runtime::zone)`
   |
note: but type `ZoneCombatEntityRef` is only usable at visibility `pub(in crate::runtime::zone::runtime)`
  --> apps\simulation\src\runtime\zone\runtime\entity_combat.rs:7:1
   |
 7 | pub(super) enum ZoneCombatEntityRef {
   | ^^^^^^^^^^^^^^^^^^^^^^^^^^^^^^^^^^^

warning: type `ZoneCombatEntityRef` is more private than the item `HellState::explosion_source_ref`
  --> apps\simulation\src\runtime\zone\runtime\hell_ai.rs:14:5
   |
14 |     pub explosion_source_ref: Option<ZoneCombatEntityRef>,
   |     ^^^^^^^^^^^^^^^^^^^^^^^^^^^^^^^^^^^^^^^^^^^^^^^^^^^^^ field `HellState::explosion_source_ref` is reachable at visibility `pub(in crate::runtime::zone)`
   |
note: but type `ZoneCombatEntityRef` is only usable at visibility `pub(in crate::runtime::zone::runtime)`
  --> apps\simulation\src\runtime\zone\runtime\entity_combat.rs:7:1
   |
 7 | pub(super) enum ZoneCombatEntityRef {
   | ^^^^^^^^^^^^^^^^^^^^^^^^^^^^^^^^^^^

warning: type `ZoneCombatEntityRef` is more private than the item `SpiderAiState::parent_ref`
  --> apps\simulation\src\runtime\zone\runtime\spider_ai.rs:40:5
   |
40 |     pub parent_ref: Option<ZoneCombatEntityRef>,
   |     ^^^^^^^^^^^^^^^^^^^^^^^^^^^^^^^^^^^^^^^^^^^ field `SpiderAiState::parent_ref` is reachable at visibility `pub(in crate::runtime::zone)`
   |
note: but type `ZoneCombatEntityRef` is only usable at visibility `pub(in crate::runtime::zone::runtime)`
  --> apps\simulation\src\runtime\zone\runtime\entity_combat.rs:7:1
   |
 7 | pub(super) enum ZoneCombatEntityRef {
   | ^^^^^^^^^^^^^^^^^^^^^^^^^^^^^^^^^^^

warning: type `ZoneCombatEntityRef` is more private than the item `PendingRootSpiderSpawn::source`
  --> apps\simulation\src\runtime\zone\runtime\spider_ai.rs:52:5
   |
52 |     pub source: Option<ZoneCombatEntityRef>,
   |     ^^^^^^^^^^^^^^^^^^^^^^^^^^^^^^^^^^^^^^^ field `PendingRootSpiderSpawn::source` is reachable at visibility `pub(in crate::runtime::zone)`
   |
note: but type `ZoneCombatEntityRef` is only usable at visibility `pub(in crate::runtime::zone::runtime)`
  --> apps\simulation\src\runtime\zone\runtime\entity_combat.rs:7:1
   |
 7 | pub(super) enum ZoneCombatEntityRef {
   | ^^^^^^^^^^^^^^^^^^^^^^^^^^^^^^^^^^^

warning: type `ZoneCombatEntityRef` is more private than the item `PendingRootSpiderSpawn::target`
  --> apps\simulation\src\runtime\zone\runtime\spider_ai.rs:54:5
   |
54 |     pub target: Option<ZoneCombatEntityRef>,
   |     ^^^^^^^^^^^^^^^^^^^^^^^^^^^^^^^^^^^^^^^ field `PendingRootSpiderSpawn::target` is reachable at visibility `pub(in crate::runtime::zone)`
   |
note: but type `ZoneCombatEntityRef` is only usable at visibility `pub(in crate::runtime::zone::runtime)`
  --> apps\simulation\src\runtime\zone\runtime\entity_combat.rs:7:1
   |
 7 | pub(super) enum ZoneCombatEntityRef {
   | ^^^^^^^^^^^^^^^^^^^^^^^^^^^^^^^^^^^

warning: methods `scoped_to_account` and `scoped_to_accounts` are never used
   --> apps\simulation\src\config.rs:225:8
    |
109 | impl AccountStore {
    | ----------------- methods in this implementation
...
225 |     fn scoped_to_account(&self, account_id: &str) -> Self {
    |        ^^^^^^^^^^^^^^^^^
...
229 |     fn scoped_to_accounts(&self, account_ids: &[&str]) -> Self {
    |        ^^^^^^^^^^^^^^^^^^
    |
    = note: `#[warn(dead_code)]` (part of `#[warn(unused)]`) on by default

warning: variant `MacAgility` is never constructed
   --> apps\simulation\src\runtime\combat.rs:767:5
    |
760 | pub(super) enum CrystalDefence {
    |                 -------------- variant in this enum
...
767 |     MacAgility,
    |     ^^^^^^^^^^
    |
    = note: `CrystalDefence` has derived impls for the traits `Debug` and `Clone`, but these are intentionally ignored during dead code analysis

warning: method `socketed_count` is never used
   --> apps\simulation\src\runtime\equipment.rs:303:19
    |
119 | impl EquipmentState {
    | ------------------- method in this implementation
...
303 |     pub(super) fn socketed_count(&self) -> usize {
    |                   ^^^^^^^^^^^^^^

warning: function `equipment_state_identified` is never used
   --> apps\simulation\src\runtime\equipment.rs:308:15
    |
308 | pub(super) fn equipment_state_identified(item: &EquipmentState) -> bool {
    |               ^^^^^^^^^^^^^^^^^^^^^^^^^^

warning: function `equipment_state_soul_bound_id` is never used
   --> apps\simulation\src\runtime\equipment.rs:313:15
    |
313 | pub(super) fn equipment_state_soul_bound_id(item: &EquipmentState) -> i32 {
    |               ^^^^^^^^^^^^^^^^^^^^^^^^^^^^^

warning: function `repair_conquest_asset` is never used
    --> apps\simulation\src\runtime\monsters.rs:1813:15
     |
1813 | pub(super) fn repair_conquest_asset(world: &mut World, ai: u8, asset_id: u8) -> bool {
     |               ^^^^^^^^^^^^^^^^^^^^^

warning: function `complete_quest` is never used
   --> apps\simulation\src\runtime\quests.rs:814:15
    |
814 | pub(super) fn complete_quest(world: &mut World, quest_id: i32) {
    |               ^^^^^^^^^^^^^^

warning: function `default_save_for_character` is never used
  --> apps\simulation\src\runtime\save.rs:76:15
   |
76 | pub(super) fn default_save_for_character(
   |               ^^^^^^^^^^^^^^^^^^^^^^^^^^

warning: function `persist_character_save` is never used
   --> apps\simulation\src\runtime\save.rs:818:15
    |
818 | pub(super) fn persist_character_save(
    |               ^^^^^^^^^^^^^^^^^^^^^^

warning: method `game_shop_buy_product` is never used
    --> apps\simulation\src\runtime\stage5.rs:4258:8
     |
3188 | impl SimulationSession {
     | ---------------------- method in this implementation
...
4258 |     fn game_shop_buy_product(
     |        ^^^^^^^^^^^^^^^^^^^^^

warning: function `hell_can_move` is never used
  --> apps\simulation\src\runtime\zone\runtime\hell_ai.rs:68:15
   |
68 | pub(super) fn hell_can_move(m: &ZoneNativeMonster) -> bool {
   |               ^^^^^^^^^^^^^

warning: function `hell_can_regen` is never used
  --> apps\simulation\src\runtime\zone\runtime\hell_ai.rs:74:15
   |
74 | pub(super) fn hell_can_regen(m: &ZoneNativeMonster) -> bool {
   |               ^^^^^^^^^^^^^^

warning: `mir2-simulation` (lib) generated 33 warnings
warning: variable does not need to be mutable
    --> apps\gateway\src\routing.rs:3655:13
     |
3655 |         let mut current_player_heals = Vec::new();
     |             ----^^^^^^^^^^^^^^^^^^^^
     |             |
     |             help: remove this `mut`
     |
     = note: `#[warn(unused_mut)]` (part of `#[warn(unused)]`) on by default

warning: `mir2-gateway` (lib test) generated 1 warning (run `cargo fix --lib -p mir2-gateway --tests` to apply 1 suggestion)
    Finished `test` profile [unoptimized + debuginfo] target(s) in 0.44s
     Running unittests src\lib.rs (C:\Users\Administrator\AppData\Local\Temp\mir2-trade-gold-simulation-20260908\x86_64-pc-windows-msvc\debug\deps\mir2_gateway-7f3d593ba68ee25b.exe)

running 55 tests
test economy::tests::commit_ack_error_with_lookup_failure_returns_trade_outcome_unknown ... ok
test economy::tests::committed_then_ack_error_trade_recovers_by_lookup_and_keeps_projections_pending ... ok
test economy::tests::durable_trade_rows_reconcile_each_party_after_ledger_commit_and_retry_mark ... ok
test economy::tests::missing_context_trade_is_explicitly_deferred_without_store_access ... ok
test economy::tests::pending_trade_projection_query_failure_fails_closed ... ok
test economy::tests::player_trade_maps_gold_and_item_quantities_to_conserved_ledger_legs ... ok
test economy::tests::trade_requires_two_sided_asset_conservation ... ok
test economy::tests::trade_retry_rejects_regenerated_zone_key_before_store_and_uses_original_key ... ok
test routing::tests::abnormal_teardown_zone_drain_tests::abrupt_teardown_rolls_back_unmatched_debited_trade_before_checkpoint ... ok
test routing::tests::active_character_reconciles_durable_trade_projection_once_without_local_trade_state ... ok
test routing::tests::deferred_trade_recovery_keeps_authority_then_retries_the_real_key ... ok
test routing::tests::durable_settlement_invalidates_clear_projection_cache_without_local_trade_state ... FAILED
test routing::tests::pending_durable_trade_blocks_every_trade_state_mutation_packet ... FAILED
test routing::tests::shared_in_process_registry_commits_trade_through_economy_boundary ... ok
test routing::tests::shared_in_process_registry_commits_two_sided_trade_delivery ... ok
test routing::tests::shared_in_process_registry_rolls_back_pending_trade_when_partner_cancels ... ok
test routing::tests::shared_in_process_registry_rolls_back_pending_trade_when_partner_disconnects ... ok
test routing::tests::shared_in_process_registry_rolls_back_two_sided_trade_when_receiver_is_full ... ok
test routing::tests::shared_in_process_registry_uses_adjacent_remote_player_for_trade_request ... ok
test routing::tests::shared_trade_repeat_request_cannot_replace_debited_unmatched_offer ... ok
test routing::tests::trade_completion_tests::cancellation_refunds_waiting_offer_once_without_any_completion ... ok
test routing::tests::trade_completion_tests::each_party_completes_once_only_after_its_committed_delivery ... ok
test routing::tests::trade_completion_tests::receiver_capacity_rejection_refunds_both_sides_without_completion ... ok
test routing::tests::trade_completion_tests::unfenced_deferred_settlement_never_announces_completion ... ok
test routing::tests::trade_completion_tests::unknown_outcome_holds_both_offers_until_definitive_commit_or_rejection ... ok
test routing::tests::trade_gold_tests::first_gold_debit_bootstraps_the_predebit_balance_and_failure_debits_nothing ... ok
test routing::tests::trade_gold_tests::gold_edits_are_rejected_when_either_participant_has_prepared ... ok
test routing::tests::trade_gold_tests::invalid_gold_deltas_do_not_debit_or_replace_the_held_quote ... ok
test routing::tests::trade_gold_tests::peer_preparation_rejects_item_retrieval_and_deposit_without_changing_accepted_offer ... ok
test routing::tests::trade_gold_tests::preparation_never_debits_gold_a_second_time_and_settlement_conserves_total ... ok
test routing::tests::trade_gold_tests::prepared_refund_overflow_retains_final_offer_until_capacity_allows_one_refund ... ok
test routing::tests::trade_gold_tests::repeated_gold_deltas_debit_immediately_and_only_partner_sees_cumulative_quote ... ok
test routing::tests::trade_gold_tests::saved_unprepared_gold_in_a_fresh_zone_refunds_once_but_pending_projection_holds_it ... ok
test routing::tests::trade_gold_tests::unprepared_logout_or_disconnect_refunds_before_save_and_peer_refunds_once ... ok
test routing::tests::trade_gold_tests::unprepared_self_or_peer_cancel_refunds_each_owner_once ... ok
test routing::tests::trade_invitation_tests::bootstrap_failure_closes_pair_and_refunds_the_waiting_peer ... ok
test routing::tests::trade_invitation_tests::disabled_trade_preference_rejects_invites ... ok
test routing::tests::trade_invitation_tests::disconnected_inviter_cannot_be_accepted_and_new_invite_is_possible ... ok
test routing::tests::trade_invitation_tests::editable_unlock_keeps_pair_and_private_edit_routing ... ok
test routing::tests::trade_invitation_tests::gold_and_items_are_private_to_the_established_partner ... ok
test routing::tests::trade_invitation_tests::invitation_requires_mutual_facing ... ok
test routing::tests::trade_invitation_tests::only_recipient_receives_invitation_and_decline_notifies_only_inviter ... ok
test routing::tests::trade_invitation_tests::pending_old_pair_cancellation_blocks_a_new_invitation_until_drained ... ok
test routing::tests::trade_invitation_tests::prepared_unlock_cancels_and_refunds_both_sides_without_stale_open_pair ... ok
test routing::tests::trade_invitation_tests::teardown_fenced_recipient_rejects_request_and_inviter_rejects_acceptance ... ok
test routing::tests::trade_invitation_tests::unprepared_pair_cancel_closes_both_personal_states ... ok
test routing::tests::trade_invitation_tests::unsolicited_reply_and_edits_cannot_create_a_trade ... ok
test routing::tests::trade_invitation_tests::world_checkpoint_drops_all_online_trade_links ... ok
test routing::tests::trade_item_edit_tests::shared_trade_move_and_merge_refresh_only_partner_and_preserve_quantity ... ok
test routing::tests::trade_item_edit_tests::shared_trade_peer_preparation_rejects_move_and_merge_with_exact_ack ... ok
test routing::tests::unfenced_initial_trade_is_deferred_and_rolls_back_exactly_once ... ok
test routing::tests::unknown_trade_survives_process_restart_and_delivers_both_sides_once_after_new_logins ... ok
test routing::tests::unreconciled_character_blocks_trade_mutation_until_projection_query_succeeds ... ok
test web::tests::trade_commands_map_to_crystal_protocol_packets ... ok
test web::tests::trade_packets_are_exposed_as_browser_events ... ok

failures:

---- routing::tests::durable_settlement_invalidates_clear_projection_cache_without_local_trade_state stdout ----

thread 'routing::tests::durable_settlement_invalidates_clear_projection_cache_without_local_trade_state' (108724) panicked at apps\gateway\src\routing.rs:18169:13:
assertion failed: runtime.execute(WorldCommand::ClientPacket(packet)).expect("guarded trade packet").is_empty()
note: run with `RUST_BACKTRACE=1` environment variable to display a backtrace

---- routing::tests::pending_durable_trade_blocks_every_trade_state_mutation_packet stdout ----

thread 'routing::tests::pending_durable_trade_blocks_every_trade_state_mutation_packet' (94612) panicked at apps\gateway\src\routing.rs:18238:13:
assertion failed: runtime.execute(WorldCommand::ClientPacket(packet)).expect("guarded trade packet").is_empty()


failures:
    routing::tests::durable_settlement_invalidates_clear_projection_cache_without_local_trade_state
    routing::tests::pending_durable_trade_blocks_every_trade_state_mutation_packet

test result: FAILED. 53 passed; 2 failed; 0 ignored; 0 measured; 659 filtered out; finished in 305.74s

error: test failed, to rerun pass `-p mir2-gateway --lib`
