TAP version 13
# Subtest: bootstrap rejection cannot replace a resumed V2 death and time ledger
ok 1 - bootstrap rejection cannot replace a resumed V2 death and time ledger
  ---
  duration_ms: 21.1921
  type: 'test'
  ...
# Subtest: fresh V2 run persists its clock before a login failure
ok 2 - fresh V2 run persists its clock before a login failure
  ---
  duration_ms: 5.8831
  type: 'test'
  ...
# Subtest: loads one complete Tao-style death and town-revive receipt without extending its original clock
ok 3 - loads one complete Tao-style death and town-revive receipt without extending its original clock
  ---
  duration_ms: 3.9847
  type: 'test'
  ...
# Subtest: rejects an existing V2 missing ledger rather than resetting recovery credit
ok 4 - rejects an existing V2 missing ledger rather than resetting recovery credit
  ---
  duration_ms: 0.4894
  type: 'test'
  ...
# Subtest: rejects an existing V2 null ledger rather than resetting recovery credit
ok 5 - rejects an existing V2 null ledger rather than resetting recovery credit
  ---
  duration_ms: 0.1504
  type: 'test'
  ...
# Subtest: rejects an existing V2 string ledger rather than resetting recovery credit
ok 6 - rejects an existing V2 string ledger rather than resetting recovery credit
  ---
  duration_ms: 0.1252
  type: 'test'
  ...
# Subtest: rejects an existing V2 incomplete death checkpoint ledger rather than resetting recovery credit
ok 7 - rejects an existing V2 incomplete death checkpoint ledger rather than resetting recovery credit
  ---
  duration_ms: 0.2528
  type: 'test'
  ...
# Subtest: rejects an existing V2 over the fixed cap ledger rather than resetting recovery credit
ok 8 - rejects an existing V2 over the fixed cap ledger rather than resetting recovery credit
  ---
  duration_ms: 0.1854
  type: 'test'
  ...
# Subtest: rejects a non-object JSON report (null) rather than treating it as a first run
ok 9 - rejects a non-object JSON report (null) rather than treating it as a first run
  ---
  duration_ms: 0.635
  type: 'test'
  ...
# Subtest: rejects a non-object JSON report (report) rather than treating it as a first run
ok 10 - rejects a non-object JSON report (report) rather than treating it as a first run
  ---
  duration_ms: 0.4583
  type: 'test'
  ...
# Subtest: rejects a non-object JSON report () rather than treating it as a first run
ok 11 - rejects a non-object JSON report () rather than treating it as a first run
  ---
  duration_ms: 0.1462
  type: 'test'
  ...
# Subtest: rejects a non-object JSON report (42) rather than treating it as a first run
ok 12 - rejects a non-object JSON report (42) rather than treating it as a first run
  ---
  duration_ms: 0.0516
  type: 'test'
  ...
# Subtest: rejects a calendar-normalized ordinary start instead of accepting a different clock
ok 13 - rejects a calendar-normalized ordinary start instead of accepting a different clock
  ---
  duration_ms: 0.1406
  type: 'test'
  ...
# Subtest: a missing report is a first run with no carried recovery ledger
ok 14 - a missing report is a first run with no carried recovery ledger
  ---
  duration_ms: 2.7662
  type: 'test'
  ...
# Subtest: a malformed existing report rejects resume rather than silently resetting recovery credit
ok 15 - a malformed existing report rejects resume rather than silently resetting recovery credit
  ---
  duration_ms: 3.0763
  type: 'test'
  ...
# Subtest: an existing V1 report remains outside the V2 resume ledger
ok 16 - an existing V1 report remains outside the V2 resume ledger
  ---
  duration_ms: 3.2827
  type: 'test'
  ...
# Subtest: functional recheck uses an explicit shared start while preserving the expired ordinary clock and recovery cap
ok 17 - functional recheck uses an explicit shared start while preserving the expired ordinary clock and recovery cap
  ---
  duration_ms: 0.5322
  type: 'test'
  ...
# Subtest: functional recheck resume requires the same persisted shared start and valid persisted deadline
ok 18 - functional recheck resume requires the same persisted shared start and valid persisted deadline
  ---
  duration_ms: 3.3987
  type: 'test'
  ...
# Subtest: functional recheck clock is atomically persisted before a later resume can select a replacement
ok 19 - functional recheck clock is atomically persisted before a later resume can select a replacement
  ---
  duration_ms: 4.5027
  type: 'test'
  ...
# Subtest: functional recheck rejects fresh, active, malformed, and expired ordinary evidence
ok 20 - functional recheck rejects fresh, active, malformed, and expired ordinary evidence
  ---
  duration_ms: 0.615
  type: 'test'
  ...
# Subtest: explicit objective map preference resolves equal-length dungeon routes
ok 21 - explicit objective map preference resolves equal-length dungeon routes
  ---
  duration_ms: 4.1369
  type: 'test'
  ...
# Subtest: armed q89 fallback accepts a profile-pruned route only with the exact live doorway
ok 22 - armed q89 fallback accepts a profile-pruned route only with the exact live doorway
  ---
  duration_ms: 0.9149
  type: 'test'
  ...
# Subtest: retreat route bias preserves cave-exit progress without accepting an adjacent hostile
ok 23 - retreat route bias preserves cave-exit progress without accepting an adjacent hostile
  ---
  duration_ms: 0.2793
  type: 'test'
  ...
# Subtest: runner q89 protected-Shaman approach promotion retains the ordinary usable-range gate
ok 24 - runner q89 protected-Shaman approach promotion retains the ordinary usable-range gate
  ---
  duration_ms: 20.2272
  type: 'test'
  ...
# Subtest: q89 Wizard transit plans around a live named Shaman halo before the fresh movement guard
ok 25 - q89 Wizard transit plans around a live named Shaman halo before the fresh movement guard
  ---
  duration_ms: 11.5943
  type: 'test'
  ...
# Subtest: q113 caster transit gives the ordinary traveler a two-cell hostile buffer only for that profile
ok 26 - q113 caster transit gives the ordinary traveler a two-cell hostile buffer only for that profile
  ---
  duration_ms: 0.7866
  type: 'test'
  ...
# Subtest: direct ranged hit evidence identifies a q89 aggressor up to eight tiles away
ok 27 - direct ranged hit evidence identifies a q89 aggressor up to eight tiles away
  ---
  duration_ms: 0.3642
  type: 'test'
  ...
# Subtest: a q89 unavailable Shaman band defers and uses ordinary retreat recovery instead of ending the objective loop
ok 28 - a q89 unavailable Shaman band defers and uses ordinary retreat recovery instead of ending the objective loop
  ---
  duration_ms: 1.846
  type: 'test'
  ...
# Subtest: q89 spawn-stall clearing reaches a certified Shaman band before its ordinary action
ok 29 - q89 spawn-stall clearing reaches a certified Shaman band before its ordinary action
  ---
  duration_ms: 60.0681
  type: 'test'
  ...
# Subtest: q89 Wizard keeps the real D2031 fresh guard and rejects a transit with no collision-safe outer corridor
ok 30 - q89 Wizard keeps the real D2031 fresh guard and rejects a transit with no collision-safe outer corridor
  ---
  duration_ms: 67.8983
  type: 'test'
  ...
# Subtest: q89 protected transit clears three receipt-proved Shamans after one guarded no-path plan each, then transfers normally
ok 31 - q89 protected transit clears three receipt-proved Shamans after one guarded no-path plan each, then transfers normally
  ---
  duration_ms: 2.6763
  type: 'test'
  ...
# Subtest: q89 protected transit fails closed when both the named and one guarded fallback plan have no path
ok 32 - q89 protected transit fails closed when both the named and one guarded fallback plan have no path
  ---
  duration_ms: 0.6307
  type: 'test'
  ...
# Subtest: q89 transit clearance aborts when a Shaman moves into its fresh cadence cells without recursive clearing
ok 33 - q89 transit clearance aborts when a Shaman moves into its fresh cadence cells without recursive clearing
  ---
  duration_ms: 1.5978
  type: 'test'
  ...
# Subtest: q89 transit blocker cap performs one recovery then terminates a still-live next halo
ok 34 - q89 transit blocker cap performs one recovery then terminates a still-live next halo
  ---
  duration_ms: 1.3123
  type: 'test'
  ...
# Subtest: q89 deferred live transit blocker does not replan the same guarded step forever
ok 35 - q89 deferred live transit blocker does not replan the same guarded step forever
  ---
  duration_ms: 0.7354
  type: 'test'
  ...
# Subtest: q89 spawn-stall blocker defers when independent quest progress removes it without a death receipt
ok 36 - q89 spawn-stall blocker defers when independent quest progress removes it without a death receipt
  ---
  duration_ms: 0.5969
  type: 'test'
  ...
# Subtest: q2 kills a live Scarecrow and trusts authoritative GingerTea progress
ok 37 - q2 kills a live Scarecrow and trusts authoritative GingerTea progress
  ---
  duration_ms: 0.4618
  type: 'test'
  ...
# Subtest: q5 completes Deer and Scarecrow kill objectives without treating monster level as a gate
ok 38 - q5 completes Deer and Scarecrow kill objectives without treating monster level as a gate
  ---
  duration_ms: 0.3997
  type: 'test'
  ...
# Subtest: a multi-objective hunt clears a visible later target while the first target is respawning
ok 39 - a multi-objective hunt clears a visible later target while the first target is respawning
  ---
  duration_ms: 0.3126
  type: 'test'
  ...
# Subtest: a multi-objective spawn search stops for another safe required monster entering AOI
ok 40 - a multi-objective spawn search stops for another safe required monster entering AOI
  ---
  duration_ms: 0.6606
  type: 'test'
  ...
# Subtest: a multi-map quest clears an incomplete same-map objective before crossing to the first listed source
ok 41 - a multi-map quest clears an incomplete same-map objective before crossing to the first listed source
  ---
  duration_ms: 0.3669
  type: 'test'
  ...
# Subtest: a live objective omitted from the spawn manifest is fought on the current map
ok 42 - a live objective omitted from the spawn manifest is fought on the current map
  ---
  duration_ms: 0.2385
  type: 'test'
  ...
# Subtest: an allowed wounded objective is resumed before a closer full-health peer
ok 43 - an allowed wounded objective is resumed before a closer full-health peer
  ---
  duration_ms: 0.3033
  type: 'test'
  ...
# Subtest: a mine quest skips a wounded Zombie2 trapped in a hostile pack
ok 44 - a mine quest skips a wounded Zombie2 trapped in a hostile pack
  ---
  duration_ms: 0.2859
  type: 'test'
  ...
# Subtest: a healthy player keeps approaching a 25-percent objective when a pack appears
ok 45 - a healthy player keeps approaching a 25-percent objective when a pack appears
  ---
  duration_ms: 0.3257
  type: 'test'
  ...
# Subtest: an expedition can prefer its configured objective map over a denser same-map spawn
ok 46 - an expedition can prefer its configured objective map over a denser same-map spawn
  ---
  duration_ms: 0.3296
  type: 'test'
  ...
# Subtest: a returned mine quest checks real supplies before reentering the dungeon
ok 47 - a returned mine quest checks real supplies before reentering the dungeon
  ---
  duration_ms: 0.2286
  type: 'test'
  ...
# Subtest: q113 caster preference chooses shared D711 over shorter D612 and completes both objectives without D715
ok 48 - q113 caster preference chooses shared D711 over shorter D612 and completes both objectives without D715
  ---
  duration_ms: 0.6692
  type: 'test'
  ...
# Subtest: a post-travel supply checkpoint can leave and replan before objective combat
ok 49 - a post-travel supply checkpoint can leave and replan before objective combat
  ---
  duration_ms: 0.3053
  type: 'test'
  ...
# Subtest: multi-map travel evades a proven adjacent aggressor before retrying the ordinary route
ok 50 - multi-map travel evades a proven adjacent aggressor before retrying the ordinary route
  ---
  duration_ms: 0.525
  type: 'test'
  ...
# Subtest: a repeated interruption on the same travel edge clears the proven aggressor
ok 51 - a repeated interruption on the same travel edge clears the proven aggressor
  ---
  duration_ms: 0.6808
  type: 'test'
  ...
# Subtest: multi-map travel clears a hostile doorway blocker and retries the same route
ok 52 - multi-map travel clears a hostile doorway blocker and retries the same route
  ---
  duration_ms: 0.5791
  type: 'test'
  ...
# Subtest: doorway blocker retreats when aggressor clearing discovers a dense pack
ok 53 - doorway blocker retreats when aggressor clearing discovers a dense pack
  ---
  duration_ms: 1.1052
  type: 'test'
  ...
# Subtest: stocked expedition travel clears a proven aggressor before retrying the route
ok 54 - stocked expedition travel clears a proven aggressor before retrying the route
  ---
  duration_ms: 0.5228
  type: 'test'
  ...
# Subtest: travel retries when the proven threat leaves before fallback combat
ok 55 - travel retries when the proven threat leaves before fallback combat
  ---
  duration_ms: 0.5887
  type: 'test'
  ...
# Subtest: healthy expedition keeps crossing after a glancing hit and interrupts once health is low
ok 56 - healthy expedition keeps crossing after a glancing hit and interrupts once health is low
  ---
  duration_ms: 0.3723
  type: 'test'
  ...
# Subtest: chooses an isolated quest target before a closer target inside a hostile pack
ok 57 - chooses an isolated quest target before a closer target inside a hostile pack
  ---
  duration_ms: 0.4998
  type: 'test'
  ...
# Subtest: defers a clustered target for its current life and selects another target
ok 58 - defers a clustered target for its current life and selects another target
  ---
  duration_ms: 1.0892
  type: 'test'
  ...
# Subtest: reconsiders the only deferred target after enough events prove its pack dispersed
ok 59 - reconsiders the only deferred target after enough events prove its pack dispersed
  ---
  duration_ms: 0.7678
  type: 'test'
  ...
# Subtest: disengages when a second hostile joins an attack already in progress
ok 60 - disengages when a second hostile joins an attack already in progress
  ---
  duration_ms: 0.614
  type: 'test'
  ...
# Subtest: clears only proven adjacent monster aggressors by lowest HP before the quest target
ok 61 - clears only proven adjacent monster aggressors by lowest HP before the quest target
  ---
  duration_ms: 0.6201
  type: 'test'
  ...
# Subtest: low health under two established aggressors retreats instead of standing to clear both
ok 62 - low health under two established aggressors retreats instead of standing to clear both
  ---
  duration_ms: 0.7983
  type: 'test'
  ...
# Subtest: a stocked mine expedition clears two aggressors above its lower retreat threshold
ok 63 - a stocked mine expedition clears two aggressors above its lower retreat threshold
  ---
  duration_ms: 0.4542
  type: 'test'
  ...
# Subtest: a mine expedition retreats from three active aggressors before waiting for low health
ok 64 - a mine expedition retreats from three active aggressors before waiting for low health
  ---
  duration_ms: 0.9465
  type: 'test'
  ...
# Subtest: a focused snake pull wakes its response wait on the first extra aggressor
ok 65 - a focused snake pull wakes its response wait on the first extra aggressor
  ---
  duration_ms: 1.3408
  type: 'test'
  ...
# Subtest: a newly revived adjacent aggressor pre-empts one established aggressor without target ping-pong
ok 66 - a newly revived adjacent aggressor pre-empts one established aggressor without target ping-pong
  ---
  duration_ms: 0.9893
  type: 'test'
  ...
# Subtest: an objective target cannot interrupt clearing the aggressor that joined its fight
ok 67 - an objective target cannot interrupt clearing the aggressor that joined its fight
  ---
  duration_ms: 0.7855
  type: 'test'
  ...
# Subtest: interrupts target navigation to clear a newly proven adjacent aggressor, then resumes the exact target
ok 68 - interrupts target navigation to clear a newly proven adjacent aggressor, then resumes the exact target
  ---
  duration_ms: 0.7391
  type: 'test'
  ...
# Subtest: an unreachable proven aggressor is recorded, escaped, and does not abort the objective
ok 69 - an unreachable proven aggressor is recorded, escaped, and does not abort the objective
  ---
  duration_ms: 0.8934
  type: 'test'
  ...
# Subtest: a healthy focused ranged hunt finishes its quest target through one proven aggressor
ok 70 - a healthy focused ranged hunt finishes its quest target through one proven aggressor
  ---
  duration_ms: 0.4681
  type: 'test'
  ...
# Subtest: q89 clears one proven entrance aggressor before retaining the required target
ok 71 - q89 clears one proven entrance aggressor before retaining the required target
  ---
  duration_ms: 0.5346
  type: 'test'
  ...
# Subtest: q89 still retreats at 75 percent HP when two aggressors are proven
ok 72 - q89 still retreats at 75 percent HP when two aggressors are proven
  ---
  duration_ms: 0.7855
  type: 'test'
  ...
# Subtest: q89 Wizard arms the exact live D2031 doorway after a stalled full Priest spread before respawn waiting
ok 73 - q89 Wizard arms the exact live D2031 doorway after a stalled full Priest spread before respawn waiting
  ---
  duration_ms: 1.1328
  type: 'test'
  ...
# Subtest: an authored objective actor allowlist excludes a closer full-strength world monster
ok 74 - an authored objective actor allowlist excludes a closer full-strength world monster
  ---
  duration_ms: 0.3914
  type: 'test'
  ...
# Subtest: q89 Taoist rejects an unsafe D2031 Priest then uses the exact live doorway for a normal D2032 completion
ok 75 - q89 Taoist rejects an unsafe D2031 Priest then uses the exact live doorway for a normal D2032 completion
  ---
  duration_ms: 1.0567
  type: 'test'
  ...
# Subtest: a q89 Priest full-spread pass with physical progress does not arm the D2032 fallback
ok 76 - a q89 Priest full-spread pass with physical progress does not arm the D2032 fallback
  ---
  duration_ms: 0.8173
  type: 'test'
  ...
# Subtest: a q89 Priest full-spread pass with unknown physical coordinates does not arm the D2032 fallback
ok 77 - a q89 Priest full-spread pass with unknown physical coordinates does not arm the D2032 fallback
  ---
  duration_ms: 0.5179
  type: 'test'
  ...
# Subtest: a catalogued D2032 Priest cannot arm a stalled q89 fallback without the exact live D2031 source and key
ok 78 - a catalogued D2032 Priest cannot arm a stalled q89 fallback without the exact live D2031 source and key
  ---
  duration_ms: 0.7226
  type: 'test'
  ...
# Subtest: the stalled Priest fallback stays unavailable for other q89 objectives
ok 79 - the stalled Priest fallback stays unavailable for other q89 objectives
  ---
  duration_ms: 0.4198
  type: 'test'
  ...
# Subtest: q89 Wizard returns normally to D2031 before using the live keyed doorway after a retreat
ok 80 - q89 Wizard returns normally to D2031 before using the live keyed doorway after a retreat
  ---
  duration_ms: 1.8868
  type: 'test'
  ...
# Subtest: q89 Wizard fails closed when normal fallback-source travel lands on the wrong map
ok 81 - q89 Wizard fails closed when normal fallback-source travel lands on the wrong map
  ---
  duration_ms: 1.0652
  type: 'test'
  ...
# Subtest: q89 Wizard fails closed after one live D2032 fallback pass makes no objective progress
ok 82 - q89 Wizard fails closed after one live D2032 fallback pass makes no objective progress
  ---
  duration_ms: 1.2882
  type: 'test'
  ...
# Subtest: a survivable Taoist lands the last bounded hit before retreating from a joining snake
ok 83 - a survivable Taoist lands the last bounded hit before retreating from a joining snake
  ---
  duration_ms: 0.6568
  type: 'test'
  ...
# Subtest: a proven current target forces retreat below forty percent health before combat resumes
ok 84 - a proven current target forces retreat below forty percent health before combat resumes
  ---
  duration_ms: 0.9903
  type: 'test'
  ...
# Subtest: interrupts an in-progress target fight when a new adjacent aggressor lands a hit
ok 85 - interrupts an in-progress target fight when a new adjacent aggressor lands a hit
  ---
  duration_ms: 0.7192
  type: 'test'
  ...
# Subtest: a supplied harvest hunt focuses its unique target and carves before clearing aggressors
ok 86 - a supplied harvest hunt focuses its unique target and carves before clearing aggressors
  ---
  duration_ms: 1.2146
  type: 'test'
  ...
# Subtest: a focused Skeleton kill does not spend the attack budget on a proven BoneFighter aggressor
ok 87 - a focused Skeleton kill does not spend the attack budget on a proven BoneFighter aggressor
  ---
  duration_ms: 0.5343
  type: 'test'
  ...
# Subtest: focused Zombie3 objective prefers an injured target over a fresh same-species aggressor
ok 88 - focused Zombie3 objective prefers an injured target over a fresh same-species aggressor
  ---
  duration_ms: 0.2732
  type: 'test'
  ...
# Subtest: a focused harvest hunt retreats after two proven attackers converge, then retries the target
ok 89 - a focused harvest hunt retreats after two proven attackers converge, then retries the target
  ---
  duration_ms: 0.867
  type: 'test'
  ...
# Subtest: trusts objective progress from a proven same-species aggressor without an extra target kill
ok 90 - trusts objective progress from a proven same-species aggressor without an extra target kill
  ---
  duration_ms: 0.2962
  type: 'test'
  ...
# Subtest: applies the same threat interrupt when sustain makes a second target approach necessary
ok 91 - applies the same threat interrupt when sustain makes a second target approach necessary
  ---
  duration_ms: 0.6183
  type: 'test'
  ...
# Subtest: does not guess that an adjacent hostile is an aggressor without attack-recipient evidence
ok 92 - does not guess that an adjacent hostile is an aggressor without attack-recipient evidence
  ---
  duration_ms: 0.2928
  type: 'test'
  ...
# Subtest: searches the nearest same-map spawn when no target is in AOI
ok 93 - searches the nearest same-map spawn when no target is in AOI
  ---
  duration_ms: 0.4669
  type: 'test'
  ...
# Subtest: waits for a visible unique target pack to disperse before bounded search failure
ok 94 - waits for a visible unique target pack to disperse before bounded search failure
  ---
  duration_ms: 0.8959
  type: 'test'
  ...
# Subtest: unsafe-target observation retreats on the first proven hit instead of waiting in place
ok 95 - unsafe-target observation retreats on the first proven hit instead of waiting in place
  ---
  duration_ms: 1.5002
  type: 'test'
  ...
# Subtest: interrupts spawn navigation for a proven aggressor, clears it within budget, and resumes search
ok 96 - interrupts spawn navigation for a proven aggressor, clears it within budget, and resumes search
  ---
  duration_ms: 0.9061
  type: 'test'
  ...
# Subtest: a focused Skeleton spawn search retreats from BoneFighter without spending its attack budget
ok 97 - a focused Skeleton spawn search retreats from BoneFighter without spending its attack budget
  ---
  duration_ms: 0.8917
  type: 'test'
  ...
# Subtest: a failed spawn route sustains the player and interrupts immediately for a proven aggressor
ok 98 - a failed spawn route sustains the player and interrupts immediately for a proven aggressor
  ---
  duration_ms: 0.7338
  type: 'test'
  ...
# Subtest: retreats from a clustered proven aggressor and resumes the spawn search
ok 99 - retreats from a clustered proven aggressor and resumes the spawn search
  ---
  duration_ms: 0.927
  type: 'test'
  ...
# Subtest: accepts a material pack retreat that isolates one follower inside the global clearance
ok 100 - accepts a material pack retreat that isolates one follower inside the global clearance
  ---
  duration_ms: 1.07
  type: 'test'
  ...
# Subtest: low-health pack retreat requires the full safety radius
ok 101 - low-health pack retreat requires the full safety radius
  ---
  duration_ms: 0.1317
  type: 'test'
  ...
# Subtest: severe packs use the open-cell emergency escape before conservative path retries
ok 102 - severe packs use the open-cell emergency escape before conservative path retries
  ---
  duration_ms: 0.6859
  type: 'test'
  ...
# Subtest: a partial cave escape replans when the proven pursuer has left
ok 103 - a partial cave escape replans when the proven pursuer has left
  ---
  duration_ms: 1.0741
  type: 'test'
  ...
# Subtest: a cave dead end replans after its only proven blocker is defeated
ok 104 - a cave dead end replans after its only proven blocker is defeated
  ---
  duration_ms: 1.0734
  type: 'test'
  ...
# Subtest: a fully occupied retreat cuts down one proven adjacent attacker to open an escape tile
ok 105 - a fully occupied retreat cuts down one proven adjacent attacker to open an escape tile
  ---
  duration_ms: 0.8114
  type: 'test'
  ...
# Subtest: a fully occupied retreat waits out paralysis before breakout combat
ok 106 - a fully occupied retreat waits out paralysis before breakout combat
  ---
  duration_ms: 0.9342
  type: 'test'
  ...
# Subtest: low-health no-step retreat uses the optional emergency escape before breaking out
ok 107 - low-health no-step retreat uses the optional emergency escape before breaking out
  ---
  duration_ms: 0.9309
  type: 'test'
  ...
# Subtest: low-health multi-aggressor pressure uses emergency escape before a temporary walk route
ok 108 - low-health multi-aggressor pressure uses emergency escape before a temporary walk route
  ---
  duration_ms: 0.5898
  type: 'test'
  ...
# Subtest: a failed low-health emergency escape falls back to bounded hostile breakout
ok 109 - a failed low-health emergency escape falls back to bounded hostile breakout
  ---
  duration_ms: 0.8903
  type: 'test'
  ...
# Subtest: q89 Taoist blocks a fresh critical travel-breakout cast after sustain creates two proven attackers
ok 110 - q89 Taoist blocks a fresh critical travel-breakout cast after sustain creates two proven attackers
  ---
  duration_ms: 0.4713
  type: 'test'
  ...
# Subtest: q89 Taoist critical overlap uses the held escape before any SoulFireBall
ok 111 - q89 Taoist critical overlap uses the held escape before any SoulFireBall
  ---
  duration_ms: 0.3851
  type: 'test'
  ...
# Subtest: q89 Taoist admits a live Priest with two nonadjacent neighbors and verifies its ordinary death receipt
ok 112 - q89 Taoist admits a live Priest with two nonadjacent neighbors and verifies its ordinary death receipt
  ---
  duration_ms: 0.4366
  type: 'test'
  ...
# Subtest: q89 Taoist critical blocked pack ends its bounded retreat without breakout casts or recursive recovery
ok 113 - q89 Taoist critical blocked pack ends its bounded retreat without breakout casts or recursive recovery
  ---
  duration_ms: 0.5967
  type: 'test'
  ...
# Subtest: a multi-kill breakout continues through a second proven attacker before escaping
ok 114 - a multi-kill breakout continues through a second proven attacker before escaping
  ---
  duration_ms: 0.981
  type: 'test'
  ...
# Subtest: an unreachable breakout attacker is skipped for the next proven blocker
ok 115 - an unreachable breakout attacker is skipped for the next proven blocker
  ---
  duration_ms: 1.109
  type: 'test'
  ...
# Subtest: iterative pack retreat replans from each live position and sustains during escape
ok 116 - iterative pack retreat replans from each live position and sustains during escape
  ---
  duration_ms: 0.8313
  type: 'test'
  ...
# Subtest: a pursuing pack that preserves exposure is broken after bounded retreat progress
ok 117 - a pursuing pack that preserves exposure is broken after bounded retreat progress
  ---
  duration_ms: 0.8011
  type: 'test'
  ...
# Subtest: moving hostiles can extend retreat across bounded batches until exposure is safe
ok 118 - moving hostiles can extend retreat across bounded batches until exposure is safe
  ---
  duration_ms: 0.6319
  type: 'test'
  ...
# Subtest: search stays in the nearest local field instead of visiting every distant center first
ok 119 - search stays in the nearest local field instead of visiting every distant center first
  ---
  duration_ms: 0.3
  type: 'test'
  ...
# Subtest: item search prefers an abundant source field over a nearby rare variant
ok 120 - item search prefers an abundant source field over a nearby rare variant
  ---
  duration_ms: 0.6204
  type: 'test'
  ...
# Subtest: a remembered corpse is revisited once without treating it as live, then its candidate is deprioritized
ok 121 - a remembered corpse is revisited once without treating it as live, then its candidate is deprioritized
  ---
  duration_ms: 0.3243
  type: 'test'
  ...
# Subtest: offline monster observations are location hints and require a fresh live AOI target
ok 122 - offline monster observations are location hints and require a fresh live AOI target
  ---
  duration_ms: 0.2996
  type: 'test'
  ...
# Subtest: a same-map world refresh preserves monster locations observed earlier in the visit
ok 123 - a same-map world refresh preserves monster locations observed earlier in the visit
  ---
  duration_ms: 0.2752
  type: 'test'
  ...
# Subtest: a blocked cave retreat uses a held escape before breakout combat above the usual HP threshold
ok 124 - a blocked cave retreat uses a held escape before breakout combat above the usual HP threshold
  ---
  duration_ms: 0.5305
  type: 'test'
  ...
# Subtest: a strict no-plan Wizard kite reaches held-scroll recovery without falling back to offense
ok 125 - a strict no-plan Wizard kite reaches held-scroll recovery without falling back to offense
  ---
  duration_ms: 1.4578
  type: 'test'
  ...
# Subtest: V2 full-spread search ignores a stale ordinary-monster history hint before the nearest field
ok 126 - V2 full-spread search ignores a stale ordinary-monster history hint before the nearest field
  ---
  duration_ms: 0.3256
  type: 'test'
  ...
# Subtest: V2 full-spread search ignores a dead current-snapshot monster waypoint
ok 127 - V2 full-spread search ignores a dead current-snapshot monster waypoint
  ---
  duration_ms: 0.2307
  type: 'test'
  ...
# Subtest: V2 keeps a live current-AOI objective ahead of its manifest field
ok 128 - V2 keeps a live current-AOI objective ahead of its manifest field
  ---
  duration_ms: 0.1883
  type: 'test'
  ...
# Subtest: default V1 search continues to prioritize same-map historical ordinary-monster hints
ok 129 - default V1 search continues to prioritize same-map historical ordinary-monster hints
  ---
  duration_ms: 0.2468
  type: 'test'
  ...
# Subtest: a remembered CannibalPlant location gets one close bounded reveal observation
ok 130 - a remembered CannibalPlant location gets one close bounded reveal observation
  ---
  duration_ms: 0.3611
  type: 'test'
  ...
# Subtest: nearest-neighbor traversal does not zigzag between distant full-spread regions
ok 131 - nearest-neighbor traversal does not zigzag between distant full-spread regions
  ---
  duration_ms: 0.5018
  type: 'test'
  ...
# Subtest: spawn search obeys one global waypoint budget
ok 132 - spawn search obeys one global waypoint budget
  ---
  duration_ms: 0.4378
  type: 'test'
  ...
# Subtest: full-spread exhaustion waits for a bounded respawn and resumes the active objective
ok 133 - full-spread exhaustion waits for a bounded respawn and resumes the active objective
  ---
  duration_ms: 0.4067
  type: 'test'
  ...
# Subtest: profiled respawn delay extends the default bounded wait window
ok 134 - profiled respawn delay extends the default bounded wait window
  ---
  duration_ms: 1.6942
  type: 'test'
  ...
# Subtest: a proven adjacent attack interrupts a respawn wait and is cleared before waiting again
ok 135 - a proven adjacent attack interrupts a respawn wait and is cleared before waiting again
  ---
  duration_ms: 0.4659
  type: 'test'
  ...
# Subtest: full-spread grid covers the observed CannibalPlant offset beyond the old 48-tile ring
ok 136 - full-spread grid covers the observed CannibalPlant offset beyond the old 48-tile ring
  ---
  duration_ms: 0.4818
  type: 'test'
  ...
# Subtest: full-spread grid closes RakingCat holes while bare ObjectRevived creates no phantom target
ok 137 - full-spread grid closes RakingCat holes while bare ObjectRevived creates no phantom target
  ---
  duration_ms: 0.4454
  type: 'test'
  ...
# Subtest: known map bounds clip every full-spread waypoint
ok 138 - known map bounds clip every full-spread waypoint
  ---
  duration_ms: 1.0627
  type: 'test'
  ...
# Subtest: wall-clock search timeout reports partial coverage and emits bounded diagnostics
ok 139 - wall-clock search timeout reports partial coverage and emits bounded diagnostics
  ---
  duration_ms: 0.4779
  type: 'test'
  ...
# Subtest: harvest item source uses the corpse direction and waits for quest progress
ok 140 - harvest item source uses the corpse direction and waits for quest progress
  ---
  duration_ms: 0.3806
  type: 'test'
  ...
# Subtest: an already-consumed shared corpse is skipped without claiming progress
ok 141 - an already-consumed shared corpse is skipped without claiming progress
  ---
  duration_ms: 0.5655
  type: 'test'
  ...
# Subtest: three distinct unavailable corpses fail with an explicit bounded error
ok 142 - three distinct unavailable corpses fail with an explicit bounded error
  ---
  duration_ms: 0.6314
  type: 'test'
  ...
# Subtest: player death during unavailable-corpse probing still fails immediately
ok 143 - player death during unavailable-corpse probing still fails immediately
  ---
  duration_ms: 0.3459
  type: 'test'
  ...
# Subtest: fails closed when an objective has no source on the current map
ok 144 - fails closed when an objective has no source on the current map
  ---
  duration_ms: 0.1634
  type: 'test'
  ...
# Subtest: cross-map fallback skips an unreachable first source and travels only to a reachable map
ok 145 - cross-map fallback skips an unreachable first source and travels only to a reachable map
  ---
  duration_ms: 0.7221
  type: 'test'
  ...
# Subtest: cross-map objective prefers its quest NPC map over a closer dangerous source
ok 146 - cross-map objective prefers its quest NPC map over a closer dangerous source
  ---
  duration_ms: 0.5444
  type: 'test'
  ...
# Subtest: diary material objective prefers its quest group map over a shorter wasteland source
ok 147 - diary material objective prefers its quest group map over a shorter wasteland source
  ---
  duration_ms: 0.6609
  type: 'test'
  ...
# Subtest: cross-map fallback fails explicitly without travelling when all source maps are unreachable
ok 148 - cross-map fallback fails explicitly without travelling when all source maps are unreachable
  ---
  duration_ms: 0.2934
  type: 'test'
  ...
# Subtest: stops immediately when the player is dead
ok 149 - stops immediately when the player is dead
  ---
  duration_ms: 0.1683
  type: 'test'
  ...
# Subtest: bounds a target that never reports combat progress
ok 150 - bounds a target that never reports combat progress
  ---
  duration_ms: 1.9596
  type: 'test'
  ...
# Subtest: a non-responsive revived target is quarantined while another live target completes combat
ok 151 - a non-responsive revived target is quarantined while another live target completes combat
  ---
  duration_ms: 0.6326
  type: 'test'
  ...
# Subtest: a fleeing Deer is re-approached instead of being quarantined as unresponsive
ok 152 - a fleeing Deer is re-approached instead of being quarantined as unresponsive
  ---
  duration_ms: 0.8981
  type: 'test'
  ...
# Subtest: a same-speed passive target is bounded after prolonged movement without a confirmed hit
ok 153 - a same-speed passive target is bounded after prolonged movement without a confirmed hit
  ---
  duration_ms: 0.2884
  type: 'test'
  ...
# Subtest: travel blocker combat clears a nearer live monster sealing the target approach
ok 154 - travel blocker combat clears a nearer live monster sealing the target approach
  ---
  duration_ms: 0.3895
  type: 'test'
  ...
# Subtest: continues ordinary attacks across HP acknowledgements until target death
ok 155 - continues ordinary attacks across HP acknowledgements until target death
  ---
  duration_ms: 0.6199
  type: 'test'
  ...
# Subtest: dynamic approach uses Wizard spell range, closes without MP, and waits without an attack
ok 156 - dynamic approach uses Wizard spell range, closes without MP, and waits without an attack
  ---
  duration_ms: 0.6552
  type: 'test'
  ...
# Subtest: combat approach retries with bounded clearance when the full buffer seals the path
ok 157 - combat approach retries with bounded clearance when the full buffer seals the path
  ---
  duration_ms: 0.3058
  type: 'test'
  ...
# Subtest: an unreachable live monster is quarantined while combat continues with another target
ok 158 - an unreachable live monster is quarantined while combat continues with another target
  ---
  duration_ms: 0.6071
  type: 'test'
  ...
# Subtest: a stationary target is retried after its temporary corridor blocker can move
ok 159 - a stationary target is retried after its temporary corridor blocker can move
  ---
  duration_ms: 0.9076
  type: 'test'
  ...
# Subtest: an opted-in objective clears one nearby monster occupying its only approach
ok 160 - an opted-in objective clears one nearby monster occupying its only approach
  ---
  duration_ms: 0.7904
  type: 'test'
  ...
# Subtest: spawn search retries the same cave waypoint with bounded hostile clearance
ok 161 - spawn search retries the same cave waypoint with bounded hostile clearance
  ---
  duration_ms: 0.774
  type: 'test'
  ...
# Subtest: cooldown waits preserve the attack budget and refresh from authoritative snapshots
ok 162 - cooldown waits preserve the attack budget and refresh from authoritative snapshots
  ---
  duration_ms: 0.5523
  type: 'test'
  ...
# Subtest: positive hits reset consecutive cooldown time during a long spell pull
ok 163 - positive hits reset consecutive cooldown time during a long spell pull
  ---
  duration_ms: 0.8375
  type: 'test'
  ...
# Subtest: a server cooldown that never changes fails after a bounded total wait
ok 164 - a server cooldown that never changes fails after a bounded total wait
  ---
  duration_ms: 0.6072
  type: 'test'
  ...
# Subtest: a sustain callback cannot mask authoritative player death
ok 165 - a sustain callback cannot mask authoritative player death
  ---
  duration_ms: 0.3716
  type: 'test'
  ...
# Subtest: a target that leaves during approach is deferred and another live target completes the objective
ok 166 - a target that leaves during approach is deferred and another live target completes the objective
  ---
  duration_ms: 0.5356
  type: 'test'
  ...
# Subtest: target removal waits three seconds so a delayed authoritative player death wins the error classification
ok 167 - target removal waits three seconds so a delayed authoritative player death wins the error classification
  ---
  duration_ms: 0.4854
  type: 'test'
  ...
# Subtest: a living player defers an exact removed target but still fails without quest progress
ok 168 - a living player defers an exact removed target but still fails without quest progress
  ---
  duration_ms: 1.6656
  type: 'test'
  ...
# Subtest: authoritative quest progress accepts a target removed before its death packet settles
ok 169 - authoritative quest progress accepts a target removed before its death packet settles
  ---
  duration_ms: 0.5024
  type: 'test'
  ...
# Subtest: proven remote-player last blow is recorded and retries without claiming quest credit
ok 170 - proven remote-player last blow is recorded and retries without claiming quest credit
  ---
  duration_ms: 0.9912
  type: 'test'
  ...
# Subtest: unknown last-blow identity preserves the missing-award failure
ok 171 - unknown last-blow identity preserves the missing-award failure
  ---
  duration_ms: 0.54
  type: 'test'
  ...
# Subtest: defensive self-healing does not consume the bounded monster attack budget
ok 172 - defensive self-healing does not consume the bounded monster attack budget
  ---
  duration_ms: 0.4201
  type: 'test'
  ...
# Subtest: opt-in timed full-spread search takes one bounded respawn wait, refreshes, then completes normally
ok 173 - opt-in timed full-spread search takes one bounded respawn wait, refreshes, then completes normally
  ---
  duration_ms: 0.5698
  type: 'test'
  ...
# Subtest: default timed full-spread search remains terminal and never enters the respawn retry
ok 174 - default timed full-spread search remains terminal and never enters the respawn retry
  ---
  duration_ms: 0.3077
  type: 'test'
  ...
# Subtest: opt-in timed-search recovery does not swallow an ordinary navigation error
ok 175 - opt-in timed-search recovery does not swallow an ordinary navigation error
  ---
  duration_ms: 0.29
  type: 'test'
  ...
# Subtest: opt-in fresh corpse without an accepted owner attack rescans without awarding credit
ok 176 - opt-in fresh corpse without an accepted owner attack rescans without awarding credit
  ---
  duration_ms: 0.4504
  type: 'test'
  ...
# Subtest: accepted owner ObjectAttack keeps the missing-award failure despite a fresh corpse snapshot
ok 177 - accepted owner ObjectAttack keeps the missing-award failure despite a fresh corpse snapshot
  ---
  duration_ms: 0.3491
  type: 'test'
  ...
# Subtest: accepted owner ObjectStruck keeps the missing-award failure despite a fresh corpse snapshot
ok 178 - accepted owner ObjectStruck keeps the missing-award failure despite a fresh corpse snapshot
  ---
  duration_ms: 0.2275
  type: 'test'
  ...
# Subtest: accepted owner ObjectStruck keeps the missing-award failure despite a fresh corpse snapshot
ok 179 - accepted owner ObjectStruck keeps the missing-award failure despite a fresh corpse snapshot
  ---
  duration_ms: 0.2827
  type: 'test'
  ...
# Subtest: accepted owner Magic keeps the missing-award failure despite a fresh corpse snapshot
ok 180 - accepted owner Magic keeps the missing-award failure despite a fresh corpse snapshot
  ---
  duration_ms: 0.2275
  type: 'test'
  ...
# Subtest: default controller retains strict missing-award behavior for an unclaimed snapshot corpse
ok 181 - default controller retains strict missing-award behavior for an unclaimed snapshot corpse
  ---
  duration_ms: 0.4541
  type: 'test'
  ...
# Subtest: unclaimed snapshot corpse retries consume the existing engagement budget
ok 182 - unclaimed snapshot corpse retries consume the existing engagement budget
  ---
  duration_ms: 0.384
  type: 'test'
  ...
# Subtest: a bystander death is not accepted as the current target death
ok 183 - a bystander death is not accepted as the current target death
  ---
  duration_ms: 0.4529
  type: 'test'
  ...
# Subtest: picks up a visible non-harvest quest drop and requires objective confirmation
ok 184 - picks up a visible non-harvest quest drop and requires objective confirmation
  ---
  duration_ms: 0.3921
  type: 'test'
  ...
# Subtest: same-tile harvest preserves a valid authoritative facing
ok 185 - same-tile harvest preserves a valid authoritative facing
  ---
  duration_ms: 0.0674
  type: 'test'
  ...
# Subtest: q89 ordinary Priest approach maps a fresh named Shaman halo to bounded recovery
ok 186 - q89 ordinary Priest approach maps a fresh named Shaman halo to bounded recovery
  ---
  duration_ms: 1.5716
  type: 'test'
  ...
# Subtest: Wizard retreats on a collision-planned path before using the ranged action
ok 187 - Wizard retreats on a collision-planned path before using the ranged action
  ---
  duration_ms: 8.694
  type: 'test'
  ...
# Subtest: q89 Wizard moves a close CursedShaman into the 7-9 projectile band outside every visible Shaman footprint
ok 188 - q89 Wizard moves a close CursedShaman into the 7-9 projectile band outside every visible Shaman footprint
  ---
  duration_ms: 0.948
  type: 'test'
  ...
# Subtest: q89 Wizard never falls back to a close CursedShaman cast when no collision-safe ranged band exists
ok 189 - q89 Wizard never falls back to a close CursedShaman cast when no collision-safe ranged band exists
  ---
  duration_ms: 0.6674
  type: 'test'
  ...
# Subtest: q89 action-owned reposition rechecks a Shaman that moves during navigator cadence
ok 190 - q89 action-owned reposition rechecks a Shaman that moves during navigator cadence
  ---
  duration_ms: 3.1904
  type: 'test'
  ...
# Subtest: D2031 entry has a collision-valid nine-tile CursedShaman firing position
ok 191 - D2031 entry has a collision-valid nine-tile CursedShaman firing position
  ---
  duration_ms: 30.7591
  type: 'test'
  ...
# Subtest: q89 Wizard wrapper reaches the live D2031 entry band before casting
ok 192 - q89 Wizard wrapper reaches the live D2031 entry band before casting
  ---
  duration_ms: 54.2505
  type: 'test'
  ...
# Subtest: Taoist SoulFireBall uses the same bounded ranged retreat with an equipped Amulet
ok 193 - Taoist SoulFireBall uses the same bounded ranged retreat with an equipped Amulet
  ---
  duration_ms: 3.4522
  type: 'test'
  ...
# Subtest: ranged retreat never selects or crosses a live map-transfer cell
ok 194 - ranged retreat never selects or crosses a live map-transfer cell
  ---
  duration_ms: 6.3797
  type: 'test'
  ...
# Subtest: authoritative partial retreat progress continues the bounded ranged fight
ok 195 - authoritative partial retreat progress continues the bounded ranged fight
  ---
  duration_ms: 1.6215
  type: 'test'
  ...
# Subtest: target leaving AOI after a successful retreat refreshes the encounter
ok 196 - target leaving AOI after a successful retreat refreshes the encounter
  ---
  duration_ms: 0.621
  type: 'test'
  ...
# Subtest: authoritative displacement wins when the navigator reports stale extra steps
ok 197 - authoritative displacement wins when the navigator reports stale extra steps
  ---
  duration_ms: 0.9817
  type: 'test'
  ...
# Subtest: journey mode attacks when an authoritative retreat makes no progress
ok 198 - journey mode attacks when an authoritative retreat makes no progress
  ---
  duration_ms: 2.4184
  type: 'test'
  ...
# Subtest: journey mode continues after the navigator spends its exact retreat step budget
ok 199 - journey mode continues after the navigator spends its exact retreat step budget
  ---
  duration_ms: 1.1049
  type: 'test'
  ...
# Subtest: journey mode refreshes after an authoritative correction burst exceeds the local retreat budget
ok 200 - journey mode refreshes after an authoritative correction burst exceeds the local retreat budget
  ---
  duration_ms: 0.6875
  type: 'test'
  ...
# Subtest: journey mode attacks when a moving threat closes the planned retreat path
ok 201 - journey mode attacks when a moving threat closes the planned retreat path
  ---
  duration_ms: 1.3438
  type: 'test'
  ...
# Subtest: an opt-in pre-base-action guard blocks the captured cast after kiting navigation receives fresh critical strikes
ok 202 - an opt-in pre-base-action guard blocks the captured cast after kiting navigation receives fresh critical strikes
  ---
  duration_ms: 2.3513
  type: 'test'
  ...
# Subtest: an opt-in pre-base-action guard covers both fast-path and blocked-retreat fallbacks
ok 203 - an opt-in pre-base-action guard covers both fast-path and blocked-retreat fallbacks
  ---
  duration_ms: 0.3322
  type: 'test'
  ...
# Subtest: Wizard without affordable ranged magic and passive or NPC entities never retreat
ok 204 - Wizard without affordable ranged magic and passive or NPC entities never retreat
  ---
  duration_ms: 0.1396
  type: 'test'
  ...
# Subtest: blocked Wizard retreat fails closed without calling navigation or combat
ok 205 - blocked Wizard retreat fails closed without calling navigation or combat
  ---
  duration_ms: 0.26
  type: 'test'
  ...
# Subtest: strict no-plan kite reports typed target metadata for the existing recovery path
ok 206 - strict no-plan kite reports typed target metadata for the existing recovery path
  ---
  duration_ms: 17.8252
  type: 'test'
  ...
# Subtest: journey mode fights the selected threat when every collision-safe retreat is blocked
ok 207 - journey mode fights the selected threat when every collision-safe retreat is blocked
  ---
  duration_ms: 0.3844
  type: 'test'
  ...
# Subtest: per-target retreat cell budget stops repeated kiting without another move
ok 208 - per-target retreat cell budget stops repeated kiting without another move
  ---
  duration_ms: 0.2697
  type: 'test'
  ...
# Subtest: q89 exhausted retreat budget never falls through to a close Shaman cast
ok 209 - q89 exhausted retreat budget never falls through to a close Shaman cast
  ---
  duration_ms: 0.454
  type: 'test'
  ...
# Subtest: generic exhausted retreat budget retains its journey combat fallback
ok 210 - generic exhausted retreat budget retains its journey combat fallback
  ---
  duration_ms: 0.2128
  type: 'test'
  ...
# Subtest: retreat budget is scoped to the consecutive target engagement
ok 211 - retreat budget is scoped to the consecutive target engagement
  ---
  duration_ms: 0.3889
  type: 'test'
  ...
# Subtest: authoritative map change during retreat refreshes without issuing combat
ok 212 - authoritative map change during retreat refreshes without issuing combat
  ---
  duration_ms: 0.2309
  type: 'test'
  ...
# Subtest: known blocked retreat with an authoritative map change refreshes safely
ok 213 - known blocked retreat with an authoritative map change refreshes safely
  ---
  duration_ms: 0.2107
  type: 'test'
  ...
# Subtest: map change plus death remains fatal during retreat
ok 214 - map change plus death remains fatal during retreat
  ---
  duration_ms: 0.1878
  type: 'test'
  ...
# Subtest: unknown retreat navigation errors remain fatal
ok 215 - unknown retreat navigation errors remain fatal
  ---
  duration_ms: 0.1751
  type: 'test'
  ...
# Subtest: missing authoritative map remains fatal before retreat
ok 216 - missing authoritative map remains fatal before retreat
  ---
  duration_ms: 0.1533
  type: 'test'
  ...
# Subtest: player death during retreat fails closed without issuing the combat action
ok 217 - player death during retreat fails closed without issuing the combat action
  ---
  duration_ms: 0.2751
  type: 'test'
  ...
# Subtest: q89 kiting installs the physical halo guard before a Shaman exists in the planning AOI
ok 218 - q89 kiting installs the physical halo guard before a Shaman exists in the planning AOI
  ---
  duration_ms: 0.776
  type: 'test'
  ...
# Subtest: q89 named Shaman guard blocks a fresh footprint during non-Shaman kiting without casting
ok 219 - q89 named Shaman guard blocks a fresh footprint during non-Shaman kiting without casting
  ---
  duration_ms: 0.8025
  type: 'test'
  ...
# Subtest: q89 named Shaman guard permits only an outward escape from a pre-existing halo
ok 220 - q89 named Shaman guard permits only an outward escape from a pre-existing halo
  ---
  duration_ms: 0.8413
  type: 'test'
  ...
# Subtest: q89 no-motion base action rechecks a newly adjacent Shaman before casting
ok 221 - q89 no-motion base action rechecks a newly adjacent Shaman before casting
  ---
  duration_ms: 0.2006
  type: 'test'
  ...
# Subtest: q89 policy action uses the target object refreshed after its asynchronous pre-action callback
ok 222 - q89 policy action uses the target object refreshed after its asynchronous pre-action callback
  ---
  duration_ms: 0.1472
  type: 'test'
  ...
# Subtest: q89 policy action returns safely without casting when its target leaves after the pre-action callback
ok 223 - q89 policy action returns safely without casting when its target leaves after the pre-action callback
  ---
  duration_ms: 0.0938
  type: 'test'
  ...
# Subtest: q89 policy action does not cast a target confirmed dead after the pre-action callback
ok 224 - q89 policy action does not cast a target confirmed dead after the pre-action callback
  ---
  duration_ms: 0.091
  type: 'test'
  ...
# ok - equips a strictly dominating eligible class upgrade
# ok - equips BronzeShortSword over SharpDagger by expected damage at zero Luck
# ok - Taoist without a learned offensive skill equips a held DC upgrade for melee
# ok - Taoist with a learned offensive skill keeps an SC-neutral weapon tradeoff
# ok - Wizard may improve held melee damage only while preserving MC
# ok - expected-damage weapon selection requires zero authoritative Luck and no other regression
# ok - keeps GoldenPendant because PrecisionPendant is an attack-versus-agility tradeoff
# ok - equips a left-labelled bracelet into the empty opposite wrist
# ok - does not replace either occupied wrist with an incomparable bracelet
# ok - does not replace gear for a tradeoff, wrong class, excess level, or missing metadata
# ok - honours a stat-based item requirement
# ok - reads real Gateway snake_case requirements and instance added_stats
# ok - learns only the class beginner book at its authoritative level
# ok - learns every held eligible approved progression book without inventing levels
# ok - approved later books still obey their authoritative required level
# ok - approved book sets cover the three newcomer class progressions
# ok - uses held HP and MP drugs only at conservative deficits
# ok - a fresh own ObjectMana refresh prevents a duplicate MP dose after the exact snapshot recovers
# ok - a fresh own ObjectMana still permits one MP dose when the refreshed exact MP remains low
# ok - MP reuse delay starts at the actual dose after a delayed exact snapshot probe
# ok - another player ObjectMana or a newer exact MP snapshot never probes before an ordinary MP dose
# ok - unknown or empty player object ids never classify ObjectMana as own
# ok - useSupplies accepts the real first-item uniqueId zero
# ok - useSupplies accepts a higher explicit HP recovery threshold
# ok - q89 opt-in prefers held HP Medium without rewriting inventory
# ok - emergency HP recovery sends immediately without awaiting an item acknowledgement
# ok - emergency HP recovery waits for the prior gradual potion dose before using another
# ok - opt-in restorative reuse cannot go below 2500ms
# ok - dead players emit no restorative item or Healing commands
# ok - a rejected restorative refreshes authoritative state without aborting the journey
# ok - Wizard casts exact known FireBall at a target in range
# ok - Wizard prefers ready GreatFireBall and falls back while it cools down
# ok - Wizard falls back to affordable FireBall when GreatFireBall lacks MP
# ok - combat approach keeps a ready Wizard FireBall at a safe ranged distance
# ok - Wizard holds spell range and waits without a command while FireBall cools down
# ok - combat approach closes to melee without enough authoritative MP
# ok - combat approach remains melee for other classes
# ok - Taoist Healing targets self when badly hurt
# ok - Taoist class recovery can heal during a non-combat interaction
# ok - opt-in Taoist recovery restores exact MP once, refreshes, then heals without an offense
# ok - MP restoration for class recovery remains opt-in and rejects unavailable Healing evidence
# ok - delayed MP restoration never claims Healing until a fresh exact snapshot can afford it
# ok - class recovery emits no action for Warrior or a Taoist without affordable Healing
# ok - Taoist uses SoulFireBall only with a real equipped standard Amulet
# ok - Taoist reloads a consumed equipped Amulet stack before the next SoulFireBall
# ok - Warrior passive and unknown skills never produce a magic cast
# ok - paralysis waits without spending an attack attempt and attacks after it clears
# ok - unavailable or out-of-range FireBall falls back to ordinary attack
# ok - Wizard ordinary combat refreshes owner-only movement before trusting ready magic
# ok - Taoist ordinary combat refreshes owner-only movement before trusting ready magic
# ok - ordinary combat rereads a moved target after the movement readiness probe
# ok - ordinary combat drops a target absent from the fresh movement readiness frame
# ok - ordinary combat excludes a foreign UserLocation from owner readiness
# ok - ordinary combat uses a ready frame newer than movement without another probe
# 54/54 protocol loadout tests passed
# Subtest: apps\\web\\scripts\\quest-agent\\test-protocol-loadout.mjs
ok 4 - apps\\web\\scripts\\quest-agent\\test-protocol-loadout.mjs
  ---
  duration_ms: 99.4037
  type: 'test'
  ...
# Subtest: real V2 factory keeps class training separate from the other class requirements
ok 226 - real V2 factory keeps class training separate from the other class requirements
  ---
  duration_ms: 187.1229
  type: 'test'
  ...
# Subtest: N16 keeps the mine skill check while reserving Zombie3 exposure for N14
ok 227 - N16 keeps the mine skill check while reserving Zombie3 exposure for N14
  ---
  duration_ms: 128.738
  type: 'test'
  ...
# Subtest: V2 training footholds are data-defined, bounded, and separate from imported D022 groups
ok 228 - V2 training footholds are data-defined, bounded, and separate from imported D022 groups
  ---
  duration_ms: 25.3996
  type: 'test'
  ...
# Subtest: N21 class practice selects the authored training actor over a closer imported fighter
ok 229 - N21 class practice selects the authored training actor over a closer imported fighter
  ---
  duration_ms: 26.4154
  type: 'test'
  ...
# Subtest: N19 practice can acquire each real multi-actor Dung slot from the captured training group
ok 230 - N19 practice can acquire each real multi-actor Dung slot from the captured training group
  ---
  duration_ms: 24.2816
  type: 'test'
  ...
# Subtest: all three D022 training footholds have a static walk path from the ordinary entry
ok 231 - all three D022 training footholds have a static walk path from the ordinary entry
  ---
  duration_ms: 29.4545
  type: 'test'
  ...
# Subtest: Wizard N12 practices GreatFireBall without an extra FireBall cast
ok 232 - Wizard N12 practices GreatFireBall without an extra FireBall cast
  ---
  duration_ms: 25.0349
  type: 'test'
  ...
# Subtest: V2 route factory produces all 22 main and 4 growth nodes from manifests
ok 233 - V2 route factory produces all 22 main and 4 growth nodes from manifests
  ---
  duration_ms: 0.7483
  type: 'test'
  ...
# Subtest: V2 kill routes expose the manifest source contract consumed by ordinary multi-objective combat
ok 234 - V2 kill routes expose the manifest source contract consumed by ordinary multi-objective combat
  ---
  duration_ms: 0.5571
  type: 'test'
  ...
# Subtest: missing manifest respawns fail closed instead of inventing a monster location
ok 235 - missing manifest respawns fail closed instead of inventing a monster location
  ---
  duration_ms: 0.5108
  type: 'test'
  ...
# Subtest: disabled zero-count respawns are not promoted into an objective source
ok 236 - disabled zero-count respawns are not promoted into an objective source
  ---
  duration_ms: 0.4216
  type: 'test'
  ...
# Subtest: Board keeps runtime object ID 24 even though Crystal stores it as npc index 35
ok 237 - Board keeps runtime object ID 24 even though Crystal stores it as npc index 35
  ---
  duration_ms: 0.1651
  type: 'test'
  ...
# Subtest: reward verification selects only the current class and resolves real item indexes
ok 238 - reward verification selects only the current class and resolves real item indexes
  ---
  duration_ms: 0.1295
  type: 'test'
  ...
# Subtest: V2 Basic Potion condition uses the nearby live Samuel shop without adding MP or Amulets
ok 239 - V2 Basic Potion condition uses the nearby live Samuel shop without adding MP or Amulets
  ---
  duration_ms: 1.1422
  type: 'test'
  ...
# Subtest: V2 Wizard combat refreshes a stale cooldown snapshot and then casts normally
ok 240 - V2 Wizard combat refreshes a stale cooldown snapshot and then casts normally
  ---
  duration_ms: 1332.4391
  type: 'test'
  ...
# Subtest: V2 ranged mine objectives require a fresh public Zombie2 reveal before magic
ok 241 - V2 ranged mine objectives require a fresh public Zombie2 reveal before magic
  ---
  duration_ms: 2.9558
  type: 'test'
  ...
# Subtest: V2 objective combat explicitly opts into the bounded timed-search respawn observation
ok 242 - V2 objective combat explicitly opts into the bounded timed-search respawn observation
  ---
  duration_ms: 1.1413
  type: 'test'
  ...
# Subtest: server flag projection cannot be replaced by a local completion boolean
ok 243 - server flag projection cannot be replaced by a local completion boolean
  ---
  duration_ms: 0.3893
  type: 'test'
  ...
# Subtest: growth claims require a server Available quest and never infer readiness from level
ok 244 - growth claims require a server Available quest and never infer readiness from level
  ---
  duration_ms: 0.2017
  type: 'test'
  ...
# Subtest: final V2 completion requires every one of 26 server Completed rows and authoritative level 30
ok 245 - final V2 completion requires every one of 26 server Completed rows and authoritative level 30
  ---
  duration_ms: 0.301
  type: 'test'
  ...
# Subtest: completed-node checkpoint retains the ordinary start and server receipt in the local QA report
ok 246 - completed-node checkpoint retains the ordinary start and server receipt in the local QA report
  ---
  duration_ms: 0.2844
  type: 'test'
  ...
# Subtest: functional recheck bounds public work by its separate deadline while retaining ordinary timing fields
ok 247 - functional recheck bounds public work by its separate deadline while retaining ordinary timing fields
  ---
  duration_ms: 46.6155
  type: 'test'
  ...
# Subtest: a critical unsupplied cave resume checks safety before any V2 practice cast
ok 248 - a critical unsupplied cave resume checks safety before any V2 practice cast
  ---
  duration_ms: 21.9397
  type: 'test'
  ...
# Subtest: authoritative V2 death is revived once, checkpointed, and leaves the unfinished server quest unchanged
ok 249 - authoritative V2 death is revived once, checkpointed, and leaves the unfinished server quest unchanged
  ---
  duration_ms: 0.316
  type: 'test'
  ...
# Subtest: a living V2 client never sends a revive request or consumes a recovery slot
ok 250 - a living V2 client never sends a revive request or consumes a recovery slot
  ---
  duration_ms: 0.0911
  type: 'test'
  ...
# Subtest: V2 recovery fails closed after three confirmed deaths in one ordinary process
ok 251 - V2 recovery fails closed after three confirmed deaths in one ordinary process
  ---
  duration_ms: 0.2348
  type: 'test'
  ...
# Subtest: a resumed V2 recovery ledger preserves its confirmed receipt and leaves only two recovery slots
ok 252 - a resumed V2 recovery ledger preserves its confirmed receipt and leaves only two recovery slots
  ---
  duration_ms: 45.7452
  type: 'test'
  ...
# Subtest: practice search ranks a near spawn field ahead of a remote manifest first entry and stops for an AOI target
ok 253 - practice search ranks a near spawn field ahead of a remote manifest first entry and stops for an AOI target
  ---
  duration_ms: 1.1003
  type: 'test'
  ...
# Subtest: practice reserves the shared attempt budget for the distant first Oma field edge
ok 254 - practice reserves the shared attempt budget for the distant first Oma field edge
  ---
  duration_ms: 0.8186
  type: 'test'
  ...
# Subtest: practice debits actual exhausted attempts and successful steps across bounded waypoints
ok 255 - practice debits actual exhausted attempts and successful steps across bounded waypoints
  ---
  duration_ms: 0.5109
  type: 'test'
  ...
# Subtest: practice keeps a target revealed by the final accepted move at its attempt cap
ok 256 - practice keeps a target revealed by the final accepted move at its attempt cap
  ---
  duration_ms: 0.3627
  type: 'test'
  ...
# Subtest: practice skips an unreachable spread waypoint and completes only after a fresh live target and server flag
ok 257 - practice skips an unreachable spread waypoint and completes only after a fresh live target and server flag
  ---
  duration_ms: 1.182
  type: 'test'
  ...
# Subtest: practice still fails after every bounded waypoint is unreachable and does not swallow other errors
ok 258 - practice still fails after every bounded waypoint is unreachable and does not swallow other errors
  ---
  duration_ms: 0.4264
  type: 'test'
  ...
# Subtest: practice consumes trusted no-path movement before trying the next bounded waypoint
ok 259 - practice consumes trusted no-path movement before trying the next bounded waypoint
  ---
  duration_ms: 0.2111
  type: 'test'
  ...
# Subtest: directional practice aligns exact Thrusting and Lightning rays instead of accepting off-axis Chebyshev range
ok 260 - directional practice aligns exact Thrusting and Lightning rays instead of accepting off-axis Chebyshev range
  ---
  duration_ms: 0.41
  type: 'test'
  ...
# Subtest: directional practice moves to a line before packets and refreshes a different live target for the next q21 action
ok 261 - directional practice moves to a line before packets and refreshes a different live target for the next q21 action
  ---
  duration_ms: 1.0688
  type: 'test'
  ...
# Subtest: Warrior technique practice retries an accepted accuracy miss inside the same receipt window
ok 262 - Warrior technique practice retries an accepted accuracy miss inside the same receipt window
  ---
  duration_ms: 0.6939
  type: 'test'
  ...
# Subtest: Wizard practice waits for a fresh shared cooldown receipt before GreatFireBall
ok 263 - Wizard practice waits for a fresh shared cooldown receipt before GreatFireBall
  ---
  duration_ms: 410.4271
  type: 'test'
  ...
# Subtest: Taoist normal practice waits for acknowledged movement ActionTime, not passive SpiritSword readiness
ok 264 - Taoist normal practice waits for acknowledged movement ActionTime, not passive SpiritSword readiness
  ---
  duration_ms: 215.4929
  type: 'test'
  ...
# Subtest: normal practice retries an owner-accepted accuracy miss but never counts an observer attack
ok 265 - normal practice retries an owner-accepted accuracy miss but never counts an observer attack
  ---
  duration_ms: 663.8806
  type: 'test'
  ...
# Subtest: N16 and N21 FireWall practice use the public ground-cast packet and require the target-zero cast receipt
ok 266 - N16 and N21 FireWall practice use the public ground-cast packet and require the target-zero cast receipt
  ---
  duration_ms: 0.3882
  type: 'test'
  ...
# Subtest: FireWall reveals a buried Zombie2 through public visibility before casting
ok 267 - FireWall reveals a buried Zombie2 through public visibility before casting
  ---
  duration_ms: 0.2017
  type: 'test'
  ...
# Subtest: FireWall does not cast at a still-buried snapshot monster
ok 268 - FireWall does not cast at a still-buried snapshot monster
  ---
  duration_ms: 0.2161
  type: 'test'
  ...
# Subtest: FireWall rejects a monster-target or non-cast acknowledgement even when the live target is struck
ok 269 - FireWall rejects a monster-target or non-cast acknowledgement even when the live target is struck
  ---
  duration_ms: 0.4429
  type: 'test'
  ...
# Subtest: practice plans execute every q21 class action rather than one priority spell
ok 270 - practice plans execute every q21 class action rather than one priority spell
  ---
  duration_ms: 0.2373
  type: 'test'
  ...
# Subtest: Wizard reposition accepts an authoritative in-place UserLocation update
ok 271 - Wizard reposition accepts an authoritative in-place UserLocation update
  ---
  duration_ms: 0.1994
  type: 'test'
  ...
# Subtest: Wizard reposition rejects a local coordinate change without UserLocation
ok 272 - Wizard reposition rejects a local coordinate change without UserLocation
  ---
  duration_ms: 0.1358
  type: 'test'
  ...
# Subtest: Wizard reposition uses an open adjacent cell when the first endpoint is a wall
ok 273 - Wizard reposition uses an open adjacent cell when the first endpoint is a wall
  ---
  duration_ms: 0.2119
  type: 'test'
  ...
# Subtest: N18 loadout-only SummonSkeleton requirement learns the skill without entering owned-pet combat
ok 274 - N18 loadout-only SummonSkeleton requirement learns the skill without entering owned-pet combat
  ---
  duration_ms: 0.0776
  type: 'test'
  ...
# Subtest: mixed map-entry flag waits for a fresh map-and-position receipt, not its unprepared AND group
ok 275 - mixed map-entry flag waits for a fresh map-and-position receipt, not its unprepared AND group
  ---
  duration_ms: 0.1058
  type: 'test'
  ...
# Subtest: Healing executes against self at full HP only after a server objective receipt
ok 276 - Healing executes against self at full HP only after a server objective receipt
  ---
  duration_ms: 0.1374
  type: 'test'
  ...
# Subtest: Fencing and SpiritSword practice use normal attacks, never magic packets
ok 277 - Fencing and SpiritSword practice use normal attacks, never magic packets
  ---
  duration_ms: 0.2236
  type: 'test'
  ...
# Subtest: HalfMoon arms through its public toggle before attacking, and Lightning self-routes toward its current target
ok 278 - HalfMoon arms through its public toggle before attacking, and Lightning self-routes toward its current target
  ---
  duration_ms: 0.2784
  type: 'test'
  ...
# Subtest: N21 separates accepted HalfMoon and Thrusting swings by the shared Zone action clock
ok 279 - N21 separates accepted HalfMoon and Thrusting swings by the shared Zone action clock
  ---
  duration_ms: 658.851
  type: 'test'
  ...
# Subtest: Thrusting fails closed for wrong owner toggle receipt
ok 280 - Thrusting fails closed for wrong owner toggle receipt
  ---
  duration_ms: 0.6228
  type: 'test'
  ...
# Subtest: Thrusting fails closed for wrong spell toggle receipt
ok 281 - Thrusting fails closed for wrong spell toggle receipt
  ---
  duration_ms: 0.367
  type: 'test'
  ...
# Subtest: Thrusting fails closed for disabled receipt toggle receipt
ok 282 - Thrusting fails closed for disabled receipt toggle receipt
  ---
  duration_ms: 0.2525
  type: 'test'
  ...
# Subtest: Thrusting fails closed for old pre-send receipt toggle receipt
ok 283 - Thrusting fails closed for old pre-send receipt toggle receipt
  ---
  duration_ms: 0.2222
  type: 'test'
  ...
# Subtest: HalfMoon fails closed until the server confirms its public toggle
ok 284 - HalfMoon fails closed until the server confirms its public toggle
  ---
  duration_ms: 0.3334
  type: 'test'
  ...
# Subtest: Poisoning equips bag poison before its public magic packet and waits for server progress
ok 285 - Poisoning equips bag poison before its public magic packet and waits for server progress
  ---
  duration_ms: 1.1087
  type: 'test'
  ...
# Subtest: Poisoning moves an existing belt poison stack through public packets before practice
ok 286 - Poisoning moves an existing belt poison stack through public packets before practice
  ---
  duration_ms: 0.6518
  type: 'test'
  ...
# Subtest: Poisoning waits for a buried Zombie2 to reveal at three tiles before casting
ok 287 - Poisoning waits for a buried Zombie2 to reveal at three tiles before casting
  ---
  duration_ms: 0.4319
  type: 'test'
  ...
# Subtest: Poisoning does not cast at a buried target without a public reveal receipt
ok 288 - Poisoning does not cast at a buried target without a public reveal receipt
  ---
  duration_ms: 0.4245
  type: 'test'
  ...
# Subtest: SummonSkeleton pauses before casting when no real Amulet can be equipped
ok 289 - SummonSkeleton pauses before casting when no real Amulet can be equipped
  ---
  duration_ms: 0.4886
  type: 'test'
  ...
# Subtest: real owner-only UserLocation makes V2 practice refresh shared readiness before a summon, target spell, or self-heal
ok 290 - real owner-only UserLocation makes V2 practice refresh shared readiness before a summon, target spell, or self-heal
  ---
  duration_ms: 627.9661
  type: 'test'
  ...
# Subtest: SummonSkeleton uses the public target-zero summon route after equipping real Amulet
ok 291 - SummonSkeleton uses the public target-zero summon route after equipping real Amulet
  ---
  duration_ms: 0.4095
  type: 'test'
  ...
# Subtest: SummonSkeleton proves a same-owner BoneFamiliar after its public spawn packet
ok 292 - SummonSkeleton proves a same-owner BoneFamiliar after its public spawn packet
  ---
  duration_ms: 0.5412
  type: 'test'
  ...
# Subtest: three independently receipted practice actions do not wait for an AND-group before its final action
ok 293 - three independently receipted practice actions do not wait for an AND-group before its final action
  ---
  duration_ms: 0.1223
  type: 'test'
  ...
# Subtest: safe-arrival uses a Bichon city safe-area coordinate and potion aliases count by item template
ok 294 - safe-arrival uses a Bichon city safe-area coordinate and potion aliases count by item template
  ---
  duration_ms: 0.0592
  type: 'test'
  ...
# Subtest: 52 receipted, normally logged-out caster nodes remain separate from the expired ordinary clock
ok 295 - 52 receipted, normally logged-out caster nodes remain separate from the expired ordinary clock
  ---
  duration_ms: 42.9419
  type: 'test'
  ...
# Subtest: crossed stores and repeated store paths cannot certify another caster
ok 296 - crossed stores and repeated store paths cannot certify another caster
  ---
  duration_ms: 22.4834
  type: 'test'
  ...
# Subtest: a runner snapshot cannot substitute for an empty raw trace final frame
ok 297 - a runner snapshot cannot substitute for an empty raw trace final frame
  ---
  duration_ms: 27.1954
  type: 'test'
  ...
# Subtest: normal logout needs its received success ACK even when the store and final frame match
ok 298 - normal logout needs its received success ACK even when the store and final frame match
  ---
  duration_ms: 17.8642
  type: 'test'
  ...
# Subtest: missing nodes and bootstrap completion lists cannot manufacture a Finish receipt
ok 299 - missing nodes and bootstrap completion lists cannot manufacture a Finish receipt
  ---
  duration_ms: 16.7666
  type: 'test'
  ...
# Subtest: forged ordinary or functional deadlines invalidate certification without changing original time
ok 300 - forged ordinary or functional deadlines invalidate certification without changing original time
  ---
  duration_ms: 16.1171
  type: 'test'
  ...
# Subtest: foreign class, duplicate store ownership, and mismatched XP cannot pass saved identity
ok 301 - foreign class, duplicate store ownership, and mismatched XP cannot pass saved identity
  ---
  duration_ms: 13.6877
  type: 'test'
  ...
# Subtest: run ID mismatch and admin commands cannot be relabelled as ordinary caster play
ok 302 - run ID mismatch and admin commands cannot be relabelled as ordinary caster play
  ---
  duration_ms: 14.0663
  type: 'test'
  ...
# Subtest: a resume cannot silently reset its original confirmed recovery ledger
ok 303 - a resume cannot silently reset its original confirmed recovery ledger
  ---
  duration_ms: 16.5253
  type: 'test'
  ...
1..303
# tests 303
# suites 0
# pass 303
# fail 0
# cancelled 0
# skipped 0
# todo 0
# duration_ms 4669.2288
