TAP version 13
# Subtest: bootstrap rejection cannot replace a resumed V2 death and time ledger
ok 1 - bootstrap rejection cannot replace a resumed V2 death and time ledger
  ---
  duration_ms: 8.2804
  type: 'test'
  ...
# Subtest: fresh V2 run persists its clock before a login failure
ok 2 - fresh V2 run persists its clock before a login failure
  ---
  duration_ms: 4.418
  type: 'test'
  ...
# Subtest: loads one complete Tao-style death and town-revive receipt without extending its original clock
ok 3 - loads one complete Tao-style death and town-revive receipt without extending its original clock
  ---
  duration_ms: 2.3962
  type: 'test'
  ...
# Subtest: rejects an existing V2 missing ledger rather than resetting recovery credit
ok 4 - rejects an existing V2 missing ledger rather than resetting recovery credit
  ---
  duration_ms: 0.3294
  type: 'test'
  ...
# Subtest: rejects an existing V2 null ledger rather than resetting recovery credit
ok 5 - rejects an existing V2 null ledger rather than resetting recovery credit
  ---
  duration_ms: 0.1309
  type: 'test'
  ...
# Subtest: rejects an existing V2 string ledger rather than resetting recovery credit
ok 6 - rejects an existing V2 string ledger rather than resetting recovery credit
  ---
  duration_ms: 0.1191
  type: 'test'
  ...
# Subtest: rejects an existing V2 incomplete death checkpoint ledger rather than resetting recovery credit
ok 7 - rejects an existing V2 incomplete death checkpoint ledger rather than resetting recovery credit
  ---
  duration_ms: 0.1327
  type: 'test'
  ...
# Subtest: rejects an existing V2 over the fixed cap ledger rather than resetting recovery credit
ok 8 - rejects an existing V2 over the fixed cap ledger rather than resetting recovery credit
  ---
  duration_ms: 0.1149
  type: 'test'
  ...
# Subtest: rejects a non-object JSON report (null) rather than treating it as a first run
ok 9 - rejects a non-object JSON report (null) rather than treating it as a first run
  ---
  duration_ms: 0.318
  type: 'test'
  ...
# Subtest: rejects a non-object JSON report (report) rather than treating it as a first run
ok 10 - rejects a non-object JSON report (report) rather than treating it as a first run
  ---
  duration_ms: 0.2136
  type: 'test'
  ...
# Subtest: rejects a non-object JSON report () rather than treating it as a first run
ok 11 - rejects a non-object JSON report () rather than treating it as a first run
  ---
  duration_ms: 0.0838
  type: 'test'
  ...
# Subtest: rejects a non-object JSON report (42) rather than treating it as a first run
ok 12 - rejects a non-object JSON report (42) rather than treating it as a first run
  ---
  duration_ms: 0.0404
  type: 'test'
  ...
# Subtest: rejects a calendar-normalized ordinary start instead of accepting a different clock
ok 13 - rejects a calendar-normalized ordinary start instead of accepting a different clock
  ---
  duration_ms: 0.0865
  type: 'test'
  ...
# Subtest: a missing report is a first run with no carried recovery ledger
ok 14 - a missing report is a first run with no carried recovery ledger
  ---
  duration_ms: 4.4659
  type: 'test'
  ...
# Subtest: a malformed existing report rejects resume rather than silently resetting recovery credit
ok 15 - a malformed existing report rejects resume rather than silently resetting recovery credit
  ---
  duration_ms: 2.1775
  type: 'test'
  ...
# Subtest: an existing V1 report remains outside the V2 resume ledger
ok 16 - an existing V1 report remains outside the V2 resume ledger
  ---
  duration_ms: 1.1798
  type: 'test'
  ...
# Subtest: functional recheck uses an explicit shared start while preserving the expired ordinary clock and recovery cap
ok 17 - functional recheck uses an explicit shared start while preserving the expired ordinary clock and recovery cap
  ---
  duration_ms: 0.3854
  type: 'test'
  ...
# Subtest: functional recheck resume requires the same persisted shared start and valid persisted deadline
ok 18 - functional recheck resume requires the same persisted shared start and valid persisted deadline
  ---
  duration_ms: 1.7568
  type: 'test'
  ...
# Subtest: functional recheck clock is atomically persisted before a later resume can select a replacement
ok 19 - functional recheck clock is atomically persisted before a later resume can select a replacement
  ---
  duration_ms: 3.5495
  type: 'test'
  ...
# Subtest: functional recheck rejects fresh, active, malformed, and expired ordinary evidence
ok 20 - functional recheck rejects fresh, active, malformed, and expired ordinary evidence
  ---
  duration_ms: 0.3194
  type: 'test'
  ...
# Subtest: V2 caster floors and preferred potion tiers change only at configured boundaries
ok 21 - V2 caster floors and preferred potion tiers change only at configured boundaries
  ---
  duration_ms: 1.0063
  type: 'test'
  ...
# Subtest: Taoist practice flags require future casts even before the book has been learned
ok 22 - Taoist practice flags require future casts even before the book has been learned
  ---
  duration_ms: 0.922
  type: 'test'
  ...
# Subtest: V2 requirements stay scoped to the current class and use the canonical lowercase keys
ok 23 - V2 requirements stay scoped to the current class and use the canonical lowercase keys
  ---
  duration_ms: 0.1324
  type: 'test'
  ...
# Subtest: Wooma retains its 100/48 lawful Amulet minima
ok 24 - Wooma retains its 100/48 lawful Amulet minima
  ---
  duration_ms: 0.0861
  type: 'test'
  ...
# Subtest: carried stock merges belt and equipment, accepts all potion tiers, and excludes foreign balances
ok 25 - carried stock merges belt and equipment, accepts all potion tiers, and excludes foreign balances
  ---
  duration_ms: 0.2587
  type: 'test'
  ...
# Subtest: only lawful equipment slot names or explicit wire indices count material charges
ok 26 - only lawful equipment slot names or explicit wire indices count material charges
  ---
  duration_ms: 0.1243
  type: 'test'
  ...
# Subtest: shop previews cannot satisfy carried stock or hide a later legal instance with the same UID
ok 27 - shop previews cannot satisfy carried stock or hide a later legal instance with the same UID
  ---
  duration_ms: 0.1607
  type: 'test'
  ...
# Subtest: unusable, sealed, broken, zero, malformed and wrong-class stock cannot satisfy departure
ok 28 - unusable, sealed, broken, zero, malformed and wrong-class stock cannot satisfy departure
  ---
  duration_ms: 0.134
  type: 'test'
  ...
# Subtest: instance expiry and active seals are excluded while unexpired ordinary stacks remain usable
ok 29 - instance expiry and active seals are excluded while unexpired ordinary stacks remain usable
  ---
  duration_ms: 0.3029
  type: 'test'
  ...
# Subtest: a claimed restock success with zero MP stays blocked
ok 30 - a claimed restock success with zero MP stays blocked
  ---
  duration_ms: 0.6171
  type: 'test'
  ...
# Subtest: full health and HP medicine cannot bypass missing Taoist poison
ok 31 - full health and HP medicine cannot bypass missing Taoist poison
  ---
  duration_ms: 0.2884
  type: 'test'
  ...
# Subtest: fresh recovery consumption is rechecked even after successful purchases
ok 32 - fresh recovery consumption is rechecked even after successful purchases
  ---
  duration_ms: 0.2609
  type: 'test'
  ...
# Subtest: ordinary return route is used without a scroll; no route cannot become ready
ok 33 - ordinary return route is used without a scroll; no route cannot become ready
  ---
  duration_ms: 0.1703
  type: 'test'
  ...
# Subtest: a forbidden TownTeleport falls back to one legal walk route and a blocked walk stops once
ok 34 - a forbidden TownTeleport falls back to one legal walk route and a blocked walk stops once
  ---
  duration_ms: 0.2505
  type: 'test'
  ...
# Subtest: the original V2 deadline survives a failed supply return
ok 35 - the original V2 deadline survives a failed supply return
  ---
  duration_ms: 0.3173
  type: 'test'
  ...
# Subtest: explicit objective map preference resolves equal-length dungeon routes
ok 36 - explicit objective map preference resolves equal-length dungeon routes
  ---
  duration_ms: 1.8134
  type: 'test'
  ...
# Subtest: armed q89 fallback accepts a profile-pruned route only with the exact live doorway
ok 37 - armed q89 fallback accepts a profile-pruned route only with the exact live doorway
  ---
  duration_ms: 0.4944
  type: 'test'
  ...
# Subtest: retreat route bias preserves cave-exit progress without accepting an adjacent hostile
ok 38 - retreat route bias preserves cave-exit progress without accepting an adjacent hostile
  ---
  duration_ms: 0.1838
  type: 'test'
  ...
# Subtest: runner q89 protected-Shaman approach promotion retains the ordinary usable-range gate
ok 39 - runner q89 protected-Shaman approach promotion retains the ordinary usable-range gate
  ---
  duration_ms: 14.4994
  type: 'test'
  ...
# Subtest: q89 Wizard transit plans around a live named Shaman halo before the fresh movement guard
ok 40 - q89 Wizard transit plans around a live named Shaman halo before the fresh movement guard
  ---
  duration_ms: 8.1063
  type: 'test'
  ...
# Subtest: q113 caster transit gives the ordinary traveler a two-cell hostile buffer only for that profile
ok 41 - q113 caster transit gives the ordinary traveler a two-cell hostile buffer only for that profile
  ---
  duration_ms: 0.7388
  type: 'test'
  ...
# Subtest: direct ranged hit evidence identifies a q89 aggressor up to eight tiles away
ok 42 - direct ranged hit evidence identifies a q89 aggressor up to eight tiles away
  ---
  duration_ms: 0.2406
  type: 'test'
  ...
# Subtest: a q89 unavailable Shaman band defers and uses ordinary retreat recovery instead of ending the objective loop
ok 43 - a q89 unavailable Shaman band defers and uses ordinary retreat recovery instead of ending the objective loop
  ---
  duration_ms: 1.4459
  type: 'test'
  ...
# Subtest: q89 spawn-stall clearing reaches a certified Shaman band before its ordinary action
ok 44 - q89 spawn-stall clearing reaches a certified Shaman band before its ordinary action
  ---
  duration_ms: 22.39
  type: 'test'
  ...
# Subtest: q89 Wizard keeps the real D2031 fresh guard and rejects a transit with no collision-safe outer corridor
ok 45 - q89 Wizard keeps the real D2031 fresh guard and rejects a transit with no collision-safe outer corridor
  ---
  duration_ms: 49.479
  type: 'test'
  ...
# Subtest: q89 protected transit clears three receipt-proved Shamans after one guarded no-path plan each, then transfers normally
ok 46 - q89 protected transit clears three receipt-proved Shamans after one guarded no-path plan each, then transfers normally
  ---
  duration_ms: 2.5244
  type: 'test'
  ...
# Subtest: q89 protected transit fails closed when both the named and one guarded fallback plan have no path
ok 47 - q89 protected transit fails closed when both the named and one guarded fallback plan have no path
  ---
  duration_ms: 0.4757
  type: 'test'
  ...
# Subtest: q89 transit clearance aborts when a Shaman moves into its fresh cadence cells without recursive clearing
ok 48 - q89 transit clearance aborts when a Shaman moves into its fresh cadence cells without recursive clearing
  ---
  duration_ms: 0.991
  type: 'test'
  ...
# Subtest: q89 transit blocker cap performs one recovery then terminates a still-live next halo
ok 49 - q89 transit blocker cap performs one recovery then terminates a still-live next halo
  ---
  duration_ms: 0.8197
  type: 'test'
  ...
# Subtest: q89 deferred live transit blocker does not replan the same guarded step forever
ok 50 - q89 deferred live transit blocker does not replan the same guarded step forever
  ---
  duration_ms: 0.5818
  type: 'test'
  ...
# Subtest: q89 spawn-stall blocker defers when independent quest progress removes it without a death receipt
ok 51 - q89 spawn-stall blocker defers when independent quest progress removes it without a death receipt
  ---
  duration_ms: 0.6326
  type: 'test'
  ...
# Subtest: q2 kills a live Scarecrow and trusts authoritative GingerTea progress
ok 52 - q2 kills a live Scarecrow and trusts authoritative GingerTea progress
  ---
  duration_ms: 0.4774
  type: 'test'
  ...
# Subtest: q5 completes Deer and Scarecrow kill objectives without treating monster level as a gate
ok 53 - q5 completes Deer and Scarecrow kill objectives without treating monster level as a gate
  ---
  duration_ms: 0.5031
  type: 'test'
  ...
# Subtest: a multi-objective hunt clears a visible later target while the first target is respawning
ok 54 - a multi-objective hunt clears a visible later target while the first target is respawning
  ---
  duration_ms: 0.2929
  type: 'test'
  ...
# Subtest: a multi-objective spawn search stops for another safe required monster entering AOI
ok 55 - a multi-objective spawn search stops for another safe required monster entering AOI
  ---
  duration_ms: 0.655
  type: 'test'
  ...
# Subtest: a multi-map quest clears an incomplete same-map objective before crossing to the first listed source
ok 56 - a multi-map quest clears an incomplete same-map objective before crossing to the first listed source
  ---
  duration_ms: 0.316
  type: 'test'
  ...
# Subtest: a live objective omitted from the spawn manifest is fought on the current map
ok 57 - a live objective omitted from the spawn manifest is fought on the current map
  ---
  duration_ms: 0.3156
  type: 'test'
  ...
# Subtest: an allowed wounded objective is resumed before a closer full-health peer
ok 58 - an allowed wounded objective is resumed before a closer full-health peer
  ---
  duration_ms: 0.2885
  type: 'test'
  ...
# Subtest: a mine quest skips a wounded Zombie2 trapped in a hostile pack
ok 59 - a mine quest skips a wounded Zombie2 trapped in a hostile pack
  ---
  duration_ms: 0.2644
  type: 'test'
  ...
# Subtest: a healthy player keeps approaching a 25-percent objective when a pack appears
ok 60 - a healthy player keeps approaching a 25-percent objective when a pack appears
  ---
  duration_ms: 0.2742
  type: 'test'
  ...
# Subtest: an expedition can prefer its configured objective map over a denser same-map spawn
ok 61 - an expedition can prefer its configured objective map over a denser same-map spawn
  ---
  duration_ms: 0.3162
  type: 'test'
  ...
# Subtest: a returned mine quest checks real supplies before reentering the dungeon
ok 62 - a returned mine quest checks real supplies before reentering the dungeon
  ---
  duration_ms: 0.4089
  type: 'test'
  ...
# Subtest: q113 caster preference chooses shared D711 over shorter D612 and completes both objectives without D715
ok 63 - q113 caster preference chooses shared D711 over shorter D612 and completes both objectives without D715
  ---
  duration_ms: 0.8552
  type: 'test'
  ...
# Subtest: a post-travel supply checkpoint can leave and replan before objective combat
ok 64 - a post-travel supply checkpoint can leave and replan before objective combat
  ---
  duration_ms: 0.4641
  type: 'test'
  ...
# Subtest: multi-map travel evades a proven adjacent aggressor before retrying the ordinary route
ok 65 - multi-map travel evades a proven adjacent aggressor before retrying the ordinary route
  ---
  duration_ms: 0.7281
  type: 'test'
  ...
# Subtest: a repeated interruption on the same travel edge clears the proven aggressor
ok 66 - a repeated interruption on the same travel edge clears the proven aggressor
  ---
  duration_ms: 0.6356
  type: 'test'
  ...
# Subtest: multi-map travel clears a hostile doorway blocker and retries the same route
ok 67 - multi-map travel clears a hostile doorway blocker and retries the same route
  ---
  duration_ms: 0.4198
  type: 'test'
  ...
# Subtest: doorway blocker retreats when aggressor clearing discovers a dense pack
ok 68 - doorway blocker retreats when aggressor clearing discovers a dense pack
  ---
  duration_ms: 0.7804
  type: 'test'
  ...
# Subtest: stocked expedition travel clears a proven aggressor before retrying the route
ok 69 - stocked expedition travel clears a proven aggressor before retrying the route
  ---
  duration_ms: 0.8744
  type: 'test'
  ...
# Subtest: travel retries when the proven threat leaves before fallback combat
ok 70 - travel retries when the proven threat leaves before fallback combat
  ---
  duration_ms: 0.7674
  type: 'test'
  ...
# Subtest: healthy expedition keeps crossing after a glancing hit and interrupts once health is low
ok 71 - healthy expedition keeps crossing after a glancing hit and interrupts once health is low
  ---
  duration_ms: 0.4419
  type: 'test'
  ...
# Subtest: chooses an isolated quest target before a closer target inside a hostile pack
ok 72 - chooses an isolated quest target before a closer target inside a hostile pack
  ---
  duration_ms: 0.4288
  type: 'test'
  ...
# Subtest: defers a clustered target for its current life and selects another target
ok 73 - defers a clustered target for its current life and selects another target
  ---
  duration_ms: 0.6079
  type: 'test'
  ...
# Subtest: reconsiders the only deferred target after enough events prove its pack dispersed
ok 74 - reconsiders the only deferred target after enough events prove its pack dispersed
  ---
  duration_ms: 0.6038
  type: 'test'
  ...
# Subtest: disengages when a second hostile joins an attack already in progress
ok 75 - disengages when a second hostile joins an attack already in progress
  ---
  duration_ms: 0.474
  type: 'test'
  ...
# Subtest: clears only proven adjacent monster aggressors by lowest HP before the quest target
ok 76 - clears only proven adjacent monster aggressors by lowest HP before the quest target
  ---
  duration_ms: 0.5167
  type: 'test'
  ...
# Subtest: low health under two established aggressors retreats instead of standing to clear both
ok 77 - low health under two established aggressors retreats instead of standing to clear both
  ---
  duration_ms: 0.7261
  type: 'test'
  ...
# Subtest: a stocked mine expedition clears two aggressors above its lower retreat threshold
ok 78 - a stocked mine expedition clears two aggressors above its lower retreat threshold
  ---
  duration_ms: 0.3977
  type: 'test'
  ...
# Subtest: a mine expedition retreats from three active aggressors before waiting for low health
ok 79 - a mine expedition retreats from three active aggressors before waiting for low health
  ---
  duration_ms: 0.5353
  type: 'test'
  ...
# Subtest: a focused snake pull wakes its response wait on the first extra aggressor
ok 80 - a focused snake pull wakes its response wait on the first extra aggressor
  ---
  duration_ms: 0.6921
  type: 'test'
  ...
# Subtest: a newly revived adjacent aggressor pre-empts one established aggressor without target ping-pong
ok 81 - a newly revived adjacent aggressor pre-empts one established aggressor without target ping-pong
  ---
  duration_ms: 0.4244
  type: 'test'
  ...
# Subtest: an objective target cannot interrupt clearing the aggressor that joined its fight
ok 82 - an objective target cannot interrupt clearing the aggressor that joined its fight
  ---
  duration_ms: 0.3
  type: 'test'
  ...
# Subtest: interrupts target navigation to clear a newly proven adjacent aggressor, then resumes the exact target
ok 83 - interrupts target navigation to clear a newly proven adjacent aggressor, then resumes the exact target
  ---
  duration_ms: 0.3427
  type: 'test'
  ...
# Subtest: an unreachable proven aggressor is recorded, escaped, and does not abort the objective
ok 84 - an unreachable proven aggressor is recorded, escaped, and does not abort the objective
  ---
  duration_ms: 0.5295
  type: 'test'
  ...
# Subtest: a healthy focused ranged hunt finishes its quest target through one proven aggressor
ok 85 - a healthy focused ranged hunt finishes its quest target through one proven aggressor
  ---
  duration_ms: 0.2752
  type: 'test'
  ...
# Subtest: q89 clears one proven entrance aggressor before retaining the required target
ok 86 - q89 clears one proven entrance aggressor before retaining the required target
  ---
  duration_ms: 0.2769
  type: 'test'
  ...
# Subtest: q89 still retreats at 75 percent HP when two aggressors are proven
ok 87 - q89 still retreats at 75 percent HP when two aggressors are proven
  ---
  duration_ms: 0.489
  type: 'test'
  ...
# Subtest: q89 Wizard arms the exact live D2031 doorway after a stalled full Priest spread before respawn waiting
ok 88 - q89 Wizard arms the exact live D2031 doorway after a stalled full Priest spread before respawn waiting
  ---
  duration_ms: 0.6694
  type: 'test'
  ...
# Subtest: an authored objective actor allowlist excludes a closer full-strength world monster
ok 89 - an authored objective actor allowlist excludes a closer full-strength world monster
  ---
  duration_ms: 0.2236
  type: 'test'
  ...
# Subtest: q89 Taoist rejects an unsafe D2031 Priest then uses the exact live doorway for a normal D2032 completion
ok 90 - q89 Taoist rejects an unsafe D2031 Priest then uses the exact live doorway for a normal D2032 completion
  ---
  duration_ms: 0.6444
  type: 'test'
  ...
# Subtest: a q89 Priest full-spread pass with physical progress does not arm the D2032 fallback
ok 91 - a q89 Priest full-spread pass with physical progress does not arm the D2032 fallback
  ---
  duration_ms: 0.4917
  type: 'test'
  ...
# Subtest: a q89 Priest full-spread pass with unknown physical coordinates does not arm the D2032 fallback
ok 92 - a q89 Priest full-spread pass with unknown physical coordinates does not arm the D2032 fallback
  ---
  duration_ms: 0.6594
  type: 'test'
  ...
# Subtest: a catalogued D2032 Priest cannot arm a stalled q89 fallback without the exact live D2031 source and key
ok 93 - a catalogued D2032 Priest cannot arm a stalled q89 fallback without the exact live D2031 source and key
  ---
  duration_ms: 0.7735
  type: 'test'
  ...
# Subtest: the stalled Priest fallback stays unavailable for other q89 objectives
ok 94 - the stalled Priest fallback stays unavailable for other q89 objectives
  ---
  duration_ms: 0.7195
  type: 'test'
  ...
# Subtest: q89 Wizard returns normally to D2031 before using the live keyed doorway after a retreat
ok 95 - q89 Wizard returns normally to D2031 before using the live keyed doorway after a retreat
  ---
  duration_ms: 0.6391
  type: 'test'
  ...
# Subtest: q89 Wizard fails closed when normal fallback-source travel lands on the wrong map
ok 96 - q89 Wizard fails closed when normal fallback-source travel lands on the wrong map
  ---
  duration_ms: 0.3857
  type: 'test'
  ...
# Subtest: q89 Wizard fails closed after one live D2032 fallback pass makes no objective progress
ok 97 - q89 Wizard fails closed after one live D2032 fallback pass makes no objective progress
  ---
  duration_ms: 0.6064
  type: 'test'
  ...
# Subtest: a survivable Taoist lands the last bounded hit before retreating from a joining snake
ok 98 - a survivable Taoist lands the last bounded hit before retreating from a joining snake
  ---
  duration_ms: 0.3548
  type: 'test'
  ...
# Subtest: a proven current target forces retreat below forty percent health before combat resumes
ok 99 - a proven current target forces retreat below forty percent health before combat resumes
  ---
  duration_ms: 0.7438
  type: 'test'
  ...
# Subtest: interrupts an in-progress target fight when a new adjacent aggressor lands a hit
ok 100 - interrupts an in-progress target fight when a new adjacent aggressor lands a hit
  ---
  duration_ms: 0.4728
  type: 'test'
  ...
# Subtest: a supplied harvest hunt focuses its unique target and carves before clearing aggressors
ok 101 - a supplied harvest hunt focuses its unique target and carves before clearing aggressors
  ---
  duration_ms: 0.624
  type: 'test'
  ...
# Subtest: a focused Skeleton kill does not spend the attack budget on a proven BoneFighter aggressor
ok 102 - a focused Skeleton kill does not spend the attack budget on a proven BoneFighter aggressor
  ---
  duration_ms: 0.2484
  type: 'test'
  ...
# Subtest: focused Zombie3 objective prefers an injured target over a fresh same-species aggressor
ok 103 - focused Zombie3 objective prefers an injured target over a fresh same-species aggressor
  ---
  duration_ms: 0.2203
  type: 'test'
  ...
# Subtest: a focused harvest hunt retreats after two proven attackers converge, then retries the target
ok 104 - a focused harvest hunt retreats after two proven attackers converge, then retries the target
  ---
  duration_ms: 0.6208
  type: 'test'
  ...
# Subtest: trusts objective progress from a proven same-species aggressor without an extra target kill
ok 105 - trusts objective progress from a proven same-species aggressor without an extra target kill
  ---
  duration_ms: 0.2427
  type: 'test'
  ...
# Subtest: applies the same threat interrupt when sustain makes a second target approach necessary
ok 106 - applies the same threat interrupt when sustain makes a second target approach necessary
  ---
  duration_ms: 0.4133
  type: 'test'
  ...
# Subtest: does not guess that an adjacent hostile is an aggressor without attack-recipient evidence
ok 107 - does not guess that an adjacent hostile is an aggressor without attack-recipient evidence
  ---
  duration_ms: 0.1974
  type: 'test'
  ...
# Subtest: searches the nearest same-map spawn when no target is in AOI
ok 108 - searches the nearest same-map spawn when no target is in AOI
  ---
  duration_ms: 0.3984
  type: 'test'
  ...
# Subtest: waits for a visible unique target pack to disperse before bounded search failure
ok 109 - waits for a visible unique target pack to disperse before bounded search failure
  ---
  duration_ms: 0.6611
  type: 'test'
  ...
# Subtest: unsafe-target observation retreats on the first proven hit instead of waiting in place
ok 110 - unsafe-target observation retreats on the first proven hit instead of waiting in place
  ---
  duration_ms: 0.9336
  type: 'test'
  ...
# Subtest: interrupts spawn navigation for a proven aggressor, clears it within budget, and resumes search
ok 111 - interrupts spawn navigation for a proven aggressor, clears it within budget, and resumes search
  ---
  duration_ms: 0.4744
  type: 'test'
  ...
# Subtest: a focused Skeleton spawn search retreats from BoneFighter without spending its attack budget
ok 112 - a focused Skeleton spawn search retreats from BoneFighter without spending its attack budget
  ---
  duration_ms: 0.4923
  type: 'test'
  ...
# Subtest: a failed spawn route sustains the player and interrupts immediately for a proven aggressor
ok 113 - a failed spawn route sustains the player and interrupts immediately for a proven aggressor
  ---
  duration_ms: 0.5065
  type: 'test'
  ...
# Subtest: retreats from a clustered proven aggressor and resumes the spawn search
ok 114 - retreats from a clustered proven aggressor and resumes the spawn search
  ---
  duration_ms: 0.8675
  type: 'test'
  ...
# Subtest: accepts a material pack retreat that isolates one follower inside the global clearance
ok 115 - accepts a material pack retreat that isolates one follower inside the global clearance
  ---
  duration_ms: 1.1015
  type: 'test'
  ...
# Subtest: low-health pack retreat requires the full safety radius
ok 116 - low-health pack retreat requires the full safety radius
  ---
  duration_ms: 0.1355
  type: 'test'
  ...
# Subtest: severe packs use the open-cell emergency escape before conservative path retries
ok 117 - severe packs use the open-cell emergency escape before conservative path retries
  ---
  duration_ms: 0.7049
  type: 'test'
  ...
# Subtest: a partial cave escape replans when the proven pursuer has left
ok 118 - a partial cave escape replans when the proven pursuer has left
  ---
  duration_ms: 3.7289
  type: 'test'
  ...
# Subtest: a cave dead end replans after its only proven blocker is defeated
ok 119 - a cave dead end replans after its only proven blocker is defeated
  ---
  duration_ms: 0.9655
  type: 'test'
  ...
# Subtest: a fully occupied retreat cuts down one proven adjacent attacker to open an escape tile
ok 120 - a fully occupied retreat cuts down one proven adjacent attacker to open an escape tile
  ---
  duration_ms: 0.7385
  type: 'test'
  ...
# Subtest: a fully occupied retreat waits out paralysis before breakout combat
ok 121 - a fully occupied retreat waits out paralysis before breakout combat
  ---
  duration_ms: 0.8492
  type: 'test'
  ...
# Subtest: low-health no-step retreat uses the optional emergency escape before breaking out
ok 122 - low-health no-step retreat uses the optional emergency escape before breaking out
  ---
  duration_ms: 0.7634
  type: 'test'
  ...
# Subtest: low-health multi-aggressor pressure uses emergency escape before a temporary walk route
ok 123 - low-health multi-aggressor pressure uses emergency escape before a temporary walk route
  ---
  duration_ms: 0.5318
  type: 'test'
  ...
# Subtest: a failed low-health emergency escape falls back to bounded hostile breakout
ok 124 - a failed low-health emergency escape falls back to bounded hostile breakout
  ---
  duration_ms: 0.7412
  type: 'test'
  ...
# Subtest: q89 Taoist blocks a fresh critical travel-breakout cast after sustain creates two proven attackers
ok 125 - q89 Taoist blocks a fresh critical travel-breakout cast after sustain creates two proven attackers
  ---
  duration_ms: 0.3639
  type: 'test'
  ...
# Subtest: q89 Taoist critical overlap uses the held escape before any SoulFireBall
ok 126 - q89 Taoist critical overlap uses the held escape before any SoulFireBall
  ---
  duration_ms: 0.3243
  type: 'test'
  ...
# Subtest: q89 Taoist admits a live Priest with two nonadjacent neighbors and verifies its ordinary death receipt
ok 127 - q89 Taoist admits a live Priest with two nonadjacent neighbors and verifies its ordinary death receipt
  ---
  duration_ms: 0.371
  type: 'test'
  ...
# Subtest: q89 Taoist critical blocked pack ends its bounded retreat without breakout casts or recursive recovery
ok 128 - q89 Taoist critical blocked pack ends its bounded retreat without breakout casts or recursive recovery
  ---
  duration_ms: 0.4969
  type: 'test'
  ...
# Subtest: a multi-kill breakout continues through a second proven attacker before escaping
ok 129 - a multi-kill breakout continues through a second proven attacker before escaping
  ---
  duration_ms: 0.8972
  type: 'test'
  ...
# Subtest: an unreachable breakout attacker is skipped for the next proven blocker
ok 130 - an unreachable breakout attacker is skipped for the next proven blocker
  ---
  duration_ms: 0.9999
  type: 'test'
  ...
# Subtest: iterative pack retreat replans from each live position and sustains during escape
ok 131 - iterative pack retreat replans from each live position and sustains during escape
  ---
  duration_ms: 0.8203
  type: 'test'
  ...
# Subtest: a pursuing pack that preserves exposure is broken after bounded retreat progress
ok 132 - a pursuing pack that preserves exposure is broken after bounded retreat progress
  ---
  duration_ms: 1.2243
  type: 'test'
  ...
# Subtest: moving hostiles can extend retreat across bounded batches until exposure is safe
ok 133 - moving hostiles can extend retreat across bounded batches until exposure is safe
  ---
  duration_ms: 0.5905
  type: 'test'
  ...
# Subtest: search stays in the nearest local field instead of visiting every distant center first
ok 134 - search stays in the nearest local field instead of visiting every distant center first
  ---
  duration_ms: 0.3119
  type: 'test'
  ...
# Subtest: item search prefers an abundant source field over a nearby rare variant
ok 135 - item search prefers an abundant source field over a nearby rare variant
  ---
  duration_ms: 0.518
  type: 'test'
  ...
# Subtest: a remembered corpse is revisited once without treating it as live, then its candidate is deprioritized
ok 136 - a remembered corpse is revisited once without treating it as live, then its candidate is deprioritized
  ---
  duration_ms: 0.3297
  type: 'test'
  ...
# Subtest: offline monster observations are location hints and require a fresh live AOI target
ok 137 - offline monster observations are location hints and require a fresh live AOI target
  ---
  duration_ms: 0.2717
  type: 'test'
  ...
# Subtest: a same-map world refresh preserves monster locations observed earlier in the visit
ok 138 - a same-map world refresh preserves monster locations observed earlier in the visit
  ---
  duration_ms: 0.2688
  type: 'test'
  ...
# Subtest: a blocked cave retreat uses a held escape before breakout combat above the usual HP threshold
ok 139 - a blocked cave retreat uses a held escape before breakout combat above the usual HP threshold
  ---
  duration_ms: 0.58
  type: 'test'
  ...
# Subtest: V2 full-spread search ignores a stale ordinary-monster history hint before the nearest field
ok 140 - V2 full-spread search ignores a stale ordinary-monster history hint before the nearest field
  ---
  duration_ms: 0.2999
  type: 'test'
  ...
# Subtest: V2 full-spread search ignores a dead current-snapshot monster waypoint
ok 141 - V2 full-spread search ignores a dead current-snapshot monster waypoint
  ---
  duration_ms: 0.2148
  type: 'test'
  ...
# Subtest: V2 keeps a live current-AOI objective ahead of its manifest field
ok 142 - V2 keeps a live current-AOI objective ahead of its manifest field
  ---
  duration_ms: 0.1716
  type: 'test'
  ...
# Subtest: default V1 search continues to prioritize same-map historical ordinary-monster hints
ok 143 - default V1 search continues to prioritize same-map historical ordinary-monster hints
  ---
  duration_ms: 0.2402
  type: 'test'
  ...
# Subtest: a remembered CannibalPlant location gets one close bounded reveal observation
ok 144 - a remembered CannibalPlant location gets one close bounded reveal observation
  ---
  duration_ms: 0.3621
  type: 'test'
  ...
# Subtest: nearest-neighbor traversal does not zigzag between distant full-spread regions
ok 145 - nearest-neighbor traversal does not zigzag between distant full-spread regions
  ---
  duration_ms: 0.4754
  type: 'test'
  ...
# Subtest: spawn search obeys one global waypoint budget
ok 146 - spawn search obeys one global waypoint budget
  ---
  duration_ms: 0.4185
  type: 'test'
  ...
# Subtest: full-spread exhaustion waits for a bounded respawn and resumes the active objective
ok 147 - full-spread exhaustion waits for a bounded respawn and resumes the active objective
  ---
  duration_ms: 0.4005
  type: 'test'
  ...
# Subtest: profiled respawn delay extends the default bounded wait window
ok 148 - profiled respawn delay extends the default bounded wait window
  ---
  duration_ms: 1.8532
  type: 'test'
  ...
# Subtest: a proven adjacent attack interrupts a respawn wait and is cleared before waiting again
ok 149 - a proven adjacent attack interrupts a respawn wait and is cleared before waiting again
  ---
  duration_ms: 0.4125
  type: 'test'
  ...
# Subtest: full-spread grid covers the observed CannibalPlant offset beyond the old 48-tile ring
ok 150 - full-spread grid covers the observed CannibalPlant offset beyond the old 48-tile ring
  ---
  duration_ms: 0.403
  type: 'test'
  ...
# Subtest: full-spread grid closes RakingCat holes while bare ObjectRevived creates no phantom target
ok 151 - full-spread grid closes RakingCat holes while bare ObjectRevived creates no phantom target
  ---
  duration_ms: 0.4814
  type: 'test'
  ...
# Subtest: known map bounds clip every full-spread waypoint
ok 152 - known map bounds clip every full-spread waypoint
  ---
  duration_ms: 0.9747
  type: 'test'
  ...
# Subtest: wall-clock search timeout reports partial coverage and emits bounded diagnostics
ok 153 - wall-clock search timeout reports partial coverage and emits bounded diagnostics
  ---
  duration_ms: 0.4405
  type: 'test'
  ...
# Subtest: harvest item source uses the corpse direction and waits for quest progress
ok 154 - harvest item source uses the corpse direction and waits for quest progress
  ---
  duration_ms: 0.3533
  type: 'test'
  ...
# Subtest: an already-consumed shared corpse is skipped without claiming progress
ok 155 - an already-consumed shared corpse is skipped without claiming progress
  ---
  duration_ms: 0.4799
  type: 'test'
  ...
# Subtest: three distinct unavailable corpses fail with an explicit bounded error
ok 156 - three distinct unavailable corpses fail with an explicit bounded error
  ---
  duration_ms: 0.5682
  type: 'test'
  ...
# Subtest: player death during unavailable-corpse probing still fails immediately
ok 157 - player death during unavailable-corpse probing still fails immediately
  ---
  duration_ms: 0.4032
  type: 'test'
  ...
# Subtest: fails closed when an objective has no source on the current map
ok 158 - fails closed when an objective has no source on the current map
  ---
  duration_ms: 0.1565
  type: 'test'
  ...
# Subtest: cross-map fallback skips an unreachable first source and travels only to a reachable map
ok 159 - cross-map fallback skips an unreachable first source and travels only to a reachable map
  ---
  duration_ms: 0.2438
  type: 'test'
  ...
# Subtest: cross-map objective prefers its quest NPC map over a closer dangerous source
ok 160 - cross-map objective prefers its quest NPC map over a closer dangerous source
  ---
  duration_ms: 0.2849
  type: 'test'
  ...
# Subtest: diary material objective prefers its quest group map over a shorter wasteland source
ok 161 - diary material objective prefers its quest group map over a shorter wasteland source
  ---
  duration_ms: 0.2647
  type: 'test'
  ...
# Subtest: cross-map fallback fails explicitly without travelling when all source maps are unreachable
ok 162 - cross-map fallback fails explicitly without travelling when all source maps are unreachable
  ---
  duration_ms: 0.2264
  type: 'test'
  ...
# Subtest: stops immediately when the player is dead
ok 163 - stops immediately when the player is dead
  ---
  duration_ms: 0.1473
  type: 'test'
  ...
# Subtest: bounds a target that never reports combat progress
ok 164 - bounds a target that never reports combat progress
  ---
  duration_ms: 1.3566
  type: 'test'
  ...
# Subtest: a non-responsive revived target is quarantined while another live target completes combat
ok 165 - a non-responsive revived target is quarantined while another live target completes combat
  ---
  duration_ms: 0.569
  type: 'test'
  ...
# Subtest: a fleeing Deer is re-approached instead of being quarantined as unresponsive
ok 166 - a fleeing Deer is re-approached instead of being quarantined as unresponsive
  ---
  duration_ms: 0.3913
  type: 'test'
  ...
# Subtest: a same-speed passive target is bounded after prolonged movement without a confirmed hit
ok 167 - a same-speed passive target is bounded after prolonged movement without a confirmed hit
  ---
  duration_ms: 0.3572
  type: 'test'
  ...
# Subtest: travel blocker combat clears a nearer live monster sealing the target approach
ok 168 - travel blocker combat clears a nearer live monster sealing the target approach
  ---
  duration_ms: 0.3404
  type: 'test'
  ...
# Subtest: continues ordinary attacks across HP acknowledgements until target death
ok 169 - continues ordinary attacks across HP acknowledgements until target death
  ---
  duration_ms: 0.316
  type: 'test'
  ...
# Subtest: dynamic approach uses Wizard spell range, closes without MP, and waits without an attack
ok 170 - dynamic approach uses Wizard spell range, closes without MP, and waits without an attack
  ---
  duration_ms: 0.526
  type: 'test'
  ...
# Subtest: combat approach retries with bounded clearance when the full buffer seals the path
ok 171 - combat approach retries with bounded clearance when the full buffer seals the path
  ---
  duration_ms: 0.2416
  type: 'test'
  ...
# Subtest: an unreachable live monster is quarantined while combat continues with another target
ok 172 - an unreachable live monster is quarantined while combat continues with another target
  ---
  duration_ms: 0.3827
  type: 'test'
  ...
# Subtest: a stationary target is retried after its temporary corridor blocker can move
ok 173 - a stationary target is retried after its temporary corridor blocker can move
  ---
  duration_ms: 0.6394
  type: 'test'
  ...
# Subtest: an opted-in objective clears one nearby monster occupying its only approach
ok 174 - an opted-in objective clears one nearby monster occupying its only approach
  ---
  duration_ms: 0.4838
  type: 'test'
  ...
# Subtest: spawn search retries the same cave waypoint with bounded hostile clearance
ok 175 - spawn search retries the same cave waypoint with bounded hostile clearance
  ---
  duration_ms: 0.586
  type: 'test'
  ...
# Subtest: cooldown waits preserve the attack budget and refresh from authoritative snapshots
ok 176 - cooldown waits preserve the attack budget and refresh from authoritative snapshots
  ---
  duration_ms: 0.325
  type: 'test'
  ...
# Subtest: positive hits reset consecutive cooldown time during a long spell pull
ok 177 - positive hits reset consecutive cooldown time during a long spell pull
  ---
  duration_ms: 0.4319
  type: 'test'
  ...
# Subtest: a server cooldown that never changes fails after a bounded total wait
ok 178 - a server cooldown that never changes fails after a bounded total wait
  ---
  duration_ms: 0.3643
  type: 'test'
  ...
# Subtest: a sustain callback cannot mask authoritative player death
ok 179 - a sustain callback cannot mask authoritative player death
  ---
  duration_ms: 0.2513
  type: 'test'
  ...
# Subtest: a target that leaves during approach is deferred and another live target completes the objective
ok 180 - a target that leaves during approach is deferred and another live target completes the objective
  ---
  duration_ms: 0.3738
  type: 'test'
  ...
# Subtest: target removal waits three seconds so a delayed authoritative player death wins the error classification
ok 181 - target removal waits three seconds so a delayed authoritative player death wins the error classification
  ---
  duration_ms: 0.3277
  type: 'test'
  ...
# Subtest: a living player defers an exact removed target but still fails without quest progress
ok 182 - a living player defers an exact removed target but still fails without quest progress
  ---
  duration_ms: 1.0131
  type: 'test'
  ...
# Subtest: authoritative quest progress accepts a target removed before its death packet settles
ok 183 - authoritative quest progress accepts a target removed before its death packet settles
  ---
  duration_ms: 0.2862
  type: 'test'
  ...
# Subtest: proven remote-player last blow is recorded and retries without claiming quest credit
ok 184 - proven remote-player last blow is recorded and retries without claiming quest credit
  ---
  duration_ms: 0.3439
  type: 'test'
  ...
# Subtest: unknown last-blow identity preserves the missing-award failure
ok 185 - unknown last-blow identity preserves the missing-award failure
  ---
  duration_ms: 0.3578
  type: 'test'
  ...
# Subtest: defensive self-healing does not consume the bounded monster attack budget
ok 186 - defensive self-healing does not consume the bounded monster attack budget
  ---
  duration_ms: 0.56
  type: 'test'
  ...
# Subtest: opt-in timed full-spread search takes one bounded respawn wait, refreshes, then completes normally
ok 187 - opt-in timed full-spread search takes one bounded respawn wait, refreshes, then completes normally
  ---
  duration_ms: 0.392
  type: 'test'
  ...
# Subtest: default timed full-spread search remains terminal and never enters the respawn retry
ok 188 - default timed full-spread search remains terminal and never enters the respawn retry
  ---
  duration_ms: 0.2299
  type: 'test'
  ...
# Subtest: opt-in timed-search recovery does not swallow an ordinary navigation error
ok 189 - opt-in timed-search recovery does not swallow an ordinary navigation error
  ---
  duration_ms: 0.2283
  type: 'test'
  ...
# Subtest: opt-in fresh corpse without an accepted owner attack rescans without awarding credit
ok 190 - opt-in fresh corpse without an accepted owner attack rescans without awarding credit
  ---
  duration_ms: 0.3618
  type: 'test'
  ...
# Subtest: accepted owner ObjectAttack keeps the missing-award failure despite a fresh corpse snapshot
ok 191 - accepted owner ObjectAttack keeps the missing-award failure despite a fresh corpse snapshot
  ---
  duration_ms: 0.3092
  type: 'test'
  ...
# Subtest: accepted owner ObjectStruck keeps the missing-award failure despite a fresh corpse snapshot
ok 192 - accepted owner ObjectStruck keeps the missing-award failure despite a fresh corpse snapshot
  ---
  duration_ms: 0.2187
  type: 'test'
  ...
# Subtest: accepted owner ObjectStruck keeps the missing-award failure despite a fresh corpse snapshot
ok 193 - accepted owner ObjectStruck keeps the missing-award failure despite a fresh corpse snapshot
  ---
  duration_ms: 0.242
  type: 'test'
  ...
# Subtest: accepted owner Magic keeps the missing-award failure despite a fresh corpse snapshot
ok 194 - accepted owner Magic keeps the missing-award failure despite a fresh corpse snapshot
  ---
  duration_ms: 0.1841
  type: 'test'
  ...
# Subtest: default controller retains strict missing-award behavior for an unclaimed snapshot corpse
ok 195 - default controller retains strict missing-award behavior for an unclaimed snapshot corpse
  ---
  duration_ms: 0.2862
  type: 'test'
  ...
# Subtest: unclaimed snapshot corpse retries consume the existing engagement budget
ok 196 - unclaimed snapshot corpse retries consume the existing engagement budget
  ---
  duration_ms: 0.3294
  type: 'test'
  ...
# Subtest: a bystander death is not accepted as the current target death
ok 197 - a bystander death is not accepted as the current target death
  ---
  duration_ms: 0.4115
  type: 'test'
  ...
# Subtest: picks up a visible non-harvest quest drop and requires objective confirmation
ok 198 - picks up a visible non-harvest quest drop and requires objective confirmation
  ---
  duration_ms: 0.3131
  type: 'test'
  ...
# Subtest: same-tile harvest preserves a valid authoritative facing
ok 199 - same-tile harvest preserves a valid authoritative facing
  ---
  duration_ms: 0.0425
  type: 'test'
  ...
# Subtest: q89 ordinary Priest approach maps a fresh named Shaman halo to bounded recovery
ok 200 - q89 ordinary Priest approach maps a fresh named Shaman halo to bounded recovery
  ---
  duration_ms: 1.5411
  type: 'test'
  ...
# ok - equips a strictly dominating eligible class upgrade
# ok - equips BronzeShortSword over SharpDagger by expected damage at zero Luck
# ok - Taoist without a learned offensive skill equips a held DC upgrade for melee
# ok - Taoist with a learned offensive skill keeps an SC-neutral weapon tradeoff
# ok - Wizard may improve held melee damage only while preserving MC
# ok - expected-damage weapon selection requires zero authoritative Luck and no other regression
# ok - keeps GoldenPendant because PrecisionPendant is an attack-versus-agility tradeoff
# ok - equips a left-labelled bracelet into the empty opposite wrist
# ok - does not replace either occupied wrist with an incomparable bracelet
# ok - does not replace gear for a tradeoff, wrong class, excess level, or missing metadata
# ok - honours a stat-based item requirement
# ok - reads real Gateway snake_case requirements and instance added_stats
# ok - learns only the class beginner book at its authoritative level
# ok - learns every held eligible approved progression book without inventing levels
# ok - approved later books still obey their authoritative required level
# ok - approved book sets cover the three newcomer class progressions
# ok - uses held HP and MP drugs only at conservative deficits
# ok - a fresh own ObjectMana refresh prevents a duplicate MP dose after the exact snapshot recovers
# ok - a fresh own ObjectMana still permits one MP dose when the refreshed exact MP remains low
# ok - MP reuse delay starts at the actual dose after a delayed exact snapshot probe
# ok - another player ObjectMana or a newer exact MP snapshot never probes before an ordinary MP dose
# ok - unknown or empty player object ids never classify ObjectMana as own
# ok - useSupplies accepts the real first-item uniqueId zero
# ok - useSupplies accepts a higher explicit HP recovery threshold
# ok - q89 opt-in prefers held HP Medium without rewriting inventory
# ok - emergency HP recovery sends immediately without awaiting an item acknowledgement
# ok - emergency HP recovery waits for the prior gradual potion dose before using another
# ok - opt-in restorative reuse cannot go below 2500ms
# ok - dead players emit no restorative item or Healing commands
# ok - a rejected restorative refreshes authoritative state without aborting the journey
# ok - Wizard casts exact known FireBall at a target in range
# ok - Wizard prefers ready GreatFireBall and falls back while it cools down
# ok - Wizard falls back to affordable FireBall when GreatFireBall lacks MP
# ok - combat approach keeps a ready Wizard FireBall at a safe ranged distance
# ok - Wizard holds spell range and waits without a command while FireBall cools down
# ok - combat approach closes to melee without enough authoritative MP
# ok - combat approach remains melee for other classes
# ok - Taoist Healing targets self when badly hurt
# ok - Taoist class recovery can heal during a non-combat interaction
# ok - opt-in Taoist recovery restores exact MP once, refreshes, then heals without an offense
# ok - MP restoration for class recovery remains opt-in and rejects unavailable Healing evidence
# ok - delayed MP restoration never claims Healing until a fresh exact snapshot can afford it
# ok - class recovery emits no action for Warrior or a Taoist without affordable Healing
# ok - Taoist uses SoulFireBall only with a real equipped standard Amulet
# ok - Taoist reloads a consumed equipped Amulet stack before the next SoulFireBall
# ok - Warrior passive and unknown skills never produce a magic cast
# ok - paralysis waits without spending an attack attempt and attacks after it clears
# ok - unavailable or out-of-range FireBall falls back to ordinary attack
# 48/48 protocol loadout tests passed
# Subtest: apps\\web\\scripts\\quest-agent\\test-protocol-loadout.mjs
ok 4 - apps\\web\\scripts\\quest-agent\\test-protocol-loadout.mjs
  ---
  duration_ms: 61.1264
  type: 'test'
  ...
# Subtest: V2 ordinary preparation and combat sustain remain potion-only
ok 202 - V2 ordinary preparation and combat sustain remain potion-only
  ---
  duration_ms: 1.0987
  type: 'test'
  ...
# Subtest: V2 retreat uses normal self-Healing only from observed clearance, with no offense or ACK block
ok 203 - V2 retreat uses normal self-Healing only from observed clearance, with no offense or ACK block
  ---
  duration_ms: 1.1177
  type: 'test'
  ...
# Subtest: V2 unsafe retreat does not stop for self-Healing or blocking medicine requests
ok 204 - V2 unsafe retreat does not stop for self-Healing or blocking medicine requests
  ---
  duration_ms: 0.3197
  type: 'test'
  ...
# Subtest: V2 post-retreat waits for fresh shared cooldown and verifies owner cast plus exact HP/MP
ok 205 - V2 post-retreat waits for fresh shared cooldown and verifies owner cast plus exact HP/MP
  ---
  duration_ms: 0.5834
  type: 'test'
  ...
# Subtest: V2 persistent shared cooldown exhausts the recovery window without a guessed cast
ok 206 - V2 persistent shared cooldown exhausts the recovery window without a guessed cast
  ---
  duration_ms: 2.0422
  type: 'test'
  ...
# Subtest: V2 foreign and rejected self-magic receipts cannot confirm Healing
ok 207 - V2 foreign and rejected self-magic receipts cannot confirm Healing
  ---
  duration_ms: 0.6182
  type: 'test'
  ...
# Subtest: V2 accepted cast alone cannot substitute for exact HP recovery and mana debit
ok 208 - V2 accepted cast alone cannot substitute for exact HP recovery and mana debit
  ---
  duration_ms: 3.8371
  type: 'test'
  ...
# Subtest: V2 post-retreat retains the two-cast bound without inventing full health
ok 209 - V2 post-retreat retains the two-cast bound without inventing full health
  ---
  duration_ms: 0.6408
  type: 'test'
  ...
# Subtest: V2 recovery never emits Healing for another class, absent MP, or blocking status
ok 210 - V2 recovery never emits Healing for another class, absent MP, or blocking status
  ---
  duration_ms: 1.0387
  type: 'test'
  ...
# Subtest: V2 a pursuer entering the live margin during refresh prevents a healing wait or cast
ok 211 - V2 a pursuer entering the live margin during refresh prevents a healing wait or cast
  ---
  duration_ms: 0.5706
  type: 'test'
  ...
# Subtest: V2 unknown cooldown and safe-zone labels cannot substitute for recovery evidence
ok 212 - V2 unknown cooldown and safe-zone labels cannot substitute for recovery evidence
  ---
  duration_ms: 0.2287
  type: 'test'
  ...
# Subtest: real V2 factory keeps class training separate from the other class requirements
ok 213 - real V2 factory keeps class training separate from the other class requirements
  ---
  duration_ms: 115.8955
  type: 'test'
  ...
# Subtest: N16 keeps the mine skill check while reserving Zombie3 exposure for N14
ok 214 - N16 keeps the mine skill check while reserving Zombie3 exposure for N14
  ---
  duration_ms: 103.0026
  type: 'test'
  ...
# Subtest: V2 training footholds are data-defined, bounded, and separate from imported D022 groups
ok 215 - V2 training footholds are data-defined, bounded, and separate from imported D022 groups
  ---
  duration_ms: 21.6299
  type: 'test'
  ...
# Subtest: N21 class practice selects the authored training actor over a closer imported fighter
ok 216 - N21 class practice selects the authored training actor over a closer imported fighter
  ---
  duration_ms: 21.0516
  type: 'test'
  ...
# Subtest: N19 practice can acquire each real multi-actor Dung slot from the captured training group
ok 217 - N19 practice can acquire each real multi-actor Dung slot from the captured training group
  ---
  duration_ms: 19.2227
  type: 'test'
  ...
# Subtest: all three D022 training footholds have a static walk path from the ordinary entry
ok 218 - all three D022 training footholds have a static walk path from the ordinary entry
  ---
  duration_ms: 23.4717
  type: 'test'
  ...
# Subtest: Wizard N12 practices GreatFireBall without an extra FireBall cast
ok 219 - Wizard N12 practices GreatFireBall without an extra FireBall cast
  ---
  duration_ms: 18.7114
  type: 'test'
  ...
# Subtest: V2 route factory produces all 22 main and 4 growth nodes from manifests
ok 220 - V2 route factory produces all 22 main and 4 growth nodes from manifests
  ---
  duration_ms: 0.4076
  type: 'test'
  ...
# Subtest: V2 kill routes expose the manifest source contract consumed by ordinary multi-objective combat
ok 221 - V2 kill routes expose the manifest source contract consumed by ordinary multi-objective combat
  ---
  duration_ms: 0.4385
  type: 'test'
  ...
# Subtest: missing manifest respawns fail closed instead of inventing a monster location
ok 222 - missing manifest respawns fail closed instead of inventing a monster location
  ---
  duration_ms: 0.4684
  type: 'test'
  ...
# Subtest: disabled zero-count respawns are not promoted into an objective source
ok 223 - disabled zero-count respawns are not promoted into an objective source
  ---
  duration_ms: 0.1505
  type: 'test'
  ...
# Subtest: Board keeps runtime object ID 24 even though Crystal stores it as npc index 35
ok 224 - Board keeps runtime object ID 24 even though Crystal stores it as npc index 35
  ---
  duration_ms: 0.1291
  type: 'test'
  ...
# Subtest: reward verification selects only the current class and resolves real item indexes
ok 225 - reward verification selects only the current class and resolves real item indexes
  ---
  duration_ms: 0.2075
  type: 'test'
  ...
# Subtest: V2 Basic Potion condition uses the nearby live Samuel shop without adding MP or Amulets
ok 226 - V2 Basic Potion condition uses the nearby live Samuel shop without adding MP or Amulets
  ---
  duration_ms: 1.1601
  type: 'test'
  ...
# Subtest: V2 Wizard combat refreshes a stale cooldown snapshot and then casts normally
ok 227 - V2 Wizard combat refreshes a stale cooldown snapshot and then casts normally
  ---
  duration_ms: 1326.71
  type: 'test'
  ...
# Subtest: V2 ranged mine objectives require a fresh public Zombie2 reveal before magic
ok 228 - V2 ranged mine objectives require a fresh public Zombie2 reveal before magic
  ---
  duration_ms: 2.2955
  type: 'test'
  ...
# Subtest: V2 objective combat explicitly opts into the bounded timed-search respawn observation
ok 229 - V2 objective combat explicitly opts into the bounded timed-search respawn observation
  ---
  duration_ms: 1.243
  type: 'test'
  ...
# Subtest: server flag projection cannot be replaced by a local completion boolean
ok 230 - server flag projection cannot be replaced by a local completion boolean
  ---
  duration_ms: 0.3323
  type: 'test'
  ...
# Subtest: growth claims require a server Available quest and never infer readiness from level
ok 231 - growth claims require a server Available quest and never infer readiness from level
  ---
  duration_ms: 0.1826
  type: 'test'
  ...
# Subtest: final V2 completion requires every one of 26 server Completed rows and authoritative level 30
ok 232 - final V2 completion requires every one of 26 server Completed rows and authoritative level 30
  ---
  duration_ms: 0.268
  type: 'test'
  ...
# Subtest: completed-node checkpoint retains the ordinary start and server receipt in the local QA report
ok 233 - completed-node checkpoint retains the ordinary start and server receipt in the local QA report
  ---
  duration_ms: 0.2586
  type: 'test'
  ...
# Subtest: functional recheck bounds public work by its separate deadline while retaining ordinary timing fields
ok 234 - functional recheck bounds public work by its separate deadline while retaining ordinary timing fields
  ---
  duration_ms: 41.6398
  type: 'test'
  ...
# Subtest: a critical unsupplied cave resume checks safety before any V2 practice cast
ok 235 - a critical unsupplied cave resume checks safety before any V2 practice cast
  ---
  duration_ms: 20.1296
  type: 'test'
  ...
# Subtest: authoritative V2 death is revived once, checkpointed, and leaves the unfinished server quest unchanged
ok 236 - authoritative V2 death is revived once, checkpointed, and leaves the unfinished server quest unchanged
  ---
  duration_ms: 0.3122
  type: 'test'
  ...
# Subtest: a living V2 client never sends a revive request or consumes a recovery slot
ok 237 - a living V2 client never sends a revive request or consumes a recovery slot
  ---
  duration_ms: 0.0954
  type: 'test'
  ...
# Subtest: V2 recovery fails closed after three confirmed deaths in one ordinary process
ok 238 - V2 recovery fails closed after three confirmed deaths in one ordinary process
  ---
  duration_ms: 0.2217
  type: 'test'
  ...
# Subtest: a resumed V2 recovery ledger preserves its confirmed receipt and leaves only two recovery slots
ok 239 - a resumed V2 recovery ledger preserves its confirmed receipt and leaves only two recovery slots
  ---
  duration_ms: 39.7674
  type: 'test'
  ...
# Subtest: practice search ranks a near spawn field ahead of a remote manifest first entry and stops for an AOI target
ok 240 - practice search ranks a near spawn field ahead of a remote manifest first entry and stops for an AOI target
  ---
  duration_ms: 0.9335
  type: 'test'
  ...
# Subtest: practice reserves the shared attempt budget for the distant first Oma field edge
ok 241 - practice reserves the shared attempt budget for the distant first Oma field edge
  ---
  duration_ms: 0.8497
  type: 'test'
  ...
# Subtest: practice debits actual exhausted attempts and successful steps across bounded waypoints
ok 242 - practice debits actual exhausted attempts and successful steps across bounded waypoints
  ---
  duration_ms: 0.856
  type: 'test'
  ...
# Subtest: practice keeps a target revealed by the final accepted move at its attempt cap
ok 243 - practice keeps a target revealed by the final accepted move at its attempt cap
  ---
  duration_ms: 0.2733
  type: 'test'
  ...
# Subtest: practice skips an unreachable spread waypoint and completes only after a fresh live target and server flag
ok 244 - practice skips an unreachable spread waypoint and completes only after a fresh live target and server flag
  ---
  duration_ms: 1.1608
  type: 'test'
  ...
# Subtest: practice still fails after every bounded waypoint is unreachable and does not swallow other errors
ok 245 - practice still fails after every bounded waypoint is unreachable and does not swallow other errors
  ---
  duration_ms: 0.3926
  type: 'test'
  ...
# Subtest: practice consumes trusted no-path movement before trying the next bounded waypoint
ok 246 - practice consumes trusted no-path movement before trying the next bounded waypoint
  ---
  duration_ms: 0.1978
  type: 'test'
  ...
# Subtest: directional practice aligns exact Thrusting and Lightning rays instead of accepting off-axis Chebyshev range
ok 247 - directional practice aligns exact Thrusting and Lightning rays instead of accepting off-axis Chebyshev range
  ---
  duration_ms: 0.3833
  type: 'test'
  ...
# Subtest: directional practice moves to a line before packets and refreshes a different live target for the next q21 action
ok 248 - directional practice moves to a line before packets and refreshes a different live target for the next q21 action
  ---
  duration_ms: 0.9929
  type: 'test'
  ...
# Subtest: Warrior technique practice retries an accepted accuracy miss inside the same receipt window
ok 249 - Warrior technique practice retries an accepted accuracy miss inside the same receipt window
  ---
  duration_ms: 0.6425
  type: 'test'
  ...
# Subtest: Wizard practice waits for a fresh shared cooldown receipt before GreatFireBall
ok 250 - Wizard practice waits for a fresh shared cooldown receipt before GreatFireBall
  ---
  duration_ms: 410.7479
  type: 'test'
  ...
# Subtest: Taoist normal practice waits for acknowledged movement ActionTime, not passive SpiritSword readiness
ok 251 - Taoist normal practice waits for acknowledged movement ActionTime, not passive SpiritSword readiness
  ---
  duration_ms: 202.3272
  type: 'test'
  ...
# Subtest: normal practice retries an owner-accepted accuracy miss but never counts an observer attack
ok 252 - normal practice retries an owner-accepted accuracy miss but never counts an observer attack
  ---
  duration_ms: 666.0161
  type: 'test'
  ...
# Subtest: N16 and N21 FireWall practice use the public ground-cast packet and require the target-zero cast receipt
ok 253 - N16 and N21 FireWall practice use the public ground-cast packet and require the target-zero cast receipt
  ---
  duration_ms: 0.3645
  type: 'test'
  ...
# Subtest: FireWall reveals a buried Zombie2 through public visibility before casting
ok 254 - FireWall reveals a buried Zombie2 through public visibility before casting
  ---
  duration_ms: 0.1972
  type: 'test'
  ...
# Subtest: FireWall does not cast at a still-buried snapshot monster
ok 255 - FireWall does not cast at a still-buried snapshot monster
  ---
  duration_ms: 0.2108
  type: 'test'
  ...
# Subtest: FireWall rejects a monster-target or non-cast acknowledgement even when the live target is struck
ok 256 - FireWall rejects a monster-target or non-cast acknowledgement even when the live target is struck
  ---
  duration_ms: 0.7452
  type: 'test'
  ...
# Subtest: practice plans execute every q21 class action rather than one priority spell
ok 257 - practice plans execute every q21 class action rather than one priority spell
  ---
  duration_ms: 0.5262
  type: 'test'
  ...
# Subtest: Wizard reposition accepts an authoritative in-place UserLocation update
ok 258 - Wizard reposition accepts an authoritative in-place UserLocation update
  ---
  duration_ms: 0.2275
  type: 'test'
  ...
# Subtest: Wizard reposition rejects a local coordinate change without UserLocation
ok 259 - Wizard reposition rejects a local coordinate change without UserLocation
  ---
  duration_ms: 0.2231
  type: 'test'
  ...
# Subtest: Wizard reposition uses an open adjacent cell when the first endpoint is a wall
ok 260 - Wizard reposition uses an open adjacent cell when the first endpoint is a wall
  ---
  duration_ms: 0.3758
  type: 'test'
  ...
# Subtest: N18 loadout-only SummonSkeleton requirement learns the skill without entering owned-pet combat
ok 261 - N18 loadout-only SummonSkeleton requirement learns the skill without entering owned-pet combat
  ---
  duration_ms: 0.152
  type: 'test'
  ...
# Subtest: mixed map-entry flag waits for a fresh map-and-position receipt, not its unprepared AND group
ok 262 - mixed map-entry flag waits for a fresh map-and-position receipt, not its unprepared AND group
  ---
  duration_ms: 0.1762
  type: 'test'
  ...
# Subtest: Healing executes against self at full HP only after a server objective receipt
ok 263 - Healing executes against self at full HP only after a server objective receipt
  ---
  duration_ms: 0.234
  type: 'test'
  ...
# Subtest: Fencing and SpiritSword practice use normal attacks, never magic packets
ok 264 - Fencing and SpiritSword practice use normal attacks, never magic packets
  ---
  duration_ms: 0.256
  type: 'test'
  ...
# Subtest: HalfMoon arms through its public toggle before attacking, and Lightning self-routes toward its current target
ok 265 - HalfMoon arms through its public toggle before attacking, and Lightning self-routes toward its current target
  ---
  duration_ms: 0.3864
  type: 'test'
  ...
# Subtest: N21 separates accepted HalfMoon and Thrusting swings by the shared Zone action clock
ok 266 - N21 separates accepted HalfMoon and Thrusting swings by the shared Zone action clock
  ---
  duration_ms: 657.9366
  type: 'test'
  ...
# Subtest: Thrusting fails closed for wrong owner toggle receipt
ok 267 - Thrusting fails closed for wrong owner toggle receipt
  ---
  duration_ms: 0.3626
  type: 'test'
  ...
# Subtest: Thrusting fails closed for wrong spell toggle receipt
ok 268 - Thrusting fails closed for wrong spell toggle receipt
  ---
  duration_ms: 0.213
  type: 'test'
  ...
# Subtest: Thrusting fails closed for disabled receipt toggle receipt
ok 269 - Thrusting fails closed for disabled receipt toggle receipt
  ---
  duration_ms: 0.1562
  type: 'test'
  ...
# Subtest: Thrusting fails closed for old pre-send receipt toggle receipt
ok 270 - Thrusting fails closed for old pre-send receipt toggle receipt
  ---
  duration_ms: 0.1184
  type: 'test'
  ...
# Subtest: HalfMoon fails closed until the server confirms its public toggle
ok 271 - HalfMoon fails closed until the server confirms its public toggle
  ---
  duration_ms: 0.1513
  type: 'test'
  ...
# Subtest: Poisoning equips bag poison before its public magic packet and waits for server progress
ok 272 - Poisoning equips bag poison before its public magic packet and waits for server progress
  ---
  duration_ms: 0.5581
  type: 'test'
  ...
# Subtest: Poisoning moves an existing belt poison stack through public packets before practice
ok 273 - Poisoning moves an existing belt poison stack through public packets before practice
  ---
  duration_ms: 0.3585
  type: 'test'
  ...
# Subtest: Poisoning waits for a buried Zombie2 to reveal at three tiles before casting
ok 274 - Poisoning waits for a buried Zombie2 to reveal at three tiles before casting
  ---
  duration_ms: 0.241
  type: 'test'
  ...
# Subtest: Poisoning does not cast at a buried target without a public reveal receipt
ok 275 - Poisoning does not cast at a buried target without a public reveal receipt
  ---
  duration_ms: 0.2188
  type: 'test'
  ...
# Subtest: SummonSkeleton pauses before casting when no real Amulet can be equipped
ok 276 - SummonSkeleton pauses before casting when no real Amulet can be equipped
  ---
  duration_ms: 0.2672
  type: 'test'
  ...
# Subtest: post-walk V2 practice waits for fresh shared readiness before a summon, target spell, or self-heal
ok 277 - post-walk V2 practice waits for fresh shared readiness before a summon, target spell, or self-heal
  ---
  duration_ms: 603.7896
  type: 'test'
  ...
# Subtest: SummonSkeleton uses the public target-zero summon route after equipping real Amulet
ok 278 - SummonSkeleton uses the public target-zero summon route after equipping real Amulet
  ---
  duration_ms: 0.3595
  type: 'test'
  ...
# Subtest: SummonSkeleton proves a same-owner BoneFamiliar after its public spawn packet
ok 279 - SummonSkeleton proves a same-owner BoneFamiliar after its public spawn packet
  ---
  duration_ms: 0.3847
  type: 'test'
  ...
# Subtest: three independently receipted practice actions do not wait for an AND-group before its final action
ok 280 - three independently receipted practice actions do not wait for an AND-group before its final action
  ---
  duration_ms: 0.1089
  type: 'test'
  ...
# Subtest: safe-arrival uses a Bichon city safe-area coordinate and potion aliases count by item template
ok 281 - safe-arrival uses a Bichon city safe-area coordinate and potion aliases count by item template
  ---
  duration_ms: 0.0572
  type: 'test'
  ...
# Subtest: V2 shops choose medium/large MP by level while retaining real carried small medicine
ok 282 - V2 shops choose medium/large MP by level while retaining real carried small medicine
  ---
  duration_ms: 6.228
  type: 'test'
  ...
# Subtest: V2 buys all minima before optional top-ups instead of spending MP/escape money on HP
ok 283 - V2 buys all minima before optional top-ups instead of spending MP/escape money on HP
  ---
  duration_ms: 1.628
  type: 'test'
  ...
# Subtest: V2 Taoist buys real charges at Bull and Travis using normal room travel and receipts
ok 284 - V2 Taoist buys real charges at Bull and Travis using normal room travel and receipts
  ---
  duration_ms: 1.1868
  type: 'test'
  ...
# Subtest: V2 optional HP top-up respects remaining bag weight without rejecting confirmed departure minima
ok 285 - V2 optional HP top-up respects remaining bag weight without rejecting confirmed departure minima
  ---
  duration_ms: 1.0172
  type: 'test'
  ...
# Subtest: V2 insufficient gold, excess weight and unconfirmed purchases return blocked
ok 286 - V2 insufficient gold, excess weight and unconfirmed purchases return blocked
  ---
  duration_ms: 1.2701
  type: 'test'
  ...
# Subtest: V2 return travel that consumes the final material never returns restocked
ok 287 - V2 return travel that consumes the final material never returns restocked
  ---
  duration_ms: 1.8391
  type: 'test'
  ...
# Subtest: V2 optional top-up preserves money when shop travel consumes another material minimum
ok 288 - V2 optional top-up preserves money when shop travel consumes another material minimum
  ---
  duration_ms: 1.4142
  type: 'test'
  ...
# Subtest: reports preferred weapon funding for an unarmed or under-geared Warrior
ok 289 - reports preferred weapon funding for an unarmed or under-geared Warrior
  ---
  duration_ms: 0.2662
  type: 'test'
  ...
# Subtest: reports and buys the live class weapon when a caster lost every weapon
ok 290 - reports and buys the live class weapon when a caster lost every weapon
  ---
  duration_ms: 1.7607
  type: 'test'
  ...
# Subtest: under-geared Warrior upgrades Dagger to the preferred BronzeAxe without a lower-tier fallback
ok 291 - under-geared Warrior upgrades Dagger to the preferred BronzeAxe without a lower-tier fallback
  ---
  duration_ms: 0.711
  type: 'test'
  ...
# Subtest: unarmed Warrior buys the best affordable live Blacksmith weapon with exact proof
ok 292 - unarmed Warrior buys the best affordable live Blacksmith weapon with exact proof
  ---
  duration_ms: 0.3979
  type: 'test'
  ...
# Subtest: unarmed Warrior falls back to the strongest affordable exact catalog row
ok 293 - unarmed Warrior falls back to the strongest affordable exact catalog row
  ---
  duration_ms: 0.4151
  type: 'test'
  ...
# Subtest: weapon purchase proves the live Blacksmith rate-adjusted price
ok 294 - weapon purchase proves the live Blacksmith rate-adjusted price
  ---
  duration_ms: 0.3386
  type: 'test'
  ...
# Subtest: q7 Taoist uses the live BronzeSword fallback at 960 only after its held survival floor is proven
ok 295 - q7 Taoist uses the live BronzeSword fallback at 960 only after its held survival floor is proven
  ---
  duration_ms: 0.6315
  type: 'test'
  ...
# Subtest: q7 Taoist prefers the live IronSword when its ordinary account gold covers it
ok 296 - q7 Taoist prefers the live IronSword when its ordinary account gold covers it
  ---
  duration_ms: 0.4089
  type: 'test'
  ...
# Subtest: q7 Taoist forest upgrade fails before shopping when held survival supplies are insufficient
ok 297 - q7 Taoist forest upgrade fails before shopping when held survival supplies are insufficient
  ---
  duration_ms: 0.1987
  type: 'test'
  ...
# Subtest: q7 Taoist rechecks held survival supplies after Blacksmith travel before spending the reserve
ok 298 - q7 Taoist rechecks held survival supplies after Blacksmith travel before spending the reserve
  ---
  duration_ms: 0.3457
  type: 'test'
  ...
# Subtest: q7 Taoist forest upgrade still requires a fresh exact purchase receipt
ok 299 - q7 Taoist forest upgrade still requires a fresh exact purchase receipt
  ---
  duration_ms: 0.6342
  type: 'test'
  ...
# Subtest: ordinary class weapon restocking retains its reserve and does not use the q7 exception
ok 300 - ordinary class weapon restocking retains its reserve and does not use the q7 exception
  ---
  duration_ms: 0.1644
  type: 'test'
  ...
# Subtest: q7 Taoist leaves an existing non-Wooden weapon in place and never buys a weaker fallback
ok 301 - q7 Taoist leaves an existing non-Wooden weapon in place and never buys a weaker fallback
  ---
  duration_ms: 0.2308
  type: 'test'
  ...
# Subtest: recomputes caster stock after service travel consumes the departure-floor MP bottle
ok 302 - recomputes caster stock after service travel consumes the departure-floor MP bottle
  ---
  duration_ms: 0.8353
  type: 'test'
  ...
# Subtest: does nothing outside map 0 or when relevant stock is sufficient
ok 303 - does nothing outside map 0 or when relevant stock is sufficient
  ---
  duration_ms: 0.2188
  type: 'test'
  ...
# Subtest: ordinary restock does not buy RandomTeleport unless explicitly requested
ok 304 - ordinary restock does not buy RandomTeleport unless explicitly requested
  ---
  duration_ms: 0.1422
  type: 'test'
  ...
# Subtest: Wizard-only HP Medium opt-in buys the live Ruben row to target six
ok 305 - Wizard-only HP Medium opt-in buys the live Ruben row to target six
  ---
  duration_ms: 0.34
  type: 'test'
  ...
# Subtest: HP Medium opt-in skips safely when the fresh Ruben row is missing or unaffordable
ok 306 - HP Medium opt-in skips safely when the fresh Ruben row is missing or unaffordable
  ---
  duration_ms: 1.4054
  type: 'test'
  ...
# Subtest: ordinary restock does not buy TownTeleport unless explicitly requested
ok 307 - ordinary restock does not buy TownTeleport unless explicitly requested
  ---
  duration_ms: 0.376
  type: 'test'
  ...
# Subtest: opt-in TownTeleport reserve uses Scott goods when Ruben lacks TownTeleport
ok 308 - opt-in TownTeleport reserve uses Scott goods when Ruben lacks TownTeleport
  ---
  duration_ms: 0.8507
  type: 'test'
  ...
# Subtest: TownTeleport restock refreshes a missing live Scott before opening his real goods
ok 309 - TownTeleport restock refreshes a missing live Scott before opening his real goods
  ---
  duration_ms: 0.3254
  type: 'test'
  ...
# Subtest: Scott travel refreshes a Taoist Amulet floor from one fresh Ruben receipt
ok 310 - Scott travel refreshes a Taoist Amulet floor from one fresh Ruben receipt
  ---
  duration_ms: 1.13
  type: 'test'
  ...
# Subtest: post-Scott Amulet refresh fails closed from live gold without spending the reserve
ok 311 - post-Scott Amulet refresh fails closed from live gold without spending the reserve
  ---
  duration_ms: 0.6994
  type: 'test'
  ...
# Subtest: Scott TownTeleport failures and unknown live gold do not fall through to Ruben
ok 312 - Scott TownTeleport failures and unknown live gold do not fall through to Ruben
  ---
  duration_ms: 0.6129
  type: 'test'
  ...
# Subtest: fresh Ruben funding sells one live Venison before Amulet and TownTeleport purchases
ok 313 - fresh Ruben funding sells one live Venison before Amulet and TownTeleport purchases
  ---
  duration_ms: 1.4547
  type: 'test'
  ...
# Subtest: fresh Ruben funding skips the material top-up when the live budget already covers both purchases
ok 314 - fresh Ruben funding skips the material top-up when the live budget already covers both purchases
  ---
  duration_ms: 0.5652
  type: 'test'
  ...
# Subtest: fresh Ruben funding preserves the reserve and fails closed when no eligible material can top up
ok 315 - fresh Ruben funding preserves the reserve and fails closed when no eligible material can top up
  ---
  duration_ms: 1.2473
  type: 'test'
  ...
# Subtest: fresh Ruben funding rejects a sale and ignores a recycled non-material item id
ok 316 - fresh Ruben funding rejects a sale and ignores a recycled non-material item id
  ---
  duration_ms: 1.8193
  type: 'test'
  ...
# Subtest: TownTeleport funding shortfall reports needsFunds after Ruben potions without visiting Scott
ok 317 - TownTeleport funding shortfall reports needsFunds after Ruben potions without visiting Scott
  ---
  duration_ms: 0.3123
  type: 'test'
  ...
# Subtest: explicit eight-scroll route reserve buys exact Merchant Ruben rows and proves deltas
ok 318 - explicit eight-scroll route reserve buys exact Merchant Ruben rows and proves deltas
  ---
  duration_ms: 0.2812
  type: 'test'
  ...
# Subtest: emergency reserve liquidates Venison until all requested RandomTeleport scrolls are affordable
ok 319 - emergency reserve liquidates Venison until all requested RandomTeleport scrolls are affordable
  ---
  duration_ms: 0.4251
  type: 'test'
  ...
# Subtest: emergency reserve is a target and does not repurchase an existing full stock
ok 320 - emergency reserve is a target and does not repurchase an existing full stock
  ---
  duration_ms: 0.1459
  type: 'test'
  ...
# Subtest: RandomTeleport use requires an ack, a fresh quantity decrease, and changed position
ok 321 - RandomTeleport use requires an ack, a fresh quantity decrease, and changed position
  ---
  duration_ms: 0.4181
  type: 'test'
  ...
# Subtest: RandomTeleport use fails closed on a rejected ack
ok 322 - RandomTeleport use fails closed on a rejected ack
  ---
  duration_ms: 0.129
  type: 'test'
  ...
# Subtest: TownTeleport use proves consumption and accepts a map change with unchanged coordinates
ok 323 - TownTeleport use proves consumption and accepts a map change with unchanged coordinates
  ---
  duration_ms: 0.4474
  type: 'test'
  ...
# Subtest: TownTeleport UseItem rejection leaves the authoritative item unconsumed
ok 324 - TownTeleport UseItem rejection leaves the authoritative item unconsumed
  ---
  duration_ms: 0.1288
  type: 'test'
  ...
# Subtest: TownTeleport false ack cannot be treated as consumption
ok 325 - TownTeleport false ack cannot be treated as consumption
  ---
  duration_ms: 0.108
  type: 'test'
  ...
# Subtest: shared emergency escape cooldown conserves scrolls across independent loops
ok 326 - shared emergency escape cooldown conserves scrolls across independent loops
  ---
  duration_ms: 0.3265
  type: 'test'
  ...
# Subtest: insufficient funds preserves the 100 gold reserve and sends no command
ok 327 - insufficient funds preserves the 100 gold reserve and sends no command
  ---
  duration_ms: 0.1153
  type: 'test'
  ...
# Subtest: journey mode sells only provably superseded quest gear before buying survival stock
ok 328 - journey mode sells only provably superseded quest gear before buying survival stock
  ---
  duration_ms: 0.6295
  type: 'test'
  ...
# Subtest: journey liquidation accepts Crystal Blacksmith combined BuySell service
ok 329 - journey liquidation accepts Crystal Blacksmith combined BuySell service
  ---
  duration_ms: 0.3871
  type: 'test'
  ...
# Subtest: journey recovery sells obsolete materials but preserves an active quest item
ok 330 - journey recovery sells obsolete materials but preserves an active quest item
  ---
  duration_ms: 0.4901
  type: 'test'
  ...
# Subtest: journey recovery sells harvested Venison to Butcher John before buying potions
ok 331 - journey recovery sells harvested Venison to Butcher John before buying potions
  ---
  duration_ms: 0.4071
  type: 'test'
  ...
# Subtest: Warrior buys HP only through the fresh Ruben row id and proves exact snapshot deltas
ok 332 - Warrior buys HP only through the fresh Ruben row id and proves exact snapshot deltas
  ---
  duration_ms: 0.2499
  type: 'test'
  ...
# Subtest: V2 Basic Potion uses the live Bichon Wall Samuel object and its fresh row receipt
ok 333 - V2 Basic Potion uses the live Bichon Wall Samuel object and its fresh row receipt
  ---
  duration_ms: 0.4122
  type: 'test'
  ...
# Subtest: V2 Samuel purchase fails closed for a wrong goods row, absent receipt, or insufficient gold
ok 334 - V2 Samuel purchase fails closed for a wrong goods row, absent receipt, or insufficient gold
  ---
  duration_ms: 0.5208
  type: 'test'
  ...
# Subtest: restock clears an adjacent hostile that seals the supply service approach
ok 335 - restock clears an adjacent hostile that seals the supply service approach
  ---
  duration_ms: 0.3943
  type: 'test'
  ...
# Subtest: restock clears a distant hostile that seals every final service approach
ok 336 - restock clears a distant hostile that seals every final service approach
  ---
  duration_ms: 0.2985
  type: 'test'
  ...
# Subtest: a distant village service receives a route budget derived from authoritative distance
ok 337 - a distant village service receives a route budget derived from authoritative distance
  ---
  duration_ms: 0.2246
  type: 'test'
  ...
# Subtest: large restock fills the partial potion stack before buying the overflow chunk
ok 338 - large restock fills the partial potion stack before buying the overflow chunk
  ---
  duration_ms: 0.3537
  type: 'test'
  ...
# Subtest: Taoist does not detour for Amulets before level 18 or without learned SoulFireBall
ok 339 - Taoist does not detour for Amulets before level 18 or without learned SoulFireBall
  ---
  duration_ms: 0.2366
  type: 'test'
  ...
# Subtest: caster stocks both HP and MP while preserving the fixed gold reserve
ok 340 - caster stocks both HP and MP while preserving the fixed gold reserve
  ---
  duration_ms: 0.9902
  type: 'test'
  ...
# Subtest: equips an eligible held Amulet into slot 9 even when total stock is already sufficient
ok 341 - equips an eligible held Amulet into slot 9 even when total stock is already sufficient
  ---
  duration_ms: 0.2679
  type: 'test'
  ...
# Subtest: moves a milestone Amulet stack from its authoritative belt slot before equipping slot 9
ok 342 - moves a milestone Amulet stack from its authoritative belt slot before equipping slot 9
  ---
  duration_ms: 0.5176
  type: 'test'
  ...
# Subtest: belt Amulet movement remains fail closed for level, space, rejection, and stale snapshots
ok 343 - belt Amulet movement remains fail closed for level, space, rejection, and stale snapshots
  ---
  duration_ms: 0.6255
  type: 'test'
  ...
# Subtest: a tight caster budget buys a bounded HP partial and never spends the reserve
ok 344 - a tight caster budget buys a bounded HP partial and never spends the reserve
  ---
  duration_ms: 0.2672
  type: 'test'
  ...
# Subtest: Wizard with 600 gold reaches both six-potion targets and preserves the reserve
ok 345 - Wizard with 600 gold reaches both six-potion targets and preserves the reserve
  ---
  duration_ms: 0.2508
  type: 'test'
  ...
# Subtest: requires a live exact Ruben and an enabled exact BuySell link
ok 346 - requires a live exact Ruben and an enabled exact BuySell link
  ---
  duration_ms: 0.4153
  type: 'test'
  ...
# Subtest: rejects stale, missing, or malformed goods instead of guessing a shop row
ok 347 - rejects stale, missing, or malformed goods instead of guessing a shop row
  ---
  duration_ms: 0.7465
  type: 'test'
  ...
# Subtest: silent rejection and incorrect authoritative deltas cannot prove purchase
ok 348 - silent rejection and incorrect authoritative deltas cannot prove purchase
  ---
  duration_ms: 1.2751
  type: 'test'
  ...
# Subtest: 52 receipted, normally logged-out caster nodes remain separate from the expired ordinary clock
ok 349 - 52 receipted, normally logged-out caster nodes remain separate from the expired ordinary clock
  ---
  duration_ms: 25.3784
  type: 'test'
  ...
# Subtest: crossed stores and repeated store paths cannot certify another caster
ok 350 - crossed stores and repeated store paths cannot certify another caster
  ---
  duration_ms: 11.8194
  type: 'test'
  ...
# Subtest: a runner snapshot cannot substitute for an empty raw trace final frame
ok 351 - a runner snapshot cannot substitute for an empty raw trace final frame
  ---
  duration_ms: 14.7817
  type: 'test'
  ...
# Subtest: normal logout needs its received success ACK even when the store and final frame match
ok 352 - normal logout needs its received success ACK even when the store and final frame match
  ---
  duration_ms: 11.6985
  type: 'test'
  ...
# Subtest: missing nodes and bootstrap completion lists cannot manufacture a Finish receipt
ok 353 - missing nodes and bootstrap completion lists cannot manufacture a Finish receipt
  ---
  duration_ms: 9.3893
  type: 'test'
  ...
# Subtest: forged ordinary or functional deadlines invalidate certification without changing original time
ok 354 - forged ordinary or functional deadlines invalidate certification without changing original time
  ---
  duration_ms: 9.5487
  type: 'test'
  ...
# Subtest: foreign class, duplicate store ownership, and mismatched XP cannot pass saved identity
ok 355 - foreign class, duplicate store ownership, and mismatched XP cannot pass saved identity
  ---
  duration_ms: 8.3899
  type: 'test'
  ...
# Subtest: run ID mismatch and admin commands cannot be relabelled as ordinary caster play
ok 356 - run ID mismatch and admin commands cannot be relabelled as ordinary caster play
  ---
  duration_ms: 8.3499
  type: 'test'
  ...
# Subtest: a resume cannot silently reset its original confirmed recovery ledger
ok 357 - a resume cannot silently reset its original confirmed recovery ledger
  ---
  duration_ms: 11.4604
  type: 'test'
  ...
1..357
# tests 357
# suites 0
# pass 357
# fail 0
# cancelled 0
# skipped 0
# todo 0
# duration_ms 4446.3025
