TAP version 13
# Subtest: bootstrap rejection cannot replace a resumed V2 death and time ledger
ok 1 - bootstrap rejection cannot replace a resumed V2 death and time ledger
  ---
  duration_ms: 8.6079
  type: 'test'
  ...
# Subtest: fresh V2 run persists its clock before a login failure
ok 2 - fresh V2 run persists its clock before a login failure
  ---
  duration_ms: 3.9267
  type: 'test'
  ...
# Subtest: loads one complete Tao-style death and town-revive receipt without extending its original clock
ok 3 - loads one complete Tao-style death and town-revive receipt without extending its original clock
  ---
  duration_ms: 3.1187
  type: 'test'
  ...
# Subtest: rejects an existing V2 missing ledger rather than resetting recovery credit
ok 4 - rejects an existing V2 missing ledger rather than resetting recovery credit
  ---
  duration_ms: 0.1804
  type: 'test'
  ...
# Subtest: rejects an existing V2 null ledger rather than resetting recovery credit
ok 5 - rejects an existing V2 null ledger rather than resetting recovery credit
  ---
  duration_ms: 0.0676
  type: 'test'
  ...
# Subtest: rejects an existing V2 string ledger rather than resetting recovery credit
ok 6 - rejects an existing V2 string ledger rather than resetting recovery credit
  ---
  duration_ms: 0.0615
  type: 'test'
  ...
# Subtest: rejects an existing V2 incomplete death checkpoint ledger rather than resetting recovery credit
ok 7 - rejects an existing V2 incomplete death checkpoint ledger rather than resetting recovery credit
  ---
  duration_ms: 0.0596
  type: 'test'
  ...
# Subtest: rejects an existing V2 over the fixed cap ledger rather than resetting recovery credit
ok 8 - rejects an existing V2 over the fixed cap ledger rather than resetting recovery credit
  ---
  duration_ms: 0.0472
  type: 'test'
  ...
# Subtest: rejects a non-object JSON report (null) rather than treating it as a first run
ok 9 - rejects a non-object JSON report (null) rather than treating it as a first run
  ---
  duration_ms: 0.2081
  type: 'test'
  ...
# Subtest: rejects a non-object JSON report (report) rather than treating it as a first run
ok 10 - rejects a non-object JSON report (report) rather than treating it as a first run
  ---
  duration_ms: 0.2049
  type: 'test'
  ...
# Subtest: rejects a non-object JSON report () rather than treating it as a first run
ok 11 - rejects a non-object JSON report () rather than treating it as a first run
  ---
  duration_ms: 0.0866
  type: 'test'
  ...
# Subtest: rejects a non-object JSON report (42) rather than treating it as a first run
ok 12 - rejects a non-object JSON report (42) rather than treating it as a first run
  ---
  duration_ms: 0.0412
  type: 'test'
  ...
# Subtest: rejects a calendar-normalized ordinary start instead of accepting a different clock
ok 13 - rejects a calendar-normalized ordinary start instead of accepting a different clock
  ---
  duration_ms: 0.0835
  type: 'test'
  ...
# Subtest: a missing report is a first run with no carried recovery ledger
ok 14 - a missing report is a first run with no carried recovery ledger
  ---
  duration_ms: 2.8588
  type: 'test'
  ...
# Subtest: a malformed existing report rejects resume rather than silently resetting recovery credit
ok 15 - a malformed existing report rejects resume rather than silently resetting recovery credit
  ---
  duration_ms: 1.9608
  type: 'test'
  ...
# Subtest: an existing V1 report remains outside the V2 resume ledger
ok 16 - an existing V1 report remains outside the V2 resume ledger
  ---
  duration_ms: 1.9767
  type: 'test'
  ...
# Subtest: functional recheck uses an explicit shared start while preserving the expired ordinary clock and recovery cap
ok 17 - functional recheck uses an explicit shared start while preserving the expired ordinary clock and recovery cap
  ---
  duration_ms: 0.6271
  type: 'test'
  ...
# Subtest: functional recheck resume requires the same persisted shared start and valid persisted deadline
ok 18 - functional recheck resume requires the same persisted shared start and valid persisted deadline
  ---
  duration_ms: 2.3586
  type: 'test'
  ...
# Subtest: functional recheck clock is atomically persisted before a later resume can select a replacement
ok 19 - functional recheck clock is atomically persisted before a later resume can select a replacement
  ---
  duration_ms: 3.4763
  type: 'test'
  ...
# Subtest: functional recheck rejects fresh, active, malformed, and expired ordinary evidence
ok 20 - functional recheck rejects fresh, active, malformed, and expired ordinary evidence
  ---
  duration_ms: 0.333
  type: 'test'
  ...
# Subtest: V2 caster floors and preferred potion tiers change only at configured boundaries
ok 21 - V2 caster floors and preferred potion tiers change only at configured boundaries
  ---
  duration_ms: 1.0391
  type: 'test'
  ...
# Subtest: Taoist practice flags require future casts even before the book has been learned
ok 22 - Taoist practice flags require future casts even before the book has been learned
  ---
  duration_ms: 0.8932
  type: 'test'
  ...
# Subtest: V2 requirements stay scoped to the current class and use the canonical lowercase keys
ok 23 - V2 requirements stay scoped to the current class and use the canonical lowercase keys
  ---
  duration_ms: 0.1268
  type: 'test'
  ...
# Subtest: Wooma retains its 100/48 lawful Amulet minima
ok 24 - Wooma retains its 100/48 lawful Amulet minima
  ---
  duration_ms: 0.193
  type: 'test'
  ...
# Subtest: carried stock merges belt and equipment, accepts all potion tiers, and excludes foreign balances
ok 25 - carried stock merges belt and equipment, accepts all potion tiers, and excludes foreign balances
  ---
  duration_ms: 0.5768
  type: 'test'
  ...
# Subtest: only lawful equipment slot names or explicit wire indices count material charges
ok 26 - only lawful equipment slot names or explicit wire indices count material charges
  ---
  duration_ms: 0.1984
  type: 'test'
  ...
# Subtest: shop previews cannot satisfy carried stock or hide a later legal instance with the same UID
ok 27 - shop previews cannot satisfy carried stock or hide a later legal instance with the same UID
  ---
  duration_ms: 0.1883
  type: 'test'
  ...
# Subtest: unusable, sealed, broken, zero, malformed and wrong-class stock cannot satisfy departure
ok 28 - unusable, sealed, broken, zero, malformed and wrong-class stock cannot satisfy departure
  ---
  duration_ms: 0.1436
  type: 'test'
  ...
# Subtest: instance expiry and active seals are excluded while unexpired ordinary stacks remain usable
ok 29 - instance expiry and active seals are excluded while unexpired ordinary stacks remain usable
  ---
  duration_ms: 0.3467
  type: 'test'
  ...
# Subtest: a claimed restock success with zero MP stays blocked
ok 30 - a claimed restock success with zero MP stays blocked
  ---
  duration_ms: 0.6745
  type: 'test'
  ...
# Subtest: full health and HP medicine cannot bypass missing Taoist poison
ok 31 - full health and HP medicine cannot bypass missing Taoist poison
  ---
  duration_ms: 0.2427
  type: 'test'
  ...
# Subtest: fresh recovery consumption is rechecked even after successful purchases
ok 32 - fresh recovery consumption is rechecked even after successful purchases
  ---
  duration_ms: 0.2878
  type: 'test'
  ...
# Subtest: ordinary return route is used without a scroll; no route cannot become ready
ok 33 - ordinary return route is used without a scroll; no route cannot become ready
  ---
  duration_ms: 0.167
  type: 'test'
  ...
# Subtest: a forbidden TownTeleport falls back to one legal walk route and a blocked walk stops once
ok 34 - a forbidden TownTeleport falls back to one legal walk route and a blocked walk stops once
  ---
  duration_ms: 0.4148
  type: 'test'
  ...
# Subtest: the original V2 deadline survives a failed supply return
ok 35 - the original V2 deadline survives a failed supply return
  ---
  duration_ms: 0.4968
  type: 'test'
  ...
# Subtest: public weapon toggle is permitted while QA commands remain forbidden
ok 36 - public weapon toggle is permitted while QA commands remain forbidden
  ---
  duration_ms: 1.8776
  type: 'test'
  ...
# Subtest: start-game bootstrap accepts the exact personal snapshot when UserInformation is omitted
ok 37 - start-game bootstrap accepts the exact personal snapshot when UserInformation is omitted
  ---
  duration_ms: 0.1971
  type: 'test'
  ...
# Subtest: trace append retries a transient Windows busy-file error
ok 38 - trace append retries a transient Windows busy-file error
  ---
  duration_ms: 0.1781
  type: 'test'
  ...
# Subtest: trace append tolerates sustained Windows scanner share violations
ok 39 - trace append tolerates sustained Windows scanner share violations
  ---
  duration_ms: 0.2454
  type: 'test'
  ...
# Subtest: trace redacts incoming identity tokens and outgoing credentials
ok 40 - trace redacts incoming identity tokens and outgoing credentials
  ---
  duration_ms: 6.5867
  type: 'test'
  ...
# Subtest: quest definitions survive event eviction and reset for a new character session
ok 41 - quest definitions survive event eviction and reset for a new character session
  ---
  duration_ms: 1388.7251
  type: 'test'
  ...
# Subtest: self damage requests coalesced authoritative vitals snapshots through the public command allowlist
ok 42 - self damage requests coalesced authoritative vitals snapshots through the public command allowlist
  ---
  duration_ms: 3.0944
  type: 'test'
  ...
# Subtest: ordinary merchant sale is allowed while QA and direct-state commands remain forbidden
ok 43 - ordinary merchant sale is allowed while QA and direct-state commands remain forbidden
  ---
  duration_ms: 0.8432
  type: 'test'
  ...
# Subtest: signal interruption still waits for LogOutSuccess before closing the socket
ok 44 - signal interruption still waits for LogOutSuccess before closing the socket
  ---
  duration_ms: 11.9506
  type: 'test'
  ...
# Subtest: explicit objective map preference resolves equal-length dungeon routes
ok 45 - explicit objective map preference resolves equal-length dungeon routes
  ---
  duration_ms: 1.7275
  type: 'test'
  ...
# Subtest: armed q89 fallback accepts a profile-pruned route only with the exact live doorway
ok 46 - armed q89 fallback accepts a profile-pruned route only with the exact live doorway
  ---
  duration_ms: 0.4127
  type: 'test'
  ...
# Subtest: retreat route bias preserves cave-exit progress without accepting an adjacent hostile
ok 47 - retreat route bias preserves cave-exit progress without accepting an adjacent hostile
  ---
  duration_ms: 0.1709
  type: 'test'
  ...
# Subtest: runner q89 protected-Shaman approach promotion retains the ordinary usable-range gate
ok 48 - runner q89 protected-Shaman approach promotion retains the ordinary usable-range gate
  ---
  duration_ms: 18.1706
  type: 'test'
  ...
# Subtest: q89 Wizard transit plans around a live named Shaman halo before the fresh movement guard
ok 49 - q89 Wizard transit plans around a live named Shaman halo before the fresh movement guard
  ---
  duration_ms: 8.0915
  type: 'test'
  ...
# Subtest: q113 caster transit gives the ordinary traveler a two-cell hostile buffer only for that profile
ok 50 - q113 caster transit gives the ordinary traveler a two-cell hostile buffer only for that profile
  ---
  duration_ms: 0.7089
  type: 'test'
  ...
# Subtest: direct ranged hit evidence identifies a q89 aggressor up to eight tiles away
ok 51 - direct ranged hit evidence identifies a q89 aggressor up to eight tiles away
  ---
  duration_ms: 0.2811
  type: 'test'
  ...
# Subtest: a q89 unavailable Shaman band defers and uses ordinary retreat recovery instead of ending the objective loop
ok 52 - a q89 unavailable Shaman band defers and uses ordinary retreat recovery instead of ending the objective loop
  ---
  duration_ms: 1.185
  type: 'test'
  ...
# Subtest: q89 spawn-stall clearing reaches a certified Shaman band before its ordinary action
ok 53 - q89 spawn-stall clearing reaches a certified Shaman band before its ordinary action
  ---
  duration_ms: 24.0481
  type: 'test'
  ...
# Subtest: q89 Wizard keeps the real D2031 fresh guard and rejects a transit with no collision-safe outer corridor
ok 54 - q89 Wizard keeps the real D2031 fresh guard and rejects a transit with no collision-safe outer corridor
  ---
  duration_ms: 53.0466
  type: 'test'
  ...
# Subtest: q89 protected transit clears three receipt-proved Shamans after one guarded no-path plan each, then transfers normally
ok 55 - q89 protected transit clears three receipt-proved Shamans after one guarded no-path plan each, then transfers normally
  ---
  duration_ms: 2.4815
  type: 'test'
  ...
# Subtest: q89 protected transit fails closed when both the named and one guarded fallback plan have no path
ok 56 - q89 protected transit fails closed when both the named and one guarded fallback plan have no path
  ---
  duration_ms: 0.3986
  type: 'test'
  ...
# Subtest: q89 transit clearance aborts when a Shaman moves into its fresh cadence cells without recursive clearing
ok 57 - q89 transit clearance aborts when a Shaman moves into its fresh cadence cells without recursive clearing
  ---
  duration_ms: 1.0257
  type: 'test'
  ...
# Subtest: q89 transit blocker cap performs one recovery then terminates a still-live next halo
ok 58 - q89 transit blocker cap performs one recovery then terminates a still-live next halo
  ---
  duration_ms: 0.8906
  type: 'test'
  ...
# Subtest: q89 deferred live transit blocker does not replan the same guarded step forever
ok 59 - q89 deferred live transit blocker does not replan the same guarded step forever
  ---
  duration_ms: 0.6117
  type: 'test'
  ...
# Subtest: q89 spawn-stall blocker defers when independent quest progress removes it without a death receipt
ok 60 - q89 spawn-stall blocker defers when independent quest progress removes it without a death receipt
  ---
  duration_ms: 0.5301
  type: 'test'
  ...
# Subtest: q2 kills a live Scarecrow and trusts authoritative GingerTea progress
ok 61 - q2 kills a live Scarecrow and trusts authoritative GingerTea progress
  ---
  duration_ms: 0.4149
  type: 'test'
  ...
# Subtest: q5 completes Deer and Scarecrow kill objectives without treating monster level as a gate
ok 62 - q5 completes Deer and Scarecrow kill objectives without treating monster level as a gate
  ---
  duration_ms: 0.3471
  type: 'test'
  ...
# Subtest: a multi-objective hunt clears a visible later target while the first target is respawning
ok 63 - a multi-objective hunt clears a visible later target while the first target is respawning
  ---
  duration_ms: 0.2858
  type: 'test'
  ...
# Subtest: a multi-objective spawn search stops for another safe required monster entering AOI
ok 64 - a multi-objective spawn search stops for another safe required monster entering AOI
  ---
  duration_ms: 1.0335
  type: 'test'
  ...
# Subtest: a multi-map quest clears an incomplete same-map objective before crossing to the first listed source
ok 65 - a multi-map quest clears an incomplete same-map objective before crossing to the first listed source
  ---
  duration_ms: 0.554
  type: 'test'
  ...
# Subtest: a live objective omitted from the spawn manifest is fought on the current map
ok 66 - a live objective omitted from the spawn manifest is fought on the current map
  ---
  duration_ms: 0.4169
  type: 'test'
  ...
# Subtest: an allowed wounded objective is resumed before a closer full-health peer
ok 67 - an allowed wounded objective is resumed before a closer full-health peer
  ---
  duration_ms: 0.4821
  type: 'test'
  ...
# Subtest: a mine quest skips a wounded Zombie2 trapped in a hostile pack
ok 68 - a mine quest skips a wounded Zombie2 trapped in a hostile pack
  ---
  duration_ms: 0.269
  type: 'test'
  ...
# Subtest: a healthy player keeps approaching a 25-percent objective when a pack appears
ok 69 - a healthy player keeps approaching a 25-percent objective when a pack appears
  ---
  duration_ms: 0.312
  type: 'test'
  ...
# Subtest: an expedition can prefer its configured objective map over a denser same-map spawn
ok 70 - an expedition can prefer its configured objective map over a denser same-map spawn
  ---
  duration_ms: 0.3006
  type: 'test'
  ...
# Subtest: a returned mine quest checks real supplies before reentering the dungeon
ok 71 - a returned mine quest checks real supplies before reentering the dungeon
  ---
  duration_ms: 0.2006
  type: 'test'
  ...
# Subtest: q113 caster preference chooses shared D711 over shorter D612 and completes both objectives without D715
ok 72 - q113 caster preference chooses shared D711 over shorter D612 and completes both objectives without D715
  ---
  duration_ms: 0.7255
  type: 'test'
  ...
# Subtest: a post-travel supply checkpoint can leave and replan before objective combat
ok 73 - a post-travel supply checkpoint can leave and replan before objective combat
  ---
  duration_ms: 0.3069
  type: 'test'
  ...
# Subtest: multi-map travel evades a proven adjacent aggressor before retrying the ordinary route
ok 74 - multi-map travel evades a proven adjacent aggressor before retrying the ordinary route
  ---
  duration_ms: 0.5147
  type: 'test'
  ...
# Subtest: a repeated interruption on the same travel edge clears the proven aggressor
ok 75 - a repeated interruption on the same travel edge clears the proven aggressor
  ---
  duration_ms: 0.6666
  type: 'test'
  ...
# Subtest: multi-map travel clears a hostile doorway blocker and retries the same route
ok 76 - multi-map travel clears a hostile doorway blocker and retries the same route
  ---
  duration_ms: 0.4206
  type: 'test'
  ...
# Subtest: doorway blocker retreats when aggressor clearing discovers a dense pack
ok 77 - doorway blocker retreats when aggressor clearing discovers a dense pack
  ---
  duration_ms: 0.7284
  type: 'test'
  ...
# Subtest: stocked expedition travel clears a proven aggressor before retrying the route
ok 78 - stocked expedition travel clears a proven aggressor before retrying the route
  ---
  duration_ms: 0.3895
  type: 'test'
  ...
# Subtest: travel retries when the proven threat leaves before fallback combat
ok 79 - travel retries when the proven threat leaves before fallback combat
  ---
  duration_ms: 0.3422
  type: 'test'
  ...
# Subtest: healthy expedition keeps crossing after a glancing hit and interrupts once health is low
ok 80 - healthy expedition keeps crossing after a glancing hit and interrupts once health is low
  ---
  duration_ms: 0.3321
  type: 'test'
  ...
# Subtest: chooses an isolated quest target before a closer target inside a hostile pack
ok 81 - chooses an isolated quest target before a closer target inside a hostile pack
  ---
  duration_ms: 0.4542
  type: 'test'
  ...
# Subtest: defers a clustered target for its current life and selects another target
ok 82 - defers a clustered target for its current life and selects another target
  ---
  duration_ms: 1.0668
  type: 'test'
  ...
# Subtest: reconsiders the only deferred target after enough events prove its pack dispersed
ok 83 - reconsiders the only deferred target after enough events prove its pack dispersed
  ---
  duration_ms: 0.765
  type: 'test'
  ...
# Subtest: disengages when a second hostile joins an attack already in progress
ok 84 - disengages when a second hostile joins an attack already in progress
  ---
  duration_ms: 0.578
  type: 'test'
  ...
# Subtest: clears only proven adjacent monster aggressors by lowest HP before the quest target
ok 85 - clears only proven adjacent monster aggressors by lowest HP before the quest target
  ---
  duration_ms: 0.5152
  type: 'test'
  ...
# Subtest: low health under two established aggressors retreats instead of standing to clear both
ok 86 - low health under two established aggressors retreats instead of standing to clear both
  ---
  duration_ms: 1.0282
  type: 'test'
  ...
# Subtest: a stocked mine expedition clears two aggressors above its lower retreat threshold
ok 87 - a stocked mine expedition clears two aggressors above its lower retreat threshold
  ---
  duration_ms: 0.7581
  type: 'test'
  ...
# Subtest: a mine expedition retreats from three active aggressors before waiting for low health
ok 88 - a mine expedition retreats from three active aggressors before waiting for low health
  ---
  duration_ms: 0.8987
  type: 'test'
  ...
# Subtest: a focused snake pull wakes its response wait on the first extra aggressor
ok 89 - a focused snake pull wakes its response wait on the first extra aggressor
  ---
  duration_ms: 0.7154
  type: 'test'
  ...
# Subtest: a newly revived adjacent aggressor pre-empts one established aggressor without target ping-pong
ok 90 - a newly revived adjacent aggressor pre-empts one established aggressor without target ping-pong
  ---
  duration_ms: 0.4269
  type: 'test'
  ...
# Subtest: an objective target cannot interrupt clearing the aggressor that joined its fight
ok 91 - an objective target cannot interrupt clearing the aggressor that joined its fight
  ---
  duration_ms: 0.3803
  type: 'test'
  ...
# Subtest: interrupts target navigation to clear a newly proven adjacent aggressor, then resumes the exact target
ok 92 - interrupts target navigation to clear a newly proven adjacent aggressor, then resumes the exact target
  ---
  duration_ms: 0.347
  type: 'test'
  ...
# Subtest: an unreachable proven aggressor is recorded, escaped, and does not abort the objective
ok 93 - an unreachable proven aggressor is recorded, escaped, and does not abort the objective
  ---
  duration_ms: 0.7124
  type: 'test'
  ...
# Subtest: a healthy focused ranged hunt finishes its quest target through one proven aggressor
ok 94 - a healthy focused ranged hunt finishes its quest target through one proven aggressor
  ---
  duration_ms: 0.5791
  type: 'test'
  ...
# Subtest: q89 clears one proven entrance aggressor before retaining the required target
ok 95 - q89 clears one proven entrance aggressor before retaining the required target
  ---
  duration_ms: 0.5101
  type: 'test'
  ...
# Subtest: q89 still retreats at 75 percent HP when two aggressors are proven
ok 96 - q89 still retreats at 75 percent HP when two aggressors are proven
  ---
  duration_ms: 0.5284
  type: 'test'
  ...
# Subtest: q89 Wizard arms the exact live D2031 doorway after a stalled full Priest spread before respawn waiting
ok 97 - q89 Wizard arms the exact live D2031 doorway after a stalled full Priest spread before respawn waiting
  ---
  duration_ms: 0.7347
  type: 'test'
  ...
# Subtest: an authored objective actor allowlist excludes a closer full-strength world monster
ok 98 - an authored objective actor allowlist excludes a closer full-strength world monster
  ---
  duration_ms: 0.2519
  type: 'test'
  ...
# Subtest: q89 Taoist rejects an unsafe D2031 Priest then uses the exact live doorway for a normal D2032 completion
ok 99 - q89 Taoist rejects an unsafe D2031 Priest then uses the exact live doorway for a normal D2032 completion
  ---
  duration_ms: 0.8031
  type: 'test'
  ...
# Subtest: a q89 Priest full-spread pass with physical progress does not arm the D2032 fallback
ok 100 - a q89 Priest full-spread pass with physical progress does not arm the D2032 fallback
  ---
  duration_ms: 0.839
  type: 'test'
  ...
# Subtest: a q89 Priest full-spread pass with unknown physical coordinates does not arm the D2032 fallback
ok 101 - a q89 Priest full-spread pass with unknown physical coordinates does not arm the D2032 fallback
  ---
  duration_ms: 0.4271
  type: 'test'
  ...
# Subtest: a catalogued D2032 Priest cannot arm a stalled q89 fallback without the exact live D2031 source and key
ok 102 - a catalogued D2032 Priest cannot arm a stalled q89 fallback without the exact live D2031 source and key
  ---
  duration_ms: 0.5268
  type: 'test'
  ...
# Subtest: the stalled Priest fallback stays unavailable for other q89 objectives
ok 103 - the stalled Priest fallback stays unavailable for other q89 objectives
  ---
  duration_ms: 0.4875
  type: 'test'
  ...
# Subtest: q89 Wizard returns normally to D2031 before using the live keyed doorway after a retreat
ok 104 - q89 Wizard returns normally to D2031 before using the live keyed doorway after a retreat
  ---
  duration_ms: 0.7787
  type: 'test'
  ...
# Subtest: q89 Wizard fails closed when normal fallback-source travel lands on the wrong map
ok 105 - q89 Wizard fails closed when normal fallback-source travel lands on the wrong map
  ---
  duration_ms: 0.4136
  type: 'test'
  ...
# Subtest: q89 Wizard fails closed after one live D2032 fallback pass makes no objective progress
ok 106 - q89 Wizard fails closed after one live D2032 fallback pass makes no objective progress
  ---
  duration_ms: 0.5875
  type: 'test'
  ...
# Subtest: a survivable Taoist lands the last bounded hit before retreating from a joining snake
ok 107 - a survivable Taoist lands the last bounded hit before retreating from a joining snake
  ---
  duration_ms: 0.3236
  type: 'test'
  ...
# Subtest: a proven current target forces retreat below forty percent health before combat resumes
ok 108 - a proven current target forces retreat below forty percent health before combat resumes
  ---
  duration_ms: 0.8994
  type: 'test'
  ...
# Subtest: interrupts an in-progress target fight when a new adjacent aggressor lands a hit
ok 109 - interrupts an in-progress target fight when a new adjacent aggressor lands a hit
  ---
  duration_ms: 0.6201
  type: 'test'
  ...
# Subtest: a supplied harvest hunt focuses its unique target and carves before clearing aggressors
ok 110 - a supplied harvest hunt focuses its unique target and carves before clearing aggressors
  ---
  duration_ms: 1.1686
  type: 'test'
  ...
# Subtest: a focused Skeleton kill does not spend the attack budget on a proven BoneFighter aggressor
ok 111 - a focused Skeleton kill does not spend the attack budget on a proven BoneFighter aggressor
  ---
  duration_ms: 0.5019
  type: 'test'
  ...
# Subtest: focused Zombie3 objective prefers an injured target over a fresh same-species aggressor
ok 112 - focused Zombie3 objective prefers an injured target over a fresh same-species aggressor
  ---
  duration_ms: 0.4024
  type: 'test'
  ...
# Subtest: a focused harvest hunt retreats after two proven attackers converge, then retries the target
ok 113 - a focused harvest hunt retreats after two proven attackers converge, then retries the target
  ---
  duration_ms: 0.8863
  type: 'test'
  ...
# Subtest: trusts objective progress from a proven same-species aggressor without an extra target kill
ok 114 - trusts objective progress from a proven same-species aggressor without an extra target kill
  ---
  duration_ms: 0.2742
  type: 'test'
  ...
# Subtest: applies the same threat interrupt when sustain makes a second target approach necessary
ok 115 - applies the same threat interrupt when sustain makes a second target approach necessary
  ---
  duration_ms: 0.4429
  type: 'test'
  ...
# Subtest: does not guess that an adjacent hostile is an aggressor without attack-recipient evidence
ok 116 - does not guess that an adjacent hostile is an aggressor without attack-recipient evidence
  ---
  duration_ms: 0.1907
  type: 'test'
  ...
# Subtest: searches the nearest same-map spawn when no target is in AOI
ok 117 - searches the nearest same-map spawn when no target is in AOI
  ---
  duration_ms: 0.3192
  type: 'test'
  ...
# Subtest: waits for a visible unique target pack to disperse before bounded search failure
ok 118 - waits for a visible unique target pack to disperse before bounded search failure
  ---
  duration_ms: 0.5049
  type: 'test'
  ...
# Subtest: unsafe-target observation retreats on the first proven hit instead of waiting in place
ok 119 - unsafe-target observation retreats on the first proven hit instead of waiting in place
  ---
  duration_ms: 0.7618
  type: 'test'
  ...
# Subtest: interrupts spawn navigation for a proven aggressor, clears it within budget, and resumes search
ok 120 - interrupts spawn navigation for a proven aggressor, clears it within budget, and resumes search
  ---
  duration_ms: 0.4381
  type: 'test'
  ...
# Subtest: a focused Skeleton spawn search retreats from BoneFighter without spending its attack budget
ok 121 - a focused Skeleton spawn search retreats from BoneFighter without spending its attack budget
  ---
  duration_ms: 0.5148
  type: 'test'
  ...
# Subtest: a failed spawn route sustains the player and interrupts immediately for a proven aggressor
ok 122 - a failed spawn route sustains the player and interrupts immediately for a proven aggressor
  ---
  duration_ms: 0.4885
  type: 'test'
  ...
# Subtest: retreats from a clustered proven aggressor and resumes the spawn search
ok 123 - retreats from a clustered proven aggressor and resumes the spawn search
  ---
  duration_ms: 0.6572
  type: 'test'
  ...
# Subtest: accepts a material pack retreat that isolates one follower inside the global clearance
ok 124 - accepts a material pack retreat that isolates one follower inside the global clearance
  ---
  duration_ms: 0.7126
  type: 'test'
  ...
# Subtest: low-health pack retreat requires the full safety radius
ok 125 - low-health pack retreat requires the full safety radius
  ---
  duration_ms: 0.1266
  type: 'test'
  ...
# Subtest: severe packs use the open-cell emergency escape before conservative path retries
ok 126 - severe packs use the open-cell emergency escape before conservative path retries
  ---
  duration_ms: 0.8343
  type: 'test'
  ...
# Subtest: a partial cave escape replans when the proven pursuer has left
ok 127 - a partial cave escape replans when the proven pursuer has left
  ---
  duration_ms: 3.3216
  type: 'test'
  ...
# Subtest: a cave dead end replans after its only proven blocker is defeated
ok 128 - a cave dead end replans after its only proven blocker is defeated
  ---
  duration_ms: 0.8598
  type: 'test'
  ...
# Subtest: a fully occupied retreat cuts down one proven adjacent attacker to open an escape tile
ok 129 - a fully occupied retreat cuts down one proven adjacent attacker to open an escape tile
  ---
  duration_ms: 0.7767
  type: 'test'
  ...
# Subtest: a fully occupied retreat waits out paralysis before breakout combat
ok 130 - a fully occupied retreat waits out paralysis before breakout combat
  ---
  duration_ms: 0.919
  type: 'test'
  ...
# Subtest: low-health no-step retreat uses the optional emergency escape before breaking out
ok 131 - low-health no-step retreat uses the optional emergency escape before breaking out
  ---
  duration_ms: 0.7548
  type: 'test'
  ...
# Subtest: low-health multi-aggressor pressure uses emergency escape before a temporary walk route
ok 132 - low-health multi-aggressor pressure uses emergency escape before a temporary walk route
  ---
  duration_ms: 0.5426
  type: 'test'
  ...
# Subtest: a failed low-health emergency escape falls back to bounded hostile breakout
ok 133 - a failed low-health emergency escape falls back to bounded hostile breakout
  ---
  duration_ms: 0.7753
  type: 'test'
  ...
# Subtest: q89 Taoist blocks a fresh critical travel-breakout cast after sustain creates two proven attackers
ok 134 - q89 Taoist blocks a fresh critical travel-breakout cast after sustain creates two proven attackers
  ---
  duration_ms: 0.4063
  type: 'test'
  ...
# Subtest: q89 Taoist critical overlap uses the held escape before any SoulFireBall
ok 135 - q89 Taoist critical overlap uses the held escape before any SoulFireBall
  ---
  duration_ms: 0.3714
  type: 'test'
  ...
# Subtest: q89 Taoist admits a live Priest with two nonadjacent neighbors and verifies its ordinary death receipt
ok 136 - q89 Taoist admits a live Priest with two nonadjacent neighbors and verifies its ordinary death receipt
  ---
  duration_ms: 0.4015
  type: 'test'
  ...
# Subtest: q89 Taoist critical blocked pack ends its bounded retreat without breakout casts or recursive recovery
ok 137 - q89 Taoist critical blocked pack ends its bounded retreat without breakout casts or recursive recovery
  ---
  duration_ms: 0.5627
  type: 'test'
  ...
# Subtest: a multi-kill breakout continues through a second proven attacker before escaping
ok 138 - a multi-kill breakout continues through a second proven attacker before escaping
  ---
  duration_ms: 1.1633
  type: 'test'
  ...
# Subtest: an unreachable breakout attacker is skipped for the next proven blocker
ok 139 - an unreachable breakout attacker is skipped for the next proven blocker
  ---
  duration_ms: 1.0214
  type: 'test'
  ...
# Subtest: iterative pack retreat replans from each live position and sustains during escape
ok 140 - iterative pack retreat replans from each live position and sustains during escape
  ---
  duration_ms: 0.7221
  type: 'test'
  ...
# Subtest: a pursuing pack that preserves exposure is broken after bounded retreat progress
ok 141 - a pursuing pack that preserves exposure is broken after bounded retreat progress
  ---
  duration_ms: 0.7665
  type: 'test'
  ...
# Subtest: moving hostiles can extend retreat across bounded batches until exposure is safe
ok 142 - moving hostiles can extend retreat across bounded batches until exposure is safe
  ---
  duration_ms: 0.6129
  type: 'test'
  ...
# Subtest: search stays in the nearest local field instead of visiting every distant center first
ok 143 - search stays in the nearest local field instead of visiting every distant center first
  ---
  duration_ms: 0.6676
  type: 'test'
  ...
# Subtest: item search prefers an abundant source field over a nearby rare variant
ok 144 - item search prefers an abundant source field over a nearby rare variant
  ---
  duration_ms: 0.4959
  type: 'test'
  ...
# Subtest: a remembered corpse is revisited once without treating it as live, then its candidate is deprioritized
ok 145 - a remembered corpse is revisited once without treating it as live, then its candidate is deprioritized
  ---
  duration_ms: 0.3263
  type: 'test'
  ...
# Subtest: offline monster observations are location hints and require a fresh live AOI target
ok 146 - offline monster observations are location hints and require a fresh live AOI target
  ---
  duration_ms: 0.3081
  type: 'test'
  ...
# Subtest: a same-map world refresh preserves monster locations observed earlier in the visit
ok 147 - a same-map world refresh preserves monster locations observed earlier in the visit
  ---
  duration_ms: 0.3249
  type: 'test'
  ...
# Subtest: a blocked cave retreat uses a held escape before breakout combat above the usual HP threshold
ok 148 - a blocked cave retreat uses a held escape before breakout combat above the usual HP threshold
  ---
  duration_ms: 0.5741
  type: 'test'
  ...
# Subtest: V2 full-spread search ignores a stale ordinary-monster history hint before the nearest field
ok 149 - V2 full-spread search ignores a stale ordinary-monster history hint before the nearest field
  ---
  duration_ms: 0.2907
  type: 'test'
  ...
# Subtest: V2 full-spread search ignores a dead current-snapshot monster waypoint
ok 150 - V2 full-spread search ignores a dead current-snapshot monster waypoint
  ---
  duration_ms: 0.2204
  type: 'test'
  ...
# Subtest: V2 keeps a live current-AOI objective ahead of its manifest field
ok 151 - V2 keeps a live current-AOI objective ahead of its manifest field
  ---
  duration_ms: 0.1905
  type: 'test'
  ...
# Subtest: default V1 search continues to prioritize same-map historical ordinary-monster hints
ok 152 - default V1 search continues to prioritize same-map historical ordinary-monster hints
  ---
  duration_ms: 0.2725
  type: 'test'
  ...
# Subtest: a remembered CannibalPlant location gets one close bounded reveal observation
ok 153 - a remembered CannibalPlant location gets one close bounded reveal observation
  ---
  duration_ms: 0.3778
  type: 'test'
  ...
# Subtest: nearest-neighbor traversal does not zigzag between distant full-spread regions
ok 154 - nearest-neighbor traversal does not zigzag between distant full-spread regions
  ---
  duration_ms: 0.4854
  type: 'test'
  ...
# Subtest: spawn search obeys one global waypoint budget
ok 155 - spawn search obeys one global waypoint budget
  ---
  duration_ms: 0.4045
  type: 'test'
  ...
# Subtest: full-spread exhaustion waits for a bounded respawn and resumes the active objective
ok 156 - full-spread exhaustion waits for a bounded respawn and resumes the active objective
  ---
  duration_ms: 0.3772
  type: 'test'
  ...
# Subtest: profiled respawn delay extends the default bounded wait window
ok 157 - profiled respawn delay extends the default bounded wait window
  ---
  duration_ms: 1.5227
  type: 'test'
  ...
# Subtest: a proven adjacent attack interrupts a respawn wait and is cleared before waiting again
ok 158 - a proven adjacent attack interrupts a respawn wait and is cleared before waiting again
  ---
  duration_ms: 0.393
  type: 'test'
  ...
# Subtest: full-spread grid covers the observed CannibalPlant offset beyond the old 48-tile ring
ok 159 - full-spread grid covers the observed CannibalPlant offset beyond the old 48-tile ring
  ---
  duration_ms: 0.4013
  type: 'test'
  ...
# Subtest: full-spread grid closes RakingCat holes while bare ObjectRevived creates no phantom target
ok 160 - full-spread grid closes RakingCat holes while bare ObjectRevived creates no phantom target
  ---
  duration_ms: 0.4299
  type: 'test'
  ...
# Subtest: known map bounds clip every full-spread waypoint
ok 161 - known map bounds clip every full-spread waypoint
  ---
  duration_ms: 1.0026
  type: 'test'
  ...
# Subtest: wall-clock search timeout reports partial coverage and emits bounded diagnostics
ok 162 - wall-clock search timeout reports partial coverage and emits bounded diagnostics
  ---
  duration_ms: 0.4823
  type: 'test'
  ...
# Subtest: harvest item source uses the corpse direction and waits for quest progress
ok 163 - harvest item source uses the corpse direction and waits for quest progress
  ---
  duration_ms: 0.5122
  type: 'test'
  ...
# Subtest: an already-consumed shared corpse is skipped without claiming progress
ok 164 - an already-consumed shared corpse is skipped without claiming progress
  ---
  duration_ms: 0.8938
  type: 'test'
  ...
# Subtest: three distinct unavailable corpses fail with an explicit bounded error
ok 165 - three distinct unavailable corpses fail with an explicit bounded error
  ---
  duration_ms: 1.0146
  type: 'test'
  ...
# Subtest: player death during unavailable-corpse probing still fails immediately
ok 166 - player death during unavailable-corpse probing still fails immediately
  ---
  duration_ms: 0.3396
  type: 'test'
  ...
# Subtest: fails closed when an objective has no source on the current map
ok 167 - fails closed when an objective has no source on the current map
  ---
  duration_ms: 0.1661
  type: 'test'
  ...
# Subtest: cross-map fallback skips an unreachable first source and travels only to a reachable map
ok 168 - cross-map fallback skips an unreachable first source and travels only to a reachable map
  ---
  duration_ms: 0.2441
  type: 'test'
  ...
# Subtest: cross-map objective prefers its quest NPC map over a closer dangerous source
ok 169 - cross-map objective prefers its quest NPC map over a closer dangerous source
  ---
  duration_ms: 0.2612
  type: 'test'
  ...
# Subtest: diary material objective prefers its quest group map over a shorter wasteland source
ok 170 - diary material objective prefers its quest group map over a shorter wasteland source
  ---
  duration_ms: 0.2653
  type: 'test'
  ...
# Subtest: cross-map fallback fails explicitly without travelling when all source maps are unreachable
ok 171 - cross-map fallback fails explicitly without travelling when all source maps are unreachable
  ---
  duration_ms: 0.2195
  type: 'test'
  ...
# Subtest: stops immediately when the player is dead
ok 172 - stops immediately when the player is dead
  ---
  duration_ms: 0.12
  type: 'test'
  ...
# Subtest: bounds a target that never reports combat progress
ok 173 - bounds a target that never reports combat progress
  ---
  duration_ms: 1.2428
  type: 'test'
  ...
# Subtest: a non-responsive revived target is quarantined while another live target completes combat
ok 174 - a non-responsive revived target is quarantined while another live target completes combat
  ---
  duration_ms: 0.498
  type: 'test'
  ...
# Subtest: a fleeing Deer is re-approached instead of being quarantined as unresponsive
ok 175 - a fleeing Deer is re-approached instead of being quarantined as unresponsive
  ---
  duration_ms: 0.4155
  type: 'test'
  ...
# Subtest: a same-speed passive target is bounded after prolonged movement without a confirmed hit
ok 176 - a same-speed passive target is bounded after prolonged movement without a confirmed hit
  ---
  duration_ms: 0.3882
  type: 'test'
  ...
# Subtest: travel blocker combat clears a nearer live monster sealing the target approach
ok 177 - travel blocker combat clears a nearer live monster sealing the target approach
  ---
  duration_ms: 0.3642
  type: 'test'
  ...
# Subtest: continues ordinary attacks across HP acknowledgements until target death
ok 178 - continues ordinary attacks across HP acknowledgements until target death
  ---
  duration_ms: 0.4964
  type: 'test'
  ...
# Subtest: dynamic approach uses Wizard spell range, closes without MP, and waits without an attack
ok 179 - dynamic approach uses Wizard spell range, closes without MP, and waits without an attack
  ---
  duration_ms: 0.5631
  type: 'test'
  ...
# Subtest: combat approach retries with bounded clearance when the full buffer seals the path
ok 180 - combat approach retries with bounded clearance when the full buffer seals the path
  ---
  duration_ms: 0.2525
  type: 'test'
  ...
# Subtest: an unreachable live monster is quarantined while combat continues with another target
ok 181 - an unreachable live monster is quarantined while combat continues with another target
  ---
  duration_ms: 0.3353
  type: 'test'
  ...
# Subtest: a stationary target is retried after its temporary corridor blocker can move
ok 182 - a stationary target is retried after its temporary corridor blocker can move
  ---
  duration_ms: 0.6541
  type: 'test'
  ...
# Subtest: an opted-in objective clears one nearby monster occupying its only approach
ok 183 - an opted-in objective clears one nearby monster occupying its only approach
  ---
  duration_ms: 0.492
  type: 'test'
  ...
# Subtest: spawn search retries the same cave waypoint with bounded hostile clearance
ok 184 - spawn search retries the same cave waypoint with bounded hostile clearance
  ---
  duration_ms: 0.4955
  type: 'test'
  ...
# Subtest: cooldown waits preserve the attack budget and refresh from authoritative snapshots
ok 185 - cooldown waits preserve the attack budget and refresh from authoritative snapshots
  ---
  duration_ms: 0.3179
  type: 'test'
  ...
# Subtest: positive hits reset consecutive cooldown time during a long spell pull
ok 186 - positive hits reset consecutive cooldown time during a long spell pull
  ---
  duration_ms: 0.4659
  type: 'test'
  ...
# Subtest: a server cooldown that never changes fails after a bounded total wait
ok 187 - a server cooldown that never changes fails after a bounded total wait
  ---
  duration_ms: 0.4285
  type: 'test'
  ...
# Subtest: a sustain callback cannot mask authoritative player death
ok 188 - a sustain callback cannot mask authoritative player death
  ---
  duration_ms: 0.3136
  type: 'test'
  ...
# Subtest: a target that leaves during approach is deferred and another live target completes the objective
ok 189 - a target that leaves during approach is deferred and another live target completes the objective
  ---
  duration_ms: 0.341
  type: 'test'
  ...
# Subtest: target removal waits three seconds so a delayed authoritative player death wins the error classification
ok 190 - target removal waits three seconds so a delayed authoritative player death wins the error classification
  ---
  duration_ms: 0.322
  type: 'test'
  ...
# Subtest: a living player defers an exact removed target but still fails without quest progress
ok 191 - a living player defers an exact removed target but still fails without quest progress
  ---
  duration_ms: 1.0259
  type: 'test'
  ...
# Subtest: authoritative quest progress accepts a target removed before its death packet settles
ok 192 - authoritative quest progress accepts a target removed before its death packet settles
  ---
  duration_ms: 0.3027
  type: 'test'
  ...
# Subtest: proven remote-player last blow is recorded and retries without claiming quest credit
ok 193 - proven remote-player last blow is recorded and retries without claiming quest credit
  ---
  duration_ms: 0.4644
  type: 'test'
  ...
# Subtest: unknown last-blow identity preserves the missing-award failure
ok 194 - unknown last-blow identity preserves the missing-award failure
  ---
  duration_ms: 0.5692
  type: 'test'
  ...
# Subtest: defensive self-healing does not consume the bounded monster attack budget
ok 195 - defensive self-healing does not consume the bounded monster attack budget
  ---
  duration_ms: 0.6773
  type: 'test'
  ...
# Subtest: opt-in timed full-spread search takes one bounded respawn wait, refreshes, then completes normally
ok 196 - opt-in timed full-spread search takes one bounded respawn wait, refreshes, then completes normally
  ---
  duration_ms: 0.4488
  type: 'test'
  ...
# Subtest: default timed full-spread search remains terminal and never enters the respawn retry
ok 197 - default timed full-spread search remains terminal and never enters the respawn retry
  ---
  duration_ms: 0.2472
  type: 'test'
  ...
# Subtest: opt-in timed-search recovery does not swallow an ordinary navigation error
ok 198 - opt-in timed-search recovery does not swallow an ordinary navigation error
  ---
  duration_ms: 0.24
  type: 'test'
  ...
# Subtest: opt-in fresh corpse without an accepted owner attack rescans without awarding credit
ok 199 - opt-in fresh corpse without an accepted owner attack rescans without awarding credit
  ---
  duration_ms: 0.3702
  type: 'test'
  ...
# Subtest: accepted owner ObjectAttack keeps the missing-award failure despite a fresh corpse snapshot
ok 200 - accepted owner ObjectAttack keeps the missing-award failure despite a fresh corpse snapshot
  ---
  duration_ms: 0.3121
  type: 'test'
  ...
# Subtest: accepted owner ObjectStruck keeps the missing-award failure despite a fresh corpse snapshot
ok 201 - accepted owner ObjectStruck keeps the missing-award failure despite a fresh corpse snapshot
  ---
  duration_ms: 0.2064
  type: 'test'
  ...
# Subtest: accepted owner ObjectStruck keeps the missing-award failure despite a fresh corpse snapshot
ok 202 - accepted owner ObjectStruck keeps the missing-award failure despite a fresh corpse snapshot
  ---
  duration_ms: 0.2476
  type: 'test'
  ...
# Subtest: accepted owner Magic keeps the missing-award failure despite a fresh corpse snapshot
ok 203 - accepted owner Magic keeps the missing-award failure despite a fresh corpse snapshot
  ---
  duration_ms: 0.2032
  type: 'test'
  ...
# Subtest: default controller retains strict missing-award behavior for an unclaimed snapshot corpse
ok 204 - default controller retains strict missing-award behavior for an unclaimed snapshot corpse
  ---
  duration_ms: 0.3013
  type: 'test'
  ...
# Subtest: unclaimed snapshot corpse retries consume the existing engagement budget
ok 205 - unclaimed snapshot corpse retries consume the existing engagement budget
  ---
  duration_ms: 0.3656
  type: 'test'
  ...
# Subtest: a bystander death is not accepted as the current target death
ok 206 - a bystander death is not accepted as the current target death
  ---
  duration_ms: 0.4392
  type: 'test'
  ...
# Subtest: picks up a visible non-harvest quest drop and requires objective confirmation
ok 207 - picks up a visible non-harvest quest drop and requires objective confirmation
  ---
  duration_ms: 0.3176
  type: 'test'
  ...
# Subtest: same-tile harvest preserves a valid authoritative facing
ok 208 - same-tile harvest preserves a valid authoritative facing
  ---
  duration_ms: 0.046
  type: 'test'
  ...
# Subtest: q89 ordinary Priest approach maps a fresh named Shaman halo to bounded recovery
ok 209 - q89 ordinary Priest approach maps a fresh named Shaman halo to bounded recovery
  ---
  duration_ms: 1.3855
  type: 'test'
  ...
# ok - equips a strictly dominating eligible class upgrade
# ok - equips BronzeShortSword over SharpDagger by expected damage at zero Luck
# ok - Taoist without a learned offensive skill equips a held DC upgrade for melee
# ok - Taoist with a learned offensive skill keeps an SC-neutral weapon tradeoff
# ok - Wizard may improve held melee damage only while preserving MC
# ok - expected-damage weapon selection requires zero authoritative Luck and no other regression
# ok - keeps GoldenPendant because PrecisionPendant is an attack-versus-agility tradeoff
# ok - equips a left-labelled bracelet into the empty opposite wrist
# ok - does not replace either occupied wrist with an incomparable bracelet
# ok - does not replace gear for a tradeoff, wrong class, excess level, or missing metadata
# ok - honours a stat-based item requirement
# ok - reads real Gateway snake_case requirements and instance added_stats
# ok - learns only the class beginner book at its authoritative level
# ok - learns every held eligible approved progression book without inventing levels
# ok - approved later books still obey their authoritative required level
# ok - approved book sets cover the three newcomer class progressions
# ok - uses held HP and MP drugs only at conservative deficits
# ok - a fresh own ObjectMana refresh prevents a duplicate MP dose after the exact snapshot recovers
# ok - a fresh own ObjectMana still permits one MP dose when the refreshed exact MP remains low
# ok - MP reuse delay starts at the actual dose after a delayed exact snapshot probe
# ok - another player ObjectMana or a newer exact MP snapshot never probes before an ordinary MP dose
# ok - unknown or empty player object ids never classify ObjectMana as own
# ok - useSupplies accepts the real first-item uniqueId zero
# ok - useSupplies accepts a higher explicit HP recovery threshold
# ok - q89 opt-in prefers held HP Medium without rewriting inventory
# ok - emergency HP recovery sends immediately without awaiting an item acknowledgement
# ok - emergency HP recovery waits for the prior gradual potion dose before using another
# ok - opt-in restorative reuse cannot go below 2500ms
# ok - dead players emit no restorative item or Healing commands
# ok - a rejected restorative refreshes authoritative state without aborting the journey
# ok - Wizard casts exact known FireBall at a target in range
# ok - Wizard prefers ready GreatFireBall and falls back while it cools down
# ok - Wizard falls back to affordable FireBall when GreatFireBall lacks MP
# ok - combat approach keeps a ready Wizard FireBall at a safe ranged distance
# ok - Wizard holds spell range and waits without a command while FireBall cools down
# ok - combat approach closes to melee without enough authoritative MP
# ok - combat approach remains melee for other classes
# ok - Taoist Healing targets self when badly hurt
# ok - Taoist class recovery can heal during a non-combat interaction
# ok - opt-in Taoist recovery restores exact MP once, refreshes, then heals without an offense
# ok - MP restoration for class recovery remains opt-in and rejects unavailable Healing evidence
# ok - delayed MP restoration never claims Healing until a fresh exact snapshot can afford it
# ok - class recovery emits no action for Warrior or a Taoist without affordable Healing
# ok - Taoist uses SoulFireBall only with a real equipped standard Amulet
# ok - Taoist reloads a consumed equipped Amulet stack before the next SoulFireBall
# ok - Warrior passive and unknown skills never produce a magic cast
# ok - paralysis waits without spending an attack attempt and attacks after it clears
# ok - unavailable or out-of-range FireBall falls back to ordinary attack
# 48/48 protocol loadout tests passed
# Subtest: apps\\web\\scripts\\quest-agent\\test-protocol-loadout.mjs
ok 5 - apps\\web\\scripts\\quest-agent\\test-protocol-loadout.mjs
  ---
  duration_ms: 66.145
  type: 'test'
  ...
# Subtest: loads a mapFileName from the local packaged map resource
ok 211 - loads a mapFileName from the local packaged map resource
  ---
  duration_ms: 10.7192
  type: 'test'
  ...
# Subtest: rejects mapFileName traversal before reading local files
ok 212 - rejects mapFileName traversal before reading local files
  ---
  duration_ms: 0.5029
  type: 'test'
  ...
# Subtest: A* detours around a static wall and emits only unit Walk steps
ok 213 - A* detours around a static wall and emits only unit Walk steps
  ---
  duration_ms: 1.4527
  type: 'test'
  ...
# Subtest: dynamic obstacles participate in route planning
ok 214 - dynamic obstacles participate in route planning
  ---
  duration_ms: 0.3535
  type: 'test'
  ...
# Subtest: a static transfer override opens only its exact cell and never bypasses dynamic occupancy
ok 215 - a static transfer override opens only its exact cell and never bypasses dynamic occupancy
  ---
  duration_ms: 0.3015
  type: 'test'
  ...
# Subtest: transfer re-entry chooses a normal walkable unoccupied step outside the source bounds
ok 216 - transfer re-entry chooses a normal walkable unoccupied step outside the source bounds
  ---
  duration_ms: 0.6555
  type: 'test'
  ...
# Subtest: real Bichon MageHouse transfer source can be reached at distance zero only with its exact live override
ok 217 - real Bichon MageHouse transfer source can be reached at distance zero only with its exact live override
  ---
  duration_ms: 596.0492
  type: 'test'
  ...
# Subtest: diagonal Walk cannot cut between blocked cardinal neighbors
ok 218 - diagonal Walk cannot cut between blocked cardinal neighbors
  ---
  duration_ms: 0.1916
  type: 'test'
  ...
# Subtest: an exact live transfer override permits only the final diagonal door step
ok 219 - an exact live transfer override permits only the final diagonal door step
  ---
  duration_ms: 0.303
  type: 'test'
  ...
# Subtest: real SerpentValley blacksmith transfer has a path through its authoritative diagonal door
ok 220 - real SerpentValley blacksmith transfer has a path through its authoritative diagonal door
  ---
  duration_ms: 121.4982
  type: 'test'
  ...
# Subtest: returns null for an unreachable target
ok 221 - returns null for an unreachable target
  ---
  duration_ms: 0.2731
  type: 'test'
  ...
# Subtest: protocolWalkSteps rejects skips that cannot be sent as one normal Walk
ok 222 - protocolWalkSteps rejects skips that cannot be sent as one normal Walk
  ---
  duration_ms: 0.0891
  type: 'test'
  ...
# Subtest: type100 parser can leave doors open when live door state is supplied separately
ok 223 - type100 parser can leave doors open when live door state is supplied separately
  ---
  duration_ms: 0.1583
  type: 'test'
  ...
# Subtest: type100 back-image index bit is not mistaken for the high-wall flag
ok 224 - type100 back-image index bit is not mistaken for the high-wall flag
  ---
  duration_ms: 0.1915
  type: 'test'
  ...
# Subtest: V2 ordinary preparation and combat sustain remain potion-only
ok 225 - V2 ordinary preparation and combat sustain remain potion-only
  ---
  duration_ms: 1.1596
  type: 'test'
  ...
# Subtest: V2 retreat uses normal self-Healing only from observed clearance, with no offense or ACK block
ok 226 - V2 retreat uses normal self-Healing only from observed clearance, with no offense or ACK block
  ---
  duration_ms: 1.1893
  type: 'test'
  ...
# Subtest: V2 unsafe retreat does not stop for self-Healing or blocking medicine requests
ok 227 - V2 unsafe retreat does not stop for self-Healing or blocking medicine requests
  ---
  duration_ms: 0.3212
  type: 'test'
  ...
# Subtest: V2 post-retreat waits for fresh shared cooldown and verifies owner cast plus exact HP/MP
ok 228 - V2 post-retreat waits for fresh shared cooldown and verifies owner cast plus exact HP/MP
  ---
  duration_ms: 0.5767
  type: 'test'
  ...
# Subtest: V2 persistent shared cooldown exhausts the recovery window without a guessed cast
ok 229 - V2 persistent shared cooldown exhausts the recovery window without a guessed cast
  ---
  duration_ms: 3.2574
  type: 'test'
  ...
# Subtest: V2 foreign and rejected self-magic receipts cannot confirm Healing
ok 230 - V2 foreign and rejected self-magic receipts cannot confirm Healing
  ---
  duration_ms: 0.6403
  type: 'test'
  ...
# Subtest: V2 accepted cast alone cannot substitute for exact HP recovery and mana debit
ok 231 - V2 accepted cast alone cannot substitute for exact HP recovery and mana debit
  ---
  duration_ms: 3.547
  type: 'test'
  ...
# Subtest: V2 post-retreat retains the two-cast bound without inventing full health
ok 232 - V2 post-retreat retains the two-cast bound without inventing full health
  ---
  duration_ms: 0.3636
  type: 'test'
  ...
# Subtest: V2 recovery never emits Healing for another class, absent MP, or blocking status
ok 233 - V2 recovery never emits Healing for another class, absent MP, or blocking status
  ---
  duration_ms: 0.5265
  type: 'test'
  ...
# Subtest: V2 a pursuer entering the live margin during refresh prevents a healing wait or cast
ok 234 - V2 a pursuer entering the live margin during refresh prevents a healing wait or cast
  ---
  duration_ms: 0.4136
  type: 'test'
  ...
# Subtest: V2 unknown cooldown and safe-zone labels cannot substitute for recovery evidence
ok 235 - V2 unknown cooldown and safe-zone labels cannot substitute for recovery evidence
  ---
  duration_ms: 0.5904
  type: 'test'
  ...
# Subtest: real V2 factory keeps class training separate from the other class requirements
ok 236 - real V2 factory keeps class training separate from the other class requirements
  ---
  duration_ms: 131.7641
  type: 'test'
  ...
# Subtest: N16 keeps the mine skill check while reserving Zombie3 exposure for N14
ok 237 - N16 keeps the mine skill check while reserving Zombie3 exposure for N14
  ---
  duration_ms: 95.1791
  type: 'test'
  ...
# Subtest: V2 training footholds are data-defined, bounded, and separate from imported D022 groups
ok 238 - V2 training footholds are data-defined, bounded, and separate from imported D022 groups
  ---
  duration_ms: 20.5337
  type: 'test'
  ...
# Subtest: N21 class practice selects the authored training actor over a closer imported fighter
ok 239 - N21 class practice selects the authored training actor over a closer imported fighter
  ---
  duration_ms: 20.9962
  type: 'test'
  ...
# Subtest: N19 practice can acquire each real multi-actor Dung slot from the captured training group
ok 240 - N19 practice can acquire each real multi-actor Dung slot from the captured training group
  ---
  duration_ms: 21.1426
  type: 'test'
  ...
# Subtest: all three D022 training footholds have a static walk path from the ordinary entry
ok 241 - all three D022 training footholds have a static walk path from the ordinary entry
  ---
  duration_ms: 23.9807
  type: 'test'
  ...
# Subtest: Wizard N12 practices GreatFireBall without an extra FireBall cast
ok 242 - Wizard N12 practices GreatFireBall without an extra FireBall cast
  ---
  duration_ms: 19.1936
  type: 'test'
  ...
# Subtest: V2 route factory produces all 22 main and 4 growth nodes from manifests
ok 243 - V2 route factory produces all 22 main and 4 growth nodes from manifests
  ---
  duration_ms: 0.4202
  type: 'test'
  ...
# Subtest: V2 kill routes expose the manifest source contract consumed by ordinary multi-objective combat
ok 244 - V2 kill routes expose the manifest source contract consumed by ordinary multi-objective combat
  ---
  duration_ms: 0.45
  type: 'test'
  ...
# Subtest: missing manifest respawns fail closed instead of inventing a monster location
ok 245 - missing manifest respawns fail closed instead of inventing a monster location
  ---
  duration_ms: 0.8295
  type: 'test'
  ...
# Subtest: disabled zero-count respawns are not promoted into an objective source
ok 246 - disabled zero-count respawns are not promoted into an objective source
  ---
  duration_ms: 0.1845
  type: 'test'
  ...
# Subtest: Board keeps runtime object ID 24 even though Crystal stores it as npc index 35
ok 247 - Board keeps runtime object ID 24 even though Crystal stores it as npc index 35
  ---
  duration_ms: 0.1377
  type: 'test'
  ...
# Subtest: reward verification selects only the current class and resolves real item indexes
ok 248 - reward verification selects only the current class and resolves real item indexes
  ---
  duration_ms: 0.1147
  type: 'test'
  ...
# Subtest: V2 Basic Potion condition uses the nearby live Samuel shop without adding MP or Amulets
ok 249 - V2 Basic Potion condition uses the nearby live Samuel shop without adding MP or Amulets
  ---
  duration_ms: 0.9053
  type: 'test'
  ...
# Subtest: V2 Wizard combat refreshes a stale cooldown snapshot and then casts normally
ok 250 - V2 Wizard combat refreshes a stale cooldown snapshot and then casts normally
  ---
  duration_ms: 1330.1726
  type: 'test'
  ...
# Subtest: V2 ranged mine objectives require a fresh public Zombie2 reveal before magic
ok 251 - V2 ranged mine objectives require a fresh public Zombie2 reveal before magic
  ---
  duration_ms: 2.3624
  type: 'test'
  ...
# Subtest: V2 objective combat explicitly opts into the bounded timed-search respawn observation
ok 252 - V2 objective combat explicitly opts into the bounded timed-search respawn observation
  ---
  duration_ms: 0.7951
  type: 'test'
  ...
# Subtest: server flag projection cannot be replaced by a local completion boolean
ok 253 - server flag projection cannot be replaced by a local completion boolean
  ---
  duration_ms: 0.3062
  type: 'test'
  ...
# Subtest: growth claims require a server Available quest and never infer readiness from level
ok 254 - growth claims require a server Available quest and never infer readiness from level
  ---
  duration_ms: 0.177
  type: 'test'
  ...
# Subtest: final V2 completion requires every one of 26 server Completed rows and authoritative level 30
ok 255 - final V2 completion requires every one of 26 server Completed rows and authoritative level 30
  ---
  duration_ms: 0.2686
  type: 'test'
  ...
# Subtest: completed-node checkpoint retains the ordinary start and server receipt in the local QA report
ok 256 - completed-node checkpoint retains the ordinary start and server receipt in the local QA report
  ---
  duration_ms: 0.2378
  type: 'test'
  ...
# Subtest: functional recheck bounds public work by its separate deadline while retaining ordinary timing fields
ok 257 - functional recheck bounds public work by its separate deadline while retaining ordinary timing fields
  ---
  duration_ms: 40.9111
  type: 'test'
  ...
# Subtest: a critical unsupplied cave resume checks safety before any V2 practice cast
ok 258 - a critical unsupplied cave resume checks safety before any V2 practice cast
  ---
  duration_ms: 19.3274
  type: 'test'
  ...
# Subtest: authoritative V2 death is revived once, checkpointed, and leaves the unfinished server quest unchanged
ok 259 - authoritative V2 death is revived once, checkpointed, and leaves the unfinished server quest unchanged
  ---
  duration_ms: 0.317
  type: 'test'
  ...
# Subtest: a living V2 client never sends a revive request or consumes a recovery slot
ok 260 - a living V2 client never sends a revive request or consumes a recovery slot
  ---
  duration_ms: 0.0971
  type: 'test'
  ...
# Subtest: V2 recovery fails closed after three confirmed deaths in one ordinary process
ok 261 - V2 recovery fails closed after three confirmed deaths in one ordinary process
  ---
  duration_ms: 0.2297
  type: 'test'
  ...
# Subtest: a resumed V2 recovery ledger preserves its confirmed receipt and leaves only two recovery slots
ok 262 - a resumed V2 recovery ledger preserves its confirmed receipt and leaves only two recovery slots
  ---
  duration_ms: 39.083
  type: 'test'
  ...
# Subtest: practice search ranks a near spawn field ahead of a remote manifest first entry and stops for an AOI target
ok 263 - practice search ranks a near spawn field ahead of a remote manifest first entry and stops for an AOI target
  ---
  duration_ms: 0.8978
  type: 'test'
  ...
# Subtest: practice reserves the shared attempt budget for the distant first Oma field edge
ok 264 - practice reserves the shared attempt budget for the distant first Oma field edge
  ---
  duration_ms: 0.7393
  type: 'test'
  ...
# Subtest: practice debits actual exhausted attempts and successful steps across bounded waypoints
ok 265 - practice debits actual exhausted attempts and successful steps across bounded waypoints
  ---
  duration_ms: 0.4176
  type: 'test'
  ...
# Subtest: practice keeps a target revealed by the final accepted move at its attempt cap
ok 266 - practice keeps a target revealed by the final accepted move at its attempt cap
  ---
  duration_ms: 0.2461
  type: 'test'
  ...
# Subtest: practice skips an unreachable spread waypoint and completes only after a fresh live target and server flag
ok 267 - practice skips an unreachable spread waypoint and completes only after a fresh live target and server flag
  ---
  duration_ms: 1.26
  type: 'test'
  ...
# Subtest: practice still fails after every bounded waypoint is unreachable and does not swallow other errors
ok 268 - practice still fails after every bounded waypoint is unreachable and does not swallow other errors
  ---
  duration_ms: 0.367
  type: 'test'
  ...
# Subtest: practice consumes trusted no-path movement before trying the next bounded waypoint
ok 269 - practice consumes trusted no-path movement before trying the next bounded waypoint
  ---
  duration_ms: 0.2894
  type: 'test'
  ...
# Subtest: directional practice aligns exact Thrusting and Lightning rays instead of accepting off-axis Chebyshev range
ok 270 - directional practice aligns exact Thrusting and Lightning rays instead of accepting off-axis Chebyshev range
  ---
  duration_ms: 0.5087
  type: 'test'
  ...
# Subtest: directional practice moves to a line before packets and refreshes a different live target for the next q21 action
ok 271 - directional practice moves to a line before packets and refreshes a different live target for the next q21 action
  ---
  duration_ms: 1.8217
  type: 'test'
  ...
# Subtest: Warrior technique practice retries an accepted accuracy miss inside the same receipt window
ok 272 - Warrior technique practice retries an accepted accuracy miss inside the same receipt window
  ---
  duration_ms: 0.673
  type: 'test'
  ...
# Subtest: Wizard practice waits for a fresh shared cooldown receipt before GreatFireBall
ok 273 - Wizard practice waits for a fresh shared cooldown receipt before GreatFireBall
  ---
  duration_ms: 415.2926
  type: 'test'
  ...
# Subtest: Taoist normal practice waits for acknowledged movement ActionTime, not passive SpiritSword readiness
ok 274 - Taoist normal practice waits for acknowledged movement ActionTime, not passive SpiritSword readiness
  ---
  duration_ms: 202.7453
  type: 'test'
  ...
# Subtest: normal practice retries an owner-accepted accuracy miss but never counts an observer attack
ok 275 - normal practice retries an owner-accepted accuracy miss but never counts an observer attack
  ---
  duration_ms: 652.3228
  type: 'test'
  ...
# Subtest: N16 and N21 FireWall practice use the public ground-cast packet and require the target-zero cast receipt
ok 276 - N16 and N21 FireWall practice use the public ground-cast packet and require the target-zero cast receipt
  ---
  duration_ms: 0.3712
  type: 'test'
  ...
# Subtest: FireWall reveals a buried Zombie2 through public visibility before casting
ok 277 - FireWall reveals a buried Zombie2 through public visibility before casting
  ---
  duration_ms: 0.1938
  type: 'test'
  ...
# Subtest: FireWall does not cast at a still-buried snapshot monster
ok 278 - FireWall does not cast at a still-buried snapshot monster
  ---
  duration_ms: 0.4055
  type: 'test'
  ...
# Subtest: FireWall rejects a monster-target or non-cast acknowledgement even when the live target is struck
ok 279 - FireWall rejects a monster-target or non-cast acknowledgement even when the live target is struck
  ---
  duration_ms: 0.5701
  type: 'test'
  ...
# Subtest: practice plans execute every q21 class action rather than one priority spell
ok 280 - practice plans execute every q21 class action rather than one priority spell
  ---
  duration_ms: 0.2471
  type: 'test'
  ...
# Subtest: Wizard reposition accepts an authoritative in-place UserLocation update
ok 281 - Wizard reposition accepts an authoritative in-place UserLocation update
  ---
  duration_ms: 0.1975
  type: 'test'
  ...
# Subtest: Wizard reposition rejects a local coordinate change without UserLocation
ok 282 - Wizard reposition rejects a local coordinate change without UserLocation
  ---
  duration_ms: 0.1438
  type: 'test'
  ...
# Subtest: Wizard reposition uses an open adjacent cell when the first endpoint is a wall
ok 283 - Wizard reposition uses an open adjacent cell when the first endpoint is a wall
  ---
  duration_ms: 0.206
  type: 'test'
  ...
# Subtest: N18 loadout-only SummonSkeleton requirement learns the skill without entering owned-pet combat
ok 284 - N18 loadout-only SummonSkeleton requirement learns the skill without entering owned-pet combat
  ---
  duration_ms: 0.0735
  type: 'test'
  ...
# Subtest: mixed map-entry flag waits for a fresh map-and-position receipt, not its unprepared AND group
ok 285 - mixed map-entry flag waits for a fresh map-and-position receipt, not its unprepared AND group
  ---
  duration_ms: 0.1075
  type: 'test'
  ...
# Subtest: Healing executes against self at full HP only after a server objective receipt
ok 286 - Healing executes against self at full HP only after a server objective receipt
  ---
  duration_ms: 0.1411
  type: 'test'
  ...
# Subtest: Fencing and SpiritSword practice use normal attacks, never magic packets
ok 287 - Fencing and SpiritSword practice use normal attacks, never magic packets
  ---
  duration_ms: 0.1558
  type: 'test'
  ...
# Subtest: HalfMoon arms through its public toggle before attacking, and Lightning self-routes toward its current target
ok 288 - HalfMoon arms through its public toggle before attacking, and Lightning self-routes toward its current target
  ---
  duration_ms: 0.3111
  type: 'test'
  ...
# Subtest: N21 separates accepted HalfMoon and Thrusting swings by the shared Zone action clock
ok 289 - N21 separates accepted HalfMoon and Thrusting swings by the shared Zone action clock
  ---
  duration_ms: 651.1072
  type: 'test'
  ...
# Subtest: Thrusting fails closed for wrong owner toggle receipt
ok 290 - Thrusting fails closed for wrong owner toggle receipt
  ---
  duration_ms: 0.333
  type: 'test'
  ...
# Subtest: Thrusting fails closed for wrong spell toggle receipt
ok 291 - Thrusting fails closed for wrong spell toggle receipt
  ---
  duration_ms: 0.2193
  type: 'test'
  ...
# Subtest: Thrusting fails closed for disabled receipt toggle receipt
ok 292 - Thrusting fails closed for disabled receipt toggle receipt
  ---
  duration_ms: 0.1398
  type: 'test'
  ...
# Subtest: Thrusting fails closed for old pre-send receipt toggle receipt
ok 293 - Thrusting fails closed for old pre-send receipt toggle receipt
  ---
  duration_ms: 0.1092
  type: 'test'
  ...
# Subtest: HalfMoon fails closed until the server confirms its public toggle
ok 294 - HalfMoon fails closed until the server confirms its public toggle
  ---
  duration_ms: 0.1466
  type: 'test'
  ...
# Subtest: Poisoning equips bag poison before its public magic packet and waits for server progress
ok 295 - Poisoning equips bag poison before its public magic packet and waits for server progress
  ---
  duration_ms: 0.5478
  type: 'test'
  ...
# Subtest: Poisoning moves an existing belt poison stack through public packets before practice
ok 296 - Poisoning moves an existing belt poison stack through public packets before practice
  ---
  duration_ms: 0.6886
  type: 'test'
  ...
# Subtest: Poisoning waits for a buried Zombie2 to reveal at three tiles before casting
ok 297 - Poisoning waits for a buried Zombie2 to reveal at three tiles before casting
  ---
  duration_ms: 0.383
  type: 'test'
  ...
# Subtest: Poisoning does not cast at a buried target without a public reveal receipt
ok 298 - Poisoning does not cast at a buried target without a public reveal receipt
  ---
  duration_ms: 0.416
  type: 'test'
  ...
# Subtest: SummonSkeleton pauses before casting when no real Amulet can be equipped
ok 299 - SummonSkeleton pauses before casting when no real Amulet can be equipped
  ---
  duration_ms: 0.2826
  type: 'test'
  ...
# Subtest: real owner-only UserLocation makes V2 practice refresh shared readiness before a summon, target spell, or self-heal
ok 300 - real owner-only UserLocation makes V2 practice refresh shared readiness before a summon, target spell, or self-heal
  ---
  duration_ms: 614.7748
  type: 'test'
  ...
# Subtest: SummonSkeleton uses the public target-zero summon route after equipping real Amulet
ok 301 - SummonSkeleton uses the public target-zero summon route after equipping real Amulet
  ---
  duration_ms: 0.3767
  type: 'test'
  ...
# Subtest: SummonSkeleton proves a same-owner BoneFamiliar after its public spawn packet
ok 302 - SummonSkeleton proves a same-owner BoneFamiliar after its public spawn packet
  ---
  duration_ms: 0.3888
  type: 'test'
  ...
# Subtest: three independently receipted practice actions do not wait for an AND-group before its final action
ok 303 - three independently receipted practice actions do not wait for an AND-group before its final action
  ---
  duration_ms: 0.1102
  type: 'test'
  ...
# Subtest: safe-arrival uses a Bichon city safe-area coordinate and potion aliases count by item template
ok 304 - safe-arrival uses a Bichon city safe-area coordinate and potion aliases count by item template
  ---
  duration_ms: 0.1718
  type: 'test'
  ...
# Subtest: Taoist Wooma expedition melees a non-objective blocker without spending an Amulet
ok 305 - Taoist Wooma expedition melees a non-objective blocker without spending an Amulet
  ---
  duration_ms: 2.2442
  type: 'test'
  ...
# Subtest: Taoist Wooma expedition still casts at an objective monster
ok 306 - Taoist Wooma expedition still casts at an objective monster
  ---
  duration_ms: 0.2237
  type: 'test'
  ...
# Subtest: q99 keeps the same melee blocker rule while preserving ranged objective combat
ok 307 - q99 keeps the same melee blocker rule while preserving ranged objective combat
  ---
  duration_ms: 0.2302
  type: 'test'
  ...
# Subtest: q113 Taoist uses the ordinary nine-tile SoulFireBall action range
ok 308 - q113 Taoist uses the ordinary nine-tile SoulFireBall action range
  ---
  duration_ms: 0.6751
  type: 'test'
  ...
# Subtest: q113 range policy leaves other Taoist quest approach hints unchanged
ok 309 - q113 range policy leaves other Taoist quest approach hints unchanged
  ---
  duration_ms: 0.2351
  type: 'test'
  ...
# Subtest: q113 Taoist keeps melee approach and actions when SoulFireBall is unavailable
ok 310 - q113 Taoist keeps melee approach and actions when SoulFireBall is unavailable
  ---
  duration_ms: 0.3929
  type: 'test'
  ...
# Subtest: V2 shops choose medium/large MP by level while retaining real carried small medicine
ok 311 - V2 shops choose medium/large MP by level while retaining real carried small medicine
  ---
  duration_ms: 6.7074
  type: 'test'
  ...
# Subtest: V2 buys all minima before optional top-ups instead of spending MP/escape money on HP
ok 312 - V2 buys all minima before optional top-ups instead of spending MP/escape money on HP
  ---
  duration_ms: 1.1183
  type: 'test'
  ...
# Subtest: V2 Taoist buys real charges at Bull and Travis using normal room travel and receipts
ok 313 - V2 Taoist buys real charges at Bull and Travis using normal room travel and receipts
  ---
  duration_ms: 1.1513
  type: 'test'
  ...
# Subtest: V2 optional HP top-up respects remaining bag weight without rejecting confirmed departure minima
ok 314 - V2 optional HP top-up respects remaining bag weight without rejecting confirmed departure minima
  ---
  duration_ms: 1.0092
  type: 'test'
  ...
# Subtest: V2 insufficient gold, excess weight and unconfirmed purchases return blocked
ok 315 - V2 insufficient gold, excess weight and unconfirmed purchases return blocked
  ---
  duration_ms: 1.2502
  type: 'test'
  ...
# Subtest: V2 return travel that consumes the final material never returns restocked
ok 316 - V2 return travel that consumes the final material never returns restocked
  ---
  duration_ms: 1.1862
  type: 'test'
  ...
# Subtest: V2 optional top-up preserves money when shop travel consumes another material minimum
ok 317 - V2 optional top-up preserves money when shop travel consumes another material minimum
  ---
  duration_ms: 1.419
  type: 'test'
  ...
# Subtest: reports preferred weapon funding for an unarmed or under-geared Warrior
ok 318 - reports preferred weapon funding for an unarmed or under-geared Warrior
  ---
  duration_ms: 0.2992
  type: 'test'
  ...
# Subtest: reports and buys the live class weapon when a caster lost every weapon
ok 319 - reports and buys the live class weapon when a caster lost every weapon
  ---
  duration_ms: 1.7443
  type: 'test'
  ...
# Subtest: under-geared Warrior upgrades Dagger to the preferred BronzeAxe without a lower-tier fallback
ok 320 - under-geared Warrior upgrades Dagger to the preferred BronzeAxe without a lower-tier fallback
  ---
  duration_ms: 0.9608
  type: 'test'
  ...
# Subtest: unarmed Warrior buys the best affordable live Blacksmith weapon with exact proof
ok 321 - unarmed Warrior buys the best affordable live Blacksmith weapon with exact proof
  ---
  duration_ms: 0.5009
  type: 'test'
  ...
# Subtest: unarmed Warrior falls back to the strongest affordable exact catalog row
ok 322 - unarmed Warrior falls back to the strongest affordable exact catalog row
  ---
  duration_ms: 0.345
  type: 'test'
  ...
# Subtest: weapon purchase proves the live Blacksmith rate-adjusted price
ok 323 - weapon purchase proves the live Blacksmith rate-adjusted price
  ---
  duration_ms: 0.3162
  type: 'test'
  ...
# Subtest: q7 Taoist uses the live BronzeSword fallback at 960 only after its held survival floor is proven
ok 324 - q7 Taoist uses the live BronzeSword fallback at 960 only after its held survival floor is proven
  ---
  duration_ms: 0.6253
  type: 'test'
  ...
# Subtest: q7 Taoist prefers the live IronSword when its ordinary account gold covers it
ok 325 - q7 Taoist prefers the live IronSword when its ordinary account gold covers it
  ---
  duration_ms: 0.3818
  type: 'test'
  ...
# Subtest: q7 Taoist forest upgrade fails before shopping when held survival supplies are insufficient
ok 326 - q7 Taoist forest upgrade fails before shopping when held survival supplies are insufficient
  ---
  duration_ms: 0.1621
  type: 'test'
  ...
# Subtest: q7 Taoist rechecks held survival supplies after Blacksmith travel before spending the reserve
ok 327 - q7 Taoist rechecks held survival supplies after Blacksmith travel before spending the reserve
  ---
  duration_ms: 0.3321
  type: 'test'
  ...
# Subtest: q7 Taoist forest upgrade still requires a fresh exact purchase receipt
ok 328 - q7 Taoist forest upgrade still requires a fresh exact purchase receipt
  ---
  duration_ms: 0.6396
  type: 'test'
  ...
# Subtest: ordinary class weapon restocking retains its reserve and does not use the q7 exception
ok 329 - ordinary class weapon restocking retains its reserve and does not use the q7 exception
  ---
  duration_ms: 0.3312
  type: 'test'
  ...
# Subtest: q7 Taoist leaves an existing non-Wooden weapon in place and never buys a weaker fallback
ok 330 - q7 Taoist leaves an existing non-Wooden weapon in place and never buys a weaker fallback
  ---
  duration_ms: 0.2684
  type: 'test'
  ...
# Subtest: recomputes caster stock after service travel consumes the departure-floor MP bottle
ok 331 - recomputes caster stock after service travel consumes the departure-floor MP bottle
  ---
  duration_ms: 1.0533
  type: 'test'
  ...
# Subtest: does nothing outside map 0 or when relevant stock is sufficient
ok 332 - does nothing outside map 0 or when relevant stock is sufficient
  ---
  duration_ms: 0.2497
  type: 'test'
  ...
# Subtest: ordinary restock does not buy RandomTeleport unless explicitly requested
ok 333 - ordinary restock does not buy RandomTeleport unless explicitly requested
  ---
  duration_ms: 0.1583
  type: 'test'
  ...
# Subtest: Wizard-only HP Medium opt-in buys the live Ruben row to target six
ok 334 - Wizard-only HP Medium opt-in buys the live Ruben row to target six
  ---
  duration_ms: 0.3447
  type: 'test'
  ...
# Subtest: HP Medium opt-in skips safely when the fresh Ruben row is missing or unaffordable
ok 335 - HP Medium opt-in skips safely when the fresh Ruben row is missing or unaffordable
  ---
  duration_ms: 0.6242
  type: 'test'
  ...
# Subtest: ordinary restock does not buy TownTeleport unless explicitly requested
ok 336 - ordinary restock does not buy TownTeleport unless explicitly requested
  ---
  duration_ms: 0.1558
  type: 'test'
  ...
# Subtest: opt-in TownTeleport reserve uses Scott goods when Ruben lacks TownTeleport
ok 337 - opt-in TownTeleport reserve uses Scott goods when Ruben lacks TownTeleport
  ---
  duration_ms: 0.8258
  type: 'test'
  ...
# Subtest: TownTeleport restock refreshes a missing live Scott before opening his real goods
ok 338 - TownTeleport restock refreshes a missing live Scott before opening his real goods
  ---
  duration_ms: 0.4806
  type: 'test'
  ...
# Subtest: Scott travel refreshes a Taoist Amulet floor from one fresh Ruben receipt
ok 339 - Scott travel refreshes a Taoist Amulet floor from one fresh Ruben receipt
  ---
  duration_ms: 1.3808
  type: 'test'
  ...
# Subtest: post-Scott Amulet refresh fails closed from live gold without spending the reserve
ok 340 - post-Scott Amulet refresh fails closed from live gold without spending the reserve
  ---
  duration_ms: 0.7012
  type: 'test'
  ...
# Subtest: Scott TownTeleport failures and unknown live gold do not fall through to Ruben
ok 341 - Scott TownTeleport failures and unknown live gold do not fall through to Ruben
  ---
  duration_ms: 0.5674
  type: 'test'
  ...
# Subtest: fresh Ruben funding sells one live Venison before Amulet and TownTeleport purchases
ok 342 - fresh Ruben funding sells one live Venison before Amulet and TownTeleport purchases
  ---
  duration_ms: 1.6011
  type: 'test'
  ...
# Subtest: fresh Ruben funding skips the material top-up when the live budget already covers both purchases
ok 343 - fresh Ruben funding skips the material top-up when the live budget already covers both purchases
  ---
  duration_ms: 1.109
  type: 'test'
  ...
# Subtest: fresh Ruben funding preserves the reserve and fails closed when no eligible material can top up
ok 344 - fresh Ruben funding preserves the reserve and fails closed when no eligible material can top up
  ---
  duration_ms: 1.5126
  type: 'test'
  ...
# Subtest: fresh Ruben funding rejects a sale and ignores a recycled non-material item id
ok 345 - fresh Ruben funding rejects a sale and ignores a recycled non-material item id
  ---
  duration_ms: 1.6763
  type: 'test'
  ...
# Subtest: TownTeleport funding shortfall reports needsFunds after Ruben potions without visiting Scott
ok 346 - TownTeleport funding shortfall reports needsFunds after Ruben potions without visiting Scott
  ---
  duration_ms: 0.3154
  type: 'test'
  ...
# Subtest: explicit eight-scroll route reserve buys exact Merchant Ruben rows and proves deltas
ok 347 - explicit eight-scroll route reserve buys exact Merchant Ruben rows and proves deltas
  ---
  duration_ms: 0.3058
  type: 'test'
  ...
# Subtest: emergency reserve liquidates Venison until all requested RandomTeleport scrolls are affordable
ok 348 - emergency reserve liquidates Venison until all requested RandomTeleport scrolls are affordable
  ---
  duration_ms: 0.43
  type: 'test'
  ...
# Subtest: emergency reserve is a target and does not repurchase an existing full stock
ok 349 - emergency reserve is a target and does not repurchase an existing full stock
  ---
  duration_ms: 0.1254
  type: 'test'
  ...
# Subtest: RandomTeleport use requires an ack, a fresh quantity decrease, and changed position
ok 350 - RandomTeleport use requires an ack, a fresh quantity decrease, and changed position
  ---
  duration_ms: 0.3581
  type: 'test'
  ...
# Subtest: RandomTeleport use fails closed on a rejected ack
ok 351 - RandomTeleport use fails closed on a rejected ack
  ---
  duration_ms: 0.1248
  type: 'test'
  ...
# Subtest: TownTeleport use proves consumption and accepts a map change with unchanged coordinates
ok 352 - TownTeleport use proves consumption and accepts a map change with unchanged coordinates
  ---
  duration_ms: 0.3517
  type: 'test'
  ...
# Subtest: TownTeleport UseItem rejection leaves the authoritative item unconsumed
ok 353 - TownTeleport UseItem rejection leaves the authoritative item unconsumed
  ---
  duration_ms: 0.1157
  type: 'test'
  ...
# Subtest: TownTeleport false ack cannot be treated as consumption
ok 354 - TownTeleport false ack cannot be treated as consumption
  ---
  duration_ms: 0.1044
  type: 'test'
  ...
# Subtest: shared emergency escape cooldown conserves scrolls across independent loops
ok 355 - shared emergency escape cooldown conserves scrolls across independent loops
  ---
  duration_ms: 0.2275
  type: 'test'
  ...
# Subtest: insufficient funds preserves the 100 gold reserve and sends no command
ok 356 - insufficient funds preserves the 100 gold reserve and sends no command
  ---
  duration_ms: 0.0894
  type: 'test'
  ...
# Subtest: journey mode sells only provably superseded quest gear before buying survival stock
ok 357 - journey mode sells only provably superseded quest gear before buying survival stock
  ---
  duration_ms: 0.6032
  type: 'test'
  ...
# Subtest: journey liquidation accepts Crystal Blacksmith combined BuySell service
ok 358 - journey liquidation accepts Crystal Blacksmith combined BuySell service
  ---
  duration_ms: 0.7521
  type: 'test'
  ...
# Subtest: journey recovery sells obsolete materials but preserves an active quest item
ok 359 - journey recovery sells obsolete materials but preserves an active quest item
  ---
  duration_ms: 0.8128
  type: 'test'
  ...
# Subtest: journey recovery sells harvested Venison to Butcher John before buying potions
ok 360 - journey recovery sells harvested Venison to Butcher John before buying potions
  ---
  duration_ms: 0.7024
  type: 'test'
  ...
# Subtest: Warrior buys HP only through the fresh Ruben row id and proves exact snapshot deltas
ok 361 - Warrior buys HP only through the fresh Ruben row id and proves exact snapshot deltas
  ---
  duration_ms: 0.4099
  type: 'test'
  ...
# Subtest: V2 Basic Potion uses the live Bichon Wall Samuel object and its fresh row receipt
ok 362 - V2 Basic Potion uses the live Bichon Wall Samuel object and its fresh row receipt
  ---
  duration_ms: 0.6439
  type: 'test'
  ...
# Subtest: V2 Samuel purchase fails closed for a wrong goods row, absent receipt, or insufficient gold
ok 363 - V2 Samuel purchase fails closed for a wrong goods row, absent receipt, or insufficient gold
  ---
  duration_ms: 0.6665
  type: 'test'
  ...
# Subtest: restock clears an adjacent hostile that seals the supply service approach
ok 364 - restock clears an adjacent hostile that seals the supply service approach
  ---
  duration_ms: 0.5374
  type: 'test'
  ...
# Subtest: restock clears a distant hostile that seals every final service approach
ok 365 - restock clears a distant hostile that seals every final service approach
  ---
  duration_ms: 0.4962
  type: 'test'
  ...
# Subtest: a distant village service receives a route budget derived from authoritative distance
ok 366 - a distant village service receives a route budget derived from authoritative distance
  ---
  duration_ms: 0.3232
  type: 'test'
  ...
# Subtest: large restock fills the partial potion stack before buying the overflow chunk
ok 367 - large restock fills the partial potion stack before buying the overflow chunk
  ---
  duration_ms: 0.3988
  type: 'test'
  ...
# Subtest: Taoist does not detour for Amulets before level 18 or without learned SoulFireBall
ok 368 - Taoist does not detour for Amulets before level 18 or without learned SoulFireBall
  ---
  duration_ms: 0.2963
  type: 'test'
  ...
# Subtest: caster stocks both HP and MP while preserving the fixed gold reserve
ok 369 - caster stocks both HP and MP while preserving the fixed gold reserve
  ---
  duration_ms: 0.6798
  type: 'test'
  ...
# Subtest: equips an eligible held Amulet into slot 9 even when total stock is already sufficient
ok 370 - equips an eligible held Amulet into slot 9 even when total stock is already sufficient
  ---
  duration_ms: 0.7869
  type: 'test'
  ...
# Subtest: moves a milestone Amulet stack from its authoritative belt slot before equipping slot 9
ok 371 - moves a milestone Amulet stack from its authoritative belt slot before equipping slot 9
  ---
  duration_ms: 0.7551
  type: 'test'
  ...
# Subtest: belt Amulet movement remains fail closed for level, space, rejection, and stale snapshots
ok 372 - belt Amulet movement remains fail closed for level, space, rejection, and stale snapshots
  ---
  duration_ms: 1.0298
  type: 'test'
  ...
# Subtest: a tight caster budget buys a bounded HP partial and never spends the reserve
ok 373 - a tight caster budget buys a bounded HP partial and never spends the reserve
  ---
  duration_ms: 0.2667
  type: 'test'
  ...
# Subtest: Wizard with 600 gold reaches both six-potion targets and preserves the reserve
ok 374 - Wizard with 600 gold reaches both six-potion targets and preserves the reserve
  ---
  duration_ms: 0.2511
  type: 'test'
  ...
# Subtest: requires a live exact Ruben and an enabled exact BuySell link
ok 375 - requires a live exact Ruben and an enabled exact BuySell link
  ---
  duration_ms: 0.3682
  type: 'test'
  ...
# Subtest: rejects stale, missing, or malformed goods instead of guessing a shop row
ok 376 - rejects stale, missing, or malformed goods instead of guessing a shop row
  ---
  duration_ms: 0.5886
  type: 'test'
  ...
# Subtest: silent rejection and incorrect authoritative deltas cannot prove purchase
ok 377 - silent rejection and incorrect authoritative deltas cannot prove purchase
  ---
  duration_ms: 0.6056
  type: 'test'
  ...
# Subtest: 52 receipted, normally logged-out caster nodes remain separate from the expired ordinary clock
ok 378 - 52 receipted, normally logged-out caster nodes remain separate from the expired ordinary clock
  ---
  duration_ms: 27.7533
  type: 'test'
  ...
# Subtest: crossed stores and repeated store paths cannot certify another caster
ok 379 - crossed stores and repeated store paths cannot certify another caster
  ---
  duration_ms: 11.5866
  type: 'test'
  ...
# Subtest: a runner snapshot cannot substitute for an empty raw trace final frame
ok 380 - a runner snapshot cannot substitute for an empty raw trace final frame
  ---
  duration_ms: 16.4352
  type: 'test'
  ...
# Subtest: normal logout needs its received success ACK even when the store and final frame match
ok 381 - normal logout needs its received success ACK even when the store and final frame match
  ---
  duration_ms: 12.2822
  type: 'test'
  ...
# Subtest: missing nodes and bootstrap completion lists cannot manufacture a Finish receipt
ok 382 - missing nodes and bootstrap completion lists cannot manufacture a Finish receipt
  ---
  duration_ms: 11.4566
  type: 'test'
  ...
# Subtest: forged ordinary or functional deadlines invalidate certification without changing original time
ok 383 - forged ordinary or functional deadlines invalidate certification without changing original time
  ---
  duration_ms: 11.1138
  type: 'test'
  ...
# Subtest: foreign class, duplicate store ownership, and mismatched XP cannot pass saved identity
ok 384 - foreign class, duplicate store ownership, and mismatched XP cannot pass saved identity
  ---
  duration_ms: 9.4133
  type: 'test'
  ...
# Subtest: run ID mismatch and admin commands cannot be relabelled as ordinary caster play
ok 385 - run ID mismatch and admin commands cannot be relabelled as ordinary caster play
  ---
  duration_ms: 10.4798
  type: 'test'
  ...
# Subtest: a resume cannot silently reset its original confirmed recovery ledger
ok 386 - a resume cannot silently reset its original confirmed recovery ledger
  ---
  duration_ms: 11.7884
  type: 'test'
  ...
1..386
# tests 386
# suites 0
# pass 386
# fail 0
# cancelled 0
# skipped 0
# todo 0
# duration_ms 4471.7312
