--------- beginning of main
10-02 10:41:22.412 12994 12994 I .web3.uiprevie: Late-enabling -Xcheck:jni
10-02 10:41:22.442 12994 12994 D CompatibilityChangeReporter: Compat change id reported: 171979766; UID 10146; state: ENABLED
10-02 10:41:22.478 12994 12994 V GraphicsEnvironment: ANGLE Developer option for 'com.mir2.web3.uipreview' set to: 'default'
10-02 10:41:22.478 12994 12994 V GraphicsEnvironment: Neither updatable production driver nor prerelease driver is supported.
10-02 10:41:22.479 12994 12994 D NetworkSecurityConfig: No Network Security Config specified, using platform default
10-02 10:41:22.479 12994 12994 D NetworkSecurityConfig: No Network Security Config specified, using platform default
10-02 10:41:22.523 12994 13014 D libEGL  : loaded /vendor/lib64/egl/libEGL_emulation.so
10-02 10:41:22.523 12994 13014 D libEGL  : loaded /vendor/lib64/egl/libGLESv1_CM_emulation.so
10-02 10:41:22.524 12994 13014 D libEGL  : loaded /vendor/lib64/egl/libGLESv2_emulation.so
10-02 10:41:22.551 12994 12994 D AppCompatDelegate: Checking for metadata for AppLocalesMetadataHolderService : Service not found
10-02 10:41:22.558 12994 12994 D gti.InputConnection: InputConnection created
10-02 10:41:22.560 12994 12994 D gti.InputConnection: setEditorInfo
10-02 10:41:22.563 12994 12994 W .web3.uiprevie: Accessing hidden method Landroid/view/ViewGroup;->makeOptionalFitsSystemWindows()V (unsupported, reflection, allowed)
10-02 10:41:22.564 12994 12994 I GameActivity: Looking for library libmir2_platform_android.so
10-02 10:41:22.564 12994 12994 I GameActivity: Found library libmir2_platform_android.so. Loading...
10-02 10:41:22.565 12994 12994 D GameActivity: GameActivity_register
10-02 10:41:22.566 12994 12994 V GameActivity: Registering com/google/androidgamesdk/GameActivity's 24 native methods...
10-02 10:41:22.566 12994 12994 D GameActivity: SDK version: 31
10-02 10:41:22.567 12994 12994 I android-activity: Creating: Activity = 0x1696, saved state size = 0
10-02 10:41:22.569 12994 12994 V threaded_app: Creating: 0xb40000753583ecb0
10-02 10:41:22.569 12994 12994 V threaded_app: Callbacks set: 0xb40000753583ed00
10-02 10:41:22.569 12994 12994 V threaded_app: Launching android_app_entry in a thread
10-02 10:41:22.569 12994 13016 V threaded_app: android_app_entry called
10-02 10:41:22.569 12994 13016 V threaded_app: android_app = 0xb400007515843290
10-02 10:41:22.569 12994 13016 V threaded_app: config = 0xb400007485850970
10-02 10:41:22.569 12994 13016 V threaded_app: activity = 0xb40000753583ecb0
10-02 10:41:22.569 12994 13016 V threaded_app: assetmanager = 0xb40000753583d3b0
10-02 10:41:22.569 12994 13016 V threaded_app: Config: mcc=310 mnc=260 lang=en cnt=US orien=2 touch=3 dens=440 keys=2 nav=2 keysHid=1 navHid=0 sdk=31 size=2 long=2 modetype=1 modenight=1
10-02 10:41:22.587 12994 13016 D HostConnection: createUnique: call
10-02 10:41:22.588 12994 13016 D HostConnection: HostConnection::get() New Host Connection established 0xb4000074d583a2d0, tid 13016
10-02 10:41:22.589 12994 13016 D HostConnection: HostComposition ext ANDROID_EMU_CHECKSUM_HELPER_v1 ANDROID_EMU_native_sync_v2 ANDROID_EMU_native_sync_v3 ANDROID_EMU_native_sync_v4 ANDROID_EMU_dma_v1 ANDROID_EMU_direct_mem ANDROID_EMU_host_composition_v1 ANDROID_EMU_host_composition_v2 ANDROID_EMU_vulkan ANDROID_EMU_deferred_vulkan_commands ANDROID_EMU_vulkan_null_optional_strings ANDROID_EMU_vulkan_create_resources_with_requirements ANDROID_EMU_YUV_Cache ANDROID_EMU_vulkan_ignored_handles ANDROID_EMU_has_shared_slots_host_memory_allocator ANDROID_EMU_vulkan_free_memory_sync ANDROID_EMU_vulkan_shader_float16_int8 ANDROID_EMU_vulkan_async_queue_submit ANDROID_EMU_vulkan_queue_submit_with_commands ANDROID_EMU_sync_buffer_data ANDROID_EMU_vulkan_async_qsri ANDROID_EMU_read_color_buffer_dma ANDROID_EMU_hwc_color_transform GL_OES_EGL_image_external_essl3 GL_OES_vertex_array_object ANDROID_EMU_host_side_tracing ANDROID_EMU_gles_max_version_3_0 
10-02 10:41:22.591 12994 13016 D EGL_emulation: eglCreateContext: 0xb4000074d583aed0: maj 3 min 0 rcv 3
10-02 10:41:22.594 12994 13016 D EGL_emulation: eglMakeCurrent: 0xb4000074d583aed0: ver 3 0 (tinfo 0x76fbc37080) (first time)
10-02 10:41:22.609 12994 13016 I event /Users/henryliu/obelisk/numeron-worktrees/android-shared-sync/mir2-web3/third_party/bevyAdapterInfo { name: "Android Emulator OpenGL ES Translator (Apple M1 Max)", vendor: 4203, device: 0, device_type: IntegratedGpu, device_pci_bus_id: "", driver: "", driver_info: "OpenGL ES 3.0 (4.1 Metal - 89.4)", backend: Gl, subgroup_min_size: 4, subgroup_max_size: 128, transient_saves_memory: false }
10-02 10:41:22.609 12994 13015 I RustStdoutStderr: [2m2026-10-02T02:41:22.609404Z[0m [32m INFO[0m [2mbevy_render::renderer[0m[2m:[0m AdapterInfo { name: "Android Emulator OpenGL ES Translator (Apple M1 Max)", vendor: 4203, device: 0, device_type: IntegratedGpu, device_pci_bus_id: "", driver: "", driver_info: "OpenGL ES 3.0 (4.1 Metal - 89.4)", backend: Gl, subgroup_min_size: 4, subgroup_max_size: 128, transient_saves_memory: false }
10-02 10:41:22.611 12994 12994 V GameActivity: onStart_native
10-02 10:41:22.611 12994 12994 V threaded_app: Start: 0xb40000753583ecb0
10-02 10:41:22.676 12994 13016 I event /Users/henryliu/obelisk/numeron-worktrees/android-shared-sync/mir2-web3/third_party/bevySparse buffer updates disabled. RenderDevice lacks support: max_storage_buffers_per_shader_stage (0) < 3.
10-02 10:41:22.676 12994 13016 W event /Users/henryliu/.cargo/registry/src/index.crates.io-1949cf8c6b5b557f/bevy_core_pipeline-OrderIndependentTransparencyPlugin not loaded. GPU lacks support: DownlevelFlags::FRAGMENT_WRITABLE_STORAGE.
10-02 10:41:22.676 12994 13016 W event /Users/henryliu/.cargo/registry/src/index.crates.io-1949cf8c6b5b557f/bevy_core_pipeline-BackgroundMotionVectorsPlugin not loaded. GPU lacks support for required downlevel capability flags: DownlevelFlags(INDEPENDENT_BLEND).
10-02 10:41:22.676 12994 13015 I RustStdoutStderr: [2m2026-10-02T02:41:22.676098Z[0m [32m INFO[0m [2mbevy_render::render_resource::sparse_buffer_vec[0m[2m:[0m Sparse buffer updates disabled. RenderDevice lacks support: max_storage_buffers_per_shader_stage (0) < 3.
10-02 10:41:22.676 12994 13015 I RustStdoutStderr: [2m2026-10-02T02:41:22.676209Z[0m [33m WARN[0m [2mbevy_core_pipeline::oit::resolve[0m[2m:[0m OrderIndependentTransparencyPlugin not loaded. GPU lacks support: DownlevelFlags::FRAGMENT_WRITABLE_STORAGE.
10-02 10:41:22.676 12994 13015 I RustStdoutStderr: [2m2026-10-02T02:41:22.676220Z[0m [33m WARN[0m [2mbevy_core_pipeline::prepass::background_motion_vectors[0m[2m:[0m BackgroundMotionVectorsPlugin not loaded. GPU lacks support for required downlevel capability flags: DownlevelFlags(INDEPENDENT_BLEND).
10-02 10:41:22.724 12994 13016 I event /Users/henryliu/obelisk/numeron-worktrees/android-shared-sync/mir2-web3/third_party/bevyGPU preprocessing is not supported on this device. Falling back to CPU preprocessing.
10-02 10:41:22.724 12994 13015 I RustStdoutStderr: [2m2026-10-02T02:41:22.724657Z[0m [32m INFO[0m [2mbevy_render::batching::gpu_preprocessing[0m[2m:[0m GPU preprocessing is not supported on this device. Falling back to CPU preprocessing.
10-02 10:41:22.742 12994 13016 V threaded_app: activityState=11
10-02 10:41:22.742 12994 13015 I RustStdoutStderr: [2m2026-10-02T02:41:22.742281Z[0m [33m WARN[0m [2mwinit::platform_impl::android[0m[2m:[0m TODO: forward onStart notification to application
10-02 10:41:22.742 12994 13016 W event /Users/henryliu/.cargo/registry/src/index.crates.io-1949cf8c6b5b557f/winit-0.30.13/src/pTODO: forward onStart notification to application
10-02 10:41:22.743 12994 12994 V threaded_app: Resume: 0xb40000753583ecb0
10-02 10:41:22.743 12994 13016 V threaded_app: activityState=12
10-02 10:41:22.752 12994 12994 V GameActivity: onImeInsetsChanged from Text Listener
10-02 10:41:22.752 12994 12994 V threaded_app: WindowInsetsChanged: 0xb40000753583ecb0
10-02 10:41:22.752 12994 13016 W event /Users/henryliu/.cargo/registry/src/index.crates.io-1949cf8c6b5b557f/winit-0.30.13/src/pTODO: handle Android InsetsChanged notification
10-02 10:41:22.752 12994 13015 I RustStdoutStderr: [2m2026-10-02T02:41:22.752503Z[0m [33m WARN[0m [2mwinit::platform_impl::android[0m[2m:[0m TODO: handle Android InsetsChanged notification
10-02 10:41:22.756 12994 12994 V GameActivity: onImeInsetsChanged from Text Listener
10-02 10:41:22.756 12994 12994 V threaded_app: WindowInsetsChanged: 0xb40000753583ecb0
10-02 10:41:22.756 12994 13012 D HostConnection: createUnique: call
10-02 10:41:22.756 12994 13012 D HostConnection: HostConnection::get() New Host Connection established 0xb4000074d584bb50, tid 13012
10-02 10:41:22.757 12994 13016 W event /Users/henryliu/.cargo/registry/src/index.crates.io-1949cf8c6b5b557f/winit-0.30.13/src/pTODO: handle Android InsetsChanged notification
10-02 10:41:22.757 12994 13015 I RustStdoutStderr: [2m2026-10-02T02:41:22.756613Z[0m [33m WARN[0m [2mwinit::platform_impl::android[0m[2m:[0m TODO: handle Android InsetsChanged notification
10-02 10:41:22.758 12994 12994 V threaded_app: ContentRectChanged: 0xb40000753583ecb0 -- (0 0) (2340 1080)
10-02 10:41:22.758 12994 13016 W event /Users/henryliu/.cargo/registry/src/index.crates.io-1949cf8c6b5b557f/winit-0.30.13/src/pTODO: find a way to notify application of content rect change
10-02 10:41:22.758 12994 13012 D HostConnection: HostComposition ext ANDROID_EMU_CHECKSUM_HELPER_v1 ANDROID_EMU_native_sync_v2 ANDROID_EMU_native_sync_v3 ANDROID_EMU_native_sync_v4 ANDROID_EMU_dma_v1 ANDROID_EMU_direct_mem ANDROID_EMU_host_composition_v1 ANDROID_EMU_host_composition_v2 ANDROID_EMU_vulkan ANDROID_EMU_deferred_vulkan_commands ANDROID_EMU_vulkan_null_optional_strings ANDROID_EMU_vulkan_create_resources_with_requirements ANDROID_EMU_YUV_Cache ANDROID_EMU_vulkan_ignored_handles ANDROID_EMU_has_shared_slots_host_memory_allocator ANDROID_EMU_vulkan_free_memory_sync ANDROID_EMU_vulkan_shader_float16_int8 ANDROID_EMU_vulkan_async_queue_submit ANDROID_EMU_vulkan_queue_submit_with_commands ANDROID_EMU_sync_buffer_data ANDROID_EMU_vulkan_async_qsri ANDROID_EMU_read_color_buffer_dma ANDROID_EMU_hwc_color_transform GL_OES_EGL_image_external_essl3 GL_OES_vertex_array_object ANDROID_EMU_host_side_tracing ANDROID_EMU_gles_max_version_3_0 
10-02 10:41:22.758 12994 13012 W OpenGLRenderer: Failed to choose config with EGL_SWAP_BEHAVIOR_PRESERVED, retrying without...
10-02 10:41:22.758 12994 13012 W OpenGLRenderer: Failed to initialize 101010-2 format, error = EGL_SUCCESS
10-02 10:41:22.758 12994 13015 I RustStdoutStderr: [2m2026-10-02T02:41:22.758482Z[0m [33m WARN[0m [2mwinit::platform_impl::android[0m[2m:[0m TODO: find a way to notify application of content rect change
10-02 10:41:22.758 12994 12994 V GameActivity: onSurfaceCreated_native
10-02 10:41:22.758 12994 12994 V threaded_app: NativeWindowCreated: 0xb40000753583ecb0 -- 0xb4000075c59e9d20
10-02 10:41:22.759 12994 12994 V threaded_app: android_app_set_window called
10-02 10:41:22.759 12994 13016 V threaded_app: APP_CMD_INIT_WINDOW
10-02 10:41:22.759 12994 13016 I event /Users/henryliu/.cargo/registry/src/index.crates.io-1949cf8c6b5b557f/bevy_winit-0.19.0/sCreating new window mir2-web3 (android) (105v0)
10-02 10:41:22.759 12994 13012 D EGL_emulation: eglCreateContext: 0xb4000074d58540d0: maj 3 min 0 rcv 3
10-02 10:41:22.759 12994 13015 I RustStdoutStderr: [2m2026-10-02T02:41:22.759097Z[0m [32m INFO[0m [2mbevy_winit::system[0m[2m:[0m Creating new window mir2-web3 (android) (105v0)
10-02 10:41:22.759 12994 12994 V threaded_app: NativeWindowResized: 0xb40000753583ecb0 -- 0xb4000075c59e9d20 ( 2340 x 1080 )
10-02 10:41:22.759 12994 12994 V threaded_app: NativeWindowRedrawNeeded: 0xb40000753583ecb0 -- 0xb4000075c59e9d20
10-02 10:41:22.759 12994 13012 D EGL_emulation: eglMakeCurrent: 0xb4000074d58540d0: ver 3 0 (tinfo 0x76fbc37100) (first time)
10-02 10:41:22.766 12994 13012 I Gralloc4: mapper 4.x is not supported
10-02 10:41:22.766 12994 13012 D HostConnection: createUnique: call
10-02 10:41:22.767 12994 13012 D HostConnection: HostConnection::get() New Host Connection established 0xb4000074d5854250, tid 13012
10-02 10:41:22.767 12994 13012 D goldfish-address-space: allocate: Ask for block of size 0x100
10-02 10:41:22.767 12994 13012 D goldfish-address-space: allocate: ioctl allocate returned offset 0x1efff8000 size 0x8000
10-02 10:41:22.767 12994 13012 W Gralloc4: allocator 4.x is not supported
10-02 10:41:22.770 12994 13012 D HostConnection: HostComposition ext ANDROID_EMU_CHECKSUM_HELPER_v1 ANDROID_EMU_native_sync_v2 ANDROID_EMU_native_sync_v3 ANDROID_EMU_native_sync_v4 ANDROID_EMU_dma_v1 ANDROID_EMU_direct_mem ANDROID_EMU_host_composition_v1 ANDROID_EMU_host_composition_v2 ANDROID_EMU_vulkan ANDROID_EMU_deferred_vulkan_commands ANDROID_EMU_vulkan_null_optional_strings ANDROID_EMU_vulkan_create_resources_with_requirements ANDROID_EMU_YUV_Cache ANDROID_EMU_vulkan_ignored_handles ANDROID_EMU_has_shared_slots_host_memory_allocator ANDROID_EMU_vulkan_free_memory_sync ANDROID_EMU_vulkan_shader_float16_int8 ANDROID_EMU_vulkan_async_queue_submit ANDROID_EMU_vulkan_queue_submit_with_commands ANDROID_EMU_sync_buffer_data ANDROID_EMU_vulkan_async_qsri ANDROID_EMU_read_color_buffer_dma ANDROID_EMU_hwc_color_transform GL_OES_EGL_image_external_essl3 GL_OES_vertex_array_object ANDROID_EMU_host_side_tracing ANDROID_EMU_gles_max_version_3_0 
10-02 10:41:22.783 12994 12994 V threaded_app: WindowFocusChanged: 0xb40000753583ecb0 -- 1
10-02 10:41:22.798 12994 12994 V GameActivity: onImeInsetsChanged from Text Listener
10-02 10:41:22.798 12994 12994 V threaded_app: WindowInsetsChanged: 0xb40000753583ecb0
10-02 10:41:22.853 12994 13016 I event src/ui_preview.rs:1183: ANDROID_QUEST_PREVIEW_RECEIVED_MODELS_APPLIED_NOT_LIVEscene = "npc-ingress"; count = 1; quest_id = Some(2100004); dialog_open = true;
10-02 10:41:22.853 12994 13015 I RustStdoutStderr: [2m2026-10-02T02:41:22.853173Z[0m [32m INFO[0m [2mmir2_platform_android::ui_preview[0m[2m:[0m ANDROID_QUEST_PREVIEW_RECEIVED_MODELS_APPLIED_NOT_LIVE [3mscene[0m[2m=[0m"npc-ingress" [3mcount[0m[2m=[0m1 [3mquest_id[0m[2m=[0mSome(2100004) [3mdialog_open[0m[2m=[0mtrue
10-02 10:41:22.859 12994 13016 I event src/item_geometry.rs:127: ANDROID_ITEM_GEOMETRY_READYitems = 1003; state_items = 2380; sources = [("original-ui/Items/meta.json", "ec0eca414ac6c34e17a218f0ed4396f30607c2485482f8760af7706acddcedfe"), ("original-ui/StateItem/meta.json", "7d812a76e9a54b1d0535968a8c21ee2064577e7012572daf79b242221ca72e9a")];
10-02 10:41:22.859 12994 13015 I RustStdoutStderr: [2m2026-10-02T02:41:22.859608Z[0m [32m INFO[0m [2mmir2_platform_android::item_geometry[0m[2m:[0m ANDROID_ITEM_GEOMETRY_READY [3mitems[0m[2m=[0m1003 [3mstate_items[0m[2m=[0m2380 [3msources[0m[2m=[0m[("original-ui/Items/meta.json", "ec0eca414ac6c34e17a218f0ed4396f30607c2485482f8760af7706acddcedfe"), ("original-ui/StateItem/meta.json", "7d812a76e9a54b1d0535968a8c21ee2064577e7012572daf79b242221ca72e9a")]
10-02 10:41:22.859 12994 13016 I event src/ui_preview.rs:1347: ANDROID_INVENTORY_INGRESS_OFFLINE queued owner42 bag12 equip2 sourceFrame30
10-02 10:41:22.859 12994 13015 I RustStdoutStderr: [2m2026-10-02T02:41:22.859842Z[0m [32m INFO[0m [2mmir2_platform_android::ui_preview[0m[2m:[0m ANDROID_INVENTORY_INGRESS_OFFLINE queued owner42 bag12 equip2 sourceFrame30
10-02 10:41:22.860 12994 13015 I RustStdoutStderr: [2m2026-10-02T02:41:22.859884Z[0m [32m INFO[0m [2mmir2_platform_android::ui_preview[0m[2m:[0m ANDROID_UI_PREVIEW_READY scene=npc-ingress
10-02 10:41:22.860 12994 13016 I event src/ui_preview.rs:800: ANDROID_UI_PREVIEW_READY scene=npc-ingress
10-02 10:41:22.876 12994 13016 W event /Users/henryliu/.cargo/registry/src/index.crates.io-1949cf8c6b5b557f/winit-0.30.13/src/pTODO: handle Android InsetsChanged notification
10-02 10:41:22.876 12994 13015 I RustStdoutStderr: [2m2026-10-02T02:41:22.876444Z[0m [33m WARN[0m [2mwinit::platform_impl::android[0m[2m:[0m TODO: handle Android InsetsChanged notification
10-02 10:41:23.944 12994 13016 D EGL_emulation: app_time_stats: avg=15.95ms min=11.20ms max=116.91ms count=57
10-02 10:41:24.425 12994 13019 I event src/phone_hud.rs:173: ANDROID_PHONE_TEXT_LAYOUTfont = TextFont { font: SystemUi, font_size: Px(23.466667), weight: FontWeight(400), width: FontWidth(1.0), style: Normal, font_smoothing: AntiAliased, font_features: FontFeatures { features: [] }, font_variations: FontVariations { variations: [] } }; color = TextColor(Srgba(Srgba { red: 0.96, green: 0.85, blue: 0.61, alpha: 1.0 })); glyph_masks = [true, true, true];
10-02 10:41:24.425 12994 13015 I RustStdoutStderr: [2m2026-10-02T02:41:24.425741Z[0m [32m INFO[0m [2mmir2_platform_android::phone_hud[0m[2m:[0m ANDROID_PHONE_TEXT_LAYOUT [3mfont[0m[2m=[0mTextFont { font: SystemUi, font_size: Px(23.466667), weight: FontWeight(400), width: FontWidth(1.0), style: Normal, font_smoothing: AntiAliased, font_features: FontFeatures { features: [] }, font_variations: FontVariations { variations: [] } } [3mcolor[0m[2m=[0mTextColor(Srgba(Srgba { red: 0.96, green: 0.85, blue: 0.61, alpha: 1.0 })) [3mglyph_masks[0m[2m=[0m[true, true, true]
10-02 10:41:24.425 12994 13019 I event src/phone_hud.rs:173: ANDROID_PHONE_TEXT_LAYOUTfont = TextFont { font: SystemUi, font_size: Px(23.466667), weight: FontWeight(400), width: FontWidth(1.0), style: Normal, font_smoothing: AntiAliased, font_features: FontFeatures { features: [] }, font_variations: FontVariations { variations: [] } }; color = TextColor(Srgba(Srgba { red: 0.96, green: 0.85, blue: 0.61, alpha: 1.0 })); glyph_masks = [true, true, true, true, true];
10-02 10:41:24.425 12994 13015 I RustStdoutStderr: [2m2026-10-02T02:41:24.425815Z[0m [32m INFO[0m [2mmir2_platform_android::phone_hud[0m[2m:[0m ANDROID_PHONE_TEXT_LAYOUT [3mfont[0m[2m=[0mTextFont { font: SystemUi, font_size: Px(23.466667), weight: FontWeight(400), width: FontWidth(1.0), style: Normal, font_smoothing: AntiAliased, font_features: FontFeatures { features: [] }, font_variations: FontVariations { variations: [] } } [3mcolor[0m[2m=[0mTextColor(Srgba(Srgba { red: 0.96, green: 0.85, blue: 0.61, alpha: 1.0 })) [3mglyph_masks[0m[2m=[0m[true, true, true, true, true]
10-02 10:41:24.425 12994 13019 I event src/phone_hud.rs:173: ANDROID_PHONE_TEXT_LAYOUTfont = TextFont { font: SystemUi, font_size: Px(23.466667), weight: FontWeight(400), width: FontWidth(1.0), style: Normal, font_smoothing: AntiAliased, font_features: FontFeatures { features: [] }, font_variations: FontVariations { variations: [] } }; color = TextColor(Srgba(Srgba { red: 0.96, green: 0.85, blue: 0.61, alpha: 1.0 })); glyph_masks = [true, true, true, true, true, true, true];
10-02 10:41:24.425 12994 13019 I event src/phone_hud.rs:173: ANDROID_PHONE_TEXT_LAYOUTfont = TextFont { font: SystemUi, font_size: Px(23.466667), weight: FontWeight(400), width: FontWidth(1.0), style: Normal, font_smoothing: AntiAliased, font_features: FontFeatures { features: [] }, font_variations: FontVariations { variations: [] } }; color = TextColor(Srgba(Srgba { red: 0.96, green: 0.85, blue: 0.61, alpha: 1.0 })); glyph_masks = [true, true, true, true, true];
10-02 10:41:24.425 12994 13019 I event src/phone_hud.rs:173: ANDROID_PHONE_TEXT_LAYOUTfont = TextFont { font: SystemUi, font_size: Px(23.466667), weight: FontWeight(400), width: FontWidth(1.0), style: Normal, font_smoothing: AntiAliased, font_features: FontFeatures { features: [] }, font_variations: FontVariations { variations: [] } }; color = TextColor(Srgba(Srgba { red: 0.96, green: 0.85, blue: 0.61, alpha: 1.0 })); glyph_masks = [true, true, true, true, true, true];
10-02 10:41:24.425 12994 13019 I event src/phone_hud.rs:173: ANDROID_PHONE_TEXT_LAYOUTfont = TextFont { font: SystemUi, font_size: Px(23.466667), weight: FontWeight(400), width: FontWidth(1.0), style: Normal, font_smoothing: AntiAliased, font_features: FontFeatures { features: [] }, font_variations: FontVariations { variations: [] } }; color = TextColor(Srgba(Srgba { red: 0.96, green: 0.85, blue: 0.61, alpha: 1.0 })); glyph_masks = [true, true, true, true, true];
10-02 10:41:24.425 12994 13019 I event src/phone_hud.rs:173: ANDROID_PHONE_TEXT_LAYOUTfont = TextFont { font: SystemUi, font_size: Px(23.466667), weight: FontWeight(400), width: FontWidth(1.0), style: Normal, font_smoothing: AntiAliased, font_features: FontFeatures { features: [] }, font_variations: FontVariations { variations: [] } }; color = TextColor(Srgba(Srgba { red: 0.96, green: 0.85, blue: 0.61, alpha: 1.0 })); glyph_masks = [true, true, true, true, true];
10-02 10:41:24.425 12994 13019 I event src/phone_hud.rs:173: ANDROID_PHONE_TEXT_LAYOUTfont = TextFont { font: SystemUi, font_size: Px(23.466667), weight: FontWeight(400), width: FontWidth(1.0), style: Normal, font_smoothing: AntiAliased, font_features: FontFeatures { features: [] }, font_variations: FontVariations { variations: [] } }; color = TextColor(Srgba(Srgba { red: 0.96, green: 0.85, blue: 0.61, alpha: 1.0 })); glyph_masks = [true, true, true, true, true];
10-02 10:41:24.425 12994 13019 I event src/phone_hud.rs:173: ANDROID_PHONE_TEXT_LAYOUTfont = TextFont { font: SystemUi, font_size: Px(23.466667), weight: FontWeight(400), width: FontWidth(1.0), style: Normal, font_smoothing: AntiAliased, font_features: FontFeatures { features: [] }, font_variations: FontVariations { variations: [] } }; color = TextColor(Srgba(Srgba { red: 0.96, green: 0.85, blue: 0.61, alpha: 1.0 })); glyph_masks = [true, true, true, true];
10-02 10:41:24.425 12994 13019 I event src/phone_hud.rs:173: ANDROID_PHONE_TEXT_LAYOUTfont = TextFont { font: SystemUi, font_size: Px(23.466667), weight: FontWeight(400), width: FontWidth(1.0), style: Normal, font_smoothing: AntiAliased, font_features: FontFeatures { features: [] }, font_variations: FontVariations { variations: [] } }; color = TextColor(Srgba(Srgba { red: 0.96, green: 0.85, blue: 0.61, alpha: 1.0 })); glyph_masks = [true, true, true];
10-02 10:41:24.425 12994 13019 I event src/phone_hud.rs:173: ANDROID_PHONE_TEXT_LAYOUTfont = TextFont { font: SystemUi, font_size: Px(23.466667), weight: FontWeight(400), width: FontWidth(1.0), style: Normal, font_smoothing: AntiAliased, font_features: FontFeatures { features: [] }, font_variations: FontVariations { variations: [] } }; color = TextColor(Srgba(Srgba { red: 0.96, green: 0.85, blue: 0.61, alpha: 1.0 })); glyph_masks = [true, true];
10-02 10:41:24.425 12994 13019 I event src/phone_hud.rs:173: ANDROID_PHONE_TEXT_LAYOUTfont = TextFont { font: SystemUi, font_size: Px(23.466667), weight: FontWeight(400), width: FontWidth(1.0), style: Normal, font_smoothing: AntiAliased, font_features: FontFeatures { features: [] }, font_variations: FontVariations { variations: [] } }; color = TextColor(Srgba(Srgba { red: 0.96, green: 0.85, blue: 0.61, alpha: 1.0 })); glyph_masks = [true, true, true, true];
10-02 10:41:24.425 12994 13019 I event src/phone_hud.rs:173: ANDROID_PHONE_TEXT_LAYOUTfont = TextFont { font: SystemUi, font_size: Px(23.466667), weight: FontWeight(400), width: FontWidth(1.0), style: Normal, font_smoothing: AntiAliased, font_features: FontFeatures { features: [] }, font_variations: FontVariations { variations: [] } }; color = TextColor(Srgba(Srgba { red: 0.98, green: 0.91, blue: 0.76, alpha: 1.0 })); glyph_masks = [true, true, true, true, true, true, true, true, true, true, true, true, true];
10-02 10:41:24.425 12994 13015 I RustStdoutStderr: [2m2026-10-02T02:41:24.425823Z[0m [32m INFO[0m [2mmir2_platform_android::phone_hud[0m[2m:[0m ANDROID_PHONE_TEXT_LAYOUT [3mfont[0m[2m=[0mTextFont { font: SystemUi, font_size: Px(23.466667), weight: FontWeight(400), width: FontWidth(1.0), style: Normal, font_smoothing: AntiAliased, font_features: FontFeatures { features: [] }, font_variations: FontVariations { variations: [] } } [3mcolor[0m[2m=[0mTextColor(Srgba(Srgba { red: 0.96, green: 0.85, blue: 0.61, alpha: 1.0 })) [3mglyph_masks[0m[2m=[0m[true, true, true, true, true, true, true]
10-02 10:41:24.425 12994 13015 I RustStdoutStderr: [2m2026-10-02T02:41:24.425847Z[0m [32m INFO[0m [2mmir2_platform_android::phone_hud[0m[2m:[0m ANDROID_PHONE_TEXT_LAYOUT [3mfont[0m[2m=[0mTextFont { font: SystemUi, font_size: Px(23.466667), weight: FontWeight(400), width: FontWidth(1.0), style: Normal, font_smoothing: AntiAliased, font_features: FontFeatures { features: [] }, font_variations: FontVariations { variations: [] } } [3mcolor[0m[2m=[0mTextColor(Srgba(Srgba { red: 0.96, green: 0.85, blue: 0.61, alpha: 1.0 })) [3mglyph_masks[0m[2m=[0m[true, true, true, true, true]
10-02 10:41:24.425 12994 13015 I RustStdoutStderr: [2m2026-10-02T02:41:24.425853Z[0m [32m INFO[0m [2mmir2_platform_android::phone_hud[0m[2m:[0m ANDROID_PHONE_TEXT_LAYOUT [3mfont[0m[2m=[0mTextFont { font: SystemUi, font_size: Px(23.466667), weight: FontWeight(400), width: FontWidth(1.0), style: Normal, font_smoothing: AntiAliased, font_features: FontFeatures { features: [] }, font_variations: FontVariations { variations: [] } } [3mcolor[0m[2m=[0mTextColor(Srgba(Srgba { red: 0.96, green: 0.85, blue: 0.61, alpha: 1.0 })) [3mglyph_masks[0m[2m=[0m[true, true, true, true, true, true]
10-02 10:41:24.425 12994 13015 I RustStdoutStderr: [2m2026-10-02T02:41:24.425858Z[0m [32m INFO[0m [2mmir2_platform_android::phone_hud[0m[2m:[0m ANDROID_PHONE_TEXT_LAYOUT [3mfont[0m[2m=[0mTextFont { font: SystemUi, font_size: Px(23.466667), weight: FontWeight(400), width: FontWidth(1.0), style: Normal, font_smoothing: AntiAliased, font_features: FontFeatures { features: [] }, font_variations: FontVariations { variations: [] } } [3mcolor[0m[2m=[0mTextColor(Srgba(Srgba { red: 0.96, green: 0.85, blue: 0.61, alpha: 1.0 })) [3mglyph_masks[0m[2m=[0m[true, true, true, true, true]
10-02 10:41:24.425 12994 13015 I RustStdoutStderr: [2m2026-10-02T02:41:24.425863Z[0m [32m INFO[0m [2mmir2_platform_android::phone_hud[0m[2m:[0m ANDROID_PHONE_TEXT_LAYOUT [3mfont[0m[2m=[0mTextFont { font: SystemUi, font_size: Px(23.466667), weight: FontWeight(400), width: FontWidth(1.0), style: Normal, font_smoothing: AntiAliased, font_features: FontFeatures { features: [] }, font_variations: FontVariations { variations: [] } } [3mcolor[0m[2m=[0mTextColor(Srgba(Srgba { red: 0.96, green: 0.85, blue: 0.61, alpha: 1.0 })) [3mglyph_masks[0m[2m=[0m[true, true, true, true, true]
10-02 10:41:24.425 12994 13015 I RustStdoutStderr: [2m2026-10-02T02:41:24.425867Z[0m [32m INFO[0m [2mmir2_platform_android::phone_hud[0m[2m:[0m ANDROID_PHONE_TEXT_LAYOUT [3mfont[0m[2m=[0mTextFont { font: SystemUi, font_size: Px(23.466667), weight: FontWeight(400), width: FontWidth(1.0), style: Normal, font_smoothing: AntiAliased, font_features: FontFeatures { features: [] }, font_variations: FontVariations { variations: [] } } [3mcolor[0m[2m=[0mTextColor(Srgba(Srgba { red: 0.96, green: 0.85, blue: 0.61, alpha: 1.0 })) [3mglyph_masks[0m[2m=[0m[true, true, true, true, true]
10-02 10:41:24.425 12994 13015 I RustStdoutStderr: [2m2026-10-02T02:41:24.425872Z[0m [32m INFO[0m [2mmir2_platform_android::phone_hud[0m[2m:[0m ANDROID_PHONE_TEXT_LAYOUT [3mfont[0m[2m=[0mTextFont { font: SystemUi, font_size: Px(23.466667), weight: FontWeight(400), width: FontWidth(1.0), style: Normal, font_smoothing: AntiAliased, font_features: FontFeatures { features: [] }, font_variations: FontVariations { variations: [] } } [3mcolor[0m[2m=[0mTextColor(Srgba(Srgba { red: 0.96, green: 0.85, blue: 0.61, alpha: 1.0 })) [3mglyph_masks[0m[2m=[0m[true, true, true, true]
10-02 10:41:24.425 12994 13015 I RustStdoutStderr: [2m2026-10-02T02:41:24.425876Z[0m [32m INFO[0m [2mmir2_platform_android::phone_hud[0m[2m:[0m ANDROID_PHONE_TEXT_LAYOUT [3mfont[0m[2m=[0mTextFont { font: SystemUi, font_size: Px(23.466667), weight: FontWeight(400), width: FontWidth(1.0), style: Normal, font_smoothing: AntiAliased, font_features: FontFeatures { features: [] }, font_variations: FontVariations { variations: [] } } [3mcolor[0m[2m=[0mTextColor(Srgba(Srgba { red: 0.96, green: 0.85, blue: 0.61, alpha: 1.0 })) [3mglyph_masks[0m[2m=[0m[true, true, true]
10-02 10:41:24.425 12994 13015 I RustStdoutStderr: [2m2026-10-02T02:41:24.425884Z[0m [32m INFO[0m [2mmir2_platform_android::phone_hud[0m[2m:[0m ANDROID_PHONE_TEXT_LAYOUT [3mfont[0m[2m=[0mTextFont { font: SystemUi, font_size: Px(23.466667), weight: FontWeight(400), width: FontWidth(1.0), style: Normal, font_smoothing: AntiAliased, font_features: FontFeatures { features: [] }, font_variations: FontVariations { variations: [] } } [3mcolor[0m[2m=[0mTextColor(Srgba(Srgba { red: 0.96, green: 0.85, blue: 0.61, alpha: 1.0 })) [3mglyph_masks[0m[2m=[0m[true, true]
10-02 10:41:24.425 12994 13015 I RustStdoutStderr: [2m2026-10-02T02:41:24.425888Z[0m [32m INFO[0m [2mmir2_platform_android::phone_hud[0m[2m:[0m ANDROID_PHONE_TEXT_LAYOUT [3mfont[0m[2m=[0mTextFont { font: SystemUi, font_size: Px(23.466667), weight: FontWeight(400), width: FontWidth(1.0), style: Normal, font_smoothing: AntiAliased, font_features: FontFeatures { features: [] }, font_variations: FontVariations { variations: [] } } [3mcolor[0m[2m=[0mTextColor(Srgba(Srgba { red: 0.96, green: 0.85, blue: 0.61, alpha: 1.0 })) [3mglyph_masks[0m[2m=[0m[true, true, true, true]
10-02 10:41:24.425 12994 13015 I RustStdoutStderr: [2m2026-10-02T02:41:24.425893Z[0m [32m INFO[0m [2mmir2_platform_android::phone_hud[0m[2m:[0m ANDROID_PHONE_TEXT_LAYOUT [3mfont[0m[2m=[0mTextFont { font: SystemUi, font_size: Px(23.466667), weight: FontWeight(400), width: FontWidth(1.0), style: Normal, font_smoothing: AntiAliased, font_features: FontFeatures { features: [] }, font_variations: FontVariations { variations: [] } } [3mcolor[0m[2m=[0mTextColor(Srgba(Srgba { red: 0.98, green: 0.91, blue: 0.76, alpha: 1.0 })) [3mglyph_masks[0m[2m=[0m[true, true, true, true, true, true, true, true, true, true, true, true, true]
10-02 10:41:24.944 12994 13016 D EGL_emulation: app_time_stats: avg=11.89ms min=10.83ms max=14.48ms count=60
10-02 10:41:25.945 12994 13016 D EGL_emulation: app_time_stats: avg=11.83ms min=11.21ms max=12.87ms count=60
10-02 10:41:26.966 12994 13016 D EGL_emulation: app_time_stats: avg=12.34ms min=11.01ms max=23.13ms count=61
