   Compiling proc-macro2 v1.0.106
   Compiling quote v1.0.45
   Compiling syn v2.0.117
   Compiling typenum v1.19.0
   Compiling serde_core v1.0.228
   Compiling parking_lot_core v0.9.12
   Compiling crossbeam-utils v0.8.21
   Compiling serde v1.0.228
    Checking hybrid-array v0.4.10
   Compiling serde_derive v1.0.228
    Checking block-buffer v0.12.0
    Checking crypto-common v0.2.1
    Checking digest v0.11.2
    Checking generic-array v0.14.7
   Compiling parking_lot v0.12.5
    Checking concurrent-queue v2.5.0
   Compiling getrandom v0.4.2
   Compiling bevy_macro_utils v0.17.3
    Checking zmij v1.0.21
    Checking hashbrown v0.16.1
   Compiling typeid v1.0.3
    Checking bevy_platform v0.17.3
   Compiling derive_more-impl v2.1.1
    Checking serde_json v1.0.149
    Checking event-listener v5.4.1
    Checking block-buffer v0.10.4
    Checking crypto-common v0.1.7
   Compiling erased-serde v0.4.10
   Compiling thiserror v2.0.18
    Checking digest v0.10.7
    Checking event-listener-strategy v0.5.4
    Checking rand v0.10.1
    Checking derive_more v2.1.1
    Checking sha2 v0.11.0
    Checking hmac v0.13.0
    Checking md-5 v0.11.0
   Compiling slotmap v1.1.1
   Compiling thiserror-impl v2.0.18
    Checking postgres-protocol v0.6.11
    Checking async-executor v1.14.0
    Checking bevy_utils v0.17.3
    Checking async-channel v2.5.0
   Compiling bevy_reflect_derive v0.17.3
    Checking crossbeam-queue v0.3.12
   Compiling variadics_please v1.1.0
   Compiling assert_type_match v0.1.1
   Compiling crc32fast v1.5.0
    Checking bevy_tasks v0.17.3
    Checking bevy_reflect v0.17.3
    Checking postgres-types v0.2.13
   Compiling bevy_ecs_macros v0.17.3
   Compiling async-trait v0.1.89
   Compiling libc v0.2.185
    Checking tokio-postgres v0.7.17
    Checking bevy_ecs v0.17.3
    Checking sha2 v0.10.9
    Checking blake2 v0.10.6
   Compiling bevy_derive v0.17.3
    Checking mir2-protocol v0.1.0 (E:\mir2-player-journey\mir2-web3\packages\protocol)
    Checking mir2-game-data v0.1.0 (E:\mir2-player-journey\mir2-web3\packages\game-data)
    Checking bevy_app v0.17.3
    Checking argon2 v0.5.3
    Checking mir2-production v0.1.0 (E:\mir2-player-journey\mir2-web3\packages\production)
    Checking flate2 v1.1.9
    Checking postgres v0.19.13
    Checking mir2-simulation v0.1.0 (E:\mir2-player-journey\mir2-web3\apps\simulation)
warning: unused import: `super::skills::crystal_magic_damage`
  --> apps\simulation\src\runtime\hero_ai.rs:53:5
   |
53 | use super::skills::crystal_magic_damage;
   |     ^^^^^^^^^^^^^^^^^^^^^^^^^^^^^^^^^^^
   |
   = note: `#[warn(unused_imports)]` (part of `#[warn(unused)]`) on by default

warning: unused import: `hero_registry_scan::validate_shared_hero_physical_custody`
  --> apps\simulation\src\runtime\mod.rs:22:16
   |
22 | pub(crate) use hero_registry_scan::validate_shared_hero_physical_custody;
   |                ^^^^^^^^^^^^^^^^^^^^^^^^^^^^^^^^^^^^^^^^^^^^^^^^^^^^^^^^^

warning: unused import: `HeroInventoryResource`
  --> apps\simulation\src\runtime\items.rs:58:19
   |
58 |     BuffResource, HeroInventoryResource, InventoryResource, PlayerPermissionResource,
   |                   ^^^^^^^^^^^^^^^^^^^^^

warning: unused import: `ItemContainer`
 --> apps\simulation\src\runtime\npc.rs:8:22
  |
8 |     CharacterRecord, ItemContainer, NpcDialogInputSnapshot, NpcDialogLinkSnapshot,
  |                      ^^^^^^^^^^^^^

warning: unused imports: `crystal_item_key_for_template` and `merged_user_item_stats`
  --> apps\simulation\src\runtime\npc.rs:38:5
   |
38 |     crystal_item_key_for_template, crystal_item_template_for_item_key, merged_user_item_stats,
   |     ^^^^^^^^^^^^^^^^^^^^^^^^^^^^^                                      ^^^^^^^^^^^^^^^^^^^^^^

warning: unused imports: `NpcPurchaseProcessingOutcome` and `NpcPurchaseRejection`
  --> apps\simulation\src\runtime\npc_purchase_transaction.rs:14:56
   |
14 | use super::npc_purchase_outcome::{NpcPurchaseCurrency, NpcPurchaseProcessingOutcome, NpcPurchaseRejection, NpcPurchaseRequest, NpcPu...
   |                                                        ^^^^^^^^^^^^^^^^^^^^^^^^^^^^  ^^^^^^^^^^^^^^^^^^^^

warning: unused import: `StoneRegistry`
  --> apps\simulation\src\runtime\stones.rs:21:23
   |
21 |     StonePreparation, StoneRegistry, StoneSource, StoneSourceKind};
   |                       ^^^^^^^^^^^^^

warning: unused import: `hero_inventory_crystal_stat_total`
  --> apps\simulation\src\runtime\packets.rs:72:22
   |
72 | use super::hero_ai::{hero_inventory_crystal_stat_total, hero_inventory_equipment_slots};
   |                      ^^^^^^^^^^^^^^^^^^^^^^^^^^^^^^^^^

warning: unused import: `crystal_quest_info_by_id`
   --> apps\simulation\src\runtime\packets.rs:108:5
    |
108 |     crystal_quest_info_by_id, crystal_quest_reward_selection_missing,
    |     ^^^^^^^^^^^^^^^^^^^^^^^^

warning: unused import: `intelligent_creature_default_rules`
   --> apps\simulation\src\runtime\packets.rs:131:5
    |
131 |     intelligent_creature_default_rules, is_in_world, mark_crystal_packet_action,
    |     ^^^^^^^^^^^^^^^^^^^^^^^^^^^^^^^^^^

warning: unused imports: `ZoneExperienceProfile` and `ZoneGuildExperienceMembership`
 --> apps\simulation\src\runtime\zone\mod.rs:6:22
  |
6 | pub use experience::{ZoneExperienceProfile,ZoneExperienceSelection,ZoneGuildExperienceMembership};
  |                      ^^^^^^^^^^^^^^^^^^^^^                         ^^^^^^^^^^^^^^^^^^^^^^^^^^^^^

warning: use of deprecated method `bevy_ecs::world::World::iter_entities`: use world.query::<EntityRef>()` instead
  --> apps\simulation\src\runtime\hero_cast.rs:61:22
   |
61 |     let target=world.iter_entities().find_map(|entry| {
   |                      ^^^^^^^^^^^^^
   |
   = note: `#[warn(deprecated)]` on by default

warning: use of deprecated method `bevy_ecs::world::World::iter_entities`: use world.query::<EntityRef>()` instead
   --> apps\simulation\src\runtime\monster_ai\great_fox_spirit.rs:163:28
    |
163 |     for candidate in world.iter_entities() {
    |                            ^^^^^^^^^^^^^

error[E0609]: no field `bind` on type `UserItem`
  --> apps\simulation\src\runtime\stones.rs:72:35
   |
72 |     Ok(StoneBinding { flags: wire.bind, soul_bound_id: wire.soul_bound_id })
   |                                   ^^^^ unknown field
   |
   = note: available fields are: `unique_id`, `item_index`, `current_dura`, `max_dura`, `count` ... and 17 others

error[E0609]: no field `bind` on type `UserItem`
   --> apps\simulation\src\runtime\stones.rs:106:10
    |
106 |     wire.bind = original.bind;
    |          ^^^^ unknown field
    |
    = note: available fields are: `unique_id`, `item_index`, `current_dura`, `max_dura`, `count` ... and 17 others

error[E0609]: no field `bind` on type `UserItem`
   --> apps\simulation\src\runtime\stones.rs:106:26
    |
106 |     wire.bind = original.bind;
    |                          ^^^^ unknown field
    |
    = note: available fields are: `unique_id`, `item_index`, `current_dura`, `max_dura`, `count` ... and 17 others

error[E0277]: the trait bound `Array<u8, UInt<UInt<UInt<UInt<..., ...>, ...>, ...>, ...>>: LowerHex` is not satisfied
   --> apps\simulation\src\runtime\stones.rs:124:24
    |
124 |     Ok(format!("{:x}", Sha256::digest(encoded)))
    |                 ----   ^^^^^^^^^^^^^^^^^^^^^^^ the trait `LowerHex` is not implemented for `Array<u8, UInt<UInt<UInt<UInt<UInt<..., ...>, ...>, ...>, ...>, ...>>`
    |                 |
    |                 required by this formatting parameter
    |
    = help: the following other types implement trait `LowerHex`:
              &T
              &mut T
              Saturating<T>
              SystemStateFlags
              Wrapping<T>
              bytes::bytes::Bytes
              generic_array::GenericArray<u8, T>
              i128
            and 28 others
    = note: the full name for the type has been written to 'E:\mir2-player-journey\work\slg-stonecutting-20261009\target\debug\deps\mir2_simulation-233880116bfd6382.long-type-1201532524077461165.txt'
    = note: consider using `--verbose` to print the full type name to the console

error[E0308]: mismatched types
    --> apps\simulation\src\runtime\stones.rs:263:69
     |
 263 |                 merge_persisted_mail_into_character_save(&mut save, Some(durable))?;
     |                 ----------------------------------------            ^^^^^^^^^^^^^ expected `&CharacterSaveRecord`, found `Option<&CharacterSaveRecord>`
     |                 |
     |                 arguments to this function are incorrect
     |
     = note: expected reference `&config::CharacterSaveRecord`
                     found enum `std::option::Option<&config::CharacterSaveRecord>`
note: function defined here
    --> apps\simulation\src\runtime\save.rs:1059:15
     |
1059 | pub(super) fn merge_persisted_mail_into_character_save(
     |               ^^^^^^^^^^^^^^^^^^^^^^^^^^^^^^^^^^^^^^^^
1060 |     save: &mut CharacterSaveRecord,
1061 |     persisted_save: &CharacterSaveRecord,
     |     ------------------------------------

warning: use of deprecated method `bevy_ecs::world::World::iter_entities`: use world.query::<EntityRef>()` instead
    --> apps\simulation\src\runtime\packets.rs:7902:25
     |
7902 |     for entity in world.iter_entities() {
     |                         ^^^^^^^^^^^^^

warning: use of deprecated method `bevy_ecs::world::World::iter_entities`: use world.query::<EntityRef>()` instead
   --> apps\simulation\src\runtime\session.rs:760:14
    |
760 |             .iter_entities()
    |              ^^^^^^^^^^^^^

warning: use of deprecated method `bevy_ecs::world::World::iter_entities`: use world.query::<EntityRef>()` instead
    --> apps\simulation\src\runtime\skills.rs:5013:10
     |
5013 |         .iter_entities()
     |          ^^^^^^^^^^^^^

warning: use of deprecated method `bevy_ecs::world::World::iter_entities`: use world.query::<EntityRef>()` instead
    --> apps\simulation\src\runtime\skills.rs:5096:10
     |
5096 |         .iter_entities()
     |          ^^^^^^^^^^^^^

Some errors have detailed explanations: E0277, E0308, E0609.
For more information about an error, try `rustc --explain E0277`.
warning: `mir2-simulation` (lib) generated 17 warnings
error: could not compile `mir2-simulation` (lib) due to 5 previous errors; 17 warnings emitted
