--------- beginning of main
10-02 15:25:16.228 16511 16511 I .web3.uiprevie: Late-enabling -Xcheck:jni
10-02 15:25:16.255 16511 16511 D CompatibilityChangeReporter: Compat change id reported: 171979766; UID 10146; state: ENABLED
10-02 15:25:16.286 16511 16511 V GraphicsEnvironment: ANGLE Developer option for 'com.mir2.web3.uipreview' set to: 'default'
10-02 15:25:16.286 16511 16511 V GraphicsEnvironment: Neither updatable production driver nor prerelease driver is supported.
10-02 15:25:16.287 16511 16511 D NetworkSecurityConfig: No Network Security Config specified, using platform default
10-02 15:25:16.287 16511 16511 D NetworkSecurityConfig: No Network Security Config specified, using platform default
10-02 15:25:16.315 16511 16533 D libEGL  : loaded /vendor/lib64/egl/libEGL_emulation.so
10-02 15:25:16.316 16511 16533 D libEGL  : loaded /vendor/lib64/egl/libGLESv1_CM_emulation.so
10-02 15:25:16.318 16511 16533 D libEGL  : loaded /vendor/lib64/egl/libGLESv2_emulation.so
10-02 15:25:16.340 16511 16511 D AppCompatDelegate: Checking for metadata for AppLocalesMetadataHolderService : Service not found
10-02 15:25:16.348 16511 16511 D gti.InputConnection: InputConnection created
10-02 15:25:16.352 16511 16511 D gti.InputConnection: setEditorInfo
10-02 15:25:16.355 16511 16511 W .web3.uiprevie: Accessing hidden method Landroid/view/ViewGroup;->makeOptionalFitsSystemWindows()V (unsupported, reflection, allowed)
10-02 15:25:16.355 16511 16511 I GameActivity: Looking for library libmir2_platform_android.so
10-02 15:25:16.356 16511 16511 I GameActivity: Found library libmir2_platform_android.so. Loading...
10-02 15:25:16.357 16511 16511 D GameActivity: GameActivity_register
10-02 15:25:16.358 16511 16511 V GameActivity: Registering com/google/androidgamesdk/GameActivity's 24 native methods...
10-02 15:25:16.358 16511 16511 D GameActivity: SDK version: 31
10-02 15:25:16.358 16511 16511 I android-activity: Creating: Activity = 0x1696, saved state size = 0
10-02 15:25:16.360 16511 16511 V threaded_app: Creating: 0xb400007535841870
10-02 15:25:16.360 16511 16511 V threaded_app: Callbacks set: 0xb4000075358418c0
10-02 15:25:16.360 16511 16511 V threaded_app: Launching android_app_entry in a thread
10-02 15:25:16.360 16511 16535 V threaded_app: android_app_entry called
10-02 15:25:16.361 16511 16535 V threaded_app: android_app = 0xb400007515843290
10-02 15:25:16.361 16511 16535 V threaded_app: config = 0xb400007485854980
10-02 15:25:16.361 16511 16535 V threaded_app: activity = 0xb400007535841870
10-02 15:25:16.361 16511 16535 V threaded_app: assetmanager = 0xb40000753583d3b0
10-02 15:25:16.361 16511 16535 V threaded_app: Config: mcc=310 mnc=260 lang=en cnt=US orien=2 touch=3 dens=440 keys=2 nav=2 keysHid=1 navHid=0 sdk=31 size=2 long=2 modetype=1 modenight=1
10-02 15:25:16.373 16511 16535 D HostConnection: createUnique: call
10-02 15:25:16.374 16511 16535 D HostConnection: HostConnection::get() New Host Connection established 0xb4000074d583b650, tid 16535
10-02 15:25:16.375 16511 16535 D HostConnection: HostComposition ext ANDROID_EMU_CHECKSUM_HELPER_v1 ANDROID_EMU_native_sync_v2 ANDROID_EMU_native_sync_v3 ANDROID_EMU_native_sync_v4 ANDROID_EMU_dma_v1 ANDROID_EMU_direct_mem ANDROID_EMU_host_composition_v1 ANDROID_EMU_host_composition_v2 ANDROID_EMU_vulkan ANDROID_EMU_deferred_vulkan_commands ANDROID_EMU_vulkan_null_optional_strings ANDROID_EMU_vulkan_create_resources_with_requirements ANDROID_EMU_YUV_Cache ANDROID_EMU_vulkan_ignored_handles ANDROID_EMU_has_shared_slots_host_memory_allocator ANDROID_EMU_vulkan_free_memory_sync ANDROID_EMU_vulkan_shader_float16_int8 ANDROID_EMU_vulkan_async_queue_submit ANDROID_EMU_vulkan_queue_submit_with_commands ANDROID_EMU_sync_buffer_data ANDROID_EMU_vulkan_async_qsri ANDROID_EMU_read_color_buffer_dma ANDROID_EMU_hwc_color_transform GL_OES_EGL_image_external_essl3 GL_OES_vertex_array_object ANDROID_EMU_host_side_tracing ANDROID_EMU_gles_max_version_3_0 
10-02 15:25:16.377 16511 16535 D EGL_emulation: eglCreateContext: 0xb4000074d583aa50: maj 3 min 0 rcv 3
10-02 15:25:16.378 16511 16535 D EGL_emulation: eglMakeCurrent: 0xb4000074d583aa50: ver 3 0 (tinfo 0x76fbc37080) (first time)
10-02 15:25:16.395 16511 16534 I RustStdoutStderr: [2m2026-10-02T07:25:16.395068Z[0m [32m INFO[0m [2mbevy_render::renderer[0m[2m:[0m AdapterInfo { name: "Android Emulator OpenGL ES Translator (Apple M1 Max)", vendor: 4203, device: 0, device_type: IntegratedGpu, device_pci_bus_id: "", driver: "", driver_info: "OpenGL ES 3.0 (4.1 Metal - 89.4)", backend: Gl, subgroup_min_size: 4, subgroup_max_size: 128, transient_saves_memory: false }
10-02 15:25:16.395 16511 16535 I event /Users/henryliu/obelisk/numeron-worktrees/android-shared-sync/mir2-web3/third_party/bevyAdapterInfo { name: "Android Emulator OpenGL ES Translator (Apple M1 Max)", vendor: 4203, device: 0, device_type: IntegratedGpu, device_pci_bus_id: "", driver: "", driver_info: "OpenGL ES 3.0 (4.1 Metal - 89.4)", backend: Gl, subgroup_min_size: 4, subgroup_max_size: 128, transient_saves_memory: false }
10-02 15:25:16.405 16511 16511 V GameActivity: onStart_native
10-02 15:25:16.405 16511 16511 V threaded_app: Start: 0xb400007535841870
10-02 15:25:16.462 16511 16535 I event /Users/henryliu/obelisk/numeron-worktrees/android-shared-sync/mir2-web3/third_party/bevySparse buffer updates disabled. RenderDevice lacks support: max_storage_buffers_per_shader_stage (0) < 3.
10-02 15:25:16.463 16511 16535 W event /Users/henryliu/.cargo/registry/src/index.crates.io-1949cf8c6b5b557f/bevy_core_pipeline-OrderIndependentTransparencyPlugin not loaded. GPU lacks support: DownlevelFlags::FRAGMENT_WRITABLE_STORAGE.
10-02 15:25:16.463 16511 16535 W event /Users/henryliu/.cargo/registry/src/index.crates.io-1949cf8c6b5b557f/bevy_core_pipeline-BackgroundMotionVectorsPlugin not loaded. GPU lacks support for required downlevel capability flags: DownlevelFlags(INDEPENDENT_BLEND).
10-02 15:25:16.463 16511 16534 I RustStdoutStderr: [2m2026-10-02T07:25:16.462815Z[0m [32m INFO[0m [2mbevy_render::render_resource::sparse_buffer_vec[0m[2m:[0m Sparse buffer updates disabled. RenderDevice lacks support: max_storage_buffers_per_shader_stage (0) < 3.
10-02 15:25:16.463 16511 16534 I RustStdoutStderr: [2m2026-10-02T07:25:16.463010Z[0m [33m WARN[0m [2mbevy_core_pipeline::oit::resolve[0m[2m:[0m OrderIndependentTransparencyPlugin not loaded. GPU lacks support: DownlevelFlags::FRAGMENT_WRITABLE_STORAGE.
10-02 15:25:16.463 16511 16534 I RustStdoutStderr: [2m2026-10-02T07:25:16.463032Z[0m [33m WARN[0m [2mbevy_core_pipeline::prepass::background_motion_vectors[0m[2m:[0m BackgroundMotionVectorsPlugin not loaded. GPU lacks support for required downlevel capability flags: DownlevelFlags(INDEPENDENT_BLEND).
10-02 15:25:16.511 16511 16535 I event /Users/henryliu/obelisk/numeron-worktrees/android-shared-sync/mir2-web3/third_party/bevyGPU preprocessing is not supported on this device. Falling back to CPU preprocessing.
10-02 15:25:16.511 16511 16534 I RustStdoutStderr: [2m2026-10-02T07:25:16.511221Z[0m [32m INFO[0m [2mbevy_render::batching::gpu_preprocessing[0m[2m:[0m GPU preprocessing is not supported on this device. Falling back to CPU preprocessing.
10-02 15:25:16.528 16511 16535 V threaded_app: activityState=11
10-02 15:25:16.528 16511 16534 I RustStdoutStderr: [2m2026-10-02T07:25:16.528484Z[0m [33m WARN[0m [2mwinit::platform_impl::android[0m[2m:[0m TODO: forward onStart notification to application
10-02 15:25:16.528 16511 16535 W event /Users/henryliu/.cargo/registry/src/index.crates.io-1949cf8c6b5b557f/winit-0.30.13/src/pTODO: forward onStart notification to application
10-02 15:25:16.531 16511 16511 V threaded_app: Resume: 0xb400007535841870
10-02 15:25:16.531 16511 16535 V threaded_app: activityState=12
10-02 15:25:16.539 16511 16511 V GameActivity: onImeInsetsChanged from Text Listener
10-02 15:25:16.539 16511 16511 V threaded_app: WindowInsetsChanged: 0xb400007535841870
10-02 15:25:16.539 16511 16534 I RustStdoutStderr: [2m2026-10-02T07:25:16.539745Z[0m [33m WARN[0m [2mwinit::platform_impl::android[0m[2m:[0m TODO: handle Android InsetsChanged notification
10-02 15:25:16.539 16511 16535 W event /Users/henryliu/.cargo/registry/src/index.crates.io-1949cf8c6b5b557f/winit-0.30.13/src/pTODO: handle Android InsetsChanged notification
10-02 15:25:16.543 16511 16511 V GameActivity: onImeInsetsChanged from Text Listener
10-02 15:25:16.543 16511 16511 V threaded_app: WindowInsetsChanged: 0xb400007535841870
10-02 15:25:16.543 16511 16534 I RustStdoutStderr: [2m2026-10-02T07:25:16.543795Z[0m [33m WARN[0m [2mwinit::platform_impl::android[0m[2m:[0m TODO: handle Android InsetsChanged notification
10-02 15:25:16.543 16511 16535 W event /Users/henryliu/.cargo/registry/src/index.crates.io-1949cf8c6b5b557f/winit-0.30.13/src/pTODO: handle Android InsetsChanged notification
10-02 15:25:16.544 16511 16531 D HostConnection: createUnique: call
10-02 15:25:16.544 16511 16531 D HostConnection: HostConnection::get() New Host Connection established 0xb4000074d58528d0, tid 16531
10-02 15:25:16.544 16511 16511 V threaded_app: ContentRectChanged: 0xb400007535841870 -- (0 0) (2340 1080)
10-02 15:25:16.544 16511 16534 I RustStdoutStderr: [2m2026-10-02T07:25:16.544795Z[0m [33m WARN[0m [2mwinit::platform_impl::android[0m[2m:[0m TODO: find a way to notify application of content rect change
10-02 15:25:16.544 16511 16535 W event /Users/henryliu/.cargo/registry/src/index.crates.io-1949cf8c6b5b557f/winit-0.30.13/src/pTODO: find a way to notify application of content rect change
10-02 15:25:16.545 16511 16531 D HostConnection: HostComposition ext ANDROID_EMU_CHECKSUM_HELPER_v1 ANDROID_EMU_native_sync_v2 ANDROID_EMU_native_sync_v3 ANDROID_EMU_native_sync_v4 ANDROID_EMU_dma_v1 ANDROID_EMU_direct_mem ANDROID_EMU_host_composition_v1 ANDROID_EMU_host_composition_v2 ANDROID_EMU_vulkan ANDROID_EMU_deferred_vulkan_commands ANDROID_EMU_vulkan_null_optional_strings ANDROID_EMU_vulkan_create_resources_with_requirements ANDROID_EMU_YUV_Cache ANDROID_EMU_vulkan_ignored_handles ANDROID_EMU_has_shared_slots_host_memory_allocator ANDROID_EMU_vulkan_free_memory_sync ANDROID_EMU_vulkan_shader_float16_int8 ANDROID_EMU_vulkan_async_queue_submit ANDROID_EMU_vulkan_queue_submit_with_commands ANDROID_EMU_sync_buffer_data ANDROID_EMU_vulkan_async_qsri ANDROID_EMU_read_color_buffer_dma ANDROID_EMU_hwc_color_transform GL_OES_EGL_image_external_essl3 GL_OES_vertex_array_object ANDROID_EMU_host_side_tracing ANDROID_EMU_gles_max_version_3_0 
10-02 15:25:16.545 16511 16531 W OpenGLRenderer: Failed to choose config with EGL_SWAP_BEHAVIOR_PRESERVED, retrying without...
10-02 15:25:16.546 16511 16511 V GameActivity: onSurfaceCreated_native
10-02 15:25:16.546 16511 16511 V threaded_app: NativeWindowCreated: 0xb400007535841870 -- 0xb4000075c59f0350
10-02 15:25:16.546 16511 16511 V threaded_app: android_app_set_window called
10-02 15:25:16.546 16511 16535 V threaded_app: APP_CMD_INIT_WINDOW
10-02 15:25:16.546 16511 16534 I RustStdoutStderr: [2m2026-10-02T07:25:16.546643Z[0m [32m INFO[0m [2mbevy_winit::system[0m[2m:[0m Creating new window mir2-web3 (android) (105v0)
10-02 15:25:16.546 16511 16535 I event /Users/henryliu/.cargo/registry/src/index.crates.io-1949cf8c6b5b557f/bevy_winit-0.19.0/sCreating new window mir2-web3 (android) (105v0)
10-02 15:25:16.546 16511 16511 V threaded_app: NativeWindowResized: 0xb400007535841870 -- 0xb4000075c59f0350 ( 2340 x 1080 )
10-02 15:25:16.546 16511 16511 V threaded_app: NativeWindowRedrawNeeded: 0xb400007535841870 -- 0xb4000075c59f0350
10-02 15:25:16.549 16511 16531 W OpenGLRenderer: Failed to initialize 101010-2 format, error = EGL_SUCCESS
10-02 15:25:16.549 16511 16531 D EGL_emulation: eglCreateContext: 0xb4000074d58525d0: maj 3 min 0 rcv 3
10-02 15:25:16.551 16511 16531 D EGL_emulation: eglMakeCurrent: 0xb4000074d58525d0: ver 3 0 (tinfo 0x76fbc37100) (first time)
10-02 15:25:16.554 16511 16531 I Gralloc4: mapper 4.x is not supported
10-02 15:25:16.554 16511 16531 D HostConnection: createUnique: call
10-02 15:25:16.554 16511 16531 D HostConnection: HostConnection::get() New Host Connection established 0xb4000074d58531d0, tid 16531
10-02 15:25:16.555 16511 16531 D goldfish-address-space: allocate: Ask for block of size 0x100
10-02 15:25:16.555 16511 16531 D goldfish-address-space: allocate: ioctl allocate returned offset 0x1efff8000 size 0x8000
10-02 15:25:16.555 16511 16531 W Gralloc4: allocator 4.x is not supported
10-02 15:25:16.558 16511 16531 D HostConnection: HostComposition ext ANDROID_EMU_CHECKSUM_HELPER_v1 ANDROID_EMU_native_sync_v2 ANDROID_EMU_native_sync_v3 ANDROID_EMU_native_sync_v4 ANDROID_EMU_dma_v1 ANDROID_EMU_direct_mem ANDROID_EMU_host_composition_v1 ANDROID_EMU_host_composition_v2 ANDROID_EMU_vulkan ANDROID_EMU_deferred_vulkan_commands ANDROID_EMU_vulkan_null_optional_strings ANDROID_EMU_vulkan_create_resources_with_requirements ANDROID_EMU_YUV_Cache ANDROID_EMU_vulkan_ignored_handles ANDROID_EMU_has_shared_slots_host_memory_allocator ANDROID_EMU_vulkan_free_memory_sync ANDROID_EMU_vulkan_shader_float16_int8 ANDROID_EMU_vulkan_async_queue_submit ANDROID_EMU_vulkan_queue_submit_with_commands ANDROID_EMU_sync_buffer_data ANDROID_EMU_vulkan_async_qsri ANDROID_EMU_read_color_buffer_dma ANDROID_EMU_hwc_color_transform GL_OES_EGL_image_external_essl3 GL_OES_vertex_array_object ANDROID_EMU_host_side_tracing ANDROID_EMU_gles_max_version_3_0 
10-02 15:25:16.582 16511 16511 V threaded_app: WindowFocusChanged: 0xb400007535841870 -- 1
10-02 15:25:16.600 16511 16511 V GameActivity: onImeInsetsChanged from Text Listener
10-02 15:25:16.600 16511 16511 V threaded_app: WindowInsetsChanged: 0xb400007535841870
10-02 15:25:16.609 16511 16535 I event /Users/henryliu/obelisk/numeron-worktrees/android-shared-sync/mir2-web3/third_party/bevyMIR2_ANDROID_SURFACE_CONFIG_PROBE reason=initial format=Rgba8Unorm size=3520x1980
10-02 15:25:16.609 16511 16534 I RustStdoutStderr: [2m2026-10-02T07:25:16.609644Z[0m [32m INFO[0m [2mbevy_render::view::window[0m[2m:[0m MIR2_ANDROID_SURFACE_CONFIG_PROBE reason=initial format=Rgba8Unorm size=3520x1980
10-02 15:25:16.610 16511 16535 I event /Users/henryliu/obelisk/numeron-worktrees/android-shared-sync/mir2-web3/third_party/bevyMIR2_ANDROID_SURFACE_ATTACHMENT_PROBE frame=0 raw=3 live=true internal=0x8058 size=3520x1980 samples=0 expected=Rgba8Unorm
10-02 15:25:16.610 16511 16534 I RustStdoutStderr: [2m2026-10-02T07:25:16.610114Z[0m [32m INFO[0m [2mbevy_render::view::window[0m[2m:[0m MIR2_ANDROID_SURFACE_ATTACHMENT_PROBE frame=0 raw=3 live=true internal=0x8058 size=3520x1980 samples=0 expected=Rgba8Unorm
10-02 15:25:16.652 16511 16535 I event /Users/henryliu/obelisk/numeron-worktrees/android-shared-sync/mir2-web3/third_party/bevyMIR2_ANDROID_SURFACE_CONFIG_PROBE reason=resize_or_present_mode format=Rgba8Unorm size=2340x1080
10-02 15:25:16.652 16511 16534 I RustStdoutStderr: [2m2026-10-02T07:25:16.652180Z[0m [32m INFO[0m [2mbevy_render::view::window[0m[2m:[0m MIR2_ANDROID_SURFACE_CONFIG_PROBE reason=resize_or_present_mode format=Rgba8Unorm size=2340x1080
10-02 15:25:16.666 16511 16535 I event src/ui_preview.rs:1183: ANDROID_QUEST_PREVIEW_RECEIVED_MODELS_APPLIED_NOT_LIVEscene = "quests-ingress"; count = 1; quest_id = Some(2100004); dialog_open = false;
10-02 15:25:16.666 16511 16534 I RustStdoutStderr: [2m2026-10-02T07:25:16.665971Z[0m [32m INFO[0m [2mmir2_platform_android::ui_preview[0m[2m:[0m ANDROID_QUEST_PREVIEW_RECEIVED_MODELS_APPLIED_NOT_LIVE [3mscene[0m[2m=[0m"quests-ingress" [3mcount[0m[2m=[0m1 [3mquest_id[0m[2m=[0mSome(2100004) [3mdialog_open[0m[2m=[0mfalse
10-02 15:25:16.672 16511 16535 I event src/item_geometry.rs:127: ANDROID_ITEM_GEOMETRY_READYitems = 1003; state_items = 2380; sources = [("original-ui/Items/meta.json", "ec0eca414ac6c34e17a218f0ed4396f30607c2485482f8760af7706acddcedfe"), ("original-ui/StateItem/meta.json", "7d812a76e9a54b1d0535968a8c21ee2064577e7012572daf79b242221ca72e9a")];
10-02 15:25:16.672 16511 16534 I RustStdoutStderr: [2m2026-10-02T07:25:16.672308Z[0m [32m INFO[0m [2mmir2_platform_android::item_geometry[0m[2m:[0m ANDROID_ITEM_GEOMETRY_READY [3mitems[0m[2m=[0m1003 [3mstate_items[0m[2m=[0m2380 [3msources[0m[2m=[0m[("original-ui/Items/meta.json", "ec0eca414ac6c34e17a218f0ed4396f30607c2485482f8760af7706acddcedfe"), ("original-ui/StateItem/meta.json", "7d812a76e9a54b1d0535968a8c21ee2064577e7012572daf79b242221ca72e9a")]
10-02 15:25:16.672 16511 16534 I RustStdoutStderr: [2m2026-10-02T07:25:16.672497Z[0m [32m INFO[0m [2mmir2_platform_android::ui_preview[0m[2m:[0m ANDROID_INVENTORY_INGRESS_OFFLINE queued owner42 bag12 equip2 sourceFrame30
10-02 15:25:16.672 16511 16535 I event src/ui_preview.rs:1347: ANDROID_INVENTORY_INGRESS_OFFLINE queued owner42 bag12 equip2 sourceFrame30
10-02 15:25:16.672 16511 16534 I RustStdoutStderr: [2m2026-10-02T07:25:16.672540Z[0m [32m INFO[0m [2mmir2_platform_android::ui_preview[0m[2m:[0m ANDROID_UI_PREVIEW_READY scene=quests-ingress
10-02 15:25:16.672 16511 16535 I event src/ui_preview.rs:800: ANDROID_UI_PREVIEW_READY scene=quests-ingress
10-02 15:25:16.693 16511 16535 W event /Users/henryliu/.cargo/registry/src/index.crates.io-1949cf8c6b5b557f/winit-0.30.13/src/pTODO: handle Android InsetsChanged notification
10-02 15:25:16.693 16511 16534 I RustStdoutStderr: [2m2026-10-02T07:25:16.693605Z[0m [33m WARN[0m [2mwinit::platform_impl::android[0m[2m:[0m TODO: handle Android InsetsChanged notification
10-02 15:25:16.734 16511 16535 I event /Users/henryliu/obelisk/numeron-worktrees/android-shared-sync/mir2-web3/third_party/bevyMIR2_ANDROID_SURFACE_ATTACHMENT_PROBE frame=0 raw=5 live=true internal=0x8058 size=2340x1080 samples=0 expected=Rgba8Unorm
10-02 15:25:16.734 16511 16534 I RustStdoutStderr: [2m2026-10-02T07:25:16.734503Z[0m [32m INFO[0m [2mbevy_render::view::window[0m[2m:[0m MIR2_ANDROID_SURFACE_ATTACHMENT_PROBE frame=0 raw=5 live=true internal=0x8058 size=2340x1080 samples=0 expected=Rgba8Unorm
10-02 15:25:16.754 16511 16535 D eglCodecCommon: checkFramebufferAttachmentCompleteness: rbo not color renderable. format: 0x0
10-02 15:25:16.755 16511 16535 D eglCodecCommon: checkFramebufferCompleteness: color attachment 0 not complete: 0x8cd6
10-02 15:25:16.755 16511 16535 E emuglGLESv2_enc: device/generic/goldfish-opengl/system/GLESv2_enc/GL2Encoder.cpp:s_glDrawElementsInstanced:4585 GL error 0x506 condition [ctx->m_state->checkFramebufferCompleteness(GL_FRAMEBUFFER) != GL_FRAMEBUFFER_COMPLETE]
10-02 15:25:16.755 16511 16535 D eglCodecCommon: checkFramebufferAttachmentCompleteness: rbo not color renderable. format: 0x0
10-02 15:25:16.755 16511 16535 D eglCodecCommon: checkFramebufferCompleteness: color attachment 0 not complete: 0x8cd6
10-02 15:25:16.755 16511 16535 E emuglGLESv2_enc: device/generic/goldfish-opengl/system/GLESv2_enc/GL2Encoder.cpp:s_glDrawElementsInstanced:4585 GL error 0x506 condition [ctx->m_state->checkFramebufferCompleteness(GL_FRAMEBUFFER) != GL_FRAMEBUFFER_COMPLETE]
10-02 15:25:16.755 16511 16535 D eglCodecCommon: checkFramebufferAttachmentCompleteness: rbo not color renderable. format: 0x0
10-02 15:25:16.755 16511 16535 D eglCodecCommon: checkFramebufferCompleteness: color attachment 0 not complete: 0x8cd6
10-02 15:25:16.755 16511 16535 E emuglGLESv2_enc: device/generic/goldfish-opengl/system/GLESv2_enc/GL2Encoder.cpp:s_glDrawElementsInstanced:4585 GL error 0x506 condition [ctx->m_state->checkFramebufferCompleteness(GL_FRAMEBUFFER) != GL_FRAMEBUFFER_COMPLETE]
10-02 15:25:16.782 16511 16535 I event /Users/henryliu/obelisk/numeron-worktrees/android-shared-sync/mir2-web3/third_party/bevyMIR2_ANDROID_SURFACE_ATTACHMENT_PROBE frame=1 raw=5 live=true internal=0x8058 size=2340x1080 samples=0 expected=Rgba8Unorm
10-02 15:25:16.782 16511 16534 I RustStdoutStderr: [2m2026-10-02T07:25:16.782712Z[0m [32m INFO[0m [2mbevy_render::view::window[0m[2m:[0m MIR2_ANDROID_SURFACE_ATTACHMENT_PROBE frame=1 raw=5 live=true internal=0x8058 size=2340x1080 samples=0 expected=Rgba8Unorm
10-02 15:25:16.825 16511 16535 D eglCodecCommon: checkFramebufferAttachmentCompleteness: rbo not color renderable. format: 0x0
10-02 15:25:16.825 16511 16535 D eglCodecCommon: checkFramebufferCompleteness: color attachment 0 not complete: 0x8cd6
10-02 15:25:16.825 16511 16535 E emuglGLESv2_enc: device/generic/goldfish-opengl/system/GLESv2_enc/GL2Encoder.cpp:s_glDrawElementsInstanced:4585 GL error 0x506 condition [ctx->m_state->checkFramebufferCompleteness(GL_FRAMEBUFFER) != GL_FRAMEBUFFER_COMPLETE]
10-02 15:25:16.825 16511 16535 D eglCodecCommon: checkFramebufferAttachmentCompleteness: rbo not color renderable. format: 0x0
10-02 15:25:16.825 16511 16535 D eglCodecCommon: checkFramebufferCompleteness: color attachment 0 not complete: 0x8cd6
10-02 15:25:16.825 16511 16535 E emuglGLESv2_enc: device/generic/goldfish-opengl/system/GLESv2_enc/GL2Encoder.cpp:s_glDrawElementsInstanced:4585 GL error 0x506 condition [ctx->m_state->checkFramebufferCompleteness(GL_FRAMEBUFFER) != GL_FRAMEBUFFER_COMPLETE]
10-02 15:25:16.825 16511 16535 D eglCodecCommon: checkFramebufferAttachmentCompleteness: rbo not color renderable. format: 0x0
10-02 15:25:16.825 16511 16535 D eglCodecCommon: checkFramebufferCompleteness: color attachment 0 not complete: 0x8cd6
10-02 15:25:16.825 16511 16535 E emuglGLESv2_enc: device/generic/goldfish-opengl/system/GLESv2_enc/GL2Encoder.cpp:s_glDrawElementsInstanced:4585 GL error 0x506 condition [ctx->m_state->checkFramebufferCompleteness(GL_FRAMEBUFFER) != GL_FRAMEBUFFER_COMPLETE]
10-02 15:25:16.825 16511 16535 D eglCodecCommon: checkFramebufferAttachmentCompleteness: rbo not color renderable. format: 0x0
10-02 15:25:16.825 16511 16535 D eglCodecCommon: checkFramebufferCompleteness: color attachment 0 not complete: 0x8cd6
10-02 15:25:16.825 16511 16535 E emuglGLESv2_enc: device/generic/goldfish-opengl/system/GLESv2_enc/GL2Encoder.cpp:s_glDrawElementsInstanced:4585 GL error 0x506 condition [ctx->m_state->checkFramebufferCompleteness(GL_FRAMEBUFFER) != GL_FRAMEBUFFER_COMPLETE]
10-02 15:25:16.825 16511 16535 D eglCodecCommon: checkFramebufferAttachmentCompleteness: rbo not color renderable. format: 0x0
10-02 15:25:16.825 16511 16535 D eglCodecCommon: checkFramebufferCompleteness: color attachment 0 not complete: 0x8cd6
10-02 15:25:16.825 16511 16535 E emuglGLESv2_enc: device/generic/goldfish-opengl/system/GLESv2_enc/GL2Encoder.cpp:s_glDrawElementsInstanced:4585 GL error 0x506 condition [ctx->m_state->checkFramebufferCompleteness(GL_FRAMEBUFFER) != GL_FRAMEBUFFER_COMPLETE]
10-02 15:25:16.825 16511 16535 D eglCodecCommon: checkFramebufferAttachmentCompleteness: rbo not color renderable. format: 0x0
10-02 15:25:16.825 16511 16535 D eglCodecCommon: checkFramebufferCompleteness: color attachment 0 not complete: 0x8cd6
10-02 15:25:16.825 16511 16535 E emuglGLESv2_enc: device/generic/goldfish-opengl/system/GLESv2_enc/GL2Encoder.cpp:s_glDrawElementsInstanced:4585 GL error 0x506 condition [ctx->m_state->checkFramebufferCompleteness(GL_FRAMEBUFFER) != GL_FRAMEBUFFER_COMPLETE]
10-02 15:25:16.825 16511 16535 D eglCodecCommon: checkFramebufferAttachmentCompleteness: rbo not color renderable. format: 0x0
10-02 15:25:16.825 16511 16535 D eglCodecCommon: checkFramebufferCompleteness: color attachment 0 not complete: 0x8cd6
10-02 15:25:16.825 16511 16535 E emuglGLESv2_enc: device/generic/goldfish-opengl/system/GLESv2_enc/GL2Encoder.cpp:s_glDrawElementsInstanced:4585 GL error 0x506 condition [ctx->m_state->checkFramebufferCompleteness(GL_FRAMEBUFFER) != GL_FRAMEBUFFER_COMPLETE]
10-02 15:25:16.844 16511 16535 I event /Users/henryliu/obelisk/numeron-worktrees/android-shared-sync/mir2-web3/third_party/bevyMIR2_ANDROID_SURFACE_ATTACHMENT_PROBE frame=2 raw=5 live=true internal=0x8058 size=2340x1080 samples=0 expected=Rgba8Unorm
10-02 15:25:16.844 16511 16534 I RustStdoutStderr: [2m2026-10-02T07:25:16.844270Z[0m [32m INFO[0m [2mbevy_render::view::window[0m[2m:[0m MIR2_ANDROID_SURFACE_ATTACHMENT_PROBE frame=2 raw=5 live=true internal=0x8058 size=2340x1080 samples=0 expected=Rgba8Unorm
10-02 15:25:16.867 16511 16535 I event /Users/henryliu/obelisk/numeron-worktrees/android-shared-sync/mir2-web3/third_party/bevyMIR2_ANDROID_SURFACE_ATTACHMENT_PROBE frame=3 raw=5 live=true internal=0x8058 size=2340x1080 samples=0 expected=Rgba8Unorm
10-02 15:25:16.867 16511 16534 I RustStdoutStderr: [2m2026-10-02T07:25:16.867686Z[0m [32m INFO[0m [2mbevy_render::view::window[0m[2m:[0m MIR2_ANDROID_SURFACE_ATTACHMENT_PROBE frame=3 raw=5 live=true internal=0x8058 size=2340x1080 samples=0 expected=Rgba8Unorm
10-02 15:25:16.893 16511 16535 I event /Users/henryliu/obelisk/numeron-worktrees/android-shared-sync/mir2-web3/third_party/bevyMIR2_ANDROID_SURFACE_ATTACHMENT_PROBE frame=4 raw=5 live=true internal=0x8058 size=2340x1080 samples=0 expected=Rgba8Unorm
10-02 15:25:16.893 16511 16534 I RustStdoutStderr: [2m2026-10-02T07:25:16.893421Z[0m [32m INFO[0m [2mbevy_render::view::window[0m[2m:[0m MIR2_ANDROID_SURFACE_ATTACHMENT_PROBE frame=4 raw=5 live=true internal=0x8058 size=2340x1080 samples=0 expected=Rgba8Unorm
10-02 15:25:16.925 16511 16535 I event /Users/henryliu/obelisk/numeron-worktrees/android-shared-sync/mir2-web3/third_party/bevyMIR2_ANDROID_SURFACE_ATTACHMENT_PROBE frame=5 raw=5 live=true internal=0x8058 size=2340x1080 samples=0 expected=Rgba8Unorm
10-02 15:25:16.925 16511 16534 I RustStdoutStderr: [2m2026-10-02T07:25:16.924949Z[0m [32m INFO[0m [2mbevy_render::view::window[0m[2m:[0m MIR2_ANDROID_SURFACE_ATTACHMENT_PROBE frame=5 raw=5 live=true internal=0x8058 size=2340x1080 samples=0 expected=Rgba8Unorm
10-02 15:25:16.944 16511 16535 I event /Users/henryliu/obelisk/numeron-worktrees/android-shared-sync/mir2-web3/third_party/bevyMIR2_ANDROID_SURFACE_ATTACHMENT_PROBE frame=6 raw=5 live=true internal=0x8058 size=2340x1080 samples=0 expected=Rgba8Unorm
10-02 15:25:16.944 16511 16534 I RustStdoutStderr: [2m2026-10-02T07:25:16.944356Z[0m [32m INFO[0m [2mbevy_render::view::window[0m[2m:[0m MIR2_ANDROID_SURFACE_ATTACHMENT_PROBE frame=6 raw=5 live=true internal=0x8058 size=2340x1080 samples=0 expected=Rgba8Unorm
10-02 15:25:16.957 16511 16535 I event /Users/henryliu/obelisk/numeron-worktrees/android-shared-sync/mir2-web3/third_party/bevyMIR2_ANDROID_SURFACE_ATTACHMENT_PROBE frame=7 raw=5 live=true internal=0x8058 size=2340x1080 samples=0 expected=Rgba8Unorm
10-02 15:25:16.957 16511 16534 I RustStdoutStderr: [2m2026-10-02T07:25:16.957778Z[0m [32m INFO[0m [2mbevy_render::view::window[0m[2m:[0m MIR2_ANDROID_SURFACE_ATTACHMENT_PROBE frame=7 raw=5 live=true internal=0x8058 size=2340x1080 samples=0 expected=Rgba8Unorm
10-02 15:25:16.974 16511 16535 I event /Users/henryliu/obelisk/numeron-worktrees/android-shared-sync/mir2-web3/third_party/bevyMIR2_ANDROID_SURFACE_ATTACHMENT_PROBE frame=8 raw=5 live=true internal=0x8058 size=2340x1080 samples=0 expected=Rgba8Unorm
10-02 15:25:16.974 16511 16534 I RustStdoutStderr: [2m2026-10-02T07:25:16.974661Z[0m [32m INFO[0m [2mbevy_render::view::window[0m[2m:[0m MIR2_ANDROID_SURFACE_ATTACHMENT_PROBE frame=8 raw=5 live=true internal=0x8058 size=2340x1080 samples=0 expected=Rgba8Unorm
10-02 15:25:16.991 16511 16535 I event /Users/henryliu/obelisk/numeron-worktrees/android-shared-sync/mir2-web3/third_party/bevyMIR2_ANDROID_SURFACE_ATTACHMENT_PROBE frame=9 raw=5 live=true internal=0x8058 size=2340x1080 samples=0 expected=Rgba8Unorm
10-02 15:25:16.991 16511 16534 I RustStdoutStderr: [2m2026-10-02T07:25:16.991325Z[0m [32m INFO[0m [2mbevy_render::view::window[0m[2m:[0m MIR2_ANDROID_SURFACE_ATTACHMENT_PROBE frame=9 raw=5 live=true internal=0x8058 size=2340x1080 samples=0 expected=Rgba8Unorm
10-02 15:25:17.007 16511 16535 I event /Users/henryliu/obelisk/numeron-worktrees/android-shared-sync/mir2-web3/third_party/bevyMIR2_ANDROID_SURFACE_ATTACHMENT_PROBE frame=10 raw=5 live=true internal=0x8058 size=2340x1080 samples=0 expected=Rgba8Unorm
10-02 15:25:17.007 16511 16534 I RustStdoutStderr: [2m2026-10-02T07:25:17.007243Z[0m [32m INFO[0m [2mbevy_render::view::window[0m[2m:[0m MIR2_ANDROID_SURFACE_ATTACHMENT_PROBE frame=10 raw=5 live=true internal=0x8058 size=2340x1080 samples=0 expected=Rgba8Unorm
10-02 15:25:17.024 16511 16535 I event /Users/henryliu/obelisk/numeron-worktrees/android-shared-sync/mir2-web3/third_party/bevyMIR2_ANDROID_SURFACE_ATTACHMENT_PROBE frame=11 raw=5 live=true internal=0x8058 size=2340x1080 samples=0 expected=Rgba8Unorm
10-02 15:25:17.024 16511 16534 I RustStdoutStderr: [2m2026-10-02T07:25:17.024341Z[0m [32m INFO[0m [2mbevy_render::view::window[0m[2m:[0m MIR2_ANDROID_SURFACE_ATTACHMENT_PROBE frame=11 raw=5 live=true internal=0x8058 size=2340x1080 samples=0 expected=Rgba8Unorm
10-02 15:25:17.046 16511 16535 I event /Users/henryliu/obelisk/numeron-worktrees/android-shared-sync/mir2-web3/third_party/bevyMIR2_ANDROID_SURFACE_ATTACHMENT_PROBE frame=12 raw=5 live=true internal=0x8058 size=2340x1080 samples=0 expected=Rgba8Unorm
10-02 15:25:17.047 16511 16534 I RustStdoutStderr: [2m2026-10-02T07:25:17.046640Z[0m [32m INFO[0m [2mbevy_render::view::window[0m[2m:[0m MIR2_ANDROID_SURFACE_ATTACHMENT_PROBE frame=12 raw=5 live=true internal=0x8058 size=2340x1080 samples=0 expected=Rgba8Unorm
10-02 15:25:17.066 16511 16535 I event /Users/henryliu/obelisk/numeron-worktrees/android-shared-sync/mir2-web3/third_party/bevyMIR2_ANDROID_SURFACE_ATTACHMENT_PROBE frame=13 raw=5 live=true internal=0x8058 size=2340x1080 samples=0 expected=Rgba8Unorm
10-02 15:25:17.066 16511 16534 I RustStdoutStderr: [2m2026-10-02T07:25:17.066478Z[0m [32m INFO[0m [2mbevy_render::view::window[0m[2m:[0m MIR2_ANDROID_SURFACE_ATTACHMENT_PROBE frame=13 raw=5 live=true internal=0x8058 size=2340x1080 samples=0 expected=Rgba8Unorm
10-02 15:25:17.082 16511 16535 I event /Users/henryliu/obelisk/numeron-worktrees/android-shared-sync/mir2-web3/third_party/bevyMIR2_ANDROID_SURFACE_ATTACHMENT_PROBE frame=14 raw=5 live=true internal=0x8058 size=2340x1080 samples=0 expected=Rgba8Unorm
10-02 15:25:17.082 16511 16534 I RustStdoutStderr: [2m2026-10-02T07:25:17.082670Z[0m [32m INFO[0m [2mbevy_render::view::window[0m[2m:[0m MIR2_ANDROID_SURFACE_ATTACHMENT_PROBE frame=14 raw=5 live=true internal=0x8058 size=2340x1080 samples=0 expected=Rgba8Unorm
10-02 15:25:17.094 16511 16535 I event /Users/henryliu/obelisk/numeron-worktrees/android-shared-sync/mir2-web3/third_party/bevyMIR2_ANDROID_SURFACE_ATTACHMENT_PROBE frame=15 raw=5 live=true internal=0x8058 size=2340x1080 samples=0 expected=Rgba8Unorm
10-02 15:25:17.094 16511 16534 I RustStdoutStderr: [2m2026-10-02T07:25:17.094645Z[0m [32m INFO[0m [2mbevy_render::view::window[0m[2m:[0m MIR2_ANDROID_SURFACE_ATTACHMENT_PROBE frame=15 raw=5 live=true internal=0x8058 size=2340x1080 samples=0 expected=Rgba8Unorm
10-02 15:25:17.109 16511 16535 I event /Users/henryliu/obelisk/numeron-worktrees/android-shared-sync/mir2-web3/third_party/bevyMIR2_ANDROID_SURFACE_ATTACHMENT_PROBE frame=16 raw=5 live=true internal=0x8058 size=2340x1080 samples=0 expected=Rgba8Unorm
10-02 15:25:17.109 16511 16534 I RustStdoutStderr: [2m2026-10-02T07:25:17.109423Z[0m [32m INFO[0m [2mbevy_render::view::window[0m[2m:[0m MIR2_ANDROID_SURFACE_ATTACHMENT_PROBE frame=16 raw=5 live=true internal=0x8058 size=2340x1080 samples=0 expected=Rgba8Unorm
10-02 15:25:17.126 16511 16535 I event /Users/henryliu/obelisk/numeron-worktrees/android-shared-sync/mir2-web3/third_party/bevyMIR2_ANDROID_SURFACE_ATTACHMENT_PROBE frame=17 raw=5 live=true internal=0x8058 size=2340x1080 samples=0 expected=Rgba8Unorm
10-02 15:25:17.126 16511 16534 I RustStdoutStderr: [2m2026-10-02T07:25:17.125992Z[0m [32m INFO[0m [2mbevy_render::view::window[0m[2m:[0m MIR2_ANDROID_SURFACE_ATTACHMENT_PROBE frame=17 raw=5 live=true internal=0x8058 size=2340x1080 samples=0 expected=Rgba8Unorm
10-02 15:25:17.142 16511 16535 I event /Users/henryliu/obelisk/numeron-worktrees/android-shared-sync/mir2-web3/third_party/bevyMIR2_ANDROID_SURFACE_ATTACHMENT_PROBE frame=18 raw=5 live=true internal=0x8058 size=2340x1080 samples=0 expected=Rgba8Unorm
10-02 15:25:17.142 16511 16534 I RustStdoutStderr: [2m2026-10-02T07:25:17.142289Z[0m [32m INFO[0m [2mbevy_render::view::window[0m[2m:[0m MIR2_ANDROID_SURFACE_ATTACHMENT_PROBE frame=18 raw=5 live=true internal=0x8058 size=2340x1080 samples=0 expected=Rgba8Unorm
10-02 15:25:17.164 16511 16535 I event /Users/henryliu/obelisk/numeron-worktrees/android-shared-sync/mir2-web3/third_party/bevyMIR2_ANDROID_SURFACE_ATTACHMENT_PROBE frame=19 raw=5 live=true internal=0x8058 size=2340x1080 samples=0 expected=Rgba8Unorm
10-02 15:25:17.164 16511 16534 I RustStdoutStderr: [2m2026-10-02T07:25:17.164062Z[0m [32m INFO[0m [2mbevy_render::view::window[0m[2m:[0m MIR2_ANDROID_SURFACE_ATTACHMENT_PROBE frame=19 raw=5 live=true internal=0x8058 size=2340x1080 samples=0 expected=Rgba8Unorm
10-02 15:25:17.177 16511 16535 I event /Users/henryliu/obelisk/numeron-worktrees/android-shared-sync/mir2-web3/third_party/bevyMIR2_ANDROID_SURFACE_ATTACHMENT_PROBE frame=20 raw=5 live=true internal=0x8058 size=2340x1080 samples=0 expected=Rgba8Unorm
10-02 15:25:17.177 16511 16534 I RustStdoutStderr: [2m2026-10-02T07:25:17.177555Z[0m [32m INFO[0m [2mbevy_render::view::window[0m[2m:[0m MIR2_ANDROID_SURFACE_ATTACHMENT_PROBE frame=20 raw=5 live=true internal=0x8058 size=2340x1080 samples=0 expected=Rgba8Unorm
10-02 15:25:17.190 16511 16535 I event /Users/henryliu/obelisk/numeron-worktrees/android-shared-sync/mir2-web3/third_party/bevyMIR2_ANDROID_SURFACE_ATTACHMENT_PROBE frame=21 raw=5 live=true internal=0x8058 size=2340x1080 samples=0 expected=Rgba8Unorm
10-02 15:25:17.190 16511 16534 I RustStdoutStderr: [2m2026-10-02T07:25:17.190666Z[0m [32m INFO[0m [2mbevy_render::view::window[0m[2m:[0m MIR2_ANDROID_SURFACE_ATTACHMENT_PROBE frame=21 raw=5 live=true internal=0x8058 size=2340x1080 samples=0 expected=Rgba8Unorm
10-02 15:25:17.207 16511 16535 I event /Users/henryliu/obelisk/numeron-worktrees/android-shared-sync/mir2-web3/third_party/bevyMIR2_ANDROID_SURFACE_ATTACHMENT_PROBE frame=22 raw=5 live=true internal=0x8058 size=2340x1080 samples=0 expected=Rgba8Unorm
10-02 15:25:17.207 16511 16534 I RustStdoutStderr: [2m2026-10-02T07:25:17.207530Z[0m [32m INFO[0m [2mbevy_render::view::window[0m[2m:[0m MIR2_ANDROID_SURFACE_ATTACHMENT_PROBE frame=22 raw=5 live=true internal=0x8058 size=2340x1080 samples=0 expected=Rgba8Unorm
10-02 15:25:17.224 16511 16535 I event /Users/henryliu/obelisk/numeron-worktrees/android-shared-sync/mir2-web3/third_party/bevyMIR2_ANDROID_SURFACE_ATTACHMENT_PROBE frame=23 raw=5 live=true internal=0x8058 size=2340x1080 samples=0 expected=Rgba8Unorm
10-02 15:25:17.224 16511 16534 I RustStdoutStderr: [2m2026-10-02T07:25:17.224290Z[0m [32m INFO[0m [2mbevy_render::view::window[0m[2m:[0m MIR2_ANDROID_SURFACE_ATTACHMENT_PROBE frame=23 raw=5 live=true internal=0x8058 size=2340x1080 samples=0 expected=Rgba8Unorm
10-02 15:25:17.240 16511 16535 I event /Users/henryliu/obelisk/numeron-worktrees/android-shared-sync/mir2-web3/third_party/bevyMIR2_ANDROID_SURFACE_ATTACHMENT_PROBE frame=24 raw=5 live=true internal=0x8058 size=2340x1080 samples=0 expected=Rgba8Unorm
10-02 15:25:17.240 16511 16534 I RustStdoutStderr: [2m2026-10-02T07:25:17.240622Z[0m [32m INFO[0m [2mbevy_render::view::window[0m[2m:[0m MIR2_ANDROID_SURFACE_ATTACHMENT_PROBE frame=24 raw=5 live=true internal=0x8058 size=2340x1080 samples=0 expected=Rgba8Unorm
10-02 15:25:17.257 16511 16535 I event /Users/henryliu/obelisk/numeron-worktrees/android-shared-sync/mir2-web3/third_party/bevyMIR2_ANDROID_SURFACE_ATTACHMENT_PROBE frame=25 raw=5 live=true internal=0x8058 size=2340x1080 samples=0 expected=Rgba8Unorm
10-02 15:25:17.257 16511 16534 I RustStdoutStderr: [2m2026-10-02T07:25:17.257657Z[0m [32m INFO[0m [2mbevy_render::view::window[0m[2m:[0m MIR2_ANDROID_SURFACE_ATTACHMENT_PROBE frame=25 raw=5 live=true internal=0x8058 size=2340x1080 samples=0 expected=Rgba8Unorm
10-02 15:25:17.273 16511 16535 I event /Users/henryliu/obelisk/numeron-worktrees/android-shared-sync/mir2-web3/third_party/bevyMIR2_ANDROID_SURFACE_ATTACHMENT_PROBE frame=26 raw=5 live=true internal=0x8058 size=2340x1080 samples=0 expected=Rgba8Unorm
10-02 15:25:17.274 16511 16534 I RustStdoutStderr: [2m2026-10-02T07:25:17.273954Z[0m [32m INFO[0m [2mbevy_render::view::window[0m[2m:[0m MIR2_ANDROID_SURFACE_ATTACHMENT_PROBE frame=26 raw=5 live=true internal=0x8058 size=2340x1080 samples=0 expected=Rgba8Unorm
10-02 15:25:17.291 16511 16535 I event /Users/henryliu/obelisk/numeron-worktrees/android-shared-sync/mir2-web3/third_party/bevyMIR2_ANDROID_SURFACE_ATTACHMENT_PROBE frame=27 raw=5 live=true internal=0x8058 size=2340x1080 samples=0 expected=Rgba8Unorm
10-02 15:25:17.291 16511 16534 I RustStdoutStderr: [2m2026-10-02T07:25:17.291226Z[0m [32m INFO[0m [2mbevy_render::view::window[0m[2m:[0m MIR2_ANDROID_SURFACE_ATTACHMENT_PROBE frame=27 raw=5 live=true internal=0x8058 size=2340x1080 samples=0 expected=Rgba8Unorm
10-02 15:25:17.308 16511 16535 I event /Users/henryliu/obelisk/numeron-worktrees/android-shared-sync/mir2-web3/third_party/bevyMIR2_ANDROID_SURFACE_ATTACHMENT_PROBE frame=28 raw=5 live=true internal=0x8058 size=2340x1080 samples=0 expected=Rgba8Unorm
10-02 15:25:17.308 16511 16534 I RustStdoutStderr: [2m2026-10-02T07:25:17.308139Z[0m [32m INFO[0m [2mbevy_render::view::window[0m[2m:[0m MIR2_ANDROID_SURFACE_ATTACHMENT_PROBE frame=28 raw=5 live=true internal=0x8058 size=2340x1080 samples=0 expected=Rgba8Unorm
10-02 15:25:17.324 16511 16535 I event /Users/henryliu/obelisk/numeron-worktrees/android-shared-sync/mir2-web3/third_party/bevyMIR2_ANDROID_SURFACE_ATTACHMENT_PROBE frame=29 raw=5 live=true internal=0x8058 size=2340x1080 samples=0 expected=Rgba8Unorm
10-02 15:25:17.324 16511 16534 I RustStdoutStderr: [2m2026-10-02T07:25:17.324579Z[0m [32m INFO[0m [2mbevy_render::view::window[0m[2m:[0m MIR2_ANDROID_SURFACE_ATTACHMENT_PROBE frame=29 raw=5 live=true internal=0x8058 size=2340x1080 samples=0 expected=Rgba8Unorm
10-02 15:25:17.341 16511 16535 I event /Users/henryliu/obelisk/numeron-worktrees/android-shared-sync/mir2-web3/third_party/bevyMIR2_ANDROID_SURFACE_ATTACHMENT_PROBE frame=30 raw=5 live=true internal=0x8058 size=2340x1080 samples=0 expected=Rgba8Unorm
10-02 15:25:17.341 16511 16534 I RustStdoutStderr: [2m2026-10-02T07:25:17.341356Z[0m [32m INFO[0m [2mbevy_render::view::window[0m[2m:[0m MIR2_ANDROID_SURFACE_ATTACHMENT_PROBE frame=30 raw=5 live=true internal=0x8058 size=2340x1080 samples=0 expected=Rgba8Unorm
10-02 15:25:17.357 16511 16535 I event /Users/henryliu/obelisk/numeron-worktrees/android-shared-sync/mir2-web3/third_party/bevyMIR2_ANDROID_SURFACE_ATTACHMENT_PROBE frame=31 raw=5 live=true internal=0x8058 size=2340x1080 samples=0 expected=Rgba8Unorm
10-02 15:25:17.357 16511 16534 I RustStdoutStderr: [2m2026-10-02T07:25:17.357239Z[0m [32m INFO[0m [2mbevy_render::view::window[0m[2m:[0m MIR2_ANDROID_SURFACE_ATTACHMENT_PROBE frame=31 raw=5 live=true internal=0x8058 size=2340x1080 samples=0 expected=Rgba8Unorm
10-02 15:25:17.378 16511 16535 I event /Users/henryliu/obelisk/numeron-worktrees/android-shared-sync/mir2-web3/third_party/bevyMIR2_ANDROID_SURFACE_ATTACHMENT_PROBE frame=32 raw=5 live=true internal=0x8058 size=2340x1080 samples=0 expected=Rgba8Unorm
10-02 15:25:17.378 16511 16534 I RustStdoutStderr: [2m2026-10-02T07:25:17.378094Z[0m [32m INFO[0m [2mbevy_render::view::window[0m[2m:[0m MIR2_ANDROID_SURFACE_ATTACHMENT_PROBE frame=32 raw=5 live=true internal=0x8058 size=2340x1080 samples=0 expected=Rgba8Unorm
10-02 15:25:17.391 16511 16535 I event /Users/henryliu/obelisk/numeron-worktrees/android-shared-sync/mir2-web3/third_party/bevyMIR2_ANDROID_SURFACE_ATTACHMENT_PROBE frame=33 raw=5 live=true internal=0x8058 size=2340x1080 samples=0 expected=Rgba8Unorm
10-02 15:25:17.392 16511 16534 I RustStdoutStderr: [2m2026-10-02T07:25:17.391830Z[0m [32m INFO[0m [2mbevy_render::view::window[0m[2m:[0m MIR2_ANDROID_SURFACE_ATTACHMENT_PROBE frame=33 raw=5 live=true internal=0x8058 size=2340x1080 samples=0 expected=Rgba8Unorm
10-02 15:25:17.406 16511 16535 I event /Users/henryliu/obelisk/numeron-worktrees/android-shared-sync/mir2-web3/third_party/bevyMIR2_ANDROID_SURFACE_ATTACHMENT_PROBE frame=34 raw=5 live=true internal=0x8058 size=2340x1080 samples=0 expected=Rgba8Unorm
10-02 15:25:17.407 16511 16534 I RustStdoutStderr: [2m2026-10-02T07:25:17.406744Z[0m [32m INFO[0m [2mbevy_render::view::window[0m[2m:[0m MIR2_ANDROID_SURFACE_ATTACHMENT_PROBE frame=34 raw=5 live=true internal=0x8058 size=2340x1080 samples=0 expected=Rgba8Unorm
10-02 15:25:17.427 16511 16535 I event /Users/henryliu/obelisk/numeron-worktrees/android-shared-sync/mir2-web3/third_party/bevyMIR2_ANDROID_SURFACE_ATTACHMENT_PROBE frame=35 raw=5 live=true internal=0x8058 size=2340x1080 samples=0 expected=Rgba8Unorm
10-02 15:25:17.427 16511 16534 I RustStdoutStderr: [2m2026-10-02T07:25:17.427079Z[0m [32m INFO[0m [2mbevy_render::view::window[0m[2m:[0m MIR2_ANDROID_SURFACE_ATTACHMENT_PROBE frame=35 raw=5 live=true internal=0x8058 size=2340x1080 samples=0 expected=Rgba8Unorm
10-02 15:25:17.441 16511 16535 I event /Users/henryliu/obelisk/numeron-worktrees/android-shared-sync/mir2-web3/third_party/bevyMIR2_ANDROID_SURFACE_ATTACHMENT_PROBE frame=36 raw=5 live=true internal=0x8058 size=2340x1080 samples=0 expected=Rgba8Unorm
10-02 15:25:17.441 16511 16534 I RustStdoutStderr: [2m2026-10-02T07:25:17.441170Z[0m [32m INFO[0m [2mbevy_render::view::window[0m[2m:[0m MIR2_ANDROID_SURFACE_ATTACHMENT_PROBE frame=36 raw=5 live=true internal=0x8058 size=2340x1080 samples=0 expected=Rgba8Unorm
10-02 15:25:17.457 16511 16535 I event /Users/henryliu/obelisk/numeron-worktrees/android-shared-sync/mir2-web3/third_party/bevyMIR2_ANDROID_SURFACE_ATTACHMENT_PROBE frame=37 raw=5 live=true internal=0x8058 size=2340x1080 samples=0 expected=Rgba8Unorm
10-02 15:25:17.458 16511 16534 I RustStdoutStderr: [2m2026-10-02T07:25:17.457606Z[0m [32m INFO[0m [2mbevy_render::view::window[0m[2m:[0m MIR2_ANDROID_SURFACE_ATTACHMENT_PROBE frame=37 raw=5 live=true internal=0x8058 size=2340x1080 samples=0 expected=Rgba8Unorm
10-02 15:25:17.474 16511 16535 I event /Users/henryliu/obelisk/numeron-worktrees/android-shared-sync/mir2-web3/third_party/bevyMIR2_ANDROID_SURFACE_ATTACHMENT_PROBE frame=38 raw=5 live=true internal=0x8058 size=2340x1080 samples=0 expected=Rgba8Unorm
10-02 15:25:17.474 16511 16534 I RustStdoutStderr: [2m2026-10-02T07:25:17.474592Z[0m [32m INFO[0m [2mbevy_render::view::window[0m[2m:[0m MIR2_ANDROID_SURFACE_ATTACHMENT_PROBE frame=38 raw=5 live=true internal=0x8058 size=2340x1080 samples=0 expected=Rgba8Unorm
10-02 15:25:17.491 16511 16535 I event /Users/henryliu/obelisk/numeron-worktrees/android-shared-sync/mir2-web3/third_party/bevyMIR2_ANDROID_SURFACE_ATTACHMENT_PROBE frame=39 raw=5 live=true internal=0x8058 size=2340x1080 samples=0 expected=Rgba8Unorm
10-02 15:25:17.491 16511 16534 I RustStdoutStderr: [2m2026-10-02T07:25:17.491694Z[0m [32m INFO[0m [2mbevy_render::view::window[0m[2m:[0m MIR2_ANDROID_SURFACE_ATTACHMENT_PROBE frame=39 raw=5 live=true internal=0x8058 size=2340x1080 samples=0 expected=Rgba8Unorm
10-02 15:25:17.507 16511 16535 I event /Users/henryliu/obelisk/numeron-worktrees/android-shared-sync/mir2-web3/third_party/bevyMIR2_ANDROID_SURFACE_ATTACHMENT_PROBE frame=40 raw=5 live=true internal=0x8058 size=2340x1080 samples=0 expected=Rgba8Unorm
10-02 15:25:17.507 16511 16534 I RustStdoutStderr: [2m2026-10-02T07:25:17.507324Z[0m [32m INFO[0m [2mbevy_render::view::window[0m[2m:[0m MIR2_ANDROID_SURFACE_ATTACHMENT_PROBE frame=40 raw=5 live=true internal=0x8058 size=2340x1080 samples=0 expected=Rgba8Unorm
10-02 15:25:17.524 16511 16535 I event /Users/henryliu/obelisk/numeron-worktrees/android-shared-sync/mir2-web3/third_party/bevyMIR2_ANDROID_SURFACE_ATTACHMENT_PROBE frame=41 raw=5 live=true internal=0x8058 size=2340x1080 samples=0 expected=Rgba8Unorm
10-02 15:25:17.524 16511 16534 I RustStdoutStderr: [2m2026-10-02T07:25:17.524354Z[0m [32m INFO[0m [2mbevy_render::view::window[0m[2m:[0m MIR2_ANDROID_SURFACE_ATTACHMENT_PROBE frame=41 raw=5 live=true internal=0x8058 size=2340x1080 samples=0 expected=Rgba8Unorm
10-02 15:25:17.540 16511 16535 I event /Users/henryliu/obelisk/numeron-worktrees/android-shared-sync/mir2-web3/third_party/bevyMIR2_ANDROID_SURFACE_ATTACHMENT_PROBE frame=42 raw=5 live=true internal=0x8058 size=2340x1080 samples=0 expected=Rgba8Unorm
10-02 15:25:17.541 16511 16534 I RustStdoutStderr: [2m2026-10-02T07:25:17.540762Z[0m [32m INFO[0m [2mbevy_render::view::window[0m[2m:[0m MIR2_ANDROID_SURFACE_ATTACHMENT_PROBE frame=42 raw=5 live=true internal=0x8058 size=2340x1080 samples=0 expected=Rgba8Unorm
10-02 15:25:17.558 16511 16535 I event /Users/henryliu/obelisk/numeron-worktrees/android-shared-sync/mir2-web3/third_party/bevyMIR2_ANDROID_SURFACE_ATTACHMENT_PROBE frame=43 raw=5 live=true internal=0x8058 size=2340x1080 samples=0 expected=Rgba8Unorm
10-02 15:25:17.558 16511 16534 I RustStdoutStderr: [2m2026-10-02T07:25:17.558309Z[0m [32m INFO[0m [2mbevy_render::view::window[0m[2m:[0m MIR2_ANDROID_SURFACE_ATTACHMENT_PROBE frame=43 raw=5 live=true internal=0x8058 size=2340x1080 samples=0 expected=Rgba8Unorm
10-02 15:25:17.574 16511 16535 I event /Users/henryliu/obelisk/numeron-worktrees/android-shared-sync/mir2-web3/third_party/bevyMIR2_ANDROID_SURFACE_ATTACHMENT_PROBE frame=44 raw=5 live=true internal=0x8058 size=2340x1080 samples=0 expected=Rgba8Unorm
10-02 15:25:17.574 16511 16534 I RustStdoutStderr: [2m2026-10-02T07:25:17.574264Z[0m [32m INFO[0m [2mbevy_render::view::window[0m[2m:[0m MIR2_ANDROID_SURFACE_ATTACHMENT_PROBE frame=44 raw=5 live=true internal=0x8058 size=2340x1080 samples=0 expected=Rgba8Unorm
10-02 15:25:17.591 16511 16535 I event /Users/henryliu/obelisk/numeron-worktrees/android-shared-sync/mir2-web3/third_party/bevyMIR2_ANDROID_SURFACE_ATTACHMENT_PROBE frame=45 raw=5 live=true internal=0x8058 size=2340x1080 samples=0 expected=Rgba8Unorm
10-02 15:25:17.591 16511 16534 I RustStdoutStderr: [2m2026-10-02T07:25:17.591742Z[0m [32m INFO[0m [2mbevy_render::view::window[0m[2m:[0m MIR2_ANDROID_SURFACE_ATTACHMENT_PROBE frame=45 raw=5 live=true internal=0x8058 size=2340x1080 samples=0 expected=Rgba8Unorm
10-02 15:25:17.607 16511 16535 I event /Users/henryliu/obelisk/numeron-worktrees/android-shared-sync/mir2-web3/third_party/bevyMIR2_ANDROID_SURFACE_ATTACHMENT_PROBE frame=46 raw=5 live=true internal=0x8058 size=2340x1080 samples=0 expected=Rgba8Unorm
10-02 15:25:17.607 16511 16534 I RustStdoutStderr: [2m2026-10-02T07:25:17.607283Z[0m [32m INFO[0m [2mbevy_render::view::window[0m[2m:[0m MIR2_ANDROID_SURFACE_ATTACHMENT_PROBE frame=46 raw=5 live=true internal=0x8058 size=2340x1080 samples=0 expected=Rgba8Unorm
10-02 15:25:17.628 16511 16535 I event /Users/henryliu/obelisk/numeron-worktrees/android-shared-sync/mir2-web3/third_party/bevyMIR2_ANDROID_SURFACE_ATTACHMENT_PROBE frame=47 raw=5 live=true internal=0x8058 size=2340x1080 samples=0 expected=Rgba8Unorm
10-02 15:25:17.628 16511 16534 I RustStdoutStderr: [2m2026-10-02T07:25:17.628764Z[0m [32m INFO[0m [2mbevy_render::view::window[0m[2m:[0m MIR2_ANDROID_SURFACE_ATTACHMENT_PROBE frame=47 raw=5 live=true internal=0x8058 size=2340x1080 samples=0 expected=Rgba8Unorm
10-02 15:25:17.643 16511 16535 I event /Users/henryliu/obelisk/numeron-worktrees/android-shared-sync/mir2-web3/third_party/bevyMIR2_ANDROID_SURFACE_ATTACHMENT_PROBE frame=48 raw=5 live=true internal=0x8058 size=2340x1080 samples=0 expected=Rgba8Unorm
10-02 15:25:17.643 16511 16534 I RustStdoutStderr: [2m2026-10-02T07:25:17.642992Z[0m [32m INFO[0m [2mbevy_render::view::window[0m[2m:[0m MIR2_ANDROID_SURFACE_ATTACHMENT_PROBE frame=48 raw=5 live=true internal=0x8058 size=2340x1080 samples=0 expected=Rgba8Unorm
10-02 15:25:17.657 16511 16535 I event /Users/henryliu/obelisk/numeron-worktrees/android-shared-sync/mir2-web3/third_party/bevyMIR2_ANDROID_SURFACE_ATTACHMENT_PROBE frame=49 raw=5 live=true internal=0x8058 size=2340x1080 samples=0 expected=Rgba8Unorm
10-02 15:25:17.657 16511 16534 I RustStdoutStderr: [2m2026-10-02T07:25:17.657615Z[0m [32m INFO[0m [2mbevy_render::view::window[0m[2m:[0m MIR2_ANDROID_SURFACE_ATTACHMENT_PROBE frame=49 raw=5 live=true internal=0x8058 size=2340x1080 samples=0 expected=Rgba8Unorm
10-02 15:25:17.674 16511 16535 I event /Users/henryliu/obelisk/numeron-worktrees/android-shared-sync/mir2-web3/third_party/bevyMIR2_ANDROID_SURFACE_ATTACHMENT_PROBE frame=50 raw=5 live=true internal=0x8058 size=2340x1080 samples=0 expected=Rgba8Unorm
10-02 15:25:17.674 16511 16534 I RustStdoutStderr: [2m2026-10-02T07:25:17.674120Z[0m [32m INFO[0m [2mbevy_render::view::window[0m[2m:[0m MIR2_ANDROID_SURFACE_ATTACHMENT_PROBE frame=50 raw=5 live=true internal=0x8058 size=2340x1080 samples=0 expected=Rgba8Unorm
10-02 15:25:17.691 16511 16535 I event /Users/henryliu/obelisk/numeron-worktrees/android-shared-sync/mir2-web3/third_party/bevyMIR2_ANDROID_SURFACE_ATTACHMENT_PROBE frame=51 raw=5 live=true internal=0x8058 size=2340x1080 samples=0 expected=Rgba8Unorm
10-02 15:25:17.691 16511 16534 I RustStdoutStderr: [2m2026-10-02T07:25:17.691409Z[0m [32m INFO[0m [2mbevy_render::view::window[0m[2m:[0m MIR2_ANDROID_SURFACE_ATTACHMENT_PROBE frame=51 raw=5 live=true internal=0x8058 size=2340x1080 samples=0 expected=Rgba8Unorm
10-02 15:25:17.707 16511 16535 I event /Users/henryliu/obelisk/numeron-worktrees/android-shared-sync/mir2-web3/third_party/bevyMIR2_ANDROID_SURFACE_ATTACHMENT_PROBE frame=52 raw=5 live=true internal=0x8058 size=2340x1080 samples=0 expected=Rgba8Unorm
10-02 15:25:17.708 16511 16534 I RustStdoutStderr: [2m2026-10-02T07:25:17.707868Z[0m [32m INFO[0m [2mbevy_render::view::window[0m[2m:[0m MIR2_ANDROID_SURFACE_ATTACHMENT_PROBE frame=52 raw=5 live=true internal=0x8058 size=2340x1080 samples=0 expected=Rgba8Unorm
10-02 15:25:17.724 16511 16535 I event /Users/henryliu/obelisk/numeron-worktrees/android-shared-sync/mir2-web3/third_party/bevyMIR2_ANDROID_SURFACE_ATTACHMENT_PROBE frame=53 raw=5 live=true internal=0x8058 size=2340x1080 samples=0 expected=Rgba8Unorm
10-02 15:25:17.725 16511 16534 I RustStdoutStderr: [2m2026-10-02T07:25:17.724961Z[0m [32m INFO[0m [2mbevy_render::view::window[0m[2m:[0m MIR2_ANDROID_SURFACE_ATTACHMENT_PROBE frame=53 raw=5 live=true internal=0x8058 size=2340x1080 samples=0 expected=Rgba8Unorm
10-02 15:25:17.740 16511 16535 I event /Users/henryliu/obelisk/numeron-worktrees/android-shared-sync/mir2-web3/third_party/bevyMIR2_ANDROID_SURFACE_ATTACHMENT_PROBE frame=54 raw=5 live=true internal=0x8058 size=2340x1080 samples=0 expected=Rgba8Unorm
10-02 15:25:17.740 16511 16534 I RustStdoutStderr: [2m2026-10-02T07:25:17.740199Z[0m [32m INFO[0m [2mbevy_render::view::window[0m[2m:[0m MIR2_ANDROID_SURFACE_ATTACHMENT_PROBE frame=54 raw=5 live=true internal=0x8058 size=2340x1080 samples=0 expected=Rgba8Unorm
10-02 15:25:17.761 16511 16535 I event /Users/henryliu/obelisk/numeron-worktrees/android-shared-sync/mir2-web3/third_party/bevyMIR2_ANDROID_SURFACE_ATTACHMENT_PROBE frame=55 raw=5 live=true internal=0x8058 size=2340x1080 samples=0 expected=Rgba8Unorm
10-02 15:25:17.761 16511 16534 I RustStdoutStderr: [2m2026-10-02T07:25:17.761483Z[0m [32m INFO[0m [2mbevy_render::view::window[0m[2m:[0m MIR2_ANDROID_SURFACE_ATTACHMENT_PROBE frame=55 raw=5 live=true internal=0x8058 size=2340x1080 samples=0 expected=Rgba8Unorm
10-02 15:25:17.765 16511 16535 D EGL_emulation: app_time_stats: avg=17.01ms min=11.01ms max=140.59ms count=56
10-02 15:25:17.775 16511 16535 I event /Users/henryliu/obelisk/numeron-worktrees/android-shared-sync/mir2-web3/third_party/bevyMIR2_ANDROID_SURFACE_ATTACHMENT_PROBE frame=56 raw=5 live=true internal=0x8058 size=2340x1080 samples=0 expected=Rgba8Unorm
10-02 15:25:17.775 16511 16534 I RustStdoutStderr: [2m2026-10-02T07:25:17.775177Z[0m [32m INFO[0m [2mbevy_render::view::window[0m[2m:[0m MIR2_ANDROID_SURFACE_ATTACHMENT_PROBE frame=56 raw=5 live=true internal=0x8058 size=2340x1080 samples=0 expected=Rgba8Unorm
10-02 15:25:17.791 16511 16535 I event /Users/henryliu/obelisk/numeron-worktrees/android-shared-sync/mir2-web3/third_party/bevyMIR2_ANDROID_SURFACE_ATTACHMENT_PROBE frame=57 raw=5 live=true internal=0x8058 size=2340x1080 samples=0 expected=Rgba8Unorm
10-02 15:25:17.791 16511 16534 I RustStdoutStderr: [2m2026-10-02T07:25:17.791228Z[0m [32m INFO[0m [2mbevy_render::view::window[0m[2m:[0m MIR2_ANDROID_SURFACE_ATTACHMENT_PROBE frame=57 raw=5 live=true internal=0x8058 size=2340x1080 samples=0 expected=Rgba8Unorm
10-02 15:25:17.807 16511 16535 I event /Users/henryliu/obelisk/numeron-worktrees/android-shared-sync/mir2-web3/third_party/bevyMIR2_ANDROID_SURFACE_ATTACHMENT_PROBE frame=58 raw=5 live=true internal=0x8058 size=2340x1080 samples=0 expected=Rgba8Unorm
10-02 15:25:17.807 16511 16534 I RustStdoutStderr: [2m2026-10-02T07:25:17.807647Z[0m [32m INFO[0m [2mbevy_render::view::window[0m[2m:[0m MIR2_ANDROID_SURFACE_ATTACHMENT_PROBE frame=58 raw=5 live=true internal=0x8058 size=2340x1080 samples=0 expected=Rgba8Unorm
10-02 15:25:17.824 16511 16535 I event /Users/henryliu/obelisk/numeron-worktrees/android-shared-sync/mir2-web3/third_party/bevyMIR2_ANDROID_SURFACE_ATTACHMENT_PROBE frame=59 raw=5 live=true internal=0x8058 size=2340x1080 samples=0 expected=Rgba8Unorm
10-02 15:25:17.824 16511 16534 I RustStdoutStderr: [2m2026-10-02T07:25:17.824396Z[0m [32m INFO[0m [2mbevy_render::view::window[0m[2m:[0m MIR2_ANDROID_SURFACE_ATTACHMENT_PROBE frame=59 raw=5 live=true internal=0x8058 size=2340x1080 samples=0 expected=Rgba8Unorm
10-02 15:25:17.841 16511 16535 I event /Users/henryliu/obelisk/numeron-worktrees/android-shared-sync/mir2-web3/third_party/bevyMIR2_ANDROID_SURFACE_ATTACHMENT_PROBE frame=60 raw=5 live=true internal=0x8058 size=2340x1080 samples=0 expected=Rgba8Unorm
10-02 15:25:17.841 16511 16534 I RustStdoutStderr: [2m2026-10-02T07:25:17.841475Z[0m [32m INFO[0m [2mbevy_render::view::window[0m[2m:[0m MIR2_ANDROID_SURFACE_ATTACHMENT_PROBE frame=60 raw=5 live=true internal=0x8058 size=2340x1080 samples=0 expected=Rgba8Unorm
10-02 15:25:17.860 16511 16535 I event /Users/henryliu/obelisk/numeron-worktrees/android-shared-sync/mir2-web3/third_party/bevyMIR2_ANDROID_SURFACE_ATTACHMENT_PROBE frame=61 raw=5 live=true internal=0x8058 size=2340x1080 samples=0 expected=Rgba8Unorm
10-02 15:25:17.860 16511 16534 I RustStdoutStderr: [2m2026-10-02T07:25:17.860223Z[0m [32m INFO[0m [2mbevy_render::view::window[0m[2m:[0m MIR2_ANDROID_SURFACE_ATTACHMENT_PROBE frame=61 raw=5 live=true internal=0x8058 size=2340x1080 samples=0 expected=Rgba8Unorm
10-02 15:25:17.873 16511 16535 I event /Users/henryliu/obelisk/numeron-worktrees/android-shared-sync/mir2-web3/third_party/bevyMIR2_ANDROID_SURFACE_ATTACHMENT_PROBE frame=62 raw=5 live=true internal=0x8058 size=2340x1080 samples=0 expected=Rgba8Unorm
10-02 15:25:17.873 16511 16534 I RustStdoutStderr: [2m2026-10-02T07:25:17.873801Z[0m [32m INFO[0m [2mbevy_render::view::window[0m[2m:[0m MIR2_ANDROID_SURFACE_ATTACHMENT_PROBE frame=62 raw=5 live=true internal=0x8058 size=2340x1080 samples=0 expected=Rgba8Unorm
10-02 15:25:17.890 16511 16535 I event /Users/henryliu/obelisk/numeron-worktrees/android-shared-sync/mir2-web3/third_party/bevyMIR2_ANDROID_SURFACE_ATTACHMENT_PROBE frame=63 raw=5 live=true internal=0x8058 size=2340x1080 samples=0 expected=Rgba8Unorm
10-02 15:25:17.890 16511 16534 I RustStdoutStderr: [2m2026-10-02T07:25:17.890555Z[0m [32m INFO[0m [2mbevy_render::view::window[0m[2m:[0m MIR2_ANDROID_SURFACE_ATTACHMENT_PROBE frame=63 raw=5 live=true internal=0x8058 size=2340x1080 samples=0 expected=Rgba8Unorm
10-02 15:25:18.255 16511 16539 I event src/phone_hud.rs:173: ANDROID_PHONE_TEXT_LAYOUTfont = TextFont { font: SystemUi, font_size: Px(23.466667), weight: FontWeight(400), width: FontWidth(1.0), style: Normal, font_smoothing: AntiAliased, font_features: FontFeatures { features: [] }, font_variations: FontVariations { variations: [] } }; color = TextColor(Srgba(Srgba { red: 0.98, green: 0.91, blue: 0.76, alpha: 1.0 })); glyph_masks = [true, true, true, true, true, true, true, true, true, true, true, true, true];
10-02 15:25:18.255 16511 16539 I event src/phone_hud.rs:173: ANDROID_PHONE_TEXT_LAYOUTfont = TextFont { font: SystemUi, font_size: Px(23.466667), weight: FontWeight(400), width: FontWidth(1.0), style: Normal, font_smoothing: AntiAliased, font_features: FontFeatures { features: [] }, font_variations: FontVariations { variations: [] } }; color = TextColor(Srgba(Srgba { red: 0.96, green: 0.85, blue: 0.61, alpha: 1.0 })); glyph_masks = [true, true, true];
10-02 15:25:18.255 16511 16539 I event src/phone_hud.rs:173: ANDROID_PHONE_TEXT_LAYOUTfont = TextFont { font: SystemUi, font_size: Px(23.466667), weight: FontWeight(400), width: FontWidth(1.0), style: Normal, font_smoothing: AntiAliased, font_features: FontFeatures { features: [] }, font_variations: FontVariations { variations: [] } }; color = TextColor(Srgba(Srgba { red: 0.96, green: 0.85, blue: 0.61, alpha: 1.0 })); glyph_masks = [true, true, true];
10-02 15:25:18.255 16511 16539 I event src/phone_hud.rs:173: ANDROID_PHONE_TEXT_LAYOUTfont = TextFont { font: SystemUi, font_size: Px(23.466667), weight: FontWeight(400), width: FontWidth(1.0), style: Normal, font_smoothing: AntiAliased, font_features: FontFeatures { features: [] }, font_variations: FontVariations { variations: [] } }; color = TextColor(Srgba(Srgba { red: 0.96, green: 0.85, blue: 0.61, alpha: 1.0 })); glyph_masks = [true, true, true, true, true];
10-02 15:25:18.255 16511 16539 I event src/phone_hud.rs:173: ANDROID_PHONE_TEXT_LAYOUTfont = TextFont { font: SystemUi, font_size: Px(23.466667), weight: FontWeight(400), width: FontWidth(1.0), style: Normal, font_smoothing: AntiAliased, font_features: FontFeatures { features: [] }, font_variations: FontVariations { variations: [] } }; color = TextColor(Srgba(Srgba { red: 0.96, green: 0.85, blue: 0.61, alpha: 1.0 })); glyph_masks = [true, true, true, true, true, true, true];
10-02 15:25:18.255 16511 16539 I event src/phone_hud.rs:173: ANDROID_PHONE_TEXT_LAYOUTfont = TextFont { font: SystemUi, font_size: Px(23.466667), weight: FontWeight(400), width: FontWidth(1.0), style: Normal, font_smoothing: AntiAliased, font_features: FontFeatures { features: [] }, font_variations: FontVariations { variations: [] } }; color = TextColor(Srgba(Srgba { red: 0.96, green: 0.85, blue: 0.61, alpha: 1.0 })); glyph_masks = [true, true, true, true, true];
10-02 15:25:18.255 16511 16539 I event src/phone_hud.rs:173: ANDROID_PHONE_TEXT_LAYOUTfont = TextFont { font: SystemUi, font_size: Px(23.466667), weight: FontWeight(400), width: FontWidth(1.0), style: Normal, font_smoothing: AntiAliased, font_features: FontFeatures { features: [] }, font_variations: FontVariations { variations: [] } }; color = TextColor(Srgba(Srgba { red: 0.96, green: 0.85, blue: 0.61, alpha: 1.0 })); glyph_masks = [true, true, true, true, true, true];
10-02 15:25:18.255 16511 16539 I event src/phone_hud.rs:173: ANDROID_PHONE_TEXT_LAYOUTfont = TextFont { font: SystemUi, font_size: Px(23.466667), weight: FontWeight(400), width: FontWidth(1.0), style: Normal, font_smoothing: AntiAliased, font_features: FontFeatures { features: [] }, font_variations: FontVariations { variations: [] } }; color = TextColor(Srgba(Srgba { red: 0.96, green: 0.85, blue: 0.61, alpha: 1.0 })); glyph_masks = [true, true, true, true, true];
10-02 15:25:18.255 16511 16539 I event src/phone_hud.rs:173: ANDROID_PHONE_TEXT_LAYOUTfont = TextFont { font: SystemUi, font_size: Px(23.466667), weight: FontWeight(400), width: FontWidth(1.0), style: Normal, font_smoothing: AntiAliased, font_features: FontFeatures { features: [] }, font_variations: FontVariations { variations: [] } }; color = TextColor(Srgba(Srgba { red: 0.96, green: 0.85, blue: 0.61, alpha: 1.0 })); glyph_masks = [true, true, true, true, true];
10-02 15:25:18.255 16511 16539 I event src/phone_hud.rs:173: ANDROID_PHONE_TEXT_LAYOUTfont = TextFont { font: SystemUi, font_size: Px(23.466667), weight: FontWeight(400), width: FontWidth(1.0), style: Normal, font_smoothing: AntiAliased, font_features: FontFeatures { features: [] }, font_variations: FontVariations { variations: [] } }; color = TextColor(Srgba(Srgba { red: 0.96, green: 0.85, blue: 0.61, alpha: 1.0 })); glyph_masks = [true, true, true, true, true];
10-02 15:25:18.255 16511 16539 I event src/phone_hud.rs:173: ANDROID_PHONE_TEXT_LAYOUTfont = TextFont { font: SystemUi, font_size: Px(23.466667), weight: FontWeight(400), width: FontWidth(1.0), style: Normal, font_smoothing: AntiAliased, font_features: FontFeatures { features: [] }, font_variations: FontVariations { variations: [] } }; color = TextColor(Srgba(Srgba { red: 0.96, green: 0.85, blue: 0.61, alpha: 1.0 })); glyph_masks = [true, true, true, true];
10-02 15:25:18.255 16511 16539 I event src/phone_hud.rs:173: ANDROID_PHONE_TEXT_LAYOUTfont = TextFont { font: SystemUi, font_size: Px(23.466667), weight: FontWeight(400), width: FontWidth(1.0), style: Normal, font_smoothing: AntiAliased, font_features: FontFeatures { features: [] }, font_variations: FontVariations { variations: [] } }; color = TextColor(Srgba(Srgba { red: 0.96, green: 0.85, blue: 0.61, alpha: 1.0 })); glyph_masks = [true, true];
10-02 15:25:18.255 16511 16539 I event src/phone_hud.rs:173: ANDROID_PHONE_TEXT_LAYOUTfont = TextFont { font: SystemUi, font_size: Px(23.466667), weight: FontWeight(400), width: FontWidth(1.0), style: Normal, font_smoothing: AntiAliased, font_features: FontFeatures { features: [] }, font_variations: FontVariations { variations: [] } }; color = TextColor(Srgba(Srgba { red: 0.96, green: 0.85, blue: 0.61, alpha: 1.0 })); glyph_masks = [true, true, true, true];
10-02 15:25:18.256 16511 16534 I RustStdoutStderr: [2m2026-10-02T07:25:18.255863Z[0m [32m INFO[0m [2mmir2_platform_android::phone_hud[0m[2m:[0m ANDROID_PHONE_TEXT_LAYOUT [3mfont[0m[2m=[0mTextFont { font: SystemUi, font_size: Px(23.466667), weight: FontWeight(400), width: FontWidth(1.0), style: Normal, font_smoothing: AntiAliased, font_features: FontFeatures { features: [] }, font_variations: FontVariations { variations: [] } } [3mcolor[0m[2m=[0mTextColor(Srgba(Srgba { red: 0.98, green: 0.91, blue: 0.76, alpha: 1.0 })) [3mglyph_masks[0m[2m=[0m[true, true, true, true, true, true, true, true, true, true, true, true, true]
10-02 15:25:18.256 16511 16534 I RustStdoutStderr: [2m2026-10-02T07:25:18.255888Z[0m [32m INFO[0m [2mmir2_platform_android::phone_quests[0m[2m:[0m ANDROID_PHONE_QUEST_TEXT [3mtext[0m[2m=[0m"任务日志" [3mfont_dp[0m[2m=[0m16.0 [3mglyphs[0m[2m=[0m4 [3malpha_masks[0m[2m=[0m4
10-02 15:25:18.256 16511 16534 I RustStdoutStderr: [2m2026-10-02T07:25:18.255932Z[0m [32m INFO[0m [2mmir2_platform_android::phone_hud[0m[2m:[0m ANDROID_PHONE_TEXT_LAYOUT [3mfont[0m[2m=[0mTextFont { font: SystemUi, font_size: Px(23.466667), weight: FontWeight(400), width: FontWidth(1.0), style: Normal, font_smoothing: AntiAliased, font_features: FontFeatures { features: [] }, font_variations: FontVariations { variations: [] } } [3mcolor[0m[2m=[0mTextColor(Srgba(Srgba { red: 0.96, green: 0.85, blue: 0.61, alpha: 1.0 })) [3mglyph_masks[0m[2m=[0m[true, true, true]
10-02 15:25:18.256 16511 16534 I RustStdoutStderr: [2m2026-10-02T07:25:18.255941Z[0m [32m INFO[0m [2mmir2_platform_android::phone_hud[0m[2m:[0m ANDROID_PHONE_TEXT_LAYOUT [3mfont[0m[2m=[0mTextFont { font: SystemUi, font_size: Px(23.466667), weight: FontWeight(400), width: FontWidth(1.0), style: Normal, font_smoothing: AntiAliased, font_features: FontFeatures { features: [] }, font_variations: FontVariations { variations: [] } } [3mcolor[0m[2m=[0mTextColor(Srgba(Srgba { red: 0.96, green: 0.85, blue: 0.61, alpha: 1.0 })) [3mglyph_masks[0m[2m=[0m[true, true, true]
10-02 15:25:18.256 16511 16534 I RustStdoutStderr: [2m2026-10-02T07:25:18.255946Z[0m [32m INFO[0m [2mmir2_platform_android::phone_hud[0m[2m:[0m ANDROID_PHONE_TEXT_LAYOUT [3mfont[0m[2m=[0mTextFont { font: SystemUi, font_size: Px(23.466667), weight: FontWeight(400), width: FontWidth(1.0), style: Normal, font_smoothing: AntiAliased, font_features: FontFeatures { features: [] }, font_variations: FontVariations { variations: [] } } [3mcolor[0m[2m=[0mTextColor(Srgba(Srgba { red: 0.96, green: 0.85, blue: 0.61, alpha: 1.0 })) [3mglyph_masks[0m[2m=[0m[true, true, true, true, true]
10-02 15:25:18.256 16511 16534 I RustStdoutStderr: [2m2026-10-02T07:25:18.255951Z[0m [32m INFO[0m [2mmir2_platform_android::phone_hud[0m[2m:[0m ANDROID_PHONE_TEXT_LAYOUT [3mfont[0m[2m=[0mTextFont { font: SystemUi, font_size: Px(23.466667), weight: FontWeight(400), width: FontWidth(1.0), style: Normal, font_smoothing: AntiAliased, font_features: FontFeatures { features: [] }, font_variations: FontVariations { variations: [] } } [3mcolor[0m[2m=[0mTextColor(Srgba(Srgba { red: 0.96, green: 0.85, blue: 0.61, alpha: 1.0 })) [3mglyph_masks[0m[2m=[0m[true, true, true, true, true, true, true]
10-02 15:25:18.256 16511 16534 I RustStdoutStderr: [2m2026-10-02T07:25:18.255956Z[0m [32m INFO[0m [2mmir2_platform_android::phone_hud[0m[2m:[0m ANDROID_PHONE_TEXT_LAYOUT [3mfont[0m[2m=[0mTextFont { font: SystemUi, font_size: Px(23.466667), weight: FontWeight(400), width: FontWidth(1.0), style: Normal, font_smoothing: AntiAliased, font_features: FontFeatures { features: [] }, font_variations: FontVariations { variations: [] } } [3mcolor[0m[2m=[0mTextColor(Srgba(Srgba { red: 0.96, green: 0.85, blue: 0.61, alpha: 1.0 })) [3mglyph_masks[0m[2m=[0m[true, true, true, true, true]
10-02 15:25:18.256 16511 16534 I RustStdoutStderr: [2m2026-10-02T07:25:18.255960Z[0m [32m INFO[0m [2mmir2_platform_android::phone_hud[0m[2m:[0m ANDROID_PHONE_TEXT_LAYOUT [3mfont[0m[2m=[0mTextFont { font: SystemUi, font_size: Px(23.466667), weight: FontWeight(400), width: FontWidth(1.0), style: Normal, font_smoothing: AntiAliased, font_features: FontFeatures { features: [] }, font_variations: FontVariations { variations: [] } } [3mcolor[0m[2m=[0mTextColor(Srgba(Srgba { red: 0.96, green: 0.85, blue: 0.61, alpha: 1.0 })) [3mglyph_masks[0m[2m=[0m[true, true, true, true, true, true]
10-02 15:25:18.256 16511 16534 I RustStdoutStderr: [2m2026-10-02T07:25:18.255966Z[0m [32m INFO[0m [2mmir2_platform_android::phone_hud[0m[2m:[0m ANDROID_PHONE_TEXT_LAYOUT [3mfont[0m[2m=[0mTextFont { font: SystemUi, font_size: Px(23.466667), weight: FontWeight(400), width: FontWidth(1.0), style: Normal, font_smoothing: AntiAliased, font_features: FontFeatures { features: [] }, font_variations: FontVariations { variations: [] } } [3mcolor[0m[2m=[0mTextColor(Srgba(Srgba { red: 0.96, green: 0.85, blue: 0.61, alpha: 1.0 })) [3mglyph_masks[0m[2m=[0m[true, true, true, true, true]
10-02 15:25:18.256 16511 16534 I RustStdoutStderr: [2m2026-10-02T07:25:18.255970Z[0m [32m INFO[0m [2mmir2_platform_android::phone_hud[0m[2m:[0m ANDROID_PHONE_TEXT_LAYOUT [3mfont[0m[2m=[0mTextFont { font: SystemUi, font_size: Px(23.466667), weight: FontWeight(400), width: FontWidth(1.0), style: Normal, font_smoothing: AntiAliased, font_features: FontFeatures { features: [] }, font_variations: FontVariations { variations: [] } } [3mcolor[0m[2m=[0mTextColor(Srgba(Srgba { red: 0.96, green: 0.85, blue: 0.61, alpha: 1.0 })) [3mglyph_masks[0m[2m=[0m[true, true, true, true, true]
10-02 15:25:18.256 16511 16534 I RustStdoutStderr: [2m2026-10-02T07:25:18.255974Z[0m [32m INFO[0m [2mmir2_platform_android::phone_hud[0m[2m:[0m ANDROID_PHONE_TEXT_LAYOUT [3mfont[0m[2m=[0mTextFont { font: SystemUi, font_size: Px(23.466667), weight: FontWeight(400), width: FontWidth(1.0), style: Normal, font_smoothing: AntiAliased, font_features: FontFeatures { features: [] }, font_variations: FontVariations { variations: [] } } [3mcolor[0m[2m=[0mTextColor(Srgba(Srgba { red: 0.96, green: 0.85, blue: 0.61, alpha: 1.0 })) [3mglyph_masks[0m[2m=[0m[true, true, true, true, true]
10-02 15:25:18.256 16511 16534 I RustStdoutStderr: [2m2026-10-02T07:25:18.255979Z[0m [32m INFO[0m [2mmir2_platform_android::phone_hud[0m[2m:[0m ANDROID_PHONE_TEXT_LAYOUT [3mfont[0m[2m=[0mTextFont { font: SystemUi, font_size: Px(23.466667), weight: FontWeight(400), width: FontWidth(1.0), style: Normal, font_smoothing: AntiAliased, font_features: FontFeatures { features: [] }, font_variations: FontVariations { variations: [] } } [3mcolor[0m[2m=[0mTextColor(Srgba(Srgba { red: 0.96, green: 0.85, blue: 0.61, alpha: 1.0 })) [3mglyph_masks[0m[2m=[0m[true, true, true, true]
10-02 15:25:18.256 16511 16534 I RustStdoutStderr: [2m2026-10-02T07:25:18.255983Z[0m [32m INFO[0m [2mmir2_platform_android::phone_hud[0m[2m:[0m ANDROID_PHONE_TEXT_LAYOUT [3mfont[0m[2m=[0mTextFont { font: SystemUi, font_size: Px(23.466667), weight: FontWeight(400), width: FontWidth(1.0), style: Normal, font_smoothing: AntiAliased, font_features: FontFeatures { features: [] }, font_variations: FontVariations { variations: [] } } [3mcolor[0m[2m=[0mTextColor(Srgba(Srgba { red: 0.96, green: 0.85, blue: 0.61, alpha: 1.0 })) [3mglyph_masks[0m[2m=[0m[true, true]
10-02 15:25:18.256 16511 16534 I RustStdoutStderr: [2m2026-10-02T07:25:18.255988Z[0m [32m INFO[0m [2mmir2_platform_android::phone_hud[0m[2m:[0m ANDROID_PHONE_TEXT_LAYOUT [3mfont[0m[2m=[0mTextFont { font: SystemUi, font_size: Px(23.466667), weight: FontWeight(400), width: FontWidth(1.0), style: Normal, font_smoothing: AntiAliased, font_features: FontFeatures { features: [] }, font_variations: FontVariations { variations: [] } } [3mcolor[0m[2m=[0mTextColor(Srgba(Srgba { red: 0.96, green: 0.85, blue: 0.61, alpha: 1.0 })) [3mglyph_masks[0m[2m=[0m[true, true, true, true]
10-02 15:25:18.256 16511 16538 I event src/phone_quests.rs:93: ANDROID_PHONE_QUEST_TEXTtext = "任务日志"; font_dp = 16.0; glyphs = 4; alpha_masks = 4;
10-02 15:25:18.256 16511 16538 I event src/phone_quests.rs:93: ANDROID_PHONE_QUEST_TEXTtext = "×"; font_dp = 13.999999046325684; glyphs = 1; alpha_masks = 1;
10-02 15:25:18.256 16511 16538 I event src/phone_quests.rs:93: ANDROID_PHONE_QUEST_TEXTtext = "任务列表: 1/20"; font_dp = 13.999999046325684; glyphs = 10; alpha_masks = 10;
10-02 15:25:18.256 16511 16538 I event src/phone_quests.rs:93: ANDROID_PHONE_QUEST_TEXTtext = "− Daily"; font_dp = 13.999999046325684; glyphs = 7; alpha_masks = 7;
10-02 15:25:18.256 16511 16538 I event src/phone_quests.rs:93: ANDROID_PHONE_QUEST_TEXTtext = "OFFLINE RECEIVED DAILY QUEST · 可交付\n0级 · Daily"; font_dp = 13.999999046325684; glyphs = 44; alpha_masks = 44;
10-02 15:25:18.256 16511 16538 I event src/phone_quests.rs:93: ANDROID_PHONE_QUEST_TEXTtext = "跟踪"; font_dp = 13.999999046325684; glyphs = 2; alpha_masks = 2;
10-02 15:25:18.256 16511 16538 I event src/phone_quests.rs:93: ANDROID_PHONE_QUEST_TEXTtext = "▲"; font_dp = 13.999999046325684; glyphs = 1; alpha_masks = 1;
10-02 15:25:18.256 16511 16538 I event src/phone_quests.rs:93: ANDROID_PHONE_QUEST_TEXTtext = "▼"; font_dp = 13.999999046325684; glyphs = 1; alpha_masks = 1;
10-02 15:25:18.256 16511 16538 I event src/phone_quests.rs:98: ANDROID_PHONE_QUEST_CONTROLsize_dp = Vec2(375.63635, 51.636364); center_dp = Vec2(493.27267, 193.09091);
10-02 15:25:18.256 16511 16538 I event src/phone_quests.rs:98: ANDROID_PHONE_QUEST_CONTROLsize_dp = Vec2(48.0, 48.0); center_dp = Vec2(665.0909, 47.999977);
10-02 15:25:18.256 16511 16538 I event src/phone_quests.rs:98: ANDROID_PHONE_QUEST_CONTROLsize_dp = Vec2(375.63635, 48.0); center_dp = Vec2(493.27267, 135.27272);
10-02 15:25:18.256 16511 16538 I event src/phone_quests.rs:98: ANDROID_PHONE_QUEST_CONTROLsize_dp = Vec2(375.63635, 48.0); center_dp = Vec2(493.27267, 251.27272);
10-02 15:25:18.256 16511 16538 I event src/phone_quests.rs:98: ANDROID_PHONE_QUEST_CONTROLsize_dp = Vec2(192.0, 48.0); center_dp = Vec2(393.4545, 344.7273);
10-02 15:25:18.256 16511 16538 I event src/phone_quests.rs:98: ANDROID_PHONE_QUEST_CONTROLsize_dp = Vec2(191.63637, 48.0); center_dp = Vec2(593.2727, 344.7273);
10-02 15:25:18.256 16511 16538 I event src/phone_quests.rs:102: ANDROID_PHONE_QUEST_SCROLLsize_dp = Vec2(391.63635, 236.36363); content_dp = Vec2(391.63635, 236.36363); offset = Vec2(0.0, 0.0);
10-02 15:25:18.256 16511 16534 I RustStdoutStderr: [2m2026-10-02T07:25:18.256107Z[0m [32m INFO[0m [2mmir2_platform_android::phone_quests[0m[2m:[0m ANDROID_PHONE_QUEST_TEXT [3mtext[0m[2m=[0m"×" [3mfont_dp[0m[2m=[0m13.999999046325684 [3mglyphs[0m[2m=[0m1 [3malpha_masks[0m[2m=[0m1
10-02 15:25:18.256 16511 16534 I RustStdoutStderr: [2m2026-10-02T07:25:18.256147Z[0m [32m INFO[0m [2mmir2_platform_android::phone_quests[0m[2m:[0m ANDROID_PHONE_QUEST_TEXT [3mtext[0m[2m=[0m"任务列表: 1/20" [3mfont_dp[0m[2m=[0m13.999999046325684 [3mglyphs[0m[2m=[0m10 [3malpha_masks[0m[2m=[0m10
10-02 15:25:18.256 16511 16534 I RustStdoutStderr: [2m2026-10-02T07:25:18.256152Z[0m [32m INFO[0m [2mmir2_platform_android::phone_quests[0m[2m:[0m ANDROID_PHONE_QUEST_TEXT [3mtext[0m[2m=[0m"− Daily" [3mfont_dp[0m[2m=[0m13.999999046325684 [3mglyphs[0m[2m=[0m7 [3malpha_masks[0m[2m=[0m7
10-02 15:25:18.256 16511 16534 I RustStdoutStderr: [2m2026-10-02T07:25:18.256156Z[0m [32m INFO[0m [2mmir2_platform_android::phone_quests[0m[2m:[0m ANDROID_PHONE_QUEST_TEXT [3mtext[0m[2m=[0m"OFFLINE RECEIVED DAILY QUEST · 可交付\n0级 · Daily" [3mfont_dp[0m[2m=[0m13.999999046325684 [3mglyphs[0m[2m=[0m44 [3malpha_masks[0m[2m=[0m44
10-02 15:25:18.256 16511 16534 I RustStdoutStderr: [2m2026-10-02T07:25:18.256162Z[0m [32m INFO[0m [2mmir2_platform_android::phone_quests[0m[2m:[0m ANDROID_PHONE_QUEST_TEXT [3mtext[0m[2m=[0m"跟踪" [3mfont_dp[0m[2m=[0m13.999999046325684 [3mglyphs[0m[2m=[0m2 [3malpha_masks[0m[2m=[0m2
10-02 15:25:18.256 16511 16534 I RustStdoutStderr: [2m2026-10-02T07:25:18.256166Z[0m [32m INFO[0m [2mmir2_platform_android::phone_quests[0m[2m:[0m ANDROID_PHONE_QUEST_TEXT [3mtext[0m[2m=[0m"▲" [3mfont_dp[0m[2m=[0m13.999999046325684 [3mglyphs[0m[2m=[0m1 [3malpha_masks[0m[2m=[0m1
10-02 15:25:18.256 16511 16534 I RustStdoutStderr: [2m2026-10-02T07:25:18.256169Z[0m [32m INFO[0m [2mmir2_platform_android::phone_quests[0m[2m:[0m ANDROID_PHONE_QUEST_TEXT [3mtext[0m[2m=[0m"▼" [3mfont_dp[0m[2m=[0m13.999999046325684 [3mglyphs[0m[2m=[0m1 [3malpha_masks[0m[2m=[0m1
10-02 15:25:18.256 16511 16534 I RustStdoutStderr: [2m2026-10-02T07:25:18.256174Z[0m [32m INFO[0m [2mmir2_platform_android::phone_quests[0m[2m:[0m ANDROID_PHONE_QUEST_CONTROL [3msize_dp[0m[2m=[0mVec2(375.63635, 51.636364) [3mcenter_dp[0m[2m=[0mVec2(493.27267, 193.09091)
10-02 15:25:18.256 16511 16534 I RustStdoutStderr: [2m2026-10-02T07:25:18.256178Z[0m [32m INFO[0m [2mmir2_platform_android::phone_quests[0m[2m:[0m ANDROID_PHONE_QUEST_CONTROL [3msize_dp[0m[2m=[0mVec2(48.0, 48.0) [3mcenter_dp[0m[2m=[0mVec2(665.0909, 47.999977)
10-02 15:25:18.256 16511 16534 I RustStdoutStderr: [2m2026-10-02T07:25:18.256181Z[0m [32m INFO[0m [2mmir2_platform_android::phone_quests[0m[2m:[0m ANDROID_PHONE_QUEST_CONTROL [3msize_dp[0m[2m=[0mVec2(375.63635, 48.0) [3mcenter_dp[0m[2m=[0mVec2(493.27267, 135.27272)
10-02 15:25:18.256 16511 16534 I RustStdoutStderr: [2m2026-10-02T07:25:18.256184Z[0m [32m INFO[0m [2mmir2_platform_android::phone_quests[0m[2m:[0m ANDROID_PHONE_QUEST_CONTROL [3msize_dp[0m[2m=[0mVec2(375.63635, 48.0) [3mcenter_dp[0m[2m=[0mVec2(493.27267, 251.27272)
10-02 15:25:18.256 16511 16534 I RustStdoutStderr: [2m2026-10-02T07:25:18.256187Z[0m [32m INFO[0m [2mmir2_platform_android::phone_quests[0m[2m:[0m ANDROID_PHONE_QUEST_CONTROL [3msize_dp[0m[2m=[0mVec2(192.0, 48.0) [3mcenter_dp[0m[2m=[0mVec2(393.4545, 344.7273)
10-02 15:25:18.256 16511 16534 I RustStdoutStderr: [2m2026-10-02T07:25:18.256191Z[0m [32m INFO[0m [2mmir2_platform_android::phone_quests[0m[2m:[0m ANDROID_PHONE_QUEST_CONTROL [3msize_dp[0m[2m=[0mVec2(191.63637, 48.0) [3mcenter_dp[0m[2m=[0mVec2(593.2727, 344.7273)
10-02 15:25:18.256 16511 16534 I RustStdoutStderr: [2m2026-10-02T07:25:18.256194Z[0m [32m INFO[0m [2mmir2_platform_android::phone_quests[0m[2m:[0m ANDROID_PHONE_QUEST_SCROLL [3msize_dp[0m[2m=[0mVec2(391.63635, 236.36363) [3mcontent_dp[0m[2m=[0mVec2(391.63635, 236.36363) [3moffset[0m[2m=[0mVec2(0.0, 0.0)
10-02 15:25:18.775 16511 16535 D EGL_emulation: app_time_stats: avg=11.36ms min=10.09ms max=13.65ms count=61
10-02 15:25:19.776 16511 16535 D EGL_emulation: app_time_stats: avg=11.05ms min=10.34ms max=11.90ms count=60
10-02 15:25:20.777 16511 16535 D EGL_emulation: app_time_stats: avg=11.44ms min=10.34ms max=17.69ms count=60
