warning: unnecessary parentheses around function argument
   --> src\crystal_ui\hero_dialog_render.rs:210:21
    |
210 |                     (32. / 3.),
    |                     ^        ^
    |
    = note: `#[warn(unused_parens)]` (part of `#[warn(unused)]`) on by default
help: remove these parentheses
    |
210 -                     (32. / 3.),
210 +                     32. / 3. ,
    |

warning: unnecessary parentheses around function argument
   --> src\crystal_ui\hero_dialog_render.rs:414:29
    |
414 | ...                   (32. / 3.),
    |                       ^        ^
    |
help: remove these parentheses
    |
414 -                             (32. / 3.),
414 +                             32. / 3. ,
    |

warning: unnecessary parentheses around function argument
   --> src\crystal_ui\hero_dialog_render.rs:421:29
    |
421 | ...                   (32. / 3.),
    |                       ^        ^
    |
help: remove these parentheses
    |
421 -                             (32. / 3.),
421 +                             32. / 3. ,
    |

warning: unnecessary parentheses around function argument
   --> src\crystal_ui\hero_dialog_render.rs:476:25
    |
476 |                         (32. / 3.),
    |                         ^        ^
    |
help: remove these parentheses
    |
476 -                         (32. / 3.),
476 +                         32. / 3. ,
    |

warning: unnecessary parentheses around function argument
   --> src\crystal_ui\hero_dialog_render.rs:695:33
    |
695 | ...                   (32. / 3.),
    |                       ^        ^
    |
help: remove these parentheses
    |
695 -                                 (32. / 3.),
695 +                                 32. / 3. ,
    |

warning: unnecessary parentheses around function argument
   --> src\crystal_ui\hero_dialog_render.rs:702:33
    |
702 | ...                   (32. / 3.),
    |                       ^        ^
    |
help: remove these parentheses
    |
702 -                                 (32. / 3.),
702 +                                 32. / 3. ,
    |

warning: unnecessary parentheses around function argument
   --> src\crystal_ui\hero_dialog_render.rs:715:33
    |
715 | ...                   (32. / 3.),
    |                       ^        ^
    |
help: remove these parentheses
    |
715 -                                 (32. / 3.),
715 +                                 32. / 3. ,
    |

warning: unnecessary parentheses around function argument
   --> src\crystal_ui\hero_dialog_render.rs:727:33
    |
727 | ...                   (32. / 3.),
    |                       ^        ^
    |
help: remove these parentheses
    |
727 -                                 (32. / 3.),
727 +                                 32. / 3. ,
    |

warning: unnecessary parentheses around function argument
   --> src\crystal_ui\hero_dialog_render.rs:831:29
    |
831 | ...                   (32. / 3.),
    |                       ^        ^
    |
help: remove these parentheses
    |
831 -                             (32. / 3.),
831 +                             32. / 3. ,
    |

warning: unused imports: `GAME_SHOP_QUANTITY_MAX` and `GAME_SHOP_QUANTITY_MIN`
  --> src\crystal_ui\overlays.rs:46:58
   |
46 |     GameShopModel, GameShopPaymentType, GameShopRequest, GAME_SHOP_QUANTITY_MAX,
   |                                                          ^^^^^^^^^^^^^^^^^^^^^^
47 |     GAME_SHOP_QUANTITY_MIN,
   |     ^^^^^^^^^^^^^^^^^^^^^^
   |
   = note: `#[warn(unused_imports)]` (part of `#[warn(unused)]`) on by default

warning: unused import: `item_icon_path`
  --> src\crystal_ui\overlays.rs:49:51
   |
49 | use crate::inventory::{concrete_item_image_index, item_icon_path, InventoryModel, ItemModel};
   |                                                   ^^^^^^^^^^^^^^

warning: unused import: `persist_skill_bindings_if_changed`
  --> src\crystal_ui\overlays.rs:72:5
   |
72 |     persist_skill_bindings_if_changed, SkillBindingPersistenceRuntime,
   |     ^^^^^^^^^^^^^^^^^^^^^^^^^^^^^^^^^

warning: unused imports: `GAME_SHOP_CELL_SIZE`, `GAME_SHOP_COLUMN_STEP`, `GAME_SHOP_GRID_ORIGIN`, `GAME_SHOP_PAGE_COLUMNS`, `GAME_SHOP_ROW_STEP`, and `SKILL_ROW_SIZE`
   --> src\crystal_ui\overlays.rs:114:5
    |
114 |     GAME_SHOP_CELL_SIZE, GAME_SHOP_COLUMN_STEP, GAME_SHOP_GRID_ORIGIN, GAME_SHOP_PAGE_COLUMNS,
    |     ^^^^^^^^^^^^^^^^^^^  ^^^^^^^^^^^^^^^^^^^^^  ^^^^^^^^^^^^^^^^^^^^^  ^^^^^^^^^^^^^^^^^^^^^^
115 |     GAME_SHOP_PAGE_SIZE as CRYSTAL_GAME_SHOP_PAGE_SIZE, GAME_SHOP_PANEL_SIZE, GAME_SHOP_ROW_STEP,
    |                                                                               ^^^^^^^^^^^^^^^^^^
...
122 |     SKILL_PAGE_SIZE, SKILL_PANEL_SIZE, SKILL_ROW_ORIGIN, SKILL_ROW_SIZE,
    |                                                          ^^^^^^^^^^^^^^

warning: unnecessary parentheses around method argument
   --> src\crystal_ui\social_bond_dialog_render.rs:191:21
    |
191 |                     (Node {
    |                     ^
...
200 |                     }),
    |                      ^
    |
help: remove these parentheses
    |
191 ~                     Node {
192 |                         position_type: PositionType::Absolute,
...
199 |                         ..default()
200 ~                     } ,
    |

warning: unnecessary parentheses around `if` condition
    --> src\crystal_ui\overlays.rs:7628:8
     |
7628 |     if (keyboard_dialog::host::triggered(&state.keyboard, &keys, "Inventory")
     |        ^
7629 |         || keyboard_dialog::host::triggered(&state.keyboard, &keys, "Inventory2"))
     |                                                                                  ^
     |
help: remove these parentheses
     |
7628 ~     if keyboard_dialog::host::triggered(&state.keyboard, &keys, "Inventory")
7629 ~         || keyboard_dialog::host::triggered(&state.keyboard, &keys, "Inventory2")
     |

warning: variable does not need to be mutable
   --> src\crystal_ui\mail_editor_tests.rs:110:9
    |
110 |     let mut draft = draft("abcd");
    |         ----^^^^^
    |         |
    |         help: remove this `mut`
    |
    = note: `#[warn(unused_mut)]` (part of `#[warn(unused)]`) on by default

warning: variable does not need to be mutable
   --> src\crystal_ui\mail_editor_tests.rs:155:9
    |
155 |     let mut draft = draft("letter body");
    |         ----^^^^^
    |         |
    |         help: remove this `mut`

warning: variable does not need to be mutable
   --> src\crystal_ui\mail_editor_tests.rs:172:9
    |
172 |     let mut draft = draft(&message);
    |         ----^^^^^
    |         |
    |         help: remove this `mut`

warning: variable does not need to be mutable
    --> src\crystal_ui\overlays.rs:1180:5
     |
1180 |     mut pending: ResMut<PendingOperations>,
     |     ----^^^^^^^
     |     |
     |     help: remove this `mut`

warning: variable does not need to be mutable
    --> src\crystal_ui\overlays.rs:6761:17
     |
6761 |         skills: mut skills,
     |                 ----^^^^^^
     |                 |
     |                 help: remove this `mut`

warning: variable does not need to be mutable
    --> src\crystal_ui\overlays.rs:6762:28
     |
6762 |         skill_persistence: mut skill_persistence,
     |                            ----^^^^^^^^^^^^^^^^^
     |                            |
     |                            help: remove this `mut`

warning: unused variable: `skill_persistence`
    --> src\crystal_ui\overlays.rs:6762:28
     |
6762 |         skill_persistence: mut skill_persistence,
     |                            ^^^^^^^^^^^^^^^^^^^^^ help: if this is intentional, prefix it with an underscore: `_skill_persistence`
     |
     = note: `#[warn(unused_variables)]` (part of `#[warn(unused)]`) on by default

warning: unused variable: `social`
    --> src\crystal_ui\overlays.rs:7197:18
     |
7197 |         let Some(social) = social.as_deref_mut() else {
     |                  ^^^^^^ help: if this is intentional, prefix it with an underscore: `_social`

warning: variable does not need to be mutable
    --> src\crystal_ui\overlays.rs:7881:25
     |
7881 |                 skills: mut skills,
     |                         ----^^^^^^
     |                         |
     |                         help: remove this `mut`

warning: variable does not need to be mutable
    --> src\crystal_ui\overlays.rs:7882:36
     |
7882 |                 skill_persistence: mut skill_persistence,
     |                                    ----^^^^^^^^^^^^^^^^^
     |                                    |
     |                                    help: remove this `mut`

warning: unused variable: `combat_target`
    --> src\crystal_ui\overlays.rs:7866:5
     |
7866 |     combat_target: Option<Res<crate::quest_model::CombatTargetModel>>,
     |     ^^^^^^^^^^^^^ help: if this is intentional, prefix it with an underscore: `_combat_target`

warning: unused variable: `skill_persistence`
    --> src\crystal_ui\overlays.rs:7882:36
     |
7882 |                 skill_persistence: mut skill_persistence,
     |                                    ^^^^^^^^^^^^^^^^^^^^^ help: if this is intentional, prefix it with an underscore: `_skill_persistence`

warning: unused variable: `skill_binding`
     --> src\crystal_ui\overlays.rs:11248:9
      |
11248 |         skill_binding,
      |         ^^^^^^^^^^^^^ help: try ignoring the field: `skill_binding: _`

warning: unused variable: `skill_persistence`
     --> src\crystal_ui\overlays.rs:11249:9
      |
11249 |         skill_persistence,
      |         ^^^^^^^^^^^^^^^^^ help: try ignoring the field: `skill_persistence: _`

warning: unused variable: `inventory`
     --> src\crystal_ui\overlays.rs:15367:5
      |
15367 |     inventory: &InventoryModel,
      |     ^^^^^^^^^ help: if this is intentional, prefix it with an underscore: `_inventory`

warning: unused variable: `state`
     --> src\crystal_ui\overlays.rs:15368:5
      |
15368 |     state: &NativePlayerUiState,
      |     ^^^^^ help: if this is intentional, prefix it with an underscore: `_state`

warning: unused variable: `compose_ui`
     --> src\crystal_ui\overlays.rs:15369:5
      |
15369 |     compose_ui: &MailComposeUi,
      |     ^^^^^^^^^^ help: if this is intentional, prefix it with an underscore: `_compose_ui`

warning: variable does not need to be mutable
   --> src\crystal_ui\mail_parcel_tests.rs:212:9
    |
212 |     let mut state = NativePlayerUiState::default();
    |         ----^^^^^
    |         |
    |         help: remove this `mut`

warning: unused variable: `nearby`
    --> src\quest_ui.rs:1926:5
     |
1926 |     nearby: Option<Res<NearbyNpcModel>>,
     |     ^^^^^^ help: if this is intentional, prefix it with an underscore: `_nearby`

warning: type `overlays::OverlayInventory` is more private than the item `render_order`
    --> src\crystal_ui\hero_cross_inventory.rs:290:1
     |
 290 | / pub fn render_order(
 291 | |     mut commands: Commands,
 292 | |     state: Res<NativePlayerUiState>,
 293 | |     panels: Query<Entity, With<OverlayInventory>>,
 294 | | ) {
     | |_^ function `render_order` is reachable at visibility `pub`
     |
note: but type `overlays::OverlayInventory` is only usable at visibility `pub(self)`
    --> src\crystal_ui\overlays.rs:2987:1
     |
2987 | struct OverlayInventory;
     | ^^^^^^^^^^^^^^^^^^^^^^^
     = note: `#[warn(private_interfaces)]` on by default

warning: type `overlays::OverlayRoot` is more private than the item `hero_dialog::render::render`
    --> src\crystal_ui\hero_dialog_render.rs:234:1
     |
 234 | / pub fn render(
 235 | |     mut commands: Commands,
 236 | |     roots: Query<Entity, With<OverlayRoot>>,
 237 | |     old: Query<Entity, With<HeroRoot>>,
...    |
 242 | |     wings: Option<Res<CrystalCharacterWingMaterials>>,
 243 | | ) {
     | |_^ function `hero_dialog::render::render` is reachable at visibility `pub`
     |
note: but type `overlays::OverlayRoot` is only usable at visibility `pub(self)`
    --> src\crystal_ui\overlays.rs:2984:1
     |
2984 | struct OverlayRoot;
     | ^^^^^^^^^^^^^^^^^^

warning: type `overlays::CrystalCharacterWingMaterials` is more private than the item `hero_dialog::render::render`
   --> src\crystal_ui\hero_dialog_render.rs:234:1
    |
234 | / pub fn render(
235 | |     mut commands: Commands,
236 | |     roots: Query<Entity, With<OverlayRoot>>,
237 | |     old: Query<Entity, With<HeroRoot>>,
...   |
242 | |     wings: Option<Res<CrystalCharacterWingMaterials>>,
243 | | ) {
    | |_^ function `hero_dialog::render::render` is reachable at visibility `pub`
    |
note: but type `overlays::CrystalCharacterWingMaterials` is only usable at visibility `pub(self)`
   --> src\crystal_ui\overlays.rs:202:1
    |
202 | struct CrystalCharacterWingMaterials([Handle<CrystalAdditiveUiMaterial>; 4]);
    | ^^^^^^^^^^^^^^^^^^^^^^^^^^^^^^^^^^^^

warning: type `overlays::OverlayRoot` is more private than the item `skill_bars::host::render`
    --> src\crystal_ui\skill_bars_host.rs:131:1
     |
 131 | / pub fn render(
 132 | |     mut commands: Commands,
 133 | |     roots: Query<Entity, With<OverlayRoot>>,
 134 | |     old: Query<Entity, With<SkillBarRoot>>,
...    |
 138 | |     assets: Option<Res<AssetServer>>,
 139 | | ) {
     | |_^ function `skill_bars::host::render` is reachable at visibility `pub`
     |
note: but type `overlays::OverlayRoot` is only usable at visibility `pub(self)`
    --> src\crystal_ui\overlays.rs:2984:1
     |
2984 | struct OverlayRoot;
     | ^^^^^^^^^^^^^^^^^^

warning: type `overlays::OverlayRoot` is more private than the item `hero_buff_hud::render`
    --> src\crystal_ui\hero_buff_hud.rs:121:1
     |
 121 | / pub fn render(
 122 | |     mut commands: Commands,
 123 | |     roots: Query<Entity, With<OverlayRoot>>,
 124 | |     old: Query<Entity, With<HeroBuffRoot>>,
...    |
 127 | |     assets: Option<Res<AssetServer>>,
 128 | | ) {
     | |_^ function `hero_buff_hud::render` is reachable at visibility `pub`
     |
note: but type `overlays::OverlayRoot` is only usable at visibility `pub(self)`
    --> src\crystal_ui\overlays.rs:2984:1
     |
2984 | struct OverlayRoot;
     | ^^^^^^^^^^^^^^^^^^

warning: type `overlays::OverlayRoot` is more private than the item `hero_buff_hud::hint`
    --> src\crystal_ui\hero_buff_hud.rs:213:1
     |
 213 | / pub fn hint(
 214 | |     mut commands: Commands,
 215 | |     roots: Query<Entity, With<OverlayRoot>>,
 216 | |     old: Query<(Entity, &ComputedNode), With<HeroBuffHint>>,
...    |
 219 | |     shell: Res<NativeShellModel>,
 220 | | ) {
     | |_^ function `hero_buff_hud::hint` is reachable at visibility `pub`
     |
note: but type `overlays::OverlayRoot` is only usable at visibility `pub(self)`
    --> src\crystal_ui\overlays.rs:2984:1
     |
2984 | struct OverlayRoot;
     | ^^^^^^^^^^^^^^^^^^

warning: type `overlays::OverlayRoot` is more private than the item `overlays::status_hud::render`
    --> src\crystal_ui\status_hud.rs:407:1
     |
 407 | / pub fn render(
 408 | |     mut commands: Commands,
 409 | |     roots: Query<Entity, With<OverlayRoot>>,
 410 | |     old: Query<Entity, With<StatusRoot>>,
...    |
 414 | |     assets: Option<Res<AssetServer>>,
 415 | | ) {
     | |_^ function `overlays::status_hud::render` is reachable at visibility `pub`
     |
note: but type `overlays::OverlayRoot` is only usable at visibility `pub(self)`
    --> src\crystal_ui\overlays.rs:2984:1
     |
2984 | struct OverlayRoot;
     | ^^^^^^^^^^^^^^^^^^

warning: type `overlays::OverlayRoot` is more private than the item `render_hint`
    --> src\crystal_ui\status_hud.rs:685:1
     |
 685 | / pub fn render_hint(
 686 | |     mut commands: Commands,
 687 | |     roots: Query<Entity, With<OverlayRoot>>,
 688 | |     old: Query<(Entity, &ComputedNode), With<StatusHint>>,
...    |
 691 | |     shell: Res<NativeShellModel>,
 692 | | ) {
     | |_^ function `render_hint` is reachable at visibility `pub`
     |
note: but type `overlays::OverlayRoot` is only usable at visibility `pub(self)`
    --> src\crystal_ui\overlays.rs:2984:1
     |
2984 | struct OverlayRoot;
     | ^^^^^^^^^^^^^^^^^^

warning: type `overlays::OverlayButton` is more private than the item `press_real_button`
    --> src\crystal_ui\npc_shop_layout_tests.rs:107:1
     |
 107 | pub(crate) fn press_real_button(app: &mut App, action: OverlayButton) {
     | ^^^^^^^^^^^^^^^^^^^^^^^^^^^^^^^^^^^^^^^^^^^^^^^^^^^^^^^^^^^^^^^^^^^^^ function `press_real_button` is reachable at visibility `pub(crate)`
     |
note: but type `overlays::OverlayButton` is only usable at visibility `pub(self)`
    --> src\crystal_ui\overlays.rs:3162:1
     |
3162 | enum OverlayButton {
     | ^^^^^^^^^^^^^^^^^^

warning: multiple variants are never constructed
    --> src\crystal_ui\overlays.rs:3191:5
     |
3162 | enum OverlayButton {
     |      ------------- variants in this enum
...
3191 |     OptionsMusicVolumeDown,
     |     ^^^^^^^^^^^^^^^^^^^^^^
3192 |     OptionsMusicVolumeUp,
     |     ^^^^^^^^^^^^^^^^^^^^
3193 |     OptionsSoundVolumeDown,
     |     ^^^^^^^^^^^^^^^^^^^^^^
3194 |     OptionsSoundVolumeUp,
     |     ^^^^^^^^^^^^^^^^^^^^
3195 |     ToggleInventory,
3196 |     ToggleEquipment,
     |     ^^^^^^^^^^^^^^^
3197 |     ToggleShop,
     |     ^^^^^^^^^^
3198 |     ToggleNpcShop,
     |     ^^^^^^^^^^^^^
3199 |     ToggleStorage,
     |     ^^^^^^^^^^^^^
...
3202 |     ToggleTrade,
     |     ^^^^^^^^^^^
...
3207 |     GroupLeave,
     |     ^^^^^^^^^^
...
3226 |     GroupInviteNameFocus,
     |     ^^^^^^^^^^^^^^^^^^^^
3227 |     GroupInviteNameSubmit,
     |     ^^^^^^^^^^^^^^^^^^^^^
...
3230 |     GuildRequestInfo,
     |     ^^^^^^^^^^^^^^^^
...
3234 |     GuildRecruitNameFocus,
     |     ^^^^^^^^^^^^^^^^^^^^^
...
3238 |     GuildCancelNoticeEdit,
     |     ^^^^^^^^^^^^^^^^^^^^^
3239 |     SelectGuildMember(u8),
     |     ^^^^^^^^^^^^^^^^^
3240 |     GuildKickMember(u8),
3241 |     GuildKickSelected,
     |     ^^^^^^^^^^^^^^^^^
...
3244 |     GuildAssignNextRank,
     |     ^^^^^^^^^^^^^^^^^^^
...
3253 |     GuildRankNameFocus,
     |     ^^^^^^^^^^^^^^^^^^
...
3312 |     MailRecipientFocus,
     |     ^^^^^^^^^^^^^^^^^^
3313 |     MailMessageFocus,
     |     ^^^^^^^^^^^^^^^^
3314 |     MailGoldInc,
     |     ^^^^^^^^^^^
3315 |     MailGoldFocus,
3316 |     MailGoldDec,
     |     ^^^^^^^^^^^
3317 |     AddMailAttachment(u64),
     |     ^^^^^^^^^^^^^^^^^
3318 |     RemoveMailAttachment(u64),
     |     ^^^^^^^^^^^^^^^^^^^^
...
3355 |     GameShopQuantityInc,
     |     ^^^^^^^^^^^^^^^^^^^
3356 |     GameShopQuantityDec,
     |     ^^^^^^^^^^^^^^^^^^^
...
3368 |     StorageRemovePassword,
     |     ^^^^^^^^^^^^^^^^^^^^^
     |
     = note: `OverlayButton` has derived impls for the traits `Debug` and `Clone`, but these are intentionally ignored during dead code analysis
     = note: `#[warn(dead_code)]` (part of `#[warn(unused)]`) on by default

warning: function `overlay_compact_item_button` is never used
     --> src\crystal_ui\overlays.rs:13204:4
      |
13204 | fn overlay_compact_item_button(
      |    ^^^^^^^^^^^^^^^^^^^^^^^^^^^

warning: function `overlay_clickable_text_at` is never used
     --> src\crystal_ui\overlays.rs:14816:4
      |
14816 | fn overlay_clickable_text_at(
      |    ^^^^^^^^^^^^^^^^^^^^^^^^^

warning: function `render_chat_draft` is never used
     --> src\crystal_ui\overlays.rs:15023:4
      |
15023 | fn render_chat_draft(parent: &mut ChildSpawnerCommands, draft: &str) {
      |    ^^^^^^^^^^^^^^^^^

warning: function `render_mail_compose` is never used
     --> src\crystal_ui\overlays.rs:15508:4
      |
15508 | fn render_mail_compose(
      |    ^^^^^^^^^^^^^^^^^^^

warning: constant `MAIL_PARCEL_BODY_RECT` is never used
  --> src\crystal_ui\mail_editor.rs:11:18
   |
11 | pub(super) const MAIL_PARCEL_BODY_RECT: CrystalRect = CrystalRect::new(15.0, 98.0, 202.0, 165.0);
   |                  ^^^^^^^^^^^^^^^^^^^^^

warning: constant `BUTTON_DISABLED` is never used
  --> src\native_shell_ui.rs:40:7
   |
40 | const BUTTON_DISABLED: Color = Color::srgba(0.19, 0.14, 0.10, 0.50);
   |       ^^^^^^^^^^^^^^^

warning: constant `AUX_CHANGE_PASSWORD_PANEL` is never used
  --> src\native_shell_ui.rs:50:7
   |
50 | const AUX_CHANGE_PASSWORD_PANEL: spec::CrystalRect =
   |       ^^^^^^^^^^^^^^^^^^^^^^^^^

warning: variants `CycleClass`, `CycleGender`, `SafeKeyFocusAccount`, and `SafeKeyFocusPassword` are never constructed
   --> src\native_shell_ui.rs:379:5
    |
373 | pub(crate) enum NativeShellButton {
    |                 ----------------- variants in this enum
...
379 |     CycleClass,
    |     ^^^^^^^^^^
380 |     CycleGender,
    |     ^^^^^^^^^^^
...
388 |     SafeKeyFocusAccount,
    |     ^^^^^^^^^^^^^^^^^^^
389 |     SafeKeyFocusPassword,
    |     ^^^^^^^^^^^^^^^^^^^^

warning: function `spawn_aux_field` is never used
    --> src\native_shell_ui.rs:2186:4
     |
2186 | fn spawn_aux_field(
     |    ^^^^^^^^^^^^^^^

warning: function `input_line` is never used
    --> src\native_shell_ui.rs:2306:4
     |
2306 | fn input_line(parent: &mut ChildSpawnerCommands, label: &str, value: &str, focused: bool) {
     |    ^^^^^^^^^^

warning: function `action_button` is never used
    --> src\native_shell_ui.rs:2342:4
     |
2342 | fn action_button(
     |    ^^^^^^^^^^^^^

warning: function `safe_key_button` is never used
    --> src\native_shell_ui.rs:2379:4
     |
2379 | fn safe_key_button(parent: &mut ChildSpawnerCommands, label: &str, action: NativeShellButton) {
     |    ^^^^^^^^^^^^^^^

warning: constant `QUEST_LOG_BG` is never used
  --> src\quest_ui.rs:73:7
   |
73 | const QUEST_LOG_BG: Color = Color::srgba(0.08, 0.06, 0.04, 0.96);
   |       ^^^^^^^^^^^^

warning: variants `SelectQuestFilter`, `QuestHelp`, `QuestPagePrevious`, and `QuestPageNext` are never constructed
    --> src\quest_ui.rs:1185:5
     |
1141 | enum QuestUiButton {
     |      ------------- variants in this enum
...
1185 |     SelectQuestFilter {
     |     ^^^^^^^^^^^^^^^^^
...
1188 |     QuestHelp,
     |     ^^^^^^^^^
1189 |     QuestPagePrevious,
     |     ^^^^^^^^^^^^^^^^^
1190 |     QuestPageNext,
     |     ^^^^^^^^^^^^^
     |
     = note: `QuestUiButton` has derived impls for the traits `Debug` and `Clone`, but these are intentionally ignored during dead code analysis

warning: function `wrap_guidance_hint` is never used
    --> src\quest_ui.rs:4512:4
     |
4512 | fn wrap_guidance_hint(hint: &str, max_chars: usize) -> Vec<String> {
     |    ^^^^^^^^^^^^^^^^^^

warning: function `tracker_quest_block` is never used
    --> src\quest_ui.rs:6182:4
     |
6182 | fn tracker_quest_block(parent: &mut ChildSpawnerCommands, quest: &Quest) {
     |    ^^^^^^^^^^^^^^^^^^^

warning: function `tracker_title_line` is never used
    --> src\quest_ui.rs:6392:4
     |
6392 | fn tracker_title_line(parent: &mut ChildSpawnerCommands, text: &str) {
     |    ^^^^^^^^^^^^^^^^^^

warning: method `normalize_bindings` is never used
   --> src\skill_binding_ui.rs:331:8
    |
133 | impl SkillBindingUi {
    | ------------------- method in this implementation
...
331 |     fn normalize_bindings(&mut self) {
    |        ^^^^^^^^^^^^^^^^^^

warning: the `skill_binding:` in this pattern is redundant
    --> src\crystal_ui\overlays.rs:6760:9
     |
6760 |         skill_binding: mut skill_binding,
     |         ^^^^^^^^^^^^^^^^^^^^^^^^^^^^^^^^ help: use shorthand field pattern: `mut skill_binding`
     |
     = note: `#[warn(non_shorthand_field_patterns)]` on by default

warning: the `skills:` in this pattern is redundant
    --> src\crystal_ui\overlays.rs:6761:9
     |
6761 |         skills: mut skills,
     |         ^^^^^^^^^^^^^^^^^^ help: use shorthand field pattern: `mut skills`

warning: the `skill_persistence:` in this pattern is redundant
    --> src\crystal_ui\overlays.rs:6762:9
     |
6762 |         skill_persistence: mut skill_persistence,
     |         ^^^^^^^^^^^^^^^^^^^^^^^^^^^^^^^^^^^^^^^^ help: use shorthand field pattern: `mut skill_persistence`

warning: the `skill_binding:` in this pattern is redundant
    --> src\crystal_ui\overlays.rs:7880:17
     |
7880 |                 skill_binding: mut skill_binding,
     |                 ^^^^^^^^^^^^^^^^^^^^^^^^^^^^^^^^ help: use shorthand field pattern: `mut skill_binding`

warning: the `skills:` in this pattern is redundant
    --> src\crystal_ui\overlays.rs:7881:17
     |
7881 |                 skills: mut skills,
     |                 ^^^^^^^^^^^^^^^^^^ help: use shorthand field pattern: `mut skills`

warning: the `skill_persistence:` in this pattern is redundant
    --> src\crystal_ui\overlays.rs:7882:17
     |
7882 |                 skill_persistence: mut skill_persistence,
     |                 ^^^^^^^^^^^^^^^^^^^^^^^^^^^^^^^^^^^^^^^^ help: use shorthand field pattern: `mut skill_persistence`

warning: calls to `std::mem::drop` with a reference instead of an owned value does nothing
   --> src\crystal_ui\mail_parcel_tests.rs:104:5
    |
104 |     drop(compose);
    |     ^^^^^-------^
    |          |
    |          argument has type `&overlays::MailComposeUi`
    |
    = note: `#[warn(dropping_references)]` on by default
help: use `let _ = ...` to ignore the expression or result
    |
104 -     drop(compose);
104 +     let _ = compose;
    |

warning: calls to `std::mem::drop` with a reference instead of an owned value does nothing
   --> src\crystal_ui\mail_parcel_tests.rs:105:5
    |
105 |     drop(state);
    |     ^^^^^-----^
    |          |
    |          argument has type `&overlays::NativePlayerUiState`
    |
help: use `let _ = ...` to ignore the expression or result
    |
105 -     drop(state);
105 +     let _ = state;
    |

warning: `mir2-client-bevy` (lib test) generated 70 warnings (run `cargo fix --lib -p mir2-client-bevy --tests` to apply 40 suggestions)
    Finished `test` profile [unoptimized + debuginfo] target(s) in 0.24s
     Running unittests src\lib.rs (C:/mir2-build/client-bevy-r29-tests\debug\deps\mir2_client_bevy-4c1babf0437d187a.exe)

running 66 tests
test crystal_ui::item_tooltip::tests::npc_shop_hide_added_stats_preserves_base_and_bind_text_but_hides_curse ... ok
test crystal_ui::overlays::game_shop_dialog::tests::categories_keep_server_order_and_class_section_search_filter_real_flags ... ok
test crystal_ui::overlays::game_shop_dialog::tests::confirmation_revalidates_price_stock_and_wallet_then_queues_once ... ok
test crystal_ui::overlays::game_shop_dialog::tests::consumed_clipboard_shortcut_never_inserts_its_v_literal ... ok
test crystal_ui::overlays::game_shop_dialog::tests::ctrl_a_selects_the_search_draft_without_appending_its_literal ... ok
test crystal_ui::overlays::game_shop_dialog::tests::game_shop_names_match_crystal_friendly_name_and_grade_color ... ok
test crystal_ui::overlays::game_shop_dialog::tests::preview_keeps_crystal_direction_gender_clock_and_weapon_depth ... ok
test crystal_ui::overlays::game_shop_dialog::tests::quantities_are_per_product_and_respect_five_stacks_stock_and_flags ... ok
test crystal_ui::overlays::game_shop_dialog::tests::raw_home_and_end_clear_ctrl_a_selection_when_button_edge_is_missing ... ok
test crystal_ui::overlays::game_shop_dialog::tests::raw_navigation_and_delete_are_single_shot_with_press_release_stream ... ok
test crystal_ui::overlays::game_shop_dialog::tests::recent_filter_excludes_zero_old_and_exact_seven_day_boundary ... ok
test crystal_ui::overlays::game_shop_dialog::tests::search_editor_caps_edits_and_resets_filter_page_state ... ok
test crystal_ui::overlays::game_shop_dialog::tests::shop_search_accepts_raw_and_localized_names_without_rewriting_item_identity ... ok
test crystal_ui::overlays::localized_shop_currency_preserves_server_values_without_english_plural_suffix ... ok
test crystal_ui::overlays::native_i18n_game_visual_tests::nine_locale_medicine_shop_opens_beside_inventory_offscreen ... ignored, explicit offline GPU fixture; real service request, packaged assets and fresh output
test crystal_ui::overlays::native_i18n_game_visual_tests::three_class_medicine_shop_retains_goods_after_delayed_text_hide_offscreen ... ignored, explicit delayed NPC snapshot GPU regression; original assets and fresh output
test crystal_ui::overlays::npc_shop_layout_tests::caster_medicine_and_material_services_keep_buy_sell_close_reopen_usable ... ok
test crystal_ui::overlays::npc_shop_layout_tests::delayed_text_hide_does_not_leave_a_closed_service_modal_after_scene_reset ... ok
test crystal_ui::overlays::npc_shop_layout_tests::direct_medicine_service_opens_separate_bag_and_usable_buy_controls_in_one_frame ... ok
test crystal_ui::overlays::npc_shop_layout_tests::escape_after_text_hide_drops_old_buy_capability_before_sell_only_service ... ok
test crystal_ui::overlays::npc_shop_layout_tests::explicit_npc_exit_closes_service_with_an_already_hidden_text_page ... ok
test crystal_ui::overlays::npc_shop_layout_tests::late_goods_after_explicit_exit_cannot_reopen_the_previous_service ... ok
test crystal_ui::overlays::npc_shop_layout_tests::map_information_epoch_closes_an_old_service_without_a_scene_reset_packet ... ok
test crystal_ui::overlays::npc_shop_layout_tests::medicine_service_opens_when_text_hide_and_goods_arrive_in_the_same_frame ... ok
test crystal_ui::overlays::npc_shop_layout_tests::medicine_service_survives_delayed_parent_text_hide_for_all_three_classes ... ok
test crystal_ui::overlays::npc_shop_layout_tests::new_npc_text_page_cannot_keep_the_previous_merchants_buy_service ... ok
test crystal_ui::overlays::npc_shop_layout_tests::ordered_exit_closes_real_service_and_rejects_late_goods_but_a_new_request_can_reopen ... ok
test crystal_ui::overlays::npc_shop_layout_tests::paired_service_and_bag_remain_visible_across_supported_viewport_transforms ... ok
test crystal_ui::overlays::npc_shop_layout_tests::service_open_preserves_visible_bag_positions_and_repairs_collisions_or_offstage_state ... ok
test crystal_ui::overlays::npc_shop_layout_tests::shop_tab_switch_and_bag_reopen_repair_overlap_but_idle_updates_preserve_manual_drag ... ok
test crystal_ui::overlays::tests::cash_shop_selection_pages_beyond_first_eight_rows_is_receipt_deduped ... ok
test crystal_ui::overlays::tests::full_intent_queue_rejects_game_shop_without_any_pending_state ... ok
test crystal_ui::overlays::tests::game_shop_editor_tree_is_retained_until_editor_or_preview_changes ... ok
test crystal_ui::overlays::tests::game_shop_hud_pointer_uses_button_c_and_resets_quantity_only_on_close ... ok
test crystal_ui::overlays::tests::native_panel_ecs_bounds_inventory_skill_and_cash_shop_at_1024x768 ... ok
test crystal_ui::overlays::tests::npc_game_shop_guild_and_trade_cells_share_the_crystal_item_hint_lifecycle ... ok
test crystal_ui::overlays::tests::npc_shop_renders_the_visible_inventory_drag_source_with_single_core_panel ... ok
test crystal_ui::overlays::tests::overlay_buttons_shop_storage_flow_generates_intents ... ok
test crystal_ui::overlays::tests::queued_game_shop_is_non_evicting_and_drains_exactly_once_after_flood ... ok
test crystal_ui::overlays::tests::shop_blocks_world_click_and_uses_reducer ... ok
test crystal_ui::overlays::tests::shop_quantity_and_buy_sell_disabled_states ... ok
test crystal_ui::overlays::text_input::tests::game_shop_search_has_a_unique_topmost_ime_lease_and_commits_to_filter ... ok
test crystal_ui::panel_layouts::tests::native_inventory_skill_and_shop_viewports_are_bounded ... ok
test game_shop::tests::bounded_pages_keep_products_after_the_first_24_selectable ... ok
test game_shop::tests::disabled_reason_distinguishes_currency_stock_and_selection ... ok
test game_shop::tests::malformed_catalog_and_early_stock_streams_remain_bounded ... ok
test game_shop::tests::one_hundred_five_products_accumulate_in_gindex_order_and_duplicate_upsert ... ok
test game_shop::tests::purchase_guard_checks_payment_stock_class_balance_and_overflow ... ok
test game_shop::tests::quantity_and_stock_follow_crystal_bounds ... ok
test game_shop::tests::receipt_exact_match_releases_pending_and_late_receipt_does_not ... ok
test game_shop::tests::request_sequence_exhaustion_fails_closed_instead_of_repeating ... ok
test game_shop::tests::session_clear_removes_server_catalog_and_transient_selection ... ok
test game_shop::tests::shared_ui_and_model_mirror_the_same_request_exactly ... ok
test game_shop::tests::terminal_session_reset_marks_lost_purchase_unknown_without_replay ... ok
test game_shop::tests::upsert_is_keyed_by_authoritative_game_shop_index ... ok
test pending_operations::tests::cash_game_shop_refresh_is_diagnostic_only_without_request_id ... ok
test pending_operations::tests::preserving_reset_keeps_only_exact_game_shop_key_for_receipt_ingest ... ok
test pending_operations::tests::shop_refresh_proves_finite_stock_buy_but_not_unlimited_or_repair ... ok
test shop::pearl_tests::pearl_catalog_uses_pearls_without_spending_gold_for_ui_validation ... ok
test shop::tests::buy_disabled_when_not_enough_gold_or_stock ... ok
test shop::tests::legacy_service_mode_json_keeps_default_capability_fallbacks ... ok
test shop::tests::malformed_repair_signal_fails_closed ... ok
test shop::tests::quantity_clamping ... ok
test shop::tests::sell_requires_bag_item ... ok
test shop::tests::serde_roundtrip ... ok
test shop::tests::service_modes_are_authoritative_and_buy_sell_can_be_combined ... ok

test result: ok. 64 passed; 0 failed; 2 ignored; 0 measured; 1153 filtered out; finished in 0.99s

