TAP version 13
# Subtest: known spell without ACK still fails on explicit absolute owner MP spend, including exact R17 Wizard/Taoist pattern
ok 1 - known spell without ACK still fails on explicit absolute owner MP spend, including exact R17 Wizard/Taoist pattern
  ---
  duration_ms: 2.0484
  type: 'test'
  ...
# Subtest: victim-only target damage without independent owner evidence stays inconclusive and never gives a passed caster barrier
not ok 2 - victim-only target damage without independent owner evidence stays inconclusive and never gives a passed caster barrier
  ---
  duration_ms: 1.1967
  type: 'test'
  location: 'C:\\mir2-playtest-releases\\20261004-native-r17\\dense-network-qa-v6\\[eval1]:44:1'
  failureType: 'testCodeFailure'
  error: |-
    Expected values to be strictly equal:
    + actual - expected
    
    + 'failed'
    - 'inconclusive'
    
  code: 'ERR_ASSERTION'
  name: 'AssertionError'
  expected: 'inconclusive'
  actual: 'failed'
  operator: 'strictEqual'
  stack: |-
    TestContext.<anonymous> (file:///C:/mir2-playtest-releases/20261004-native-r17/dense-network-qa-v6/[eval1]:47:30)
    Test.runInAsyncScope (node:async_hooks:214:14)
    Test.run (node:internal/test_runner/test:1047:25)
    Test.processPendingSubtests (node:internal/test_runner/test:744:18)
    Test.postRun (node:internal/test_runner/test:1173:19)
    Test.run (node:internal/test_runner/test:1101:12)
    process.processTicksAndRejections (node:internal/process/task_queues:105:5)
    async startSubtestAfterBootstrap (node:internal/test_runner/harness:296:3)
  ...
# Subtest: material consumption keeps exact cross-grid UID totals and fails without cast ACK
ok 3 - material consumption keeps exact cross-grid UID totals and fails without cast ACK
  ---
  duration_ms: 0.3999
  type: 'test'
  ...
# Subtest: HP rise with Dead=true stays inconclusive; actual owner-life/facing mutation fails without cast ACK
not ok 4 - HP rise with Dead=true stays inconclusive; actual owner-life/facing mutation fails without cast ACK
  ---
  duration_ms: 0.2925
  type: 'test'
  location: 'C:\\mir2-playtest-releases\\20261004-native-r17\\dense-network-qa-v6\\[eval1]:58:1'
  failureType: 'testCodeFailure'
  error: |-
    hp
    + actual - expected
    
    + 'failed'
    - 'inconclusive'
    
  code: 'ERR_ASSERTION'
  name: 'AssertionError'
  expected: 'inconclusive'
  actual: 'failed'
  operator: 'strictEqual'
  stack: |-
    TestContext.<anonymous> (file:///C:/mir2-playtest-releases/20261004-native-r17/dense-network-qa-v6/[eval1]:66:32)
    Test.runInAsyncScope (node:async_hooks:214:14)
    Test.run (node:internal/test_runner/test:1047:25)
    Test.processPendingSubtests (node:internal/test_runner/test:744:18)
    Test.postRun (node:internal/test_runner/test:1173:19)
    Test.run (node:internal/test_runner/test:1101:12)
    process.processTicksAndRejections (node:internal/process/task_queues:105:5)
    async Test.processPendingSubtests (node:internal/test_runner/test:744:7)
  ...
# Subtest: unknown or percentage-only post-input MP cannot produce a passed cast-death proof
ok 5 - unknown or percentage-only post-input MP cannot produce a passed cast-death proof
  ---
  duration_ms: 0.7517
  type: 'test'
  ...
# Subtest: missing/invalid input, learned cost or target cannot borrow effects or create a passed barrier
ok 6 - missing/invalid input, learned cost or target cannot borrow effects or create a passed barrier
  ---
  duration_ms: 0.3357
  type: 'test'
  ...
# Subtest: closed trial owner gate excludes foreign, future, before-input and wrong-target effects
ok 7 - closed trial owner gate excludes foreign, future, before-input and wrong-target effects
  ---
  duration_ms: 0.2242
  type: 'test'
  ...
# Subtest: delayed previously committed projectile damage does not relabel a new dead Magic as executed
ok 8 - delayed previously committed projectile damage does not relabel a new dead Magic as executed
  ---
  duration_ms: 0.2226
  type: 'test'
  ...
# Subtest: wrong-spell or cast=false receipts are excluded from committed cast proof, with no false passed barrier from wrong spell
ok 9 - wrong-spell or cast=false receipts are excluded from committed cast proof, with no false passed barrier from wrong spell
  ---
  duration_ms: 0.3427
  type: 'test'
  ...
# Subtest: invalid or partial material observations cannot be called unchanged or manufacture consumption
ok 10 - invalid or partial material observations cannot be called unchanged or manufacture consumption
  ---
  duration_ms: 0.467
  type: 'test'
  ...
# Subtest: another actor committed before this dead input makes victim-only target damage unattributed, not this owner spell proof
ok 11 - another actor committed before this dead input makes victim-only target damage unattributed, not this owner spell proof
  ---
  duration_ms: 0.241
  type: 'test'
  ...
# Subtest: cached owner state cannot borrow another payload owner MP or positive HP/facing as authority
ok 12 - cached owner state cannot borrow another payload owner MP or positive HP/facing as authority
  ---
  duration_ms: 0.4261
  type: 'test'
  ...
# Subtest: terminal cached or percentage zero without an absolute owner HP payload cannot pass death rejection
ok 13 - terminal cached or percentage zero without an absolute owner HP payload cannot pass death rejection
  ---
  duration_ms: 0.2993
  type: 'test'
  ...
# Subtest: a later actual MP debit after an observed MP increase still fails, while future debit stays outside this case
ok 14 - a later actual MP debit after an observed MP increase still fails, while future debit stays outside this case
  ---
  duration_ms: 0.1563
  type: 'test'
  ...
# Subtest: material unknown/unsafe identities cannot fabricate a debit or rejection pass; explicit identity zero is kept
ok 15 - material unknown/unsafe identities cannot fabricate a debit or rejection pass; explicit identity zero is kept
  ---
  duration_ms: 0.3028
  type: 'test'
  ...
# Subtest: committed owner actions before requested Magic fail generic death, without borrowing them as that spell commitment
ok 16 - committed owner actions before requested Magic fail generic death, without borrowing them as that spell commitment
  ---
  duration_ms: 0.1472
  type: 'test'
  ...
1..16
# tests 16
# suites 0
# pass 14
# fail 2
# cancelled 0
# skipped 0
# todo 0
# duration_ms 14.5663
