   Compiling mir2-simulation v0.1.0 (C:\mir2-build\health-authority-baseline-937ac636-root-05\mir2-web3\apps\simulation)
error: couldn't read `apps\simulation\src\../../../config/quest-guidance/newcomer-journey-v2.json`: 系统找不到指定的路径。 (os error 3)
  --> apps\simulation\src\config.rs:35:5
   |
35 |     include_str!("../../../config/quest-guidance/newcomer-journey-v2.json");
   |     ^^^^^^^^^^^^^^^^^^^^^^^^^^^^^^^^^^^^^^^^^^^^^^^^^^^^^^^^^^^^^^^^^^^^^^^

error: couldn't read `apps\simulation\src\../../../infra/postgres/migrations/0001_core.sql`: 系统找不到指定的路径。 (os error 3)
  --> apps\simulation\src\db_projection.rs:32:9
   |
32 |         include_str!("../../../infra/postgres/migrations/0001_core.sql"),
   |         ^^^^^^^^^^^^^^^^^^^^^^^^^^^^^^^^^^^^^^^^^^^^^^^^^^^^^^^^^^^^^^^^

error: couldn't read `apps\simulation\src\../../../infra/postgres/migrations/0002_normalized_projections.sql`: 系统找不到指定的路径。 (os error 3)
  --> apps\simulation\src\db_projection.rs:36:9
   |
36 |         include_str!("../../../infra/postgres/migrations/0002_normalized_projections.sql"),
   |         ^^^^^^^^^^^^^^^^^^^^^^^^^^^^^^^^^^^^^^^^^^^^^^^^^^^^^^^^^^^^^^^^^^^^^^^^^^^^^^^^^^

error: couldn't read `apps\simulation\src\../../../infra/postgres/migrations/0003_zone_owner_leases.sql`: 系统找不到指定的路径。 (os error 3)
  --> apps\simulation\src\db_projection.rs:40:9
   |
40 |         include_str!("../../../infra/postgres/migrations/0003_zone_owner_leases.sql"),
   |         ^^^^^^^^^^^^^^^^^^^^^^^^^^^^^^^^^^^^^^^^^^^^^^^^^^^^^^^^^^^^^^^^^^^^^^^^^^^^^

error: couldn't read `apps\simulation\src\../../../infra/postgres/migrations/0004_city_currencies.sql`: 系统找不到指定的路径。 (os error 3)
  --> apps\simulation\src\db_projection.rs:44:9
   |
44 |         include_str!("../../../infra/postgres/migrations/0004_city_currencies.sql"),
   |         ^^^^^^^^^^^^^^^^^^^^^^^^^^^^^^^^^^^^^^^^^^^^^^^^^^^^^^^^^^^^^^^^^^^^^^^^^^^

error: couldn't read `apps\simulation\src\../../../infra/postgres/migrations/0005_game_economy_outbox.sql`: 系统找不到指定的路径。 (os error 3)
  --> apps\simulation\src\db_projection.rs:48:9
   |
48 |         include_str!("../../../infra/postgres/migrations/0005_game_economy_outbox.sql"),
   |         ^^^^^^^^^^^^^^^^^^^^^^^^^^^^^^^^^^^^^^^^^^^^^^^^^^^^^^^^^^^^^^^^^^^^^^^^^^^^^^^

error: couldn't read `apps\simulation\src\../../../infra/postgres/migrations/0006_game_economy_bootstrap.sql`: 系统找不到指定的路径。 (os error 3)
  --> apps\simulation\src\db_projection.rs:52:9
   |
52 |         include_str!("../../../infra/postgres/migrations/0006_game_economy_bootstrap.sql"),
   |         ^^^^^^^^^^^^^^^^^^^^^^^^^^^^^^^^^^^^^^^^^^^^^^^^^^^^^^^^^^^^^^^^^^^^^^^^^^^^^^^^^^

error: couldn't read `apps\simulation\src\../../../infra/postgres/migrations/0007_admin_read_audits.sql`: 系统找不到指定的路径。 (os error 3)
  --> apps\simulation\src\db_projection.rs:56:9
   |
56 |         include_str!("../../../infra/postgres/migrations/0007_admin_read_audits.sql"),
   |         ^^^^^^^^^^^^^^^^^^^^^^^^^^^^^^^^^^^^^^^^^^^^^^^^^^^^^^^^^^^^^^^^^^^^^^^^^^^^^

error: couldn't read `apps\simulation\src\../../../infra/postgres/migrations/0008_ai_daily_reports.sql`: 系统找不到指定的路径。 (os error 3)
  --> apps\simulation\src\db_projection.rs:60:9
   |
60 |         include_str!("../../../infra/postgres/migrations/0008_ai_daily_reports.sql"),
   |         ^^^^^^^^^^^^^^^^^^^^^^^^^^^^^^^^^^^^^^^^^^^^^^^^^^^^^^^^^^^^^^^^^^^^^^^^^^^^

error: couldn't read `apps\simulation\src\../../../infra/postgres/migrations/0009_world_director_approval.sql`: 系统找不到指定的路径。 (os error 3)
  --> apps\simulation\src\db_projection.rs:64:9
   |
64 |         include_str!("../../../infra/postgres/migrations/0009_world_director_approval.sql"),
   |         ^^^^^^^^^^^^^^^^^^^^^^^^^^^^^^^^^^^^^^^^^^^^^^^^^^^^^^^^^^^^^^^^^^^^^^^^^^^^^^^^^^^

error: couldn't read `apps\simulation\src\../../../infra/postgres/migrations/0010_commercial_identity.sql`: 系统找不到指定的路径。 (os error 3)
  --> apps\simulation\src\db_projection.rs:68:9
   |
68 |         include_str!("../../../infra/postgres/migrations/0010_commercial_identity.sql"),
   |         ^^^^^^^^^^^^^^^^^^^^^^^^^^^^^^^^^^^^^^^^^^^^^^^^^^^^^^^^^^^^^^^^^^^^^^^^^^^^^^^

error: couldn't read `apps\simulation\src\../../../infra/postgres/migrations/0011_game_economy_trade_projections.sql`: 系统找不到指定的路径。 (os error 3)
  --> apps\simulation\src\db_projection.rs:72:9
   |
72 |         include_str!("../../../infra/postgres/migrations/0011_game_economy_trade_projections.sql"),
   |         ^^^^^^^^^^^^^^^^^^^^^^^^^^^^^^^^^^^^^^^^^^^^^^^^^^^^^^^^^^^^^^^^^^^^^^^^^^^^^^^^^^^^^^^^^^

error: couldn't read `apps\simulation\src\../../../infra/postgres/migrations/0012_shared_guild_authority.sql`: 系统找不到指定的路径。 (os error 3)
  --> apps\simulation\src\db_projection.rs:76:9
   |
76 |         include_str!("../../../infra/postgres/migrations/0012_shared_guild_authority.sql"),
   |         ^^^^^^^^^^^^^^^^^^^^^^^^^^^^^^^^^^^^^^^^^^^^^^^^^^^^^^^^^^^^^^^^^^^^^^^^^^^^^^^^^^

error: couldn't read `apps\simulation\src\../../../infra/postgres/migrations/0013_shared_guild_clock.sql`: 系统找不到指定的路径。 (os error 3)
  --> apps\simulation\src\db_projection.rs:80:9
   |
80 |         include_str!("../../../infra/postgres/migrations/0013_shared_guild_clock.sql"),
   |         ^^^^^^^^^^^^^^^^^^^^^^^^^^^^^^^^^^^^^^^^^^^^^^^^^^^^^^^^^^^^^^^^^^^^^^^^^^^^^^

error: couldn't read `apps\simulation\src\../../../infra/postgres/migrations/0014_shared_hero_authority.sql`: 系统找不到指定的路径。 (os error 3)
  --> apps\simulation\src\db_projection.rs:84:9
   |
84 |         include_str!("../../../infra/postgres/migrations/0014_shared_hero_authority.sql"),
   |         ^^^^^^^^^^^^^^^^^^^^^^^^^^^^^^^^^^^^^^^^^^^^^^^^^^^^^^^^^^^^^^^^^^^^^^^^^^^^^^^^^

error: couldn't read `apps\simulation\src\../../../infra/postgres/migrations/0016_shared_conquest_authority.sql`: 系统找不到指定的路径。 (os error 3)
  --> apps\simulation\src\db_projection.rs:88:9
   |
88 |         include_str!("../../../infra/postgres/migrations/0016_shared_conquest_authority.sql"),
   |         ^^^^^^^^^^^^^^^^^^^^^^^^^^^^^^^^^^^^^^^^^^^^^^^^^^^^^^^^^^^^^^^^^^^^^^^^^^^^^^^^^^^^^

error: couldn't read `apps\simulation\src\runtime\../../../../config/quest-guidance/newcomer-journey-v1.json`: 系统找不到指定的路径。 (os error 3)
  --> apps\simulation\src\runtime\newcomer_progression.rs:26:5
   |
26 |     include_str!("../../../../config/quest-guidance/newcomer-journey-v1.json");
   |     ^^^^^^^^^^^^^^^^^^^^^^^^^^^^^^^^^^^^^^^^^^^^^^^^^^^^^^^^^^^^^^^^^^^^^^^^^^

error: couldn't read `apps\simulation\src\runtime\../../../../config/quest-guidance/newcomer-journey-v2.json`: 系统找不到指定的路径。 (os error 3)
  --> apps\simulation\src\runtime\newcomer_v2.rs:16:5
   |
16 |     include_str!("../../../../config/quest-guidance/newcomer-journey-v2.json");
   |     ^^^^^^^^^^^^^^^^^^^^^^^^^^^^^^^^^^^^^^^^^^^^^^^^^^^^^^^^^^^^^^^^^^^^^^^^^^

warning: unused import: `super::skills::crystal_magic_damage`
  --> apps\simulation\src\runtime\hero_ai.rs:53:5
   |
53 | use super::skills::crystal_magic_damage;
   |     ^^^^^^^^^^^^^^^^^^^^^^^^^^^^^^^^^^^
   |
   = note: `#[warn(unused_imports)]` (part of `#[warn(unused)]`) on by default

warning: unused import: `hero_registry_scan::validate_shared_hero_physical_custody`
  --> apps\simulation\src\runtime\mod.rs:22:16
   |
22 | pub(crate) use hero_registry_scan::validate_shared_hero_physical_custody;
   |                ^^^^^^^^^^^^^^^^^^^^^^^^^^^^^^^^^^^^^^^^^^^^^^^^^^^^^^^^^

warning: unused import: `HeroInventoryResource`
  --> apps\simulation\src\runtime\items.rs:58:19
   |
58 |     BuffResource, HeroInventoryResource, InventoryResource, PlayerPermissionResource,
   |                   ^^^^^^^^^^^^^^^^^^^^^

warning: unused import: `merged_user_item_stats`
  --> apps\simulation\src\runtime\npc.rs:35:72
   |
35 |     crystal_item_key_for_template, crystal_item_template_for_item_key, merged_user_item_stats,
   |                                                                        ^^^^^^^^^^^^^^^^^^^^^^

warning: unused import: `hero_inventory_crystal_stat_total`
  --> apps\simulation\src\runtime\packets.rs:72:22
   |
72 | use super::hero_ai::{hero_inventory_crystal_stat_total, hero_inventory_equipment_slots};
   |                      ^^^^^^^^^^^^^^^^^^^^^^^^^^^^^^^^^

warning: unused import: `crystal_quest_info_by_id`
   --> apps\simulation\src\runtime\packets.rs:108:5
    |
108 |     crystal_quest_info_by_id, crystal_quest_reward_selection_missing,
    |     ^^^^^^^^^^^^^^^^^^^^^^^^

warning: unused import: `intelligent_creature_default_rules`
   --> apps\simulation\src\runtime\packets.rs:125:5
    |
125 |     intelligent_creature_default_rules, is_in_world, mark_crystal_packet_action,
    |     ^^^^^^^^^^^^^^^^^^^^^^^^^^^^^^^^^^

warning: use of deprecated method `bevy_ecs::world::World::iter_entities`: use world.query::<EntityRef>()` instead
  --> apps\simulation\src\runtime\hero_cast.rs:61:22
   |
61 |     let target=world.iter_entities().find_map(|entry| {
   |                      ^^^^^^^^^^^^^
   |
   = note: `#[warn(deprecated)]` on by default

warning: use of deprecated method `bevy_ecs::world::World::iter_entities`: use world.query::<EntityRef>()` instead
   --> apps\simulation\src\runtime\monster_ai\great_fox_spirit.rs:163:28
    |
163 |     for candidate in world.iter_entities() {
    |                            ^^^^^^^^^^^^^

warning: use of deprecated method `bevy_ecs::world::World::iter_entities`: use world.query::<EntityRef>()` instead
    --> apps\simulation\src\runtime\packets.rs:7936:25
     |
7936 |     for entity in world.iter_entities() {
     |                         ^^^^^^^^^^^^^

warning: use of deprecated method `bevy_ecs::world::World::iter_entities`: use world.query::<EntityRef>()` instead
   --> apps\simulation\src\runtime\session.rs:772:14
    |
772 |             .iter_entities()
    |              ^^^^^^^^^^^^^

warning: use of deprecated method `bevy_ecs::world::World::iter_entities`: use world.query::<EntityRef>()` instead
    --> apps\simulation\src\runtime\skills.rs:5017:10
     |
5017 |         .iter_entities()
     |          ^^^^^^^^^^^^^

warning: use of deprecated method `bevy_ecs::world::World::iter_entities`: use world.query::<EntityRef>()` instead
    --> apps\simulation\src\runtime\skills.rs:5100:10
     |
5100 |         .iter_entities()
     |          ^^^^^^^^^^^^^

warning: `mir2-simulation` (lib) generated 13 warnings
error: could not compile `mir2-simulation` (lib) due to 18 previous errors; 13 warnings emitted
