   Compiling mir2-client-bevy v0.1.0 (/Users/henryliu/obelisk/numeron-worktrees/android-shared-sync/mir2-web3/apps/game-client/client-bevy)
warning: unnecessary parentheses around function argument
   --> src/crystal_ui/hero_dialog_render.rs:210:21
    |
210 |                     (32. / 3.),
    |                     ^        ^
    |
    = note: `#[warn(unused_parens)]` (part of `#[warn(unused)]`) on by default
help: remove these parentheses
    |
210 -                     (32. / 3.),
210 +                     32. / 3. ,
    |

warning: unnecessary parentheses around function argument
   --> src/crystal_ui/hero_dialog_render.rs:414:29
    |
414 | ...                   (32. / 3.),
    |                       ^        ^
    |
help: remove these parentheses
    |
414 -                             (32. / 3.),
414 +                             32. / 3. ,
    |

warning: unnecessary parentheses around function argument
   --> src/crystal_ui/hero_dialog_render.rs:421:29
    |
421 | ...                   (32. / 3.),
    |                       ^        ^
    |
help: remove these parentheses
    |
421 -                             (32. / 3.),
421 +                             32. / 3. ,
    |

warning: unnecessary parentheses around function argument
   --> src/crystal_ui/hero_dialog_render.rs:476:25
    |
476 |                         (32. / 3.),
    |                         ^        ^
    |
help: remove these parentheses
    |
476 -                         (32. / 3.),
476 +                         32. / 3. ,
    |

warning: unnecessary parentheses around function argument
   --> src/crystal_ui/hero_dialog_render.rs:695:33
    |
695 | ...                   (32. / 3.),
    |                       ^        ^
    |
help: remove these parentheses
    |
695 -                                 (32. / 3.),
695 +                                 32. / 3. ,
    |

warning: unnecessary parentheses around function argument
   --> src/crystal_ui/hero_dialog_render.rs:702:33
    |
702 | ...                   (32. / 3.),
    |                       ^        ^
    |
help: remove these parentheses
    |
702 -                                 (32. / 3.),
702 +                                 32. / 3. ,
    |

warning: unnecessary parentheses around function argument
   --> src/crystal_ui/hero_dialog_render.rs:715:33
    |
715 | ...                   (32. / 3.),
    |                       ^        ^
    |
help: remove these parentheses
    |
715 -                                 (32. / 3.),
715 +                                 32. / 3. ,
    |

warning: unnecessary parentheses around function argument
   --> src/crystal_ui/hero_dialog_render.rs:727:33
    |
727 | ...                   (32. / 3.),
    |                       ^        ^
    |
help: remove these parentheses
    |
727 -                                 (32. / 3.),
727 +                                 32. / 3. ,
    |

warning: unnecessary parentheses around function argument
   --> src/crystal_ui/hero_dialog_render.rs:831:29
    |
831 | ...                   (32. / 3.),
    |                       ^        ^
    |
help: remove these parentheses
    |
831 -                             (32. / 3.),
831 +                             32. / 3. ,
    |

warning: unused import: `persist_skill_bindings_if_changed`
  --> src/crystal_ui/overlays.rs:76:5
   |
76 |     persist_skill_bindings_if_changed, SkillBindingPersistenceRuntime,
   |     ^^^^^^^^^^^^^^^^^^^^^^^^^^^^^^^^^
   |
   = note: `#[warn(unused_imports)]` (part of `#[warn(unused)]`) on by default

warning: unused import: `SKILL_ROW_SIZE`
   --> src/crystal_ui/overlays.rs:127:41
    |
127 |     SKILL_PANEL_SIZE, SKILL_ROW_ORIGIN, SKILL_ROW_SIZE, SKILL_ROW_STEP_Y,
    |                                         ^^^^^^^^^^^^^^

warning: unnecessary parentheses around method argument
   --> src/crystal_ui/social_bond_dialog_render.rs:191:21
    |
191 |                     (Node {
    |                     ^
...
200 |                     }),
    |                      ^
    |
help: remove these parentheses
    |
191 ~                     Node {
192 |                         position_type: PositionType::Absolute,
...
199 |                         ..default()
200 ~                     } ,
    |

warning: unnecessary parentheses around `if` condition
    --> src/crystal_ui/overlays.rs:8064:8
     |
8064 |     if (keyboard_dialog::host::triggered(&state.keyboard, &keys, "Inventory")
     |        ^
8065 |         || keyboard_dialog::host::triggered(&state.keyboard, &keys, "Inventory2"))
     |                                                                                  ^
     |
help: remove these parentheses
     |
8064 ~     if keyboard_dialog::host::triggered(&state.keyboard, &keys, "Inventory")
8065 ~         || keyboard_dialog::host::triggered(&state.keyboard, &keys, "Inventory2")
     |

error[E0027]: pattern does not mention field `item_id`
   --> src/quest_phone.rs:362:21
    |
362 | ...let crate::quest_model::QuestReward::Item { name, quantity, selection_index, icon, tooltip_source } = reward else { continue };
    |        ^^^^^^^^^^^^^^^^^^^^^^^^^^^^^^^^^^^^^^^^^^^^^^^^^^^^^^^^^^^^^^^^^^^^^^^^^^^^^^^^^^^^^^^^^^^^^^^ missing field `item_id`
    |
help: include the missing field in the pattern
    |
362 |                 let crate::quest_model::QuestReward::Item { name, quantity, selection_index, icon, tooltip_source, item_id } = reward else { continue };
    |                                                                                                                  +++++++++
help: if you don't care about this missing field, you can explicitly ignore it
    |
362 |                 let crate::quest_model::QuestReward::Item { name, quantity, selection_index, icon, tooltip_source, item_id: _ } = reward else { continue };
    |                                                                                                                  ++++++++++++
help: or always ignore missing fields here
    |
362 |                 let crate::quest_model::QuestReward::Item { name, quantity, selection_index, icon, tooltip_source, .. } = reward else { continue };
    |                                                                                                                  ++++

warning: variable does not need to be mutable
   --> src/crystal_ui/mail_editor_tests.rs:121:9
    |
121 |     let mut draft = draft("abcd");
    |         ----^^^^^
    |         |
    |         help: remove this `mut`
    |
    = note: `#[warn(unused_mut)]` (part of `#[warn(unused)]`) on by default

warning: variable does not need to be mutable
   --> src/crystal_ui/mail_editor_tests.rs:172:9
    |
172 |     let mut draft = draft("letter body");
    |         ----^^^^^
    |         |
    |         help: remove this `mut`

warning: variable does not need to be mutable
   --> src/crystal_ui/mail_editor_tests.rs:189:9
    |
189 |     let mut draft = draft(&message);
    |         ----^^^^^
    |         |
    |         help: remove this `mut`

warning: variable does not need to be mutable
    --> src/crystal_ui/overlays.rs:1312:5
     |
1312 |     mut pending: ResMut<PendingOperations>,
     |     ----^^^^^^^
     |     |
     |     help: remove this `mut`

warning: variable does not need to be mutable
    --> src/crystal_ui/overlays.rs:7198:17
     |
7198 |         skills: mut skills,
     |                 ----^^^^^^
     |                 |
     |                 help: remove this `mut`

warning: variable does not need to be mutable
    --> src/crystal_ui/overlays.rs:7199:28
     |
7199 |         skill_persistence: mut skill_persistence,
     |                            ----^^^^^^^^^^^^^^^^^
     |                            |
     |                            help: remove this `mut`

warning: unused variable: `skill_persistence`
    --> src/crystal_ui/overlays.rs:7199:28
     |
7199 |         skill_persistence: mut skill_persistence,
     |                            ^^^^^^^^^^^^^^^^^^^^^ help: if this is intentional, prefix it with an underscore: `_skill_persistence`
     |
     = note: `#[warn(unused_variables)]` (part of `#[warn(unused)]`) on by default

warning: unused variable: `social`
    --> src/crystal_ui/overlays.rs:7625:18
     |
7625 |         let Some(social) = social.as_deref_mut() else {
     |                  ^^^^^^ help: if this is intentional, prefix it with an underscore: `_social`

warning: variable does not need to be mutable
    --> src/crystal_ui/overlays.rs:8319:25
     |
8319 |                 skills: mut skills,
     |                         ----^^^^^^
     |                         |
     |                         help: remove this `mut`

warning: variable does not need to be mutable
    --> src/crystal_ui/overlays.rs:8320:36
     |
8320 |                 skill_persistence: mut skill_persistence,
     |                                    ----^^^^^^^^^^^^^^^^^
     |                                    |
     |                                    help: remove this `mut`

warning: unused variable: `combat_target`
    --> src/crystal_ui/overlays.rs:8304:5
     |
8304 |     combat_target: Option<Res<crate::quest_model::CombatTargetModel>>,
     |     ^^^^^^^^^^^^^ help: if this is intentional, prefix it with an underscore: `_combat_target`

warning: unused variable: `skill_persistence`
    --> src/crystal_ui/overlays.rs:8320:36
     |
8320 |                 skill_persistence: mut skill_persistence,
     |                                    ^^^^^^^^^^^^^^^^^^^^^ help: if this is intentional, prefix it with an underscore: `_skill_persistence`

warning: unused variable: `skill_binding`
     --> src/crystal_ui/overlays.rs:11789:9
      |
11789 |         skill_binding,
      |         ^^^^^^^^^^^^^ help: try ignoring the field: `skill_binding: _`

warning: unused variable: `skill_persistence`
     --> src/crystal_ui/overlays.rs:11790:9
      |
11790 |         skill_persistence,
      |         ^^^^^^^^^^^^^^^^^ help: try ignoring the field: `skill_persistence: _`

warning: unused variable: `inventory`
     --> src/crystal_ui/overlays.rs:16250:5
      |
16250 |     inventory: &InventoryModel,
      |     ^^^^^^^^^ help: if this is intentional, prefix it with an underscore: `_inventory`

warning: unused variable: `state`
     --> src/crystal_ui/overlays.rs:16251:5
      |
16251 |     state: &NativePlayerUiState,
      |     ^^^^^ help: if this is intentional, prefix it with an underscore: `_state`

warning: unused variable: `compose_ui`
     --> src/crystal_ui/overlays.rs:16252:5
      |
16252 |     compose_ui: &MailComposeUi,
      |     ^^^^^^^^^^ help: if this is intentional, prefix it with an underscore: `_compose_ui`

warning: variable does not need to be mutable
   --> src/crystal_ui/mail_parcel_tests.rs:254:9
    |
254 |     let mut state = NativePlayerUiState::default();
    |         ----^^^^^
    |         |
    |         help: remove this `mut`

error[E0502]: cannot borrow `areas` as mutable because it is also borrowed as immutable
   --> src/quest_phone.rs:176:83
    |
129 |     let hit_button = |position: Vec2| {
    |                      ---------------- immutable borrow occurs here
130 |         controls.iter().find_map(|(entity, node, transform, button, _, _)| {
131 |             let in_clip = button.scroll.is_none_or(|key| areas.iter().any(|(_, area, clip, transform, _)|
    |                                                          ----- first borrow occurs due to use of `areas` in closure
...
176 |         if let Some((_, area, computed, _, mut offset)) = gesture.scroll.and_then(|entity| areas.get_mut(entity).ok()) {
    |                                                                                   ^^^^^^^^ ----- second borrow occurs due to use of `areas` in closure
    |                                                                                   |
    |                                                                                   mutable borrow occurs here
...
185 |             if let Some(entity) = gesture.button.filter(|entity| hit_button(position) == Some(*entity)) {
    |                                                                  ---------- immutable borrow later captured here by closure

warning: unused variable: `nearby`
    --> src/quest_ui.rs:1938:5
     |
1938 |     nearby: Option<Res<NearbyNpcModel>>,
     |     ^^^^^^ help: if this is intentional, prefix it with an underscore: `_nearby`

Some errors have detailed explanations: E0027, E0502.
For more information about an error, try `rustc --explain E0027`.
warning: `mir2-client-bevy` (lib test) generated 32 warnings
error: could not compile `mir2-client-bevy` (lib test) due to 2 previous errors; 32 warnings emitted
