--------- beginning of main
10-02 18:36:44.743 18716 18716 I .web3.uiprevie: Late-enabling -Xcheck:jni
10-02 18:36:44.775 18716 18716 D CompatibilityChangeReporter: Compat change id reported: 171979766; UID 10146; state: ENABLED
10-02 18:36:44.817 18716 18716 V GraphicsEnvironment: ANGLE Developer option for 'com.mir2.web3.uipreview' set to: 'default'
10-02 18:36:44.817 18716 18716 V GraphicsEnvironment: Neither updatable production driver nor prerelease driver is supported.
10-02 18:36:44.818 18716 18716 D NetworkSecurityConfig: No Network Security Config specified, using platform default
10-02 18:36:44.818 18716 18716 D NetworkSecurityConfig: No Network Security Config specified, using platform default
10-02 18:36:44.850 18716 18737 D libEGL  : loaded /vendor/lib64/egl/libEGL_emulation.so
10-02 18:36:44.851 18716 18737 D libEGL  : loaded /vendor/lib64/egl/libGLESv1_CM_emulation.so
10-02 18:36:44.861 18716 18737 D libEGL  : loaded /vendor/lib64/egl/libGLESv2_emulation.so
10-02 18:36:44.872 18716 18716 D AppCompatDelegate: Checking for metadata for AppLocalesMetadataHolderService : Service not found
10-02 18:36:44.879 18716 18716 D gti.InputConnection: InputConnection created
10-02 18:36:44.882 18716 18716 D gti.InputConnection: setEditorInfo
10-02 18:36:44.885 18716 18716 W .web3.uiprevie: Accessing hidden method Landroid/view/ViewGroup;->makeOptionalFitsSystemWindows()V (unsupported, reflection, allowed)
10-02 18:36:44.886 18716 18716 I GameActivity: Looking for library libmir2_platform_android.so
10-02 18:36:44.886 18716 18716 I GameActivity: Found library libmir2_platform_android.so. Loading...
10-02 18:36:44.887 18716 18716 D GameActivity: GameActivity_register
10-02 18:36:44.888 18716 18716 V GameActivity: Registering com/google/androidgamesdk/GameActivity's 24 native methods...
10-02 18:36:44.888 18716 18716 D GameActivity: SDK version: 31
10-02 18:36:44.888 18716 18716 I android-activity: Creating: Activity = 0x1696, saved state size = 0
10-02 18:36:44.891 18716 18716 V threaded_app: Creating: 0xb40000753583ecb0
10-02 18:36:44.891 18716 18716 V threaded_app: Callbacks set: 0xb40000753583ed00
10-02 18:36:44.891 18716 18716 V threaded_app: Launching android_app_entry in a thread
10-02 18:36:44.891 18716 18739 V threaded_app: android_app_entry called
10-02 18:36:44.891 18716 18739 V threaded_app: android_app = 0xb400007515844b10
10-02 18:36:44.891 18716 18739 V threaded_app: config = 0xb400007485854fc0
10-02 18:36:44.891 18716 18739 V threaded_app: activity = 0xb40000753583ecb0
10-02 18:36:44.891 18716 18739 V threaded_app: assetmanager = 0xb400007535841b90
10-02 18:36:44.891 18716 18739 V threaded_app: Config: mcc=310 mnc=260 lang=en cnt=US orien=2 touch=3 dens=440 keys=2 nav=2 keysHid=1 navHid=0 sdk=31 size=2 long=2 modetype=1 modenight=1
10-02 18:36:44.900 18716 18739 D HostConnection: createUnique: call
10-02 18:36:44.901 18716 18739 D HostConnection: HostConnection::get() New Host Connection established 0xb4000074d583b4d0, tid 18739
10-02 18:36:44.902 18716 18739 D HostConnection: HostComposition ext ANDROID_EMU_CHECKSUM_HELPER_v1 ANDROID_EMU_native_sync_v2 ANDROID_EMU_native_sync_v3 ANDROID_EMU_native_sync_v4 ANDROID_EMU_dma_v1 ANDROID_EMU_direct_mem ANDROID_EMU_host_composition_v1 ANDROID_EMU_host_composition_v2 ANDROID_EMU_vulkan ANDROID_EMU_deferred_vulkan_commands ANDROID_EMU_vulkan_null_optional_strings ANDROID_EMU_vulkan_create_resources_with_requirements ANDROID_EMU_YUV_Cache ANDROID_EMU_vulkan_ignored_handles ANDROID_EMU_has_shared_slots_host_memory_allocator ANDROID_EMU_vulkan_free_memory_sync ANDROID_EMU_vulkan_shader_float16_int8 ANDROID_EMU_vulkan_async_queue_submit ANDROID_EMU_vulkan_queue_submit_with_commands ANDROID_EMU_sync_buffer_data ANDROID_EMU_vulkan_async_qsri ANDROID_EMU_read_color_buffer_dma ANDROID_EMU_hwc_color_transform GL_OES_EGL_image_external_essl3 GL_OES_vertex_array_object ANDROID_EMU_host_side_tracing ANDROID_EMU_gles_max_version_3_0 
10-02 18:36:44.904 18716 18739 D EGL_emulation: eglCreateContext: 0xb4000074d583bd10: maj 3 min 0 rcv 3
10-02 18:36:44.906 18716 18739 D EGL_emulation: eglMakeCurrent: 0xb4000074d583bd10: ver 3 0 (tinfo 0x76fbc37080) (first time)
10-02 18:36:44.921 18716 18739 I event /Users/henryliu/obelisk/numeron-worktrees/android-shared-sync/mir2-web3/third_party/bevyAdapterInfo { name: "Android Emulator OpenGL ES Translator (Apple M1 Max)", vendor: 4203, device: 0, device_type: IntegratedGpu, device_pci_bus_id: "", driver: "", driver_info: "OpenGL ES 3.0 (4.1 Metal - 89.4)", backend: Gl, subgroup_min_size: 4, subgroup_max_size: 128, transient_saves_memory: false }
10-02 18:36:44.921 18716 18738 I RustStdoutStderr: [2m2026-10-02T10:36:44.921024Z[0m [32m INFO[0m [2mbevy_render::renderer[0m[2m:[0m AdapterInfo { name: "Android Emulator OpenGL ES Translator (Apple M1 Max)", vendor: 4203, device: 0, device_type: IntegratedGpu, device_pci_bus_id: "", driver: "", driver_info: "OpenGL ES 3.0 (4.1 Metal - 89.4)", backend: Gl, subgroup_min_size: 4, subgroup_max_size: 128, transient_saves_memory: false }
10-02 18:36:44.933 18716 18716 V GameActivity: onStart_native
10-02 18:36:44.933 18716 18716 V threaded_app: Start: 0xb40000753583ecb0
10-02 18:36:44.985 18716 18739 I event /Users/henryliu/obelisk/numeron-worktrees/android-shared-sync/mir2-web3/third_party/bevySparse buffer updates disabled. RenderDevice lacks support: max_storage_buffers_per_shader_stage (0) < 3.
10-02 18:36:44.985 18716 18738 I RustStdoutStderr: [2m2026-10-02T10:36:44.985199Z[0m [32m INFO[0m [2mbevy_render::render_resource::sparse_buffer_vec[0m[2m:[0m Sparse buffer updates disabled. RenderDevice lacks support: max_storage_buffers_per_shader_stage (0) < 3.
10-02 18:36:44.985 18716 18739 W event /Users/henryliu/.cargo/registry/src/index.crates.io-1949cf8c6b5b557f/bevy_core_pipeline-OrderIndependentTransparencyPlugin not loaded. GPU lacks support: DownlevelFlags::FRAGMENT_WRITABLE_STORAGE.
10-02 18:36:44.985 18716 18739 W event /Users/henryliu/.cargo/registry/src/index.crates.io-1949cf8c6b5b557f/bevy_core_pipeline-BackgroundMotionVectorsPlugin not loaded. GPU lacks support for required downlevel capability flags: DownlevelFlags(INDEPENDENT_BLEND).
10-02 18:36:44.985 18716 18738 I RustStdoutStderr: [2m2026-10-02T10:36:44.985570Z[0m [33m WARN[0m [2mbevy_core_pipeline::oit::resolve[0m[2m:[0m OrderIndependentTransparencyPlugin not loaded. GPU lacks support: DownlevelFlags::FRAGMENT_WRITABLE_STORAGE.
10-02 18:36:44.985 18716 18738 I RustStdoutStderr: [2m2026-10-02T10:36:44.985729Z[0m [33m WARN[0m [2mbevy_core_pipeline::prepass::background_motion_vectors[0m[2m:[0m BackgroundMotionVectorsPlugin not loaded. GPU lacks support for required downlevel capability flags: DownlevelFlags(INDEPENDENT_BLEND).
10-02 18:36:45.038 18716 18739 I event /Users/henryliu/obelisk/numeron-worktrees/android-shared-sync/mir2-web3/third_party/bevyGPU preprocessing is not supported on this device. Falling back to CPU preprocessing.
10-02 18:36:45.038 18716 18738 I RustStdoutStderr: [2m2026-10-02T10:36:45.037974Z[0m [32m INFO[0m [2mbevy_render::batching::gpu_preprocessing[0m[2m:[0m GPU preprocessing is not supported on this device. Falling back to CPU preprocessing.
10-02 18:36:45.076 18716 18739 V threaded_app: activityState=11
10-02 18:36:45.076 18716 18738 I RustStdoutStderr: [2m2026-10-02T10:36:45.076576Z[0m [33m WARN[0m [2mwinit::platform_impl::android[0m[2m:[0m TODO: forward onStart notification to application
10-02 18:36:45.076 18716 18739 W event /Users/henryliu/.cargo/registry/src/index.crates.io-1949cf8c6b5b557f/winit-0.30.13/src/pTODO: forward onStart notification to application
10-02 18:36:45.077 18716 18716 V threaded_app: Resume: 0xb40000753583ecb0
10-02 18:36:45.077 18716 18739 V threaded_app: activityState=12
10-02 18:36:45.090 18716 18716 V GameActivity: onImeInsetsChanged from Text Listener
10-02 18:36:45.090 18716 18716 V threaded_app: WindowInsetsChanged: 0xb40000753583ecb0
10-02 18:36:45.090 18716 18738 I RustStdoutStderr: [2m2026-10-02T10:36:45.090236Z[0m [33m WARN[0m [2mwinit::platform_impl::android[0m[2m:[0m TODO: handle Android InsetsChanged notification
10-02 18:36:45.090 18716 18739 W event /Users/henryliu/.cargo/registry/src/index.crates.io-1949cf8c6b5b557f/winit-0.30.13/src/pTODO: handle Android InsetsChanged notification
10-02 18:36:45.095 18716 18735 D HostConnection: createUnique: call
10-02 18:36:45.095 18716 18735 D HostConnection: HostConnection::get() New Host Connection established 0xb4000074d5853d10, tid 18735
10-02 18:36:45.096 18716 18716 V threaded_app: ContentRectChanged: 0xb40000753583ecb0 -- (0 0) (2340 1080)
10-02 18:36:45.096 18716 18738 I RustStdoutStderr: [2m2026-10-02T10:36:45.096655Z[0m [33m WARN[0m [2mwinit::platform_impl::android[0m[2m:[0m TODO: find a way to notify application of content rect change
10-02 18:36:45.096 18716 18739 W event /Users/henryliu/.cargo/registry/src/index.crates.io-1949cf8c6b5b557f/winit-0.30.13/src/pTODO: find a way to notify application of content rect change
10-02 18:36:45.097 18716 18716 V GameActivity: onSurfaceCreated_native
10-02 18:36:45.097 18716 18716 V threaded_app: NativeWindowCreated: 0xb40000753583ecb0 -- 0xb4000075c59f2560
10-02 18:36:45.097 18716 18716 V threaded_app: android_app_set_window called
10-02 18:36:45.097 18716 18739 V threaded_app: APP_CMD_INIT_WINDOW
10-02 18:36:45.097 18716 18716 V threaded_app: NativeWindowResized: 0xb40000753583ecb0 -- 0xb4000075c59f2560 ( 2340 x 1080 )
10-02 18:36:45.097 18716 18716 V threaded_app: NativeWindowRedrawNeeded: 0xb40000753583ecb0 -- 0xb4000075c59f2560
10-02 18:36:45.098 18716 18735 D HostConnection: HostComposition ext ANDROID_EMU_CHECKSUM_HELPER_v1 ANDROID_EMU_native_sync_v2 ANDROID_EMU_native_sync_v3 ANDROID_EMU_native_sync_v4 ANDROID_EMU_dma_v1 ANDROID_EMU_direct_mem ANDROID_EMU_host_composition_v1 ANDROID_EMU_host_composition_v2 ANDROID_EMU_vulkan ANDROID_EMU_deferred_vulkan_commands ANDROID_EMU_vulkan_null_optional_strings ANDROID_EMU_vulkan_create_resources_with_requirements ANDROID_EMU_YUV_Cache ANDROID_EMU_vulkan_ignored_handles ANDROID_EMU_has_shared_slots_host_memory_allocator ANDROID_EMU_vulkan_free_memory_sync ANDROID_EMU_vulkan_shader_float16_int8 ANDROID_EMU_vulkan_async_queue_submit ANDROID_EMU_vulkan_queue_submit_with_commands ANDROID_EMU_sync_buffer_data ANDROID_EMU_vulkan_async_qsri ANDROID_EMU_read_color_buffer_dma ANDROID_EMU_hwc_color_transform GL_OES_EGL_image_external_essl3 GL_OES_vertex_array_object ANDROID_EMU_host_side_tracing ANDROID_EMU_gles_max_version_3_0 
10-02 18:36:45.099 18716 18738 I RustStdoutStderr: [2m2026-10-02T10:36:45.098040Z[0m [32m INFO[0m [2mbevy_winit::system[0m[2m:[0m Creating new window mir2-web3 (android) (105v0)
10-02 18:36:45.099 18716 18739 I event /Users/henryliu/.cargo/registry/src/index.crates.io-1949cf8c6b5b557f/bevy_winit-0.19.0/sCreating new window mir2-web3 (android) (105v0)
10-02 18:36:45.099 18716 18735 W OpenGLRenderer: Failed to choose config with EGL_SWAP_BEHAVIOR_PRESERVED, retrying without...
10-02 18:36:45.099 18716 18735 W OpenGLRenderer: Failed to initialize 101010-2 format, error = EGL_SUCCESS
10-02 18:36:45.100 18716 18735 D EGL_emulation: eglCreateContext: 0xb4000074d58543d0: maj 3 min 0 rcv 3
10-02 18:36:45.102 18716 18735 D EGL_emulation: eglMakeCurrent: 0xb4000074d58543d0: ver 3 0 (tinfo 0x76fbc37100) (first time)
10-02 18:36:45.104 18716 18735 I Gralloc4: mapper 4.x is not supported
10-02 18:36:45.105 18716 18735 D HostConnection: createUnique: call
10-02 18:36:45.105 18716 18735 D HostConnection: HostConnection::get() New Host Connection established 0xb4000074d5854cd0, tid 18735
10-02 18:36:45.105 18716 18735 D goldfish-address-space: allocate: Ask for block of size 0x100
10-02 18:36:45.105 18716 18735 D goldfish-address-space: allocate: ioctl allocate returned offset 0x1efff8000 size 0x8000
10-02 18:36:45.106 18716 18735 W Gralloc4: allocator 4.x is not supported
10-02 18:36:45.109 18716 18735 D HostConnection: HostComposition ext ANDROID_EMU_CHECKSUM_HELPER_v1 ANDROID_EMU_native_sync_v2 ANDROID_EMU_native_sync_v3 ANDROID_EMU_native_sync_v4 ANDROID_EMU_dma_v1 ANDROID_EMU_direct_mem ANDROID_EMU_host_composition_v1 ANDROID_EMU_host_composition_v2 ANDROID_EMU_vulkan ANDROID_EMU_deferred_vulkan_commands ANDROID_EMU_vulkan_null_optional_strings ANDROID_EMU_vulkan_create_resources_with_requirements ANDROID_EMU_YUV_Cache ANDROID_EMU_vulkan_ignored_handles ANDROID_EMU_has_shared_slots_host_memory_allocator ANDROID_EMU_vulkan_free_memory_sync ANDROID_EMU_vulkan_shader_float16_int8 ANDROID_EMU_vulkan_async_queue_submit ANDROID_EMU_vulkan_queue_submit_with_commands ANDROID_EMU_sync_buffer_data ANDROID_EMU_vulkan_async_qsri ANDROID_EMU_read_color_buffer_dma ANDROID_EMU_hwc_color_transform GL_OES_EGL_image_external_essl3 GL_OES_vertex_array_object ANDROID_EMU_host_side_tracing ANDROID_EMU_gles_max_version_3_0 
10-02 18:36:45.130 18716 18716 V GameActivity: onImeInsetsChanged from Text Listener
10-02 18:36:45.130 18716 18716 V threaded_app: WindowInsetsChanged: 0xb40000753583ecb0
10-02 18:36:45.133 18716 18716 V threaded_app: WindowFocusChanged: 0xb40000753583ecb0 -- 1
10-02 18:36:45.147 18716 18716 V GameActivity: onImeInsetsChanged from Text Listener
10-02 18:36:45.148 18716 18716 V threaded_app: WindowInsetsChanged: 0xb40000753583ecb0
10-02 18:36:45.200 18716 18739 W event /Users/henryliu/.cargo/registry/src/index.crates.io-1949cf8c6b5b557f/winit-0.30.13/src/pTODO: handle Android InsetsChanged notification
10-02 18:36:45.200 18716 18738 I RustStdoutStderr: [2m2026-10-02T10:36:45.200135Z[0m [33m WARN[0m [2mwinit::platform_impl::android[0m[2m:[0m TODO: handle Android InsetsChanged notification
10-02 18:36:45.205 18716 18739 I event src/ui_preview.rs:1190: ANDROID_QUEST_MODAL_MANUAL_UI_ONLY_NOT_LIVEscene = "quest-alert";
10-02 18:36:45.206 18716 18738 I RustStdoutStderr: [2m2026-10-02T10:36:45.205918Z[0m [32m INFO[0m [2mmir2_platform_android::ui_preview[0m[2m:[0m ANDROID_QUEST_MODAL_MANUAL_UI_ONLY_NOT_LIVE [3mscene[0m[2m=[0m"quest-alert"
10-02 18:36:45.212 18716 18739 I event src/item_geometry.rs:127: ANDROID_ITEM_GEOMETRY_READYitems = 1003; state_items = 2380; sources = [("original-ui/Items/meta.json", "ec0eca414ac6c34e17a218f0ed4396f30607c2485482f8760af7706acddcedfe"), ("original-ui/StateItem/meta.json", "7d812a76e9a54b1d0535968a8c21ee2064577e7012572daf79b242221ca72e9a")];
10-02 18:36:45.212 18716 18739 I event src/ui_preview.rs:1370: ANDROID_INVENTORY_INGRESS_OFFLINE queued owner42 bag12 equip2 sourceFrame30
10-02 18:36:45.212 18716 18739 I event src/ui_preview.rs:802: ANDROID_UI_PREVIEW_READY scene=quest-alert
10-02 18:36:45.213 18716 18738 I RustStdoutStderr: [2m2026-10-02T10:36:45.212665Z[0m [32m INFO[0m [2mmir2_platform_android::item_geometry[0m[2m:[0m ANDROID_ITEM_GEOMETRY_READY [3mitems[0m[2m=[0m1003 [3mstate_items[0m[2m=[0m2380 [3msources[0m[2m=[0m[("original-ui/Items/meta.json", "ec0eca414ac6c34e17a218f0ed4396f30607c2485482f8760af7706acddcedfe"), ("original-ui/StateItem/meta.json", "7d812a76e9a54b1d0535968a8c21ee2064577e7012572daf79b242221ca72e9a")]
10-02 18:36:45.213 18716 18738 I RustStdoutStderr: [2m2026-10-02T10:36:45.212887Z[0m [32m INFO[0m [2mmir2_platform_android::ui_preview[0m[2m:[0m ANDROID_INVENTORY_INGRESS_OFFLINE queued owner42 bag12 equip2 sourceFrame30
10-02 18:36:45.213 18716 18738 I RustStdoutStderr: [2m2026-10-02T10:36:45.212929Z[0m [32m INFO[0m [2mmir2_platform_android::ui_preview[0m[2m:[0m ANDROID_UI_PREVIEW_READY scene=quest-alert
10-02 18:36:45.310 18716 18739 W event /Users/henryliu/.cargo/registry/src/index.crates.io-1949cf8c6b5b557f/winit-0.30.13/src/pTODO: handle Android InsetsChanged notification
10-02 18:36:45.310 18716 18738 I RustStdoutStderr: [2m2026-10-02T10:36:45.310097Z[0m [33m WARN[0m [2mwinit::platform_impl::android[0m[2m:[0m TODO: handle Android InsetsChanged notification
10-02 18:36:46.310 18716 18739 D EGL_emulation: app_time_stats: avg=18.27ms min=11.59ms max=138.90ms count=55
10-02 18:36:46.823 18716 18743 I event src/phone_hud.rs:173: ANDROID_PHONE_TEXT_LAYOUTfont = TextFont { font: SystemUi, font_size: Px(23.466667), weight: FontWeight(400), width: FontWidth(1.0), style: Normal, font_smoothing: AntiAliased, font_features: FontFeatures { features: [] }, font_variations: FontVariations { variations: [] } }; color = TextColor(Srgba(Srgba { red: 0.96, green: 0.85, blue: 0.61, alpha: 1.0 })); glyph_masks = [true, true, true];
10-02 18:36:46.823 18716 18743 I event src/phone_hud.rs:173: ANDROID_PHONE_TEXT_LAYOUTfont = TextFont { font: SystemUi, font_size: Px(23.466667), weight: FontWeight(400), width: FontWidth(1.0), style: Normal, font_smoothing: AntiAliased, font_features: FontFeatures { features: [] }, font_variations: FontVariations { variations: [] } }; color = TextColor(Srgba(Srgba { red: 0.96, green: 0.85, blue: 0.61, alpha: 1.0 })); glyph_masks = [true, true, true, true, true];
10-02 18:36:46.823 18716 18743 I event src/phone_hud.rs:173: ANDROID_PHONE_TEXT_LAYOUTfont = TextFont { font: SystemUi, font_size: Px(23.466667), weight: FontWeight(400), width: FontWidth(1.0), style: Normal, font_smoothing: AntiAliased, font_features: FontFeatures { features: [] }, font_variations: FontVariations { variations: [] } }; color = TextColor(Srgba(Srgba { red: 0.96, green: 0.85, blue: 0.61, alpha: 1.0 })); glyph_masks = [true, true, true, true, true, true, true];
10-02 18:36:46.823 18716 18743 I event src/phone_hud.rs:173: ANDROID_PHONE_TEXT_LAYOUTfont = TextFont { font: SystemUi, font_size: Px(23.466667), weight: FontWeight(400), width: FontWidth(1.0), style: Normal, font_smoothing: AntiAliased, font_features: FontFeatures { features: [] }, font_variations: FontVariations { variations: [] } }; color = TextColor(Srgba(Srgba { red: 0.96, green: 0.85, blue: 0.61, alpha: 1.0 })); glyph_masks = [true, true, true, true, true];
10-02 18:36:46.823 18716 18743 I event src/phone_hud.rs:173: ANDROID_PHONE_TEXT_LAYOUTfont = TextFont { font: SystemUi, font_size: Px(23.466667), weight: FontWeight(400), width: FontWidth(1.0), style: Normal, font_smoothing: AntiAliased, font_features: FontFeatures { features: [] }, font_variations: FontVariations { variations: [] } }; color = TextColor(Srgba(Srgba { red: 0.96, green: 0.85, blue: 0.61, alpha: 1.0 })); glyph_masks = [true, true, true, true, true, true];
10-02 18:36:46.823 18716 18743 I event src/phone_hud.rs:173: ANDROID_PHONE_TEXT_LAYOUTfont = TextFont { font: SystemUi, font_size: Px(23.466667), weight: FontWeight(400), width: FontWidth(1.0), style: Normal, font_smoothing: AntiAliased, font_features: FontFeatures { features: [] }, font_variations: FontVariations { variations: [] } }; color = TextColor(Srgba(Srgba { red: 0.96, green: 0.85, blue: 0.61, alpha: 1.0 })); glyph_masks = [true, true, true, true, true];
10-02 18:36:46.823 18716 18743 I event src/phone_hud.rs:173: ANDROID_PHONE_TEXT_LAYOUTfont = TextFont { font: SystemUi, font_size: Px(23.466667), weight: FontWeight(400), width: FontWidth(1.0), style: Normal, font_smoothing: AntiAliased, font_features: FontFeatures { features: [] }, font_variations: FontVariations { variations: [] } }; color = TextColor(Srgba(Srgba { red: 0.96, green: 0.85, blue: 0.61, alpha: 1.0 })); glyph_masks = [true, true, true, true, true];
10-02 18:36:46.823 18716 18743 I event src/phone_hud.rs:173: ANDROID_PHONE_TEXT_LAYOUTfont = TextFont { font: SystemUi, font_size: Px(23.466667), weight: FontWeight(400), width: FontWidth(1.0), style: Normal, font_smoothing: AntiAliased, font_features: FontFeatures { features: [] }, font_variations: FontVariations { variations: [] } }; color = TextColor(Srgba(Srgba { red: 0.96, green: 0.85, blue: 0.61, alpha: 1.0 })); glyph_masks = [true, true, true, true, true];
10-02 18:36:46.823 18716 18743 I event src/phone_hud.rs:173: ANDROID_PHONE_TEXT_LAYOUTfont = TextFont { font: SystemUi, font_size: Px(23.466667), weight: FontWeight(400), width: FontWidth(1.0), style: Normal, font_smoothing: AntiAliased, font_features: FontFeatures { features: [] }, font_variations: FontVariations { variations: [] } }; color = TextColor(Srgba(Srgba { red: 0.96, green: 0.85, blue: 0.61, alpha: 1.0 })); glyph_masks = [true, true, true, true];
10-02 18:36:46.823 18716 18743 I event src/phone_hud.rs:173: ANDROID_PHONE_TEXT_LAYOUTfont = TextFont { font: SystemUi, font_size: Px(23.466667), weight: FontWeight(400), width: FontWidth(1.0), style: Normal, font_smoothing: AntiAliased, font_features: FontFeatures { features: [] }, font_variations: FontVariations { variations: [] } }; color = TextColor(Srgba(Srgba { red: 0.96, green: 0.85, blue: 0.61, alpha: 1.0 })); glyph_masks = [true, true, true];
10-02 18:36:46.823 18716 18743 I event src/phone_hud.rs:173: ANDROID_PHONE_TEXT_LAYOUTfont = TextFont { font: SystemUi, font_size: Px(23.466667), weight: FontWeight(400), width: FontWidth(1.0), style: Normal, font_smoothing: AntiAliased, font_features: FontFeatures { features: [] }, font_variations: FontVariations { variations: [] } }; color = TextColor(Srgba(Srgba { red: 0.98, green: 0.91, blue: 0.76, alpha: 1.0 })); glyph_masks = [true, true, true, true, true, true, true, true, true, true, true, true, true];
10-02 18:36:46.823 18716 18743 I event src/phone_hud.rs:173: ANDROID_PHONE_TEXT_LAYOUTfont = TextFont { font: SystemUi, font_size: Px(23.466667), weight: FontWeight(400), width: FontWidth(1.0), style: Normal, font_smoothing: AntiAliased, font_features: FontFeatures { features: [] }, font_variations: FontVariations { variations: [] } }; color = TextColor(Srgba(Srgba { red: 0.96, green: 0.85, blue: 0.61, alpha: 1.0 })); glyph_masks = [true, true];
10-02 18:36:46.823 18716 18738 I RustStdoutStderr: [2m2026-10-02T10:36:46.823005Z[0m [32m INFO[0m [2mmir2_platform_android::phone_hud[0m[2m:[0m ANDROID_PHONE_TEXT_LAYOUT [3mfont[0m[2m=[0mTextFont { font: SystemUi, font_size: Px(23.466667), weight: FontWeight(400), width: FontWidth(1.0), style: Normal, font_smoothing: AntiAliased, font_features: FontFeatures { features: [] }, font_variations: FontVariations { variations: [] } } [3mcolor[0m[2m=[0mTextColor(Srgba(Srgba { red: 0.96, green: 0.85, blue: 0.61, alpha: 1.0 })) [3mglyph_masks[0m[2m=[0m[true, true, true]
10-02 18:36:46.823 18716 18738 I RustStdoutStderr: [2m2026-10-02T10:36:46.823047Z[0m [32m INFO[0m [2mmir2_platform_android::phone_quests[0m[2m:[0m ANDROID_PHONE_QUEST_TEXT [3mtext[0m[2m=[0m"任务日志" [3mfont_dp[0m[2m=[0m16.0 [3mglyphs[0m[2m=[0m4 [3malpha_masks[0m[2m=[0m4
10-02 18:36:46.823 18716 18738 I RustStdoutStderr: [2m2026-10-02T10:36:46.823179Z[0m [32m INFO[0m [2mmir2_platform_android::phone_hud[0m[2m:[0m ANDROID_PHONE_TEXT_LAYOUT [3mfont[0m[2m=[0mTextFont { font: SystemUi, font_size: Px(23.466667), weight: FontWeight(400), width: FontWidth(1.0), style: Normal, font_smoothing: AntiAliased, font_features: FontFeatures { features: [] }, font_variations: FontVariations { variations: [] } } [3mcolor[0m[2m=[0mTextColor(Srgba(Srgba { red: 0.96, green: 0.85, blue: 0.61, alpha: 1.0 })) [3mglyph_masks[0m[2m=[0m[true, true, true, true, true]
10-02 18:36:46.823 18716 18738 I RustStdoutStderr: [2m2026-10-02T10:36:46.823217Z[0m [32m INFO[0m [2mmir2_platform_android::phone_hud[0m[2m:[0m ANDROID_PHONE_TEXT_LAYOUT [3mfont[0m[2m=[0mTextFont { font: SystemUi, font_size: Px(23.466667), weight: FontWeight(400), width: FontWidth(1.0), style: Normal, font_smoothing: AntiAliased, font_features: FontFeatures { features: [] }, font_variations: FontVariations { variations: [] } } [3mcolor[0m[2m=[0mTextColor(Srgba(Srgba { red: 0.96, green: 0.85, blue: 0.61, alpha: 1.0 })) [3mglyph_masks[0m[2m=[0m[true, true, true, true, true, true, true]
10-02 18:36:46.823 18716 18738 I RustStdoutStderr: [2m2026-10-02T10:36:46.823233Z[0m [32m INFO[0m [2mmir2_platform_android::phone_hud[0m[2m:[0m ANDROID_PHONE_TEXT_LAYOUT [3mfont[0m[2m=[0mTextFont { font: SystemUi, font_size: Px(23.466667), weight: FontWeight(400), width: FontWidth(1.0), style: Normal, font_smoothing: AntiAliased, font_features: FontFeatures { features: [] }, font_variations: FontVariations { variations: [] } } [3mcolor[0m[2m=[0mTextColor(Srgba(Srgba { red: 0.96, green: 0.85, blue: 0.61, alpha: 1.0 })) [3mglyph_masks[0m[2m=[0m[true, true, true, true, true]
10-02 18:36:46.823 18716 18738 I RustStdoutStderr: [2m2026-10-02T10:36:46.823240Z[0m [32m INFO[0m [2mmir2_platform_android::phone_hud[0m[2m:[0m ANDROID_PHONE_TEXT_LAYOUT [3mfont[0m[2m=[0mTextFont { font: SystemUi, font_size: Px(23.466667), weight: FontWeight(400), width: FontWidth(1.0), style: Normal, font_smoothing: AntiAliased, font_features: FontFeatures { features: [] }, font_variations: FontVariations { variations: [] } } [3mcolor[0m[2m=[0mTextColor(Srgba(Srgba { red: 0.96, green: 0.85, blue: 0.61, alpha: 1.0 })) [3mglyph_masks[0m[2m=[0m[true, true, true, true, true, true]
10-02 18:36:46.823 18716 18738 I RustStdoutStderr: [2m2026-10-02T10:36:46.823245Z[0m [32m INFO[0m [2mmir2_platform_android::phone_hud[0m[2m:[0m ANDROID_PHONE_TEXT_LAYOUT [3mfont[0m[2m=[0mTextFont { font: SystemUi, font_size: Px(23.466667), weight: FontWeight(400), width: FontWidth(1.0), style: Normal, font_smoothing: AntiAliased, font_features: FontFeatures { features: [] }, font_variations: FontVariations { variations: [] } } [3mcolor[0m[2m=[0mTextColor(Srgba(Srgba { red: 0.96, green: 0.85, blue: 0.61, alpha: 1.0 })) [3mglyph_masks[0m[2m=[0m[true, true, true, true, true]
10-02 18:36:46.823 18716 18738 I RustStdoutStderr: [2m2026-10-02T10:36:46.823300Z[0m [32m INFO[0m [2mmir2_platform_android::phone_hud[0m[2m:[0m ANDROID_PHONE_TEXT_LAYOUT [3mfont[0m[2m=[0mTextFont { font: SystemUi, font_size: Px(23.466667), weight: FontWeight(400), width: FontWidth(1.0), style: Normal, font_smoothing: AntiAliased, font_features: FontFeatures { features: [] }, font_variations: FontVariations { variations: [] } } [3mcolor[0m[2m=[0mTextColor(Srgba(Srgba { red: 0.96, green: 0.85, blue: 0.61, alpha: 1.0 })) [3mglyph_masks[0m[2m=[0m[true, true, true, true, true]
10-02 18:36:46.823 18716 18738 I RustStdoutStderr: [2m2026-10-02T10:36:46.823310Z[0m [32m INFO[0m [2mmir2_platform_android::phone_hud[0m[2m:[0m ANDROID_PHONE_TEXT_LAYOUT [3mfont[0m[2m=[0mTextFont { font: SystemUi, font_size: Px(23.466667), weight: FontWeight(400), width: FontWidth(1.0), style: Normal, font_smoothing: AntiAliased, font_features: FontFeatures { features: [] }, font_variations: FontVariations { variations: [] } } [3mcolor[0m[2m=[0mTextColor(Srgba(Srgba { red: 0.96, green: 0.85, blue: 0.61, alpha: 1.0 })) [3mglyph_masks[0m[2m=[0m[true, true, true, true, true]
10-02 18:36:46.823 18716 18738 I RustStdoutStderr: [2m2026-10-02T10:36:46.823316Z[0m [32m INFO[0m [2mmir2_platform_android::phone_hud[0m[2m:[0m ANDROID_PHONE_TEXT_LAYOUT [3mfont[0m[2m=[0mTextFont { font: SystemUi, font_size: Px(23.466667), weight: FontWeight(400), width: FontWidth(1.0), style: Normal, font_smoothing: AntiAliased, font_features: FontFeatures { features: [] }, font_variations: FontVariations { variations: [] } } [3mcolor[0m[2m=[0mTextColor(Srgba(Srgba { red: 0.96, green: 0.85, blue: 0.61, alpha: 1.0 })) [3mglyph_masks[0m[2m=[0m[true, true, true, true]
10-02 18:36:46.823 18716 18738 I RustStdoutStderr: [2m2026-10-02T10:36:46.823321Z[0m [32m INFO[0m [2mmir2_platform_android::phone_hud[0m[2m:[0m ANDROID_PHONE_TEXT_LAYOUT [3mfont[0m[2m=[0mTextFont { font: SystemUi, font_size: Px(23.466667), weight: FontWeight(400), width: FontWidth(1.0), style: Normal, font_smoothing: AntiAliased, font_features: FontFeatures { features: [] }, font_variations: FontVariations { variations: [] } } [3mcolor[0m[2m=[0mTextColor(Srgba(Srgba { red: 0.96, green: 0.85, blue: 0.61, alpha: 1.0 })) [3mglyph_masks[0m[2m=[0m[true, true, true]
10-02 18:36:46.823 18716 18738 I RustStdoutStderr: [2m2026-10-02T10:36:46.823326Z[0m [32m INFO[0m [2mmir2_platform_android::phone_hud[0m[2m:[0m ANDROID_PHONE_TEXT_LAYOUT [3mfont[0m[2m=[0mTextFont { font: SystemUi, font_size: Px(23.466667), weight: FontWeight(400), width: FontWidth(1.0), style: Normal, font_smoothing: AntiAliased, font_features: FontFeatures { features: [] }, font_variations: FontVariations { variations: [] } } [3mcolor[0m[2m=[0mTextColor(Srgba(Srgba { red: 0.98, green: 0.91, blue: 0.76, alpha: 1.0 })) [3mglyph_masks[0m[2m=[0m[true, true, true, true, true, true, true, true, true, true, true, true, true]
10-02 18:36:46.823 18716 18738 I RustStdoutStderr: [2m2026-10-02T10:36:46.823332Z[0m [32m INFO[0m [2mmir2_platform_android::phone_hud[0m[2m:[0m ANDROID_PHONE_TEXT_LAYOUT [3mfont[0m[2m=[0mTextFont { font: SystemUi, font_size: Px(23.466667), weight: FontWeight(400), width: FontWidth(1.0), style: Normal, font_smoothing: AntiAliased, font_features: FontFeatures { features: [] }, font_variations: FontVariations { variations: [] } } [3mcolor[0m[2m=[0mTextColor(Srgba(Srgba { red: 0.96, green: 0.85, blue: 0.61, alpha: 1.0 })) [3mglyph_masks[0m[2m=[0m[true, true]
10-02 18:36:46.823 18716 18738 I RustStdoutStderr: [2m2026-10-02T10:36:46.823337Z[0m [32m INFO[0m [2mmir2_platform_android::phone_hud[0m[2m:[0m ANDROID_PHONE_TEXT_LAYOUT [3mfont[0m[2m=[0mTextFont { font: SystemUi, font_size: Px(23.466667), weight: FontWeight(400), width: FontWidth(1.0), style: Normal, font_smoothing: AntiAliased, font_features: FontFeatures { features: [] }, font_variations: FontVariations { variations: [] } } [3mcolor[0m[2m=[0mTextColor(Srgba(Srgba { red: 0.96, green: 0.85, blue: 0.61, alpha: 1.0 })) [3mglyph_masks[0m[2m=[0m[true, true, true, true]
10-02 18:36:46.823 18716 18742 I event src/phone_quests.rs:95: ANDROID_PHONE_QUEST_TEXTtext = "任务日志"; font_dp = 16.0; glyphs = 4; alpha_masks = 4;
10-02 18:36:46.823 18716 18742 I event src/phone_quests.rs:95: ANDROID_PHONE_QUEST_TEXTtext = "×"; font_dp = 13.999999046325684; glyphs = 1; alpha_masks = 1;
10-02 18:36:46.823 18716 18742 I event src/phone_quests.rs:95: ANDROID_PHONE_QUEST_TEXTtext = "任务列表: 1/20"; font_dp = 13.999999046325684; glyphs = 10; alpha_masks = 10;
10-02 18:36:46.823 18716 18742 I event src/phone_quests.rs:95: ANDROID_PHONE_QUEST_TEXTtext = "− UI fixtures"; font_dp = 13.999999046325684; glyphs = 12; alpha_masks = 12;
10-02 18:36:46.823 18716 18742 I event src/phone_quests.rs:95: ANDROID_PHONE_QUEST_TEXTtext = "Offline UI quest specimen · 进行中\n1级 · UI fixtures"; font_dp = 13.999999046325684; glyphs = 44; alpha_masks = 44;
10-02 18:36:46.823 18716 18742 I event src/phone_quests.rs:95: ANDROID_PHONE_QUEST_TEXTtext = "跟踪"; font_dp = 13.999999046325684; glyphs = 2; alpha_masks = 2;
10-02 18:36:46.823 18716 18742 I event src/phone_quests.rs:95: ANDROID_PHONE_QUEST_TEXTtext = "▲"; font_dp = 13.999999046325684; glyphs = 1; alpha_masks = 1;
10-02 18:36:46.823 18716 18742 I event src/phone_quests.rs:95: ANDROID_PHONE_QUEST_TEXTtext = "▼"; font_dp = 13.999999046325684; glyphs = 1; alpha_masks = 1;
10-02 18:36:46.823 18716 18742 I event src/phone_quests.rs:95: ANDROID_PHONE_QUEST_TEXTtext = "任务详情"; font_dp = 16.0; glyphs = 4; alpha_masks = 4;
10-02 18:36:46.823 18716 18742 I event src/phone_quests.rs:95: ANDROID_PHONE_QUEST_TEXTtext = "×"; font_dp = 13.999999046325684; glyphs = 1; alpha_masks = 1;
10-02 18:36:46.823 18716 18742 I event src/phone_quests.rs:95: ANDROID_PHONE_QUEST_TEXTtext = "Offline UI quest specimen"; font_dp = 16.0; glyphs = 23; alpha_masks = 23;
10-02 18:36:46.823 18716 18742 I event src/phone_quests.rs:95: ANDROID_PHONE_QUEST_TEXTtext = "奖励"; font_dp = 16.0; glyphs = 2; alpha_masks = 2;
10-02 18:36:46.823 18716 18742 I event src/phone_quests.rs:95: ANDROID_PHONE_QUEST_TEXTtext = "跟踪"; font_dp = 13.999999046325684; glyphs = 2; alpha_masks = 2;
10-02 18:36:46.823 18716 18742 I event src/phone_quests.rs:95: ANDROID_PHONE_QUEST_TEXTtext = "分享"; font_dp = 13.999999046325684; glyphs = 2; alpha_masks = 2;
10-02 18:36:46.823 18716 18742 I event src/phone_quests.rs:95: ANDROID_PHONE_QUEST_TEXTtext = "放弃任务"; font_dp = 13.999999046325684; glyphs = 4; alpha_masks = 4;
10-02 18:36:46.823 18716 18742 I event src/phone_quests.rs:95: ANDROID_PHONE_QUEST_TEXTtext = "▲"; font_dp = 13.999999046325684; glyphs = 1; alpha_masks = 1;
10-02 18:36:46.823 18716 18742 I event src/phone_quests.rs:95: ANDROID_PHONE_QUEST_TEXTtext = "▼"; font_dp = 13.999999046325684; glyphs = 1; alpha_masks = 1;
10-02 18:36:46.823 18716 18742 I event src/phone_quests.rs:95: ANDROID_PHONE_QUEST_TEXTtext = "提示"; font_dp = 16.0; glyphs = 2; alpha_masks = 2;
10-02 18:36:46.823 18716 18742 I event src/phone_quests.rs:95: ANDROID_PHONE_QUEST_TEXTtext = "OFFLINE phone message line 0: no quest or reward granted.\nOFFLINE phone message line 1: no quest or reward granted.\nOFFLINE phone message line 2: no quest or reward granted.\nOFFLINE phone message line 3: no quest or reward granted.\nOFFLINE phone message line 4: no quest or reward granted.\nOFFLINE phone message line 5: no quest or reward granted.\nOFFLINE phone message line 6: no quest or reward granted.\nOFFLINE phone message line 7: no quest or reward granted.\nOFFLINE phone message line 8: no quest or reward granted.\nOFFLINE phone message line 9: no quest or reward granted.\nOFFLINE phone message line 10: no quest or reward granted.\nOFFLINE phone message line 11: no quest or reward granted.\nOFFLINE phone message line 12: no quest or reward granted.\nOFFLINE phone message line 13: no quest or reward granted.\nOFFLINE phone message line 14: no quest or reward granted.\nOFFLINE phone message line 15: no quest or reward granted.\nOFFLINE phone message line 16: no quest or reward granted.\nOFFLINE phone message line 17: no quest or reward granted.\nOFFLINE phone message line 18: no quest or reward granted.\nOFFLINE phone message line 19: no quest or reward granted.\nOFFLINE phone message line 20: no quest or reward granted.\nOFFLINE phone message line 21: no quest or reward granted.\nOFFLINE phone message line 22: no quest or reward granted.\nOFFLINE phone message line 23: no quest or reward granted.\nOFFLINE phone message line 24: no quest or reward granted.\nOFFLINE phone message line 25: no quest or reward granted.\nOFFLINE phone message line 26: no quest or reward granted.\nOFFLINE phone message line 27: no quest or reward granted.\nOFFLINE phone message line 28: no quest or reward granted.\nOFFLINE phone message line 29: no quest or reward granted."; font_dp = 13.999999046325684; glyphs = 1730; alpha_masks = 1730;
10-02 18:36:46.823 18716 18742 I event src/phone_quests.rs:95: ANDROID_PHONE_QUEST_TEXTtext = "▲"; font_dp = 13.999999046325684; glyphs = 1; alpha_masks = 1;
10-02 18:36:46.823 18716 18742 I event src/phone_quests.rs:95: ANDROID_PHONE_QUEST_TEXTtext = "▼"; font_dp = 13.999999046325684; glyphs = 1; alpha_masks = 1;
10-02 18:36:46.823 18716 18742 I event src/phone_quests.rs:95: ANDROID_PHONE_QUEST_TEXTtext = "OK"; font_dp = 13.999999046325684; glyphs = 2; alpha_masks = 2;
10-02 18:36:46.823 18716 18742 I event src/phone_quests.rs:100: ANDROID_PHONE_QUEST_CONTROLsize_dp = Vec2(48.0, 48.0); center_dp = Vec2(455.27267, 47.999977);
10-02 18:36:46.823 18716 18742 I event src/phone_quests.rs:100: ANDROID_PHONE_QUEST_CONTROLsize_dp = Vec2(165.81818, 48.0); center_dp = Vec2(388.3636, 135.27272);
10-02 18:36:46.823 18716 18738 I RustStdoutStderr: [2m2026-10-02T10:36:46.823505Z[0m [32m INFO[0m [2mmir2_platform_android::phone_quests[0m[2m:[0m ANDROID_PHONE_QUEST_TEXT [3mtext[0m[2m=[0m"×" [3mfont_dp[0m[2m=[0m13.999999046325684 [3mglyphs[0m[2m=[0m1 [3malpha_masks[0m[2m=[0m1
10-02 18:36:46.823 18716 18738 I RustStdoutStderr: [2m2026-10-02T10:36:46.823578Z[0m [32m INFO[0m [2mmir2_platform_android::phone_quests[0m[2m:[0m ANDROID_PHONE_QUEST_TEXT [3mtext[0m[2m=[0m"任务列表: 1/20" [3mfont_dp[0m[2m=[0m13.999999046325684 [3mglyphs[0m[2m=[0m10 [3malpha_masks[0m[2m=[0m10
10-02 18:36:46.823 18716 18738 I RustStdoutStderr: [2m2026-10-02T10:36:46.823584Z[0m [32m INFO[0m [2mmir2_platform_android::phone_quests[0m[2m:[0m ANDROID_PHONE_QUEST_TEXT [3mtext[0m[2m=[0m"− UI fixtures" [3mfont_dp[0m[2m=[0m13.999999046325684 [3mglyphs[0m[2m=[0m12 [3malpha_masks[0m[2m=[0m12
10-02 18:36:46.823 18716 18738 I RustStdoutStderr: [2m2026-10-02T10:36:46.823588Z[0m [32m INFO[0m [2mmir2_platform_android::phone_quests[0m[2m:[0m ANDROID_PHONE_QUEST_TEXT [3mtext[0m[2m=[0m"Offline UI quest specimen · 进行中\n1级 · UI fixtures" [3mfont_dp[0m[2m=[0m13.999999046325684 [3mglyphs[0m[2m=[0m44 [3malpha_masks[0m[2m=[0m44
10-02 18:36:46.823 18716 18738 I RustStdoutStderr: [2m2026-10-02T10:36:46.823593Z[0m [32m INFO[0m [2mmir2_platform_android::phone_quests[0m[2m:[0m ANDROID_PHONE_QUEST_TEXT [3mtext[0m[2m=[0m"跟踪" [3mfont_dp[0m[2m=[0m13.999999046325684 [3mglyphs[0m[2m=[0m2 [3malpha_masks[0m[2m=[0m2
10-02 18:36:46.823 18716 18738 I RustStdoutStderr: [2m2026-10-02T10:36:46.823597Z[0m [32m INFO[0m [2mmir2_platform_android::phone_quests[0m[2m:[0m ANDROID_PHONE_QUEST_TEXT [3mtext[0m[2m=[0m"▲" [3mfont_dp[0m[2m=[0m13.999999046325684 [3mglyphs[0m[2m=[0m1 [3malpha_masks[0m[2m=[0m1
10-02 18:36:46.823 18716 18738 I RustStdoutStderr: [2m2026-10-02T10:36:46.823600Z[0m [32m INFO[0m [2mmir2_platform_android::phone_quests[0m[2m:[0m ANDROID_PHONE_QUEST_TEXT [3mtext[0m[2m=[0m"▼" [3mfont_dp[0m[2m=[0m13.999999046325684 [3mglyphs[0m[2m=[0m1 [3malpha_masks[0m[2m=[0m1
10-02 18:36:46.823 18716 18738 I RustStdoutStderr: [2m2026-10-02T10:36:46.823604Z[0m [32m INFO[0m [2mmir2_platform_android::phone_quests[0m[2m:[0m ANDROID_PHONE_QUEST_TEXT [3mtext[0m[2m=[0m"任务详情" [3mfont_dp[0m[2m=[0m16.0 [3mglyphs[0m[2m=[0m4 [3malpha_masks[0m[2m=[0m4
10-02 18:36:46.823 18716 18738 I RustStdoutStderr: [2m2026-10-02T10:36:46.823608Z[0m [32m INFO[0m [2mmir2_platform_android::phone_quests[0m[2m:[0m ANDROID_PHONE_QUEST_TEXT [3mtext[0m[2m=[0m"×" [3mfont_dp[0m[2m=[0m13.999999046325684 [3mglyphs[0m[2m=[0m1 [3malpha_masks[0m[2m=[0m1
10-02 18:36:46.823 18716 18738 I RustStdoutStderr: [2m2026-10-02T10:36:46.823611Z[0m [32m INFO[0m [2mmir2_platform_android::phone_quests[0m[2m:[0m ANDROID_PHONE_QUEST_TEXT [3mtext[0m[2m=[0m"Offline UI quest specimen" [3mfont_dp[0m[2m=[0m16.0 [3mglyphs[0m[2m=[0m23 [3malpha_masks[0m[2m=[0m23
10-02 18:36:46.823 18716 18738 I RustStdoutStderr: [2m2026-10-02T10:36:46.823615Z[0m [32m INFO[0m [2mmir2_platform_android::phone_quests[0m[2m:[0m ANDROID_PHONE_QUEST_TEXT [3mtext[0m[2m=[0m"奖励" [3mfont_dp[0m[2m=[0m16.0 [3mglyphs[0m[2m=[0m2 [3malpha_masks[0m[2m=[0m2
10-02 18:36:46.823 18716 18738 I RustStdoutStderr: [2m2026-10-02T10:36:46.823619Z[0m [32m INFO[0m [2mmir2_platform_android::phone_quests[0m[2m:[0m ANDROID_PHONE_QUEST_TEXT [3mtext[0m[2m=[0m"跟踪" [3mfont_dp[0m[2m=[0m13.999999046325684 [3mglyphs[0m[2m=[0m2 [3malpha_masks[0m[2m=[0m2
10-02 18:36:46.823 18716 18738 I RustStdoutStderr: [2m2026-10-02T10:36:46.823623Z[0m [32m INFO[0m [2mmir2_platform_android::phone_quests[0m[2m:[0m ANDROID_PHONE_QUEST_TEXT [3mtext[0m[2m=[0m"分享" [3mfont_dp[0m[2m=[0m13.999999046325684 [3mglyphs[0m[2m=[0m2 [3malpha_masks[0m[2m=[0m2
10-02 18:36:46.823 18716 18738 I RustStdoutStderr: [2m2026-10-02T10:36:46.823628Z[0m [32m INFO[0m [2mmir2_platform_android::phone_quests[0m[2m:[0m ANDROID_PHONE_QUEST_TEXT [3mtext[0m[2m=[0m"放弃任务" [3mfont_dp[0m[2m=[0m13.999999046325684 [3mglyphs[0m[2m=[0m4 [3malpha_masks[0m[2m=[0m4
10-02 18:36:46.823 18716 18738 I RustStdoutStderr: [2m2026-10-02T10:36:46.823632Z[0m [32m INFO[0m [2mmir2_platform_android::phone_quests[0m[2m:[0m ANDROID_PHONE_QUEST_TEXT [3mtext[0m[2m=[0m"▲" [3mfont_dp[0m[2m=[0m13.999999046325684 [3mglyphs[0m[2m=[0m1 [3malpha_masks[0m[2m=[0m1
10-02 18:36:46.823 18716 18738 I RustStdoutStderr: [2m2026-10-02T10:36:46.823636Z[0m [32m INFO[0m [2mmir2_platform_android::phone_quests[0m[2m:[0m ANDROID_PHONE_QUEST_TEXT [3mtext[0m[2m=[0m"▼" [3mfont_dp[0m[2m=[0m13.999999046325684 [3mglyphs[0m[2m=[0m1 [3malpha_masks[0m[2m=[0m1
10-02 18:36:46.823 18716 18738 I RustStdoutStderr: [2m2026-10-02T10:36:46.823640Z[0m [32m INFO[0m [2mmir2_platform_android::phone_quests[0m[2m:[0m ANDROID_PHONE_QUEST_TEXT [3mtext[0m[2m=[0m"提示" [3mfont_dp[0m[2m=[0m16.0 [3mglyphs[0m[2m=[0m2 [3malpha_masks[0m[2m=[0m2
10-02 18:36:46.823 18716 18738 I RustStdoutStderr: [2m2026-10-02T10:36:46.823648Z[0m [32m INFO[0m [2mmir2_platform_android::phone_quests[0m[2m:[0m ANDROID_PHONE_QUEST_TEXT [3mtext[0m[2m=[0m"OFFLINE phone message line 0: no quest or reward granted.\nOFFLINE phone message line 1: no quest or reward granted.\nOFFLINE phone message line 2: no quest or reward granted.\nOFFLINE phone message line 3: no quest or reward granted.\nOFFLINE phone message line 4: no quest or reward granted.\nOFFLINE phone message line 5: no quest or reward granted.\nOFFLINE phone message line 6: no quest or reward granted.\nOFFLINE phone message line 7: no quest or reward granted.\nOFFLINE phone message line 8: no quest or reward granted.\nOFFLINE phone message line 9: no quest or reward granted.\nOFFLINE phone message line 10: no quest or reward granted.\nOFFLINE phone message line 11: no quest or reward granted.\nOFFLINE phone message line 12: no quest or reward granted.\nOFFLINE phone message line 13: no quest or reward granted.\nOFFLINE phone message line 14: no quest or reward granted.\nOFFLINE phone message line 15: no quest or reward granted.\nOFFLINE phone message line 16: no quest or reward granted.\nOFFLINE phone message line 17: no quest or reward granted.\nOFFLINE phone message line 18: no quest or reward granted.\nOFFLINE phone message line 19: no quest or reward granted.\nOFFLINE phone message line 20: no quest or reward granted.\nOFFLINE phone message line 21: no quest or reward granted.\nOFFLINE phone message line 22: no quest or reward granted.\nOFFLINE phone message line 23: no quest or reward granted.\nOFFLINE phone message line 24: no quest or reward granted.\nOFFLINE phone message line 25: no quest or reward granted.\nOFFLINE phone message line 26: no quest or reward granted.\nOFFLINE phone message line 27: no quest or reward granted.\nOFFLINE phone message line 28: no quest or reward granted.\nOFFLINE phone message line 29: no quest or reward granted." [3mfont_dp[0m[2m=[0m13.999999046325684 [3mglyphs[0m[2m=[0m1730 [3malpha_masks[0m[2m=[0m1730
10-02 18:36:46.823 18716 18738 I RustStdoutStderr: [2m2026-10-02T10:36:46.823659Z[0m [32m INFO[0m [2mmir2_platform_android::phone_quests[0m[2m:[0m ANDROID_PHONE_QUEST_TEXT [3mtext[0m[2m=[0m"▲" [3mfont_dp[0m[2m=[0m13.999999046325684 [3mglyphs[0m[2m=[0m1 [3malpha_masks[0m[2m=[0m1
10-02 18:36:46.823 18716 18738 I RustStdoutStderr: [2m2026-10-02T10:36:46.823662Z[0m [32m INFO[0m [2mmir2_platform_android::phone_quests[0m[2m:[0m ANDROID_PHONE_QUEST_TEXT [3mtext[0m[2m=[0m"▼" [3mfont_dp[0m[2m=[0m13.999999046325684 [3mglyphs[0m[2m=[0m1 [3malpha_masks[0m[2m=[0m1
10-02 18:36:46.823 18716 18738 I RustStdoutStderr: [2m2026-10-02T10:36:46.823666Z[0m [32m INFO[0m [2mmir2_platform_android::phone_quests[0m[2m:[0m ANDROID_PHONE_QUEST_TEXT [3mtext[0m[2m=[0m"OK" [3mfont_dp[0m[2m=[0m13.999999046325684 [3mglyphs[0m[2m=[0m2 [3malpha_masks[0m[2m=[0m2
10-02 18:36:46.823 18716 18738 I RustStdoutStderr: [2m2026-10-02T10:36:46.823670Z[0m [32m INFO[0m [2mmir2_platform_android::phone_quests[0m[2m:[0m ANDROID_PHONE_QUEST_CONTROL [3msize_dp[0m[2m=[0mVec2(48.0, 48.0) [3mcenter_dp[0m[2m=[0mVec2(455.27267, 47.999977)
10-02 18:36:46.823 18716 18738 I RustStdoutStderr: [2m2026-10-02T10:36:46.823675Z[0m [32m INFO[0m [2mmir2_platform_android::phone_quests[0m[2m:[0m ANDROID_PHONE_QUEST_CONTROL [3msize_dp[0m[2m=[0mVec2(165.81818, 48.0) [3mcenter_dp[0m[2m=[0mVec2(388.3636, 135.27272)
10-02 18:36:46.823 18716 18738 I RustStdoutStderr: [2m2026-10-02T10:36:46.823679Z[0m [32m INFO[0m [2mmir2_platform_android::phone_quests[0m[2m:[0m ANDROID_PHONE_QUEST_CONTROL [3msize_dp[0m[2m=[0mVec2(165.81818, 48.0) [3mcenter_dp[0m[2m=[0mVec2(388.3636, 268.0)
10-02 18:36:46.823 18716 18742 I event src/phone_quests.rs:100: ANDROID_PHONE_QUEST_CONTROLsize_dp = Vec2(165.81818, 48.0); center_dp = Vec2(388.3636, 268.0);
10-02 18:36:46.823 18716 18742 I event src/phone_quests.rs:100: ANDROID_PHONE_QUEST_CONTROLsize_dp = Vec2(48.0, 48.0); center_dp = Vec2(665.0909, 47.999977);
10-02 18:36:46.823 18716 18742 I event src/phone_quests.rs:100: ANDROID_PHONE_QUEST_CONTROLsize_dp = Vec2(165.81818, 48.0); center_dp = Vec2(598.1818, 184.0);
10-02 18:36:46.823 18716 18742 I event src/phone_quests.rs:100: ANDROID_PHONE_QUEST_CONTROLsize_dp = Vec2(165.81818, 48.0); center_dp = Vec2(598.1818, 240.0);
10-02 18:36:46.823 18716 18742 I event src/phone_quests.rs:100: ANDROID_PHONE_QUEST_CONTROLsize_dp = Vec2(165.81818, 48.0); center_dp = Vec2(598.1818, 296.0);
10-02 18:36:46.823 18716 18742 I event src/phone_quests.rs:100: ANDROID_PHONE_QUEST_CONTROLsize_dp = Vec2(391.63635, 48.0); center_dp = Vec2(493.27267, 344.7273);
10-02 18:36:46.823 18716 18742 I event src/phone_quests.rs:100: ANDROID_PHONE_QUEST_CONTROLsize_dp = Vec2(86.90909, 48.0); center_dp = Vec2(340.90906, 344.7273);
10-02 18:36:46.823 18716 18742 I event src/phone_quests.rs:100: ANDROID_PHONE_QUEST_CONTROLsize_dp = Vec2(86.90909, 48.0); center_dp = Vec2(435.81815, 344.7273);
10-02 18:36:46.823 18716 18742 I event src/phone_quests.rs:100: ANDROID_PHONE_QUEST_CONTROLsize_dp = Vec2(86.90909, 48.0); center_dp = Vec2(550.7273, 344.7273);
10-02 18:36:46.823 18716 18742 I event src/phone_quests.rs:100: ANDROID_PHONE_QUEST_CONTROLsize_dp = Vec2(86.90909, 48.0); center_dp = Vec2(645.63635, 344.7273);
10-02 18:36:46.823 18716 18742 I event src/phone_quests.rs:100: ANDROID_PHONE_QUEST_CONTROLsize_dp = Vec2(192.0, 48.0); center_dp = Vec2(393.4545, 290.54544);
10-02 18:36:46.823 18716 18742 I event src/phone_quests.rs:100: ANDROID_PHONE_QUEST_CONTROLsize_dp = Vec2(191.63637, 48.0); center_dp = Vec2(593.2727, 290.54544);
10-02 18:36:46.823 18716 18742 I event src/phone_quests.rs:100: ANDROID_PHONE_QUEST_CONTROLsize_dp = Vec2(165.81818, 68.36364); center_dp = Vec2(388.3636, 201.45454);
10-02 18:36:46.823 18716 18742 I event src/phone_quests.rs:104: ANDROID_PHONE_QUEST_SCROLLsize_dp = Vec2(181.81818, 236.36363); content_dp = Vec2(181.81818, 236.36363); offset = Vec2(0.0, 0.0);
10-02 18:36:46.823 18716 18742 I event src/phone_quests.rs:104: ANDROID_PHONE_QUEST_SCROLLsize_dp = Vec2(181.81818, 236.36363); content_dp = Vec2(181.81818, 249.81818); offset = Vec2(0.0, 0.0);
10-02 18:36:46.823 18716 18742 I event src/phone_quests.rs:104: ANDROID_PHONE_QUEST_SCROLLsize_dp = Vec2(391.63635, 211.27272); content_dp = Vec2(391.63635, 856.0); offset = Vec2(0.0, 0.0);
10-02 18:36:46.824 18716 18738 I RustStdoutStderr: [2m2026-10-02T10:36:46.823880Z[0m [32m INFO[0m [2mmir2_platform_android::phone_quests[0m[2m:[0m ANDROID_PHONE_QUEST_CONTROL [3msize_dp[0m[2m=[0mVec2(48.0, 48.0) [3mcenter_dp[0m[2m=[0mVec2(665.0909, 47.999977)
10-02 18:36:46.824 18716 18738 I RustStdoutStderr: [2m2026-10-02T10:36:46.823893Z[0m [32m INFO[0m [2mmir2_platform_android::phone_quests[0m[2m:[0m ANDROID_PHONE_QUEST_CONTROL [3msize_dp[0m[2m=[0mVec2(165.81818, 48.0) [3mcenter_dp[0m[2m=[0mVec2(598.1818, 184.0)
10-02 18:36:46.824 18716 18738 I RustStdoutStderr: [2m2026-10-02T10:36:46.823897Z[0m [32m INFO[0m [2mmir2_platform_android::phone_quests[0m[2m:[0m ANDROID_PHONE_QUEST_CONTROL [3msize_dp[0m[2m=[0mVec2(165.81818, 48.0) [3mcenter_dp[0m[2m=[0mVec2(598.1818, 240.0)
10-02 18:36:46.824 18716 18738 I RustStdoutStderr: [2m2026-10-02T10:36:46.823901Z[0m [32m INFO[0m [2mmir2_platform_android::phone_quests[0m[2m:[0m ANDROID_PHONE_QUEST_CONTROL [3msize_dp[0m[2m=[0mVec2(165.81818, 48.0) [3mcenter_dp[0m[2m=[0mVec2(598.1818, 296.0)
10-02 18:36:46.824 18716 18738 I RustStdoutStderr: [2m2026-10-02T10:36:46.823904Z[0m [32m INFO[0m [2mmir2_platform_android::phone_quests[0m[2m:[0m ANDROID_PHONE_QUEST_CONTROL [3msize_dp[0m[2m=[0mVec2(391.63635, 48.0) [3mcenter_dp[0m[2m=[0mVec2(493.27267, 344.7273)
10-02 18:36:46.824 18716 18738 I RustStdoutStderr: [2m2026-10-02T10:36:46.823908Z[0m [32m INFO[0m [2mmir2_platform_android::phone_quests[0m[2m:[0m ANDROID_PHONE_QUEST_CONTROL [3msize_dp[0m[2m=[0mVec2(86.90909, 48.0) [3mcenter_dp[0m[2m=[0mVec2(340.90906, 344.7273)
10-02 18:36:46.824 18716 18738 I RustStdoutStderr: [2m2026-10-02T10:36:46.823911Z[0m [32m INFO[0m [2mmir2_platform_android::phone_quests[0m[2m:[0m ANDROID_PHONE_QUEST_CONTROL [3msize_dp[0m[2m=[0mVec2(86.90909, 48.0) [3mcenter_dp[0m[2m=[0mVec2(435.81815, 344.7273)
10-02 18:36:46.824 18716 18738 I RustStdoutStderr: [2m2026-10-02T10:36:46.823914Z[0m [32m INFO[0m [2mmir2_platform_android::phone_quests[0m[2m:[0m ANDROID_PHONE_QUEST_CONTROL [3msize_dp[0m[2m=[0mVec2(86.90909, 48.0) [3mcenter_dp[0m[2m=[0mVec2(550.7273, 344.7273)
10-02 18:36:46.824 18716 18738 I RustStdoutStderr: [2m2026-10-02T10:36:46.823918Z[0m [32m INFO[0m [2mmir2_platform_android::phone_quests[0m[2m:[0m ANDROID_PHONE_QUEST_CONTROL [3msize_dp[0m[2m=[0mVec2(86.90909, 48.0) [3mcenter_dp[0m[2m=[0mVec2(645.63635, 344.7273)
10-02 18:36:46.824 18716 18738 I RustStdoutStderr: [2m2026-10-02T10:36:46.823921Z[0m [32m INFO[0m [2mmir2_platform_android::phone_quests[0m[2m:[0m ANDROID_PHONE_QUEST_CONTROL [3msize_dp[0m[2m=[0mVec2(192.0, 48.0) [3mcenter_dp[0m[2m=[0mVec2(393.4545, 290.54544)
10-02 18:36:46.824 18716 18738 I RustStdoutStderr: [2m2026-10-02T10:36:46.823924Z[0m [32m INFO[0m [2mmir2_platform_android::phone_quests[0m[2m:[0m ANDROID_PHONE_QUEST_CONTROL [3msize_dp[0m[2m=[0mVec2(191.63637, 48.0) [3mcenter_dp[0m[2m=[0mVec2(593.2727, 290.54544)
10-02 18:36:46.824 18716 18738 I RustStdoutStderr: [2m2026-10-02T10:36:46.823928Z[0m [32m INFO[0m [2mmir2_platform_android::phone_quests[0m[2m:[0m ANDROID_PHONE_QUEST_CONTROL [3msize_dp[0m[2m=[0mVec2(165.81818, 68.36364) [3mcenter_dp[0m[2m=[0mVec2(388.3636, 201.45454)
10-02 18:36:46.824 18716 18738 I RustStdoutStderr: [2m2026-10-02T10:36:46.823932Z[0m [32m INFO[0m [2mmir2_platform_android::phone_quests[0m[2m:[0m ANDROID_PHONE_QUEST_SCROLL [3msize_dp[0m[2m=[0mVec2(181.81818, 236.36363) [3mcontent_dp[0m[2m=[0mVec2(181.81818, 236.36363) [3moffset[0m[2m=[0mVec2(0.0, 0.0)
10-02 18:36:46.824 18716 18738 I RustStdoutStderr: [2m2026-10-02T10:36:46.823936Z[0m [32m INFO[0m [2mmir2_platform_android::phone_quests[0m[2m:[0m ANDROID_PHONE_QUEST_SCROLL [3msize_dp[0m[2m=[0mVec2(181.81818, 236.36363) [3mcontent_dp[0m[2m=[0mVec2(181.81818, 249.81818) [3moffset[0m[2m=[0mVec2(0.0, 0.0)
10-02 18:36:46.824 18716 18738 I RustStdoutStderr: [2m2026-10-02T10:36:46.823940Z[0m [32m INFO[0m [2mmir2_platform_android::phone_quests[0m[2m:[0m ANDROID_PHONE_QUEST_SCROLL [3msize_dp[0m[2m=[0mVec2(391.63635, 211.27272) [3mcontent_dp[0m[2m=[0mVec2(391.63635, 856.0) [3moffset[0m[2m=[0mVec2(0.0, 0.0)
10-02 18:36:46.824 18716 18743 I event src/phone_hud.rs:173: ANDROID_PHONE_TEXT_LAYOUTfont = TextFont { font: SystemUi, font_size: Px(23.466667), weight: FontWeight(400), width: FontWidth(1.0), style: Normal, font_smoothing: AntiAliased, font_features: FontFeatures { features: [] }, font_variations: FontVariations { variations: [] } }; color = TextColor(Srgba(Srgba { red: 0.96, green: 0.85, blue: 0.61, alpha: 1.0 })); glyph_masks = [true, true, true, true];
10-02 18:36:47.313 18716 18739 D EGL_emulation: app_time_stats: avg=12.97ms min=11.69ms max=21.04ms count=60
10-02 18:36:48.326 18716 18739 D EGL_emulation: app_time_stats: avg=12.30ms min=11.00ms max=14.90ms count=61
10-02 18:36:49.328 18716 18739 D EGL_emulation: app_time_stats: avg=12.53ms min=11.16ms max=16.78ms count=60
10-02 18:36:49.499 18716 18739 I event src/ui_preview.rs:482: ANDROID_REMOTE_BACKSTEP_DIAGNOSTICSdiagnostics = {"enabled":true,"nowMs":1790937409498.4563,"moveClockPulseId":41,"moveClockNextPulseMs":1790937409581.3643,"entryCount":0,"activeEntryCount":0,"processedEventCount":0,"remoteMotionEventCount":0,"remoteRemoveEventCount":0,"ignoredEventCount":0,"staleEventCount":0,"disabledEventCount":0,"pendingEventDropCount":0,"entryEvictionCount":0,"decodeErrorCount":0,"lastDecodeError":null,"offsetQueryCount":0,"offsetMatchCount":0,"targetMismatchCount":0,"inactiveFallbackCount":0,"entries":[]};
10-02 18:36:49.499 18716 18738 I RustStdoutStderr: [2m2026-10-02T10:36:49.499298Z[0m [32m INFO[0m [2mmir2_platform_android::ui_preview[0m[2m:[0m ANDROID_REMOTE_BACKSTEP_DIAGNOSTICS [3mdiagnostics[0m[2m=[0m{"enabled":true,"nowMs":1790937409498.4563,"moveClockPulseId":41,"moveClockNextPulseMs":1790937409581.3643,"entryCount":0,"activeEntryCount":0,"processedEventCount":0,"remoteMotionEventCount":0,"remoteRemoveEventCount":0,"ignoredEventCount":0,"staleEventCount":0,"disabledEventCount":0,"pendingEventDropCount":0,"entryEvictionCount":0,"decodeErrorCount":0,"lastDecodeError":null,"offsetQueryCount":0,"offsetMatchCount":0,"targetMismatchCount":0,"inactiveFallbackCount":0,"entries":[]}
10-02 18:36:50.346 18716 18739 D EGL_emulation: app_time_stats: avg=12.47ms min=11.06ms max=15.17ms count=61
10-02 18:36:50.701 18716 18762 D ProfileInstaller: Installing profile for com.mir2.web3.uipreview
10-02 18:36:51.360 18716 18739 D EGL_emulation: app_time_stats: avg=12.94ms min=11.41ms max=17.79ms count=61
10-02 18:36:52.377 18716 18739 D EGL_emulation: app_time_stats: avg=13.00ms min=11.66ms max=16.16ms count=61
10-02 18:36:53.378 18716 18739 D EGL_emulation: app_time_stats: avg=13.55ms min=11.18ms max=55.01ms count=57
10-02 18:36:54.395 18716 18739 D EGL_emulation: app_time_stats: avg=12.35ms min=11.11ms max=14.66ms count=61
10-02 18:36:55.414 18716 18739 D EGL_emulation: app_time_stats: avg=12.52ms min=11.19ms max=15.60ms count=61
10-02 18:36:56.428 18716 18739 D EGL_emulation: app_time_stats: avg=12.76ms min=11.63ms max=15.29ms count=61
10-02 18:36:57.446 18716 18739 D EGL_emulation: app_time_stats: avg=12.67ms min=11.23ms max=14.98ms count=61
10-02 18:36:58.459 18716 18739 D EGL_emulation: app_time_stats: avg=12.78ms min=11.44ms max=14.68ms count=61
10-02 18:36:59.479 18716 18739 D EGL_emulation: app_time_stats: avg=12.92ms min=11.31ms max=17.08ms count=61
10-02 18:37:00.481 18716 18739 D EGL_emulation: app_time_stats: avg=12.33ms min=11.16ms max=14.50ms count=60
10-02 18:37:01.493 18716 18739 D EGL_emulation: app_time_stats: avg=13.03ms min=11.55ms max=18.08ms count=61
10-02 18:37:02.509 18716 18739 D EGL_emulation: app_time_stats: avg=12.48ms min=11.32ms max=13.63ms count=61
10-02 18:37:03.510 18716 18739 D EGL_emulation: app_time_stats: avg=13.00ms min=11.85ms max=17.48ms count=60
10-02 18:37:04.510 18716 18739 D EGL_emulation: app_time_stats: avg=12.90ms min=11.34ms max=16.94ms count=60
10-02 18:37:05.527 18716 18739 D EGL_emulation: app_time_stats: avg=13.13ms min=11.71ms max=31.23ms count=60
10-02 18:37:06.528 18716 18739 D EGL_emulation: app_time_stats: avg=12.50ms min=11.33ms max=14.74ms count=60
10-02 18:37:07.544 18716 18739 D EGL_emulation: app_time_stats: avg=13.11ms min=11.69ms max=15.22ms count=61
10-02 18:37:08.563 18716 18739 D EGL_emulation: app_time_stats: avg=13.55ms min=11.30ms max=33.83ms count=60
10-02 18:37:09.577 18716 18739 D EGL_emulation: app_time_stats: avg=12.94ms min=11.69ms max=15.32ms count=61
10-02 18:37:10.594 18716 18739 D EGL_emulation: app_time_stats: avg=12.19ms min=11.14ms max=13.62ms count=61
10-02 18:37:11.613 18716 18739 D EGL_emulation: app_time_stats: avg=12.72ms min=11.40ms max=15.46ms count=61
10-02 18:37:12.626 18716 18739 D EGL_emulation: app_time_stats: avg=12.77ms min=11.35ms max=14.86ms count=61
10-02 18:37:13.627 18716 18739 D EGL_emulation: app_time_stats: avg=12.19ms min=10.90ms max=14.09ms count=60
10-02 18:37:14.643 18716 18739 D EGL_emulation: app_time_stats: avg=12.25ms min=11.25ms max=13.69ms count=61
10-02 18:37:15.645 18716 18739 D EGL_emulation: app_time_stats: avg=12.50ms min=11.46ms max=14.85ms count=60
10-02 18:37:16.648 18716 18739 D EGL_emulation: app_time_stats: avg=12.42ms min=11.09ms max=14.96ms count=60
10-02 18:37:17.659 18716 18739 D EGL_emulation: app_time_stats: avg=12.98ms min=11.50ms max=19.04ms count=61
10-02 18:37:18.660 18716 18739 D EGL_emulation: app_time_stats: avg=12.75ms min=11.20ms max=15.18ms count=60
10-02 18:37:19.677 18716 18739 D EGL_emulation: app_time_stats: avg=12.35ms min=11.41ms max=14.06ms count=61
10-02 18:37:20.691 18716 18739 D EGL_emulation: app_time_stats: avg=12.27ms min=11.14ms max=15.22ms count=61
10-02 18:37:21.694 18716 18739 D EGL_emulation: app_time_stats: avg=12.71ms min=11.33ms max=16.14ms count=60
10-02 18:37:22.697 18716 18739 D EGL_emulation: app_time_stats: avg=13.42ms min=11.57ms max=16.35ms count=60
10-02 18:37:23.712 18716 18739 D EGL_emulation: app_time_stats: avg=13.49ms min=11.28ms max=40.37ms count=60
10-02 18:37:24.727 18716 18739 D EGL_emulation: app_time_stats: avg=13.53ms min=12.00ms max=16.53ms count=61
10-02 18:37:25.730 18716 18739 D EGL_emulation: app_time_stats: avg=14.61ms min=12.23ms max=31.44ms count=59
10-02 18:37:26.743 18716 18739 D EGL_emulation: app_time_stats: avg=13.02ms min=11.23ms max=16.18ms count=61
10-02 18:37:27.743 18716 18739 D EGL_emulation: app_time_stats: avg=12.84ms min=11.58ms max=15.80ms count=60
10-02 18:37:28.743 18716 18739 D EGL_emulation: app_time_stats: avg=12.85ms min=11.48ms max=14.92ms count=60
10-02 18:37:29.744 18716 18739 D EGL_emulation: app_time_stats: avg=13.31ms min=12.02ms max=15.90ms count=60
10-02 18:37:30.761 18716 18739 D EGL_emulation: app_time_stats: avg=13.12ms min=11.87ms max=14.98ms count=61
10-02 18:37:31.779 18716 18739 D EGL_emulation: app_time_stats: avg=13.85ms min=12.05ms max=16.72ms count=61
10-02 18:37:32.780 18716 18739 D EGL_emulation: app_time_stats: avg=15.66ms min=11.91ms max=53.52ms count=56
10-02 18:37:33.780 18716 18739 D EGL_emulation: app_time_stats: avg=13.66ms min=11.54ms max=16.41ms count=60
10-02 18:37:34.795 18716 18739 D EGL_emulation: app_time_stats: avg=13.47ms min=11.52ms max=17.58ms count=61
10-02 18:37:35.812 18716 18739 D EGL_emulation: app_time_stats: avg=13.79ms min=11.33ms max=18.69ms count=61
10-02 18:37:36.828 18716 18739 D EGL_emulation: app_time_stats: avg=13.34ms min=11.74ms max=27.70ms count=61
10-02 18:37:37.843 18716 18739 D EGL_emulation: app_time_stats: avg=13.10ms min=11.95ms max=14.70ms count=61
10-02 18:37:38.843 18716 18739 D EGL_emulation: app_time_stats: avg=13.49ms min=11.19ms max=16.24ms count=60
10-02 18:37:39.848 18716 18739 D EGL_emulation: app_time_stats: avg=13.70ms min=11.94ms max=26.19ms count=59
10-02 18:37:40.860 18716 18739 D EGL_emulation: app_time_stats: avg=13.06ms min=11.54ms max=15.47ms count=61
10-02 18:37:41.879 18716 18739 D EGL_emulation: app_time_stats: avg=12.61ms min=11.13ms max=15.97ms count=61
10-02 18:37:42.892 18716 18739 D EGL_emulation: app_time_stats: avg=13.03ms min=11.47ms max=15.41ms count=61
10-02 18:37:43.893 18716 18739 D EGL_emulation: app_time_stats: avg=13.89ms min=11.73ms max=19.53ms count=60
10-02 18:37:44.893 18716 18739 D EGL_emulation: app_time_stats: avg=13.24ms min=11.41ms max=17.47ms count=60
10-02 18:37:45.895 18716 18739 D EGL_emulation: app_time_stats: avg=13.40ms min=11.46ms max=16.01ms count=60
10-02 18:37:46.911 18716 18739 D EGL_emulation: app_time_stats: avg=13.40ms min=11.69ms max=15.45ms count=61
10-02 18:37:47.926 18716 18739 D EGL_emulation: app_time_stats: avg=13.48ms min=11.73ms max=16.68ms count=61
10-02 18:37:48.929 18716 18739 D EGL_emulation: app_time_stats: avg=13.05ms min=11.39ms max=16.34ms count=60
10-02 18:37:49.932 18716 18739 D EGL_emulation: app_time_stats: avg=13.79ms min=9.37ms max=19.19ms count=60
10-02 18:37:50.944 18716 18739 D EGL_emulation: app_time_stats: avg=13.65ms min=11.63ms max=15.75ms count=61
10-02 18:37:51.958 18716 18739 D EGL_emulation: app_time_stats: avg=13.50ms min=11.64ms max=22.86ms count=61
10-02 18:37:52.959 18716 18739 D EGL_emulation: app_time_stats: avg=13.57ms min=11.52ms max=19.84ms count=60
10-02 18:37:53.959 18716 18739 D EGL_emulation: app_time_stats: avg=13.81ms min=11.22ms max=31.67ms count=59
10-02 18:37:54.976 18716 18739 D EGL_emulation: app_time_stats: avg=12.36ms min=11.16ms max=15.76ms count=61
10-02 18:37:55.979 18716 18739 D EGL_emulation: app_time_stats: avg=13.37ms min=11.23ms max=32.77ms count=59
10-02 18:37:56.995 18716 18739 D EGL_emulation: app_time_stats: avg=12.73ms min=11.40ms max=14.82ms count=61
10-02 18:37:58.010 18716 18739 D EGL_emulation: app_time_stats: avg=13.11ms min=11.60ms max=16.08ms count=61
10-02 18:37:59.027 18716 18739 D EGL_emulation: app_time_stats: avg=12.71ms min=11.17ms max=14.66ms count=61
10-02 18:38:00.028 18716 18739 D EGL_emulation: app_time_stats: avg=12.99ms min=11.17ms max=18.33ms count=60
10-02 18:38:01.043 18716 18739 D EGL_emulation: app_time_stats: avg=12.49ms min=11.00ms max=14.90ms count=61
10-02 18:38:02.043 18716 18739 D EGL_emulation: app_time_stats: avg=12.37ms min=11.13ms max=14.18ms count=60
10-02 18:38:03.047 18716 18739 D EGL_emulation: app_time_stats: avg=12.94ms min=11.01ms max=15.89ms count=60
10-02 18:38:04.060 18716 18739 D EGL_emulation: app_time_stats: avg=13.50ms min=11.47ms max=24.79ms count=61
10-02 18:38:05.080 18716 18739 D EGL_emulation: app_time_stats: avg=13.25ms min=11.18ms max=30.59ms count=60
10-02 18:38:06.093 18716 18739 D EGL_emulation: app_time_stats: avg=12.78ms min=11.43ms max=19.75ms count=61
10-02 18:38:07.093 18716 18739 D EGL_emulation: app_time_stats: avg=12.58ms min=11.17ms max=14.00ms count=60
10-02 18:38:08.110 18716 18739 D EGL_emulation: app_time_stats: avg=12.35ms min=11.41ms max=14.04ms count=61
10-02 18:38:09.111 18716 18739 D EGL_emulation: app_time_stats: avg=12.30ms min=11.10ms max=15.09ms count=60
10-02 18:38:10.132 18716 18739 D EGL_emulation: app_time_stats: avg=12.90ms min=11.27ms max=29.53ms count=60
10-02 18:38:11.147 18716 18739 D EGL_emulation: app_time_stats: avg=12.61ms min=11.29ms max=14.52ms count=61
10-02 18:38:12.159 18716 18739 D EGL_emulation: app_time_stats: avg=12.45ms min=11.24ms max=15.91ms count=61
10-02 18:38:13.159 18716 18739 D EGL_emulation: app_time_stats: avg=12.46ms min=11.58ms max=14.64ms count=60
10-02 18:38:14.159 18716 18739 D EGL_emulation: app_time_stats: avg=12.27ms min=11.06ms max=13.82ms count=60
10-02 18:38:15.179 18716 18739 D EGL_emulation: app_time_stats: avg=12.26ms min=11.37ms max=13.60ms count=61
10-02 18:38:16.193 18716 18739 D EGL_emulation: app_time_stats: avg=12.14ms min=11.16ms max=13.91ms count=61
10-02 18:38:17.193 18716 18739 D EGL_emulation: app_time_stats: avg=12.58ms min=11.26ms max=15.56ms count=60
10-02 18:38:18.209 18716 18739 D EGL_emulation: app_time_stats: avg=12.67ms min=11.62ms max=17.61ms count=61
10-02 18:38:19.209 18716 18739 D EGL_emulation: app_time_stats: avg=12.41ms min=11.24ms max=15.63ms count=60
10-02 18:38:20.227 18716 18739 D EGL_emulation: app_time_stats: avg=12.35ms min=10.88ms max=13.75ms count=61
10-02 18:38:21.228 18716 18739 D EGL_emulation: app_time_stats: avg=12.61ms min=11.51ms max=16.13ms count=60
10-02 18:38:22.228 18716 18739 D EGL_emulation: app_time_stats: avg=12.34ms min=11.40ms max=14.09ms count=60
10-02 18:38:23.243 18716 18739 D EGL_emulation: app_time_stats: avg=12.51ms min=11.28ms max=14.10ms count=61
10-02 18:38:24.244 18716 18739 D EGL_emulation: app_time_stats: avg=12.88ms min=11.32ms max=14.83ms count=60
10-02 18:38:25.245 18716 18739 D EGL_emulation: app_time_stats: avg=12.49ms min=10.95ms max=14.67ms count=60
10-02 18:38:26.260 18716 18739 D EGL_emulation: app_time_stats: avg=12.26ms min=10.92ms max=15.56ms count=61
10-02 18:38:27.261 18716 18739 D EGL_emulation: app_time_stats: avg=12.26ms min=11.43ms max=13.61ms count=60
10-02 18:38:28.276 18716 18739 D EGL_emulation: app_time_stats: avg=12.58ms min=10.96ms max=29.50ms count=61
10-02 18:38:29.278 18716 18739 D EGL_emulation: app_time_stats: avg=12.32ms min=11.21ms max=13.50ms count=60
10-02 18:38:30.294 18716 18739 D EGL_emulation: app_time_stats: avg=12.61ms min=11.09ms max=14.57ms count=61
10-02 18:38:31.311 18716 18739 D EGL_emulation: app_time_stats: avg=12.54ms min=11.20ms max=14.92ms count=61
10-02 18:38:32.312 18716 18739 D EGL_emulation: app_time_stats: avg=12.16ms min=11.42ms max=13.91ms count=60
10-02 18:38:33.312 18716 18739 D EGL_emulation: app_time_stats: avg=12.61ms min=11.26ms max=27.45ms count=60
10-02 18:38:34.326 18716 18739 D EGL_emulation: app_time_stats: avg=12.38ms min=11.14ms max=14.05ms count=61
10-02 18:38:35.327 18716 18739 D EGL_emulation: app_time_stats: avg=12.61ms min=10.94ms max=18.15ms count=60
10-02 18:38:36.346 18716 18739 D EGL_emulation: app_time_stats: avg=12.66ms min=11.07ms max=15.18ms count=61
10-02 18:38:37.361 18716 18739 D EGL_emulation: app_time_stats: avg=12.85ms min=11.46ms max=15.86ms count=61
10-02 18:38:38.378 18716 18739 D EGL_emulation: app_time_stats: avg=12.22ms min=11.22ms max=14.82ms count=61
10-02 18:38:39.378 18716 18739 D EGL_emulation: app_time_stats: avg=14.27ms min=11.50ms max=40.15ms count=57
10-02 18:38:40.392 18716 18739 D EGL_emulation: app_time_stats: avg=12.79ms min=11.36ms max=14.91ms count=61
10-02 18:38:41.393 18716 18739 D EGL_emulation: app_time_stats: avg=12.51ms min=11.23ms max=15.96ms count=60
10-02 18:38:42.393 18716 18739 D EGL_emulation: app_time_stats: avg=12.37ms min=11.04ms max=14.50ms count=60
10-02 18:38:43.394 18716 18739 D EGL_emulation: app_time_stats: avg=12.77ms min=11.22ms max=16.05ms count=60
10-02 18:38:44.416 18716 18739 D EGL_emulation: app_time_stats: avg=13.11ms min=11.58ms max=17.26ms count=61
10-02 18:38:45.426 18716 18739 D EGL_emulation: app_time_stats: avg=13.04ms min=11.66ms max=16.12ms count=61
10-02 18:38:46.428 18716 18739 D EGL_emulation: app_time_stats: avg=13.02ms min=11.19ms max=17.45ms count=60
10-02 18:38:47.445 18716 18739 D EGL_emulation: app_time_stats: avg=12.39ms min=11.12ms max=14.77ms count=61
10-02 18:38:48.459 18716 18739 D EGL_emulation: app_time_stats: avg=12.65ms min=11.43ms max=16.60ms count=61
10-02 18:38:49.461 18716 18739 D EGL_emulation: app_time_stats: avg=12.66ms min=11.12ms max=15.09ms count=60
10-02 18:38:50.478 18716 18739 D EGL_emulation: app_time_stats: avg=13.04ms min=11.69ms max=17.22ms count=61
10-02 18:38:51.493 18716 18739 D EGL_emulation: app_time_stats: avg=12.67ms min=11.27ms max=16.04ms count=61
10-02 18:38:52.513 18716 18739 D EGL_emulation: app_time_stats: avg=12.99ms min=11.60ms max=17.06ms count=61
10-02 18:38:53.528 18716 18739 D EGL_emulation: app_time_stats: avg=12.50ms min=11.08ms max=14.83ms count=61
10-02 18:38:54.545 18716 18739 D EGL_emulation: app_time_stats: avg=12.16ms min=11.33ms max=14.10ms count=61
10-02 18:38:55.559 18716 18739 D EGL_emulation: app_time_stats: avg=12.43ms min=11.56ms max=14.29ms count=61
10-02 18:38:56.560 18716 18739 D EGL_emulation: app_time_stats: avg=13.26ms min=11.60ms max=31.21ms count=60
10-02 18:38:57.581 18716 18739 D EGL_emulation: app_time_stats: avg=12.97ms min=11.45ms max=14.96ms count=61
10-02 18:38:58.593 18716 18739 D EGL_emulation: app_time_stats: avg=12.46ms min=11.36ms max=14.88ms count=61
10-02 18:38:59.609 18716 18739 D EGL_emulation: app_time_stats: avg=12.31ms min=11.27ms max=15.07ms count=61
10-02 18:39:00.611 18716 18739 D EGL_emulation: app_time_stats: avg=12.70ms min=11.61ms max=14.99ms count=60
10-02 18:39:01.613 18716 18739 D EGL_emulation: app_time_stats: avg=12.70ms min=11.16ms max=15.66ms count=60
10-02 18:39:02.625 18716 18739 D EGL_emulation: app_time_stats: avg=13.32ms min=11.58ms max=24.12ms count=61
10-02 18:39:03.628 18716 18739 D EGL_emulation: app_time_stats: avg=13.10ms min=11.49ms max=16.86ms count=60
10-02 18:39:04.644 18716 18739 D EGL_emulation: app_time_stats: avg=12.57ms min=11.37ms max=15.10ms count=61
10-02 18:39:05.647 18716 18739 D EGL_emulation: app_time_stats: avg=12.39ms min=11.35ms max=14.61ms count=60
10-02 18:39:06.663 18716 18739 D EGL_emulation: app_time_stats: avg=12.60ms min=11.42ms max=15.54ms count=61
10-02 18:39:07.677 18716 18739 D EGL_emulation: app_time_stats: avg=12.75ms min=11.42ms max=16.11ms count=61
10-02 18:39:08.677 18716 18739 D EGL_emulation: app_time_stats: avg=12.55ms min=11.64ms max=14.67ms count=60
10-02 18:39:09.679 18716 18739 D EGL_emulation: app_time_stats: avg=12.77ms min=11.39ms max=15.48ms count=60
10-02 18:39:10.692 18716 18739 D EGL_emulation: app_time_stats: avg=12.42ms min=10.95ms max=15.00ms count=61
10-02 18:39:11.693 18716 18739 D EGL_emulation: app_time_stats: avg=12.37ms min=10.78ms max=14.72ms count=60
10-02 18:39:12.710 18716 18739 D EGL_emulation: app_time_stats: avg=12.25ms min=11.14ms max=13.70ms count=61
10-02 18:39:13.711 18716 18739 D EGL_emulation: app_time_stats: avg=12.56ms min=11.21ms max=15.20ms count=60
10-02 18:39:14.726 18716 18739 D EGL_emulation: app_time_stats: avg=12.62ms min=11.25ms max=15.22ms count=61
10-02 18:39:15.727 18716 18739 D EGL_emulation: app_time_stats: avg=13.18ms min=11.40ms max=16.90ms count=60
10-02 18:39:16.743 18716 18739 D EGL_emulation: app_time_stats: avg=12.87ms min=11.34ms max=14.34ms count=61
10-02 18:39:17.748 18716 18739 D EGL_emulation: app_time_stats: avg=12.87ms min=11.64ms max=19.14ms count=60
10-02 18:39:18.759 18716 18739 D EGL_emulation: app_time_stats: avg=13.03ms min=11.50ms max=32.66ms count=60
10-02 18:39:19.760 18716 18739 D EGL_emulation: app_time_stats: avg=12.41ms min=11.24ms max=14.07ms count=60
10-02 18:39:20.776 18716 18739 D EGL_emulation: app_time_stats: avg=12.42ms min=11.18ms max=14.87ms count=61
10-02 18:39:21.777 18716 18739 D EGL_emulation: app_time_stats: avg=12.36ms min=11.21ms max=14.90ms count=60
10-02 18:39:22.778 18716 18739 D EGL_emulation: app_time_stats: avg=12.51ms min=11.45ms max=14.24ms count=60
10-02 18:39:23.794 18716 18739 D EGL_emulation: app_time_stats: avg=13.32ms min=11.83ms max=21.71ms count=61
10-02 18:39:24.813 18716 18739 D EGL_emulation: app_time_stats: avg=13.75ms min=12.13ms max=30.17ms count=61
10-02 18:39:25.828 18716 18739 D EGL_emulation: app_time_stats: avg=14.19ms min=11.96ms max=35.08ms count=59
10-02 18:39:26.829 18716 18739 D EGL_emulation: app_time_stats: avg=13.57ms min=11.95ms max=16.43ms count=60
10-02 18:39:27.841 18716 18739 D EGL_emulation: app_time_stats: avg=13.43ms min=11.89ms max=26.90ms count=60
10-02 18:39:28.102 18716 18716 V threaded_app: Pause: 0xb40000753583ecb0
10-02 18:39:28.126 18716 18739 V threaded_app: activityState=14
10-02 18:39:28.130 18716 18716 V threaded_app: WindowFocusChanged: 0xb40000753583ecb0 -- 0
10-02 18:39:28.529 18716 18716 V threaded_app: NativeWindowDestroyed: 0xb40000753583ecb0 -- 0xb4000075c59f2560
10-02 18:39:28.529 18716 18716 V threaded_app: android_app_set_window called
10-02 18:39:28.529 18716 18739 V threaded_app: APP_CMD_TERM_WINDOW
10-02 18:39:28.544 18716 18743 D HostConnection: createUnique: call
10-02 18:39:28.544 18716 18743 D HostConnection: HostConnection::get() New Host Connection established 0xb4000074d5857490, tid 18743
10-02 18:39:28.547 18716 18743 D HostConnection: HostComposition ext ANDROID_EMU_CHECKSUM_HELPER_v1 ANDROID_EMU_native_sync_v2 ANDROID_EMU_native_sync_v3 ANDROID_EMU_native_sync_v4 ANDROID_EMU_dma_v1 ANDROID_EMU_direct_mem ANDROID_EMU_host_composition_v1 ANDROID_EMU_host_composition_v2 ANDROID_EMU_vulkan ANDROID_EMU_deferred_vulkan_commands ANDROID_EMU_vulkan_null_optional_strings ANDROID_EMU_vulkan_create_resources_with_requirements ANDROID_EMU_YUV_Cache ANDROID_EMU_vulkan_ignored_handles ANDROID_EMU_has_shared_slots_host_memory_allocator ANDROID_EMU_vulkan_free_memory_sync ANDROID_EMU_vulkan_shader_float16_int8 ANDROID_EMU_vulkan_async_queue_submit ANDROID_EMU_vulkan_queue_submit_with_commands ANDROID_EMU_sync_buffer_data ANDROID_EMU_vulkan_async_qsri ANDROID_EMU_read_color_buffer_dma ANDROID_EMU_hwc_color_transform GL_OES_EGL_image_external_essl3 GL_OES_vertex_array_object ANDROID_EMU_host_side_tracing ANDROID_EMU_gles_max_version_3_0 
10-02 18:39:28.547 18716 18743 D EGL_emulation: eglMakeCurrent: 0xb4000074d583bd10: ver 3 0 (tinfo 0x76fbc37180) (first time)
10-02 18:39:28.550 18716 18739 V threaded_app: APP_CMD_TERM_WINDOW
10-02 18:39:28.561 18716 18716 V threaded_app: TrimMemory: 0xb40000753583ecb0 20
10-02 18:39:28.564 18716 18716 V threaded_app: Stop: 0xb40000753583ecb0
10-02 18:39:28.564 18716 18739 V threaded_app: activityState=15
10-02 18:39:28.564 18716 18739 W event /Users/henryliu/.cargo/registry/src/index.crates.io-1949cf8c6b5b557f/winit-0.30.13/src/pTODO: forward onStop notification to application
10-02 18:39:28.565 18716 18716 V threaded_app: SaveInstanceState: 0xb40000753583ecb0
10-02 18:39:28.565 18716 18739 W event /Users/henryliu/.cargo/registry/src/index.crates.io-1949cf8c6b5b557f/winit-0.30.13/src/pTODO: forward saveState notification to application
10-02 18:39:28.565 18716 18739 V threaded_app: APP_CMD_SAVE_STATE
10-02 18:39:28.565 18716 18738 I RustStdoutStderr: [2m2026-10-02T10:39:28.564965Z[0m [33m WARN[0m [2mwinit::platform_impl::android[0m[2m:[0m TODO: forward onStop notification to application
10-02 18:39:28.565 18716 18738 I RustStdoutStderr: [2m2026-10-02T10:39:28.565318Z[0m [33m WARN[0m [2mwinit::platform_impl::android[0m[2m:[0m TODO: forward saveState notification to application
10-02 18:39:29.132 18716 18716 V GameActivity: onImeInsetsChanged from Text Listener
10-02 18:39:29.132 18716 18716 V threaded_app: WindowInsetsChanged: 0xb40000753583ecb0
10-02 18:39:29.132 18716 18739 W event /Users/henryliu/.cargo/registry/src/index.crates.io-1949cf8c6b5b557f/winit-0.30.13/src/pTODO: handle Android InsetsChanged notification
10-02 18:39:29.133 18716 18738 I RustStdoutStderr: [2m2026-10-02T10:39:29.132846Z[0m [33m WARN[0m [2mwinit::platform_impl::android[0m[2m:[0m TODO: handle Android InsetsChanged notification
10-02 18:39:29.134 18716 18716 V GameActivity: onStart_native
10-02 18:39:29.134 18716 18716 V threaded_app: Start: 0xb40000753583ecb0
10-02 18:39:29.134 18716 18739 V threaded_app: activityState=11
10-02 18:39:29.134 18716 18739 W event /Users/henryliu/.cargo/registry/src/index.crates.io-1949cf8c6b5b557f/winit-0.30.13/src/pTODO: forward onStart notification to application
10-02 18:39:29.134 18716 18738 I RustStdoutStderr: [2m2026-10-02T10:39:29.134541Z[0m [33m WARN[0m [2mwinit::platform_impl::android[0m[2m:[0m TODO: forward onStart notification to application
10-02 18:39:29.135 18716 18716 V threaded_app: Resume: 0xb40000753583ecb0
10-02 18:39:29.135 18716 18739 V threaded_app: activityState=12
10-02 18:39:29.151 18716 18716 V GameActivity: onImeInsetsChanged from Text Listener
10-02 18:39:29.151 18716 18716 V threaded_app: WindowInsetsChanged: 0xb40000753583ecb0
10-02 18:39:29.151 18716 18739 W event /Users/henryliu/.cargo/registry/src/index.crates.io-1949cf8c6b5b557f/winit-0.30.13/src/pTODO: handle Android InsetsChanged notification
10-02 18:39:29.151 18716 18738 I RustStdoutStderr: [2m2026-10-02T10:39:29.151322Z[0m [33m WARN[0m [2mwinit::platform_impl::android[0m[2m:[0m TODO: handle Android InsetsChanged notification
10-02 18:39:29.154 18716 18716 V GameActivity: onSurfaceCreated_native
10-02 18:39:29.154 18716 18716 V threaded_app: NativeWindowCreated: 0xb40000753583ecb0 -- 0xb4000075c59f2560
10-02 18:39:29.154 18716 18716 V threaded_app: android_app_set_window called
10-02 18:39:29.154 18716 18739 V threaded_app: APP_CMD_INIT_WINDOW
10-02 18:39:29.155 18716 18716 V threaded_app: NativeWindowRedrawNeeded: 0xb40000753583ecb0 -- 0xb4000075c59f2560
10-02 18:39:29.173 18716 18716 V threaded_app: WindowFocusChanged: 0xb40000753583ecb0 -- 1
10-02 18:39:29.180 18716 18716 V GameActivity: onImeInsetsChanged from Text Listener
10-02 18:39:29.180 18716 18716 V threaded_app: WindowInsetsChanged: 0xb40000753583ecb0
10-02 18:39:29.198 18716 18739 W event /Users/henryliu/.cargo/registry/src/index.crates.io-1949cf8c6b5b557f/winit-0.30.13/src/pTODO: handle Android InsetsChanged notification
10-02 18:39:29.199 18716 18738 I RustStdoutStderr: [2m2026-10-02T10:39:29.198723Z[0m [33m WARN[0m [2mwinit::platform_impl::android[0m[2m:[0m TODO: handle Android InsetsChanged notification
10-02 18:39:30.245 18716 18739 D EGL_emulation: app_time_stats: avg=15.39ms min=11.33ms max=55.88ms count=61
10-02 18:39:31.252 18716 18739 D EGL_emulation: app_time_stats: avg=13.77ms min=11.52ms max=37.37ms count=59
10-02 18:39:32.260 18716 18739 D EGL_emulation: app_time_stats: avg=13.42ms min=11.75ms max=18.25ms count=61
10-02 18:39:33.268 18716 18739 D EGL_emulation: app_time_stats: avg=14.10ms min=11.67ms max=21.94ms count=60
