warning: multiple variants are never constructed
    --> /Users/henryliu/obelisk/numeron-worktrees/android-player-journey/mir2-web3/apps/game-client/client-bevy/src/crystal_ui/overlays.rs:2178:5
     |
2157 | enum OverlayButton {
     |      ------------- variants in this enum
...
2178 |     ToggleInventory,
     |     ^^^^^^^^^^^^^^^
2179 |     ToggleEquipment,
     |     ^^^^^^^^^^^^^^^
2180 |     ToggleShop,
     |     ^^^^^^^^^^
2181 |     ToggleNpcShop,
     |     ^^^^^^^^^^^^^
2182 |     ToggleStorage,
     |     ^^^^^^^^^^^^^
...
2185 |     ToggleTrade,
     |     ^^^^^^^^^^^
...
2190 |     GroupLeave,
     |     ^^^^^^^^^^
...
2196 |     GuildRequestInfo,
     |     ^^^^^^^^^^^^^^^^
...
2207 |     GuildKickSelected,
     |     ^^^^^^^^^^^^^^^^^
...
2293 |     ShopConfirm,
     |     ^^^^^^^^^^^
     |
     = note: `OverlayButton` has derived impls for the traits `Debug` and `Clone`, but these are intentionally ignored during dead code analysis
     = note: `#[warn(dead_code)]` (part of `#[warn(unused)]`) on by default

warning: function `render_chat_draft` is never used
    --> /Users/henryliu/obelisk/numeron-worktrees/android-player-journey/mir2-web3/apps/game-client/client-bevy/src/crystal_ui/overlays.rs:9856:4
     |
9856 | fn render_chat_draft(parent: &mut ChildSpawnerCommands, draft: &str) {
     |    ^^^^^^^^^^^^^^^^^

warning: fields `side` and `slot` are never read
   --> /Users/henryliu/obelisk/numeron-worktrees/android-player-journey/mir2-web3/apps/game-client/client-bevy/src/crystal_ui/trade_dialog.rs:202:9
    |
201 | pub(super) struct TradeCell {
    |                   --------- fields in this struct
202 |     pub side: TradeSide,
    |         ^^^^
203 |     pub slot: usize,
    |         ^^^^

warning: field `0` is never read
   --> /Users/henryliu/obelisk/numeron-worktrees/android-player-journey/mir2-web3/apps/game-client/client-bevy/src/crystal_ui/trade_dialog.rs:206:29
    |
206 | pub(super) struct TradeName(pub TradeSide);
    |                   --------- ^^^^^^^^^^^^^
    |                   |
    |                   field in this struct
    |
    = help: consider removing this field

warning: field `0` is never read
   --> /Users/henryliu/obelisk/numeron-worktrees/android-player-journey/mir2-web3/apps/game-client/client-bevy/src/crystal_ui/trade_dialog.rs:208:29
    |
208 | pub(super) struct TradeGold(pub TradeSide);
    |                   --------- ^^^^^^^^^^^^^
    |                   |
    |                   field in this struct
    |
    = help: consider removing this field

warning: function `preview_rect` is never used
   --> /Users/henryliu/obelisk/numeron-worktrees/android-player-journey/mir2-web3/apps/game-client/client-bevy/src/crystal_ui/select.rs:433:4
    |
433 | fn preview_rect(frame: PreviewFrame) -> CrystalRect {
    |    ^^^^^^^^^^^^

warning: constant `BUTTON_BG` is never used
  --> /Users/henryliu/obelisk/numeron-worktrees/android-player-journey/mir2-web3/apps/game-client/client-bevy/src/native_shell_ui.rs:35:7
   |
35 | const BUTTON_BG: Color = Color::srgba(0.29, 0.19, 0.11, 1.0);
   |       ^^^^^^^^^

warning: constant `BUTTON_DISABLED` is never used
  --> /Users/henryliu/obelisk/numeron-worktrees/android-player-journey/mir2-web3/apps/game-client/client-bevy/src/native_shell_ui.rs:37:7
   |
37 | const BUTTON_DISABLED: Color = Color::srgba(0.19, 0.14, 0.10, 0.50);
   |       ^^^^^^^^^^^^^^^

warning: variants `CycleClass`, `CycleGender`, `SafeKeyFocusAccount`, and `SafeKeyFocusPassword` are never constructed
   --> /Users/henryliu/obelisk/numeron-worktrees/android-player-journey/mir2-web3/apps/game-client/client-bevy/src/native_shell_ui.rs:292:5
    |
286 | enum NativeShellButton {
    |      ----------------- variants in this enum
...
292 |     CycleClass,
    |     ^^^^^^^^^^
293 |     CycleGender,
    |     ^^^^^^^^^^^
...
299 |     SafeKeyFocusAccount,
    |     ^^^^^^^^^^^^^^^^^^^
300 |     SafeKeyFocusPassword,
    |     ^^^^^^^^^^^^^^^^^^^^

warning: function `character_preview_asset` is never used
    --> /Users/henryliu/obelisk/numeron-worktrees/android-player-journey/mir2-web3/apps/game-client/client-bevy/src/native_shell_ui.rs:1631:4
     |
1631 | fn character_preview_asset(class_name: &str, gender_name: &str) -> String {
     |    ^^^^^^^^^^^^^^^^^^^^^^^

warning: function `spawn_aux_text_button` is never used
    --> /Users/henryliu/obelisk/numeron-worktrees/android-player-journey/mir2-web3/apps/game-client/client-bevy/src/native_shell_ui.rs:1810:4
     |
1810 | fn spawn_aux_text_button(
     |    ^^^^^^^^^^^^^^^^^^^^^

warning: function `input_line` is never used
    --> /Users/henryliu/obelisk/numeron-worktrees/android-player-journey/mir2-web3/apps/game-client/client-bevy/src/native_shell_ui.rs:1863:4
     |
1863 | fn input_line(parent: &mut ChildSpawnerCommands, label: &str, value: &str, focused: bool) {
     |    ^^^^^^^^^^

warning: function `action_button` is never used
    --> /Users/henryliu/obelisk/numeron-worktrees/android-player-journey/mir2-web3/apps/game-client/client-bevy/src/native_shell_ui.rs:1899:4
     |
1899 | fn action_button(
     |    ^^^^^^^^^^^^^

warning: function `safe_key_button` is never used
    --> /Users/henryliu/obelisk/numeron-worktrees/android-player-journey/mir2-web3/apps/game-client/client-bevy/src/native_shell_ui.rs:1936:4
     |
1936 | fn safe_key_button(parent: &mut ChildSpawnerCommands, label: &str, action: NativeShellButton) {
     |    ^^^^^^^^^^^^^^^

warning: constant `QUEST_LOG_BG` is never used
  --> /Users/henryliu/obelisk/numeron-worktrees/android-player-journey/mir2-web3/apps/game-client/client-bevy/src/quest_ui.rs:44:7
   |
44 | const QUEST_LOG_BG: Color = Color::srgba(0.08, 0.06, 0.04, 0.96);
   |       ^^^^^^^^^^^^

warning: variants `SelectQuestFilter`, `QuestHelp`, `QuestPagePrevious`, and `QuestPageNext` are never constructed
   --> /Users/henryliu/obelisk/numeron-worktrees/android-player-journey/mir2-web3/apps/game-client/client-bevy/src/quest_ui.rs:841:5
    |
815 | enum QuestUiButton {
    |      ------------- variants in this enum
...
841 |     SelectQuestFilter {
    |     ^^^^^^^^^^^^^^^^^
...
844 |     QuestHelp,
    |     ^^^^^^^^^
845 |     QuestPagePrevious,
    |     ^^^^^^^^^^^^^^^^^
846 |     QuestPageNext,
    |     ^^^^^^^^^^^^^
    |
    = note: `QuestUiButton` has derived impls for the traits `Debug` and `Clone`, but these are intentionally ignored during dead code analysis

warning: function `quest_log_text_button_at` is never used
    --> /Users/henryliu/obelisk/numeron-worktrees/android-player-journey/mir2-web3/apps/game-client/client-bevy/src/quest_ui.rs:4272:4
     |
4272 | fn quest_log_text_button_at(
     |    ^^^^^^^^^^^^^^^^^^^^^^^^

warning: function `tracker_quest_block` is never used
    --> /Users/henryliu/obelisk/numeron-worktrees/android-player-journey/mir2-web3/apps/game-client/client-bevy/src/quest_ui.rs:4473:4
     |
4473 | fn tracker_quest_block(parent: &mut ChildSpawnerCommands, quest: &Quest) {
     |    ^^^^^^^^^^^^^^^^^^^

warning: function `tracker_title_line` is never used
    --> /Users/henryliu/obelisk/numeron-worktrees/android-player-journey/mir2-web3/apps/game-client/client-bevy/src/quest_ui.rs:4663:4
     |
4663 | fn tracker_title_line(parent: &mut ChildSpawnerCommands, text: &str) {
     |    ^^^^^^^^^^^^^^^^^^

warning: function `intent_from_button` is never used
    --> /Users/henryliu/obelisk/numeron-worktrees/android-player-journey/mir2-web3/apps/game-client/client-bevy/src/quest_ui.rs:4802:4
     |
4802 | fn intent_from_button(action: &QuestUiButton) -> Option<QuestUiIntent> {
     |    ^^^^^^^^^^^^^^^^^^

warning: method `file_name` is never used
  --> /Users/henryliu/obelisk/numeron-worktrees/android-player-journey/mir2-web3/apps/game-client/client-bevy/src/ui_audio.rs:26:19
   |
25 | impl NativeUiSound {
   | ------------------ method in this implementation
26 |     pub(crate) fn file_name(self) -> &'static str {
   |                   ^^^^^^^^^

warning: methods `drain_bounded` and `clear_pending` are never used
  --> /Users/henryliu/obelisk/numeron-worktrees/android-player-journey/mir2-web3/apps/game-client/client-bevy/src/ui_audio.rs:50:19
   |
42 | impl NativeUiAudioQueue {
   | ----------------------- methods in this implementation
...
50 |     pub(crate) fn drain_bounded(&mut self, max: usize) -> Vec<NativeUiSound> {
   |                   ^^^^^^^^^^^^^
...
55 |     pub(crate) fn clear_pending(&mut self) {
   |                   ^^^^^^^^^^^^^

warning: the `skill_binding:` in this pattern is redundant
    --> /Users/henryliu/obelisk/numeron-worktrees/android-player-journey/mir2-web3/apps/game-client/client-bevy/src/crystal_ui/overlays.rs:3544:9
     |
3544 |         skill_binding: mut skill_binding,
     |         ^^^^^^^^^^^^^^^^^^^^^^^^^^^^^^^^ help: use shorthand field pattern: `mut skill_binding`
     |
     = note: `#[warn(non_shorthand_field_patterns)]` on by default

warning: the `skills:` in this pattern is redundant
    --> /Users/henryliu/obelisk/numeron-worktrees/android-player-journey/mir2-web3/apps/game-client/client-bevy/src/crystal_ui/overlays.rs:3545:9
     |
3545 |         skills: mut skills,
     |         ^^^^^^^^^^^^^^^^^^ help: use shorthand field pattern: `mut skills`

warning: the `skill_persistence:` in this pattern is redundant
    --> /Users/henryliu/obelisk/numeron-worktrees/android-player-journey/mir2-web3/apps/game-client/client-bevy/src/crystal_ui/overlays.rs:3546:9
     |
3546 |         skill_persistence: mut skill_persistence,
     |         ^^^^^^^^^^^^^^^^^^^^^^^^^^^^^^^^^^^^^^^^ help: use shorthand field pattern: `mut skill_persistence`

warning: the `skill_binding:` in this pattern is redundant
    --> /Users/henryliu/obelisk/numeron-worktrees/android-player-journey/mir2-web3/apps/game-client/client-bevy/src/crystal_ui/overlays.rs:4162:17
     |
4162 |                 skill_binding: mut skill_binding,
     |                 ^^^^^^^^^^^^^^^^^^^^^^^^^^^^^^^^ help: use shorthand field pattern: `mut skill_binding`

warning: the `skills:` in this pattern is redundant
    --> /Users/henryliu/obelisk/numeron-worktrees/android-player-journey/mir2-web3/apps/game-client/client-bevy/src/crystal_ui/overlays.rs:4163:17
     |
4163 |                 skills: mut skills,
     |                 ^^^^^^^^^^^^^^^^^^ help: use shorthand field pattern: `mut skills`

warning: the `skill_persistence:` in this pattern is redundant
    --> /Users/henryliu/obelisk/numeron-worktrees/android-player-journey/mir2-web3/apps/game-client/client-bevy/src/crystal_ui/overlays.rs:4164:17
     |
4164 |                 skill_persistence: mut skill_persistence,
     |                 ^^^^^^^^^^^^^^^^^^^^^^^^^^^^^^^^^^^^^^^^ help: use shorthand field pattern: `mut skill_persistence`

warning: `mir2-client-bevy` (lib) generated 28 warnings (run `cargo fix --lib -p mir2-client-bevy` to apply 6 suggestions)
warning: function `shell_field` is never used
 --> src/text_input.rs:7:8
  |
7 | pub fn shell_field(model: &NativeShellModel) -> Option<(&'static str, &str, bool)> {
  |        ^^^^^^^^^^^
  |
  = note: `#[warn(dead_code)]` (part of `#[warn(unused)]`) on by default

warning: function `edit_shell` is never used
  --> src/text_input.rs:38:8
   |
38 | pub fn edit_shell(model: &mut NativeShellModel, field: &str, text: &str) {
   |        ^^^^^^^^^^

warning: function `player_field` is never used
   --> src/text_input.rs:114:8
    |
114 | pub fn player_field(state: &NativePlayerUiState) -> Option<(&'static str, &str, bool)> {
    |        ^^^^^^^^^^^^

warning: function `edit_player` is never used
   --> src/text_input.rs:136:8
    |
136 | pub fn edit_player(state: &mut NativePlayerUiState, field: &str, text: &str) {
    |        ^^^^^^^^^^^

   Compiling mir2-platform-android v0.1.0 (/Users/henryliu/obelisk/numeron-worktrees/android-player-journey/mir2-web3/apps/game-client/platform-android)
warning: `mir2-platform-android` (lib) generated 4 warnings
warning: struct `AndroidSharedShellPlugin` is never constructed
  --> src/shared_shell.rs:74:12
   |
74 | pub struct AndroidSharedShellPlugin;
   |            ^^^^^^^^^^^^^^^^^^^^^^^^
   |
   = note: `#[warn(dead_code)]` (part of `#[warn(unused)]`) on by default

warning: function `fit_stage` is never used
   --> src/shared_shell.rs:105:4
    |
105 | fn fit_stage(
    |    ^^^^^^^^^

warning: function `keyboard` is never used
   --> src/shared_shell.rs:366:4
    |
366 | fn keyboard(
    |    ^^^^^^^^

warning: `mir2-platform-android` (lib test) generated 3 warnings
    Finished `test` profile [unoptimized + debuginfo] target(s) in 3.94s
     Running unittests src/lib.rs (mir2-web3/apps/game-client/platform-android/target/debug/deps/mir2_platform_android-c190dea36bcae4cc)

running 1 test
test mobile_ui::tests::same_frame_tap_has_release_edge_and_does_not_hold_mouse ... FAILED

failures:

---- mobile_ui::tests::same_frame_tap_has_release_edge_and_does_not_hold_mouse stdout ----

thread 'mobile_ui::tests::same_frame_tap_has_release_edge_and_does_not_hold_mouse' (3702318) panicked at src/mobile_ui.rs:248:9:
assertion failed: mouse.just_released(MouseButton::Left)
note: run with `RUST_BACKTRACE=1` environment variable to display a backtrace


failures:
    mobile_ui::tests::same_frame_tap_has_release_edge_and_does_not_hold_mouse

test result: FAILED. 0 passed; 1 failed; 0 ignored; 0 measured; 65 filtered out; finished in 0.01s

error: test failed, to rerun pass `--lib`
