login captured
empty-roster captured
roster captured
create captured
password captured
safekey captured
delete-character captured
connecting captured
starting captured
disconnected captured
hud captured
inventory captured
character captured
skills captured
quests captured
options captured
platform captured
menu captured
gameshop captured
npcshop captured
mail captured
bigmap captured
storage captured
group captured
guild captured
trade captured
chat-settings captured
npc captured
death captured
chat captured
help captured
31 offline specimens captured; NOT live, physical-device or full interaction acceptance.
