node:internal/modules/run_main:104
    triggerUncaughtException(
    ^

AssertionError [ERR_ASSERTION]: missingMeta-Items: unexpected gate result
To honour the JVM settings for this build a single-use Daemon process will be forked. For more on this, please refer to https://docs.gradle.org/8.11.1/userguide/gradle_daemon.html#sec:disabling_the_daemon in the Gradle documentation.
Daemon will be stopped at the end of the build 
> Task :app:validateSharedUi

BUILD SUCCESSFUL in 4s
1 actionable task: 1 executed



true !== false

    at file:///Users/henryliu/obelisk/numeron-worktrees/android-shared-sync/mir2-web3/apps/game-client/platform-android/test-shared-item-assets.mjs:77:10
    at ModuleJob.run (node:internal/modules/esm/module_job:274:25)
    at async onImport.tracePromise.__proto__ (node:internal/modules/esm/loader:644:26)
    at async asyncRunEntryPointWithESMLoader (node:internal/modules/run_main:98:5) {
  generatedMessage: false,
  code: 'ERR_ASSERTION',
  actual: true,
  expected: false,
  operator: 'strictEqual'
}

Node.js v23.11.0
