TAP version 13
# Subtest: explicit objective map preference resolves equal-length dungeon routes
ok 1 - explicit objective map preference resolves equal-length dungeon routes
  ---
  duration_ms: 1.3284
  type: 'test'
  ...
# Subtest: armed q89 fallback accepts a profile-pruned route only with the exact live doorway
ok 2 - armed q89 fallback accepts a profile-pruned route only with the exact live doorway
  ---
  duration_ms: 0.3819
  type: 'test'
  ...
# Subtest: retreat route bias preserves cave-exit progress without accepting an adjacent hostile
ok 3 - retreat route bias preserves cave-exit progress without accepting an adjacent hostile
  ---
  duration_ms: 0.1583
  type: 'test'
  ...
# Subtest: direct ranged hit evidence identifies a q89 aggressor up to eight tiles away
ok 4 - direct ranged hit evidence identifies a q89 aggressor up to eight tiles away
  ---
  duration_ms: 0.7857
  type: 'test'
  ...
# Subtest: a q89 unavailable Shaman band defers and uses ordinary retreat recovery instead of ending the objective loop
ok 5 - a q89 unavailable Shaman band defers and uses ordinary retreat recovery instead of ending the objective loop
  ---
  duration_ms: 3.7684
  type: 'test'
  ...
# Subtest: q89 spawn-stall clearing reaches a certified Shaman band before its ordinary action
ok 6 - q89 spawn-stall clearing reaches a certified Shaman band before its ordinary action
  ---
  duration_ms: 29.48
  type: 'test'
  ...
# Subtest: q89 Wizard guards the real D2031-to-D2032 transit before a Run crosses the entrance Shaman halo
ok 7 - q89 Wizard guards the real D2031-to-D2032 transit before a Run crosses the entrance Shaman halo
  ---
  duration_ms: 87.438
  type: 'test'
  ...
# Subtest: q89 transit clearance aborts when a Shaman moves into its fresh cadence cells without recursive clearing
ok 8 - q89 transit clearance aborts when a Shaman moves into its fresh cadence cells without recursive clearing
  ---
  duration_ms: 1.1362
  type: 'test'
  ...
# Subtest: q89 transit blocker cap performs one recovery then terminates a still-live next halo
ok 9 - q89 transit blocker cap performs one recovery then terminates a still-live next halo
  ---
  duration_ms: 1.4241
  type: 'test'
  ...
# Subtest: q89 deferred live transit blocker does not replan the same guarded step forever
ok 10 - q89 deferred live transit blocker does not replan the same guarded step forever
  ---
  duration_ms: 1.0614
  type: 'test'
  ...
# Subtest: q89 spawn-stall blocker defers when independent quest progress removes it without a death receipt
ok 11 - q89 spawn-stall blocker defers when independent quest progress removes it without a death receipt
  ---
  duration_ms: 0.6502
  type: 'test'
  ...
# Subtest: q2 kills a live Scarecrow and trusts authoritative GingerTea progress
ok 12 - q2 kills a live Scarecrow and trusts authoritative GingerTea progress
  ---
  duration_ms: 0.4442
  type: 'test'
  ...
# Subtest: q5 completes Deer and Scarecrow kill objectives without treating monster level as a gate
ok 13 - q5 completes Deer and Scarecrow kill objectives without treating monster level as a gate
  ---
  duration_ms: 0.5157
  type: 'test'
  ...
# Subtest: a multi-objective hunt clears a visible later target while the first target is respawning
ok 14 - a multi-objective hunt clears a visible later target while the first target is respawning
  ---
  duration_ms: 0.348
  type: 'test'
  ...
# Subtest: a multi-objective spawn search stops for another safe required monster entering AOI
ok 15 - a multi-objective spawn search stops for another safe required monster entering AOI
  ---
  duration_ms: 0.6783
  type: 'test'
  ...
# Subtest: a multi-map quest clears an incomplete same-map objective before crossing to the first listed source
ok 16 - a multi-map quest clears an incomplete same-map objective before crossing to the first listed source
  ---
  duration_ms: 0.3132
  type: 'test'
  ...
# Subtest: a live objective omitted from the spawn manifest is fought on the current map
ok 17 - a live objective omitted from the spawn manifest is fought on the current map
  ---
  duration_ms: 0.3244
  type: 'test'
  ...
# Subtest: an allowed wounded objective is resumed before a closer full-health peer
ok 18 - an allowed wounded objective is resumed before a closer full-health peer
  ---
  duration_ms: 0.2821
  type: 'test'
  ...
# Subtest: a healthy player keeps approaching a 25-percent objective when a pack appears
ok 19 - a healthy player keeps approaching a 25-percent objective when a pack appears
  ---
  duration_ms: 0.3559
  type: 'test'
  ...
# Subtest: an expedition can prefer its configured objective map over a denser same-map spawn
ok 20 - an expedition can prefer its configured objective map over a denser same-map spawn
  ---
  duration_ms: 0.461
  type: 'test'
  ...
# Subtest: a post-travel supply checkpoint can leave and replan before objective combat
ok 21 - a post-travel supply checkpoint can leave and replan before objective combat
  ---
  duration_ms: 0.3018
  type: 'test'
  ...
# Subtest: multi-map travel evades a proven adjacent aggressor before retrying the ordinary route
ok 22 - multi-map travel evades a proven adjacent aggressor before retrying the ordinary route
  ---
  duration_ms: 0.4467
  type: 'test'
  ...
# Subtest: a repeated interruption on the same travel edge clears the proven aggressor
ok 23 - a repeated interruption on the same travel edge clears the proven aggressor
  ---
  duration_ms: 0.5995
  type: 'test'
  ...
# Subtest: multi-map travel clears a hostile doorway blocker and retries the same route
ok 24 - multi-map travel clears a hostile doorway blocker and retries the same route
  ---
  duration_ms: 0.399
  type: 'test'
  ...
# Subtest: doorway blocker retreats when aggressor clearing discovers a dense pack
ok 25 - doorway blocker retreats when aggressor clearing discovers a dense pack
  ---
  duration_ms: 0.7785
  type: 'test'
  ...
# Subtest: stocked expedition travel clears a proven aggressor before retrying the route
ok 26 - stocked expedition travel clears a proven aggressor before retrying the route
  ---
  duration_ms: 0.437
  type: 'test'
  ...
# Subtest: travel retries when the proven threat leaves before fallback combat
ok 27 - travel retries when the proven threat leaves before fallback combat
  ---
  duration_ms: 0.3257
  type: 'test'
  ...
# Subtest: healthy expedition keeps crossing after a glancing hit and interrupts once health is low
ok 28 - healthy expedition keeps crossing after a glancing hit and interrupts once health is low
  ---
  duration_ms: 0.3325
  type: 'test'
  ...
# Subtest: chooses an isolated quest target before a closer target inside a hostile pack
ok 29 - chooses an isolated quest target before a closer target inside a hostile pack
  ---
  duration_ms: 0.3637
  type: 'test'
  ...
# Subtest: defers a clustered target for its current life and selects another target
ok 30 - defers a clustered target for its current life and selects another target
  ---
  duration_ms: 0.5486
  type: 'test'
  ...
# Subtest: reconsiders the only deferred target after enough events prove its pack dispersed
ok 31 - reconsiders the only deferred target after enough events prove its pack dispersed
  ---
  duration_ms: 0.4991
  type: 'test'
  ...
# Subtest: disengages when a second hostile joins an attack already in progress
ok 32 - disengages when a second hostile joins an attack already in progress
  ---
  duration_ms: 0.5034
  type: 'test'
  ...
# Subtest: clears only proven adjacent monster aggressors by lowest HP before the quest target
ok 33 - clears only proven adjacent monster aggressors by lowest HP before the quest target
  ---
  duration_ms: 0.5163
  type: 'test'
  ...
# Subtest: low health under two established aggressors retreats instead of standing to clear both
ok 34 - low health under two established aggressors retreats instead of standing to clear both
  ---
  duration_ms: 0.6409
  type: 'test'
  ...
# Subtest: a stocked mine expedition clears two aggressors above its lower retreat threshold
ok 35 - a stocked mine expedition clears two aggressors above its lower retreat threshold
  ---
  duration_ms: 0.332
  type: 'test'
  ...
# Subtest: a mine expedition retreats from three active aggressors before waiting for low health
ok 36 - a mine expedition retreats from three active aggressors before waiting for low health
  ---
  duration_ms: 0.4809
  type: 'test'
  ...
# Subtest: a focused snake pull wakes its response wait on the first extra aggressor
ok 37 - a focused snake pull wakes its response wait on the first extra aggressor
  ---
  duration_ms: 0.5213
  type: 'test'
  ...
# Subtest: a newly revived adjacent aggressor pre-empts one established aggressor without target ping-pong
ok 38 - a newly revived adjacent aggressor pre-empts one established aggressor without target ping-pong
  ---
  duration_ms: 0.5192
  type: 'test'
  ...
# Subtest: an objective target cannot interrupt clearing the aggressor that joined its fight
ok 39 - an objective target cannot interrupt clearing the aggressor that joined its fight
  ---
  duration_ms: 0.3469
  type: 'test'
  ...
# Subtest: interrupts target navigation to clear a newly proven adjacent aggressor, then resumes the exact target
ok 40 - interrupts target navigation to clear a newly proven adjacent aggressor, then resumes the exact target
  ---
  duration_ms: 0.4107
  type: 'test'
  ...
# Subtest: an unreachable proven aggressor is recorded, escaped, and does not abort the objective
ok 41 - an unreachable proven aggressor is recorded, escaped, and does not abort the objective
  ---
  duration_ms: 0.5909
  type: 'test'
  ...
# Subtest: a healthy focused ranged hunt finishes its quest target through one proven aggressor
ok 42 - a healthy focused ranged hunt finishes its quest target through one proven aggressor
  ---
  duration_ms: 0.2352
  type: 'test'
  ...
# Subtest: q89 clears one proven entrance aggressor before retaining the required target
ok 43 - q89 clears one proven entrance aggressor before retaining the required target
  ---
  duration_ms: 0.3399
  type: 'test'
  ...
# Subtest: q89 still retreats at 75 percent HP when two aggressors are proven
ok 44 - q89 still retreats at 75 percent HP when two aggressors are proven
  ---
  duration_ms: 0.8772
  type: 'test'
  ...
# Subtest: q89 Wizard arms the exact live D2031 doorway after a stalled full Priest spread before respawn waiting
ok 45 - q89 Wizard arms the exact live D2031 doorway after a stalled full Priest spread before respawn waiting
  ---
  duration_ms: 0.7057
  type: 'test'
  ...
# Subtest: a q89 Priest full-spread pass with physical progress does not arm the D2032 fallback
ok 46 - a q89 Priest full-spread pass with physical progress does not arm the D2032 fallback
  ---
  duration_ms: 0.4265
  type: 'test'
  ...
# Subtest: a q89 Priest full-spread pass with unknown physical coordinates does not arm the D2032 fallback
ok 47 - a q89 Priest full-spread pass with unknown physical coordinates does not arm the D2032 fallback
  ---
  duration_ms: 0.4469
  type: 'test'
  ...
# Subtest: a catalogued D2032 Priest cannot arm a stalled q89 fallback without the exact live D2031 source and key
ok 48 - a catalogued D2032 Priest cannot arm a stalled q89 fallback without the exact live D2031 source and key
  ---
  duration_ms: 0.7297
  type: 'test'
  ...
# Subtest: the stalled Priest fallback stays unavailable for other q89 objectives
ok 49 - the stalled Priest fallback stays unavailable for other q89 objectives
  ---
  duration_ms: 0.6334
  type: 'test'
  ...
# Subtest: q89 Wizard returns normally to D2031 before using the live keyed doorway after a retreat
ok 50 - q89 Wizard returns normally to D2031 before using the live keyed doorway after a retreat
  ---
  duration_ms: 0.6955
  type: 'test'
  ...
# Subtest: q89 Wizard fails closed when normal fallback-source travel lands on the wrong map
ok 51 - q89 Wizard fails closed when normal fallback-source travel lands on the wrong map
  ---
  duration_ms: 0.3881
  type: 'test'
  ...
# Subtest: q89 Wizard fails closed after one live D2032 fallback pass makes no objective progress
ok 52 - q89 Wizard fails closed after one live D2032 fallback pass makes no objective progress
  ---
  duration_ms: 0.6349
  type: 'test'
  ...
# Subtest: a survivable Taoist lands the last bounded hit before retreating from a joining snake
ok 53 - a survivable Taoist lands the last bounded hit before retreating from a joining snake
  ---
  duration_ms: 0.3241
  type: 'test'
  ...
# Subtest: a proven current target forces retreat below forty percent health before combat resumes
ok 54 - a proven current target forces retreat below forty percent health before combat resumes
  ---
  duration_ms: 0.49
  type: 'test'
  ...
# Subtest: interrupts an in-progress target fight when a new adjacent aggressor lands a hit
ok 55 - interrupts an in-progress target fight when a new adjacent aggressor lands a hit
  ---
  duration_ms: 0.3738
  type: 'test'
  ...
# Subtest: a supplied harvest hunt focuses its unique target and carves before clearing aggressors
ok 56 - a supplied harvest hunt focuses its unique target and carves before clearing aggressors
  ---
  duration_ms: 0.861
  type: 'test'
  ...
# Subtest: a focused harvest hunt retreats after two proven attackers converge, then retries the target
ok 57 - a focused harvest hunt retreats after two proven attackers converge, then retries the target
  ---
  duration_ms: 0.6401
  type: 'test'
  ...
# Subtest: trusts objective progress from a proven same-species aggressor without an extra target kill
ok 58 - trusts objective progress from a proven same-species aggressor without an extra target kill
  ---
  duration_ms: 0.2462
  type: 'test'
  ...
# Subtest: applies the same threat interrupt when sustain makes a second target approach necessary
ok 59 - applies the same threat interrupt when sustain makes a second target approach necessary
  ---
  duration_ms: 0.4526
  type: 'test'
  ...
# Subtest: does not guess that an adjacent hostile is an aggressor without attack-recipient evidence
ok 60 - does not guess that an adjacent hostile is an aggressor without attack-recipient evidence
  ---
  duration_ms: 0.2166
  type: 'test'
  ...
# Subtest: searches the nearest same-map spawn when no target is in AOI
ok 61 - searches the nearest same-map spawn when no target is in AOI
  ---
  duration_ms: 0.571
  type: 'test'
  ...
# Subtest: waits for a visible unique target pack to disperse before bounded search failure
ok 62 - waits for a visible unique target pack to disperse before bounded search failure
  ---
  duration_ms: 0.5352
  type: 'test'
  ...
# Subtest: unsafe-target observation retreats on the first proven hit instead of waiting in place
ok 63 - unsafe-target observation retreats on the first proven hit instead of waiting in place
  ---
  duration_ms: 1.2168
  type: 'test'
  ...
# Subtest: interrupts spawn navigation for a proven aggressor, clears it within budget, and resumes search
ok 64 - interrupts spawn navigation for a proven aggressor, clears it within budget, and resumes search
  ---
  duration_ms: 1.1002
  type: 'test'
  ...
# Subtest: a failed spawn route sustains the player and interrupts immediately for a proven aggressor
ok 65 - a failed spawn route sustains the player and interrupts immediately for a proven aggressor
  ---
  duration_ms: 0.8659
  type: 'test'
  ...
# Subtest: retreats from a clustered proven aggressor and resumes the spawn search
ok 66 - retreats from a clustered proven aggressor and resumes the spawn search
  ---
  duration_ms: 0.7092
  type: 'test'
  ...
# Subtest: accepts a material pack retreat that isolates one follower inside the global clearance
ok 67 - accepts a material pack retreat that isolates one follower inside the global clearance
  ---
  duration_ms: 0.7546
  type: 'test'
  ...
# Subtest: low-health pack retreat requires the full safety radius
ok 68 - low-health pack retreat requires the full safety radius
  ---
  duration_ms: 0.1516
  type: 'test'
  ...
# Subtest: severe packs use the open-cell emergency escape before conservative path retries
ok 69 - severe packs use the open-cell emergency escape before conservative path retries
  ---
  duration_ms: 0.8033
  type: 'test'
  ...
# Subtest: a partial cave escape replans when the proven pursuer has left
ok 70 - a partial cave escape replans when the proven pursuer has left
  ---
  duration_ms: 1.0521
  type: 'test'
  ...
# Subtest: a cave dead end replans after its only proven blocker is defeated
ok 71 - a cave dead end replans after its only proven blocker is defeated
  ---
  duration_ms: 1.2159
  type: 'test'
  ...
# Subtest: a fully occupied retreat cuts down one proven adjacent attacker to open an escape tile
ok 72 - a fully occupied retreat cuts down one proven adjacent attacker to open an escape tile
  ---
  duration_ms: 1.6208
  type: 'test'
  ...
# Subtest: a fully occupied retreat waits out paralysis before breakout combat
ok 73 - a fully occupied retreat waits out paralysis before breakout combat
  ---
  duration_ms: 3.8774
  type: 'test'
  ...
# Subtest: low-health no-step retreat uses the optional emergency escape before breaking out
ok 74 - low-health no-step retreat uses the optional emergency escape before breaking out
  ---
  duration_ms: 0.8058
  type: 'test'
  ...
# Subtest: low-health multi-aggressor pressure uses emergency escape before a temporary walk route
ok 75 - low-health multi-aggressor pressure uses emergency escape before a temporary walk route
  ---
  duration_ms: 0.5361
  type: 'test'
  ...
# Subtest: a failed low-health emergency escape falls back to bounded hostile breakout
ok 76 - a failed low-health emergency escape falls back to bounded hostile breakout
  ---
  duration_ms: 0.7322
  type: 'test'
  ...
# Subtest: q89 Taoist blocks a fresh critical travel-breakout cast after sustain creates two proven attackers
ok 77 - q89 Taoist blocks a fresh critical travel-breakout cast after sustain creates two proven attackers
  ---
  duration_ms: 0.3637
  type: 'test'
  ...
# Subtest: q89 Taoist critical overlap uses the held escape before any SoulFireBall
ok 78 - q89 Taoist critical overlap uses the held escape before any SoulFireBall
  ---
  duration_ms: 0.3145
  type: 'test'
  ...
# Subtest: q89 Taoist admits a live Priest with two nonadjacent neighbors and verifies its ordinary death receipt
ok 79 - q89 Taoist admits a live Priest with two nonadjacent neighbors and verifies its ordinary death receipt
  ---
  duration_ms: 0.3293
  type: 'test'
  ...
# Subtest: q89 Taoist critical blocked pack ends its bounded retreat without breakout casts or recursive recovery
ok 80 - q89 Taoist critical blocked pack ends its bounded retreat without breakout casts or recursive recovery
  ---
  duration_ms: 0.5198
  type: 'test'
  ...
# Subtest: a multi-kill breakout continues through a second proven attacker before escaping
ok 81 - a multi-kill breakout continues through a second proven attacker before escaping
  ---
  duration_ms: 1.1739
  type: 'test'
  ...
# Subtest: an unreachable breakout attacker is skipped for the next proven blocker
ok 82 - an unreachable breakout attacker is skipped for the next proven blocker
  ---
  duration_ms: 1.1038
  type: 'test'
  ...
# Subtest: iterative pack retreat replans from each live position and sustains during escape
ok 83 - iterative pack retreat replans from each live position and sustains during escape
  ---
  duration_ms: 0.741
  type: 'test'
  ...
# Subtest: a pursuing pack that preserves exposure is broken after bounded retreat progress
ok 84 - a pursuing pack that preserves exposure is broken after bounded retreat progress
  ---
  duration_ms: 0.8157
  type: 'test'
  ...
# Subtest: moving hostiles can extend retreat across bounded batches until exposure is safe
ok 85 - moving hostiles can extend retreat across bounded batches until exposure is safe
  ---
  duration_ms: 0.7796
  type: 'test'
  ...
# Subtest: search stays in the nearest local field instead of visiting every distant center first
ok 86 - search stays in the nearest local field instead of visiting every distant center first
  ---
  duration_ms: 0.5101
  type: 'test'
  ...
# Subtest: item search prefers an abundant source field over a nearby rare variant
ok 87 - item search prefers an abundant source field over a nearby rare variant
  ---
  duration_ms: 0.9856
  type: 'test'
  ...
# Subtest: a remembered corpse is revisited once without treating it as live, then its candidate is deprioritized
ok 88 - a remembered corpse is revisited once without treating it as live, then its candidate is deprioritized
  ---
  duration_ms: 0.565
  type: 'test'
  ...
# Subtest: offline monster observations are location hints and require a fresh live AOI target
ok 89 - offline monster observations are location hints and require a fresh live AOI target
  ---
  duration_ms: 0.55
  type: 'test'
  ...
# Subtest: a same-map world refresh preserves monster locations observed earlier in the visit
ok 90 - a same-map world refresh preserves monster locations observed earlier in the visit
  ---
  duration_ms: 0.3703
  type: 'test'
  ...
# Subtest: a remembered CannibalPlant location gets one close bounded reveal observation
ok 91 - a remembered CannibalPlant location gets one close bounded reveal observation
  ---
  duration_ms: 0.3944
  type: 'test'
  ...
# Subtest: nearest-neighbor traversal does not zigzag between distant full-spread regions
ok 92 - nearest-neighbor traversal does not zigzag between distant full-spread regions
  ---
  duration_ms: 0.5469
  type: 'test'
  ...
# Subtest: spawn search obeys one global waypoint budget
ok 93 - spawn search obeys one global waypoint budget
  ---
  duration_ms: 0.4884
  type: 'test'
  ...
# Subtest: full-spread exhaustion waits for a bounded respawn and resumes the active objective
ok 94 - full-spread exhaustion waits for a bounded respawn and resumes the active objective
  ---
  duration_ms: 0.4478
  type: 'test'
  ...
# Subtest: profiled respawn delay extends the default bounded wait window
ok 95 - profiled respawn delay extends the default bounded wait window
  ---
  duration_ms: 1.6448
  type: 'test'
  ...
# Subtest: a proven adjacent attack interrupts a respawn wait and is cleared before waiting again
ok 96 - a proven adjacent attack interrupts a respawn wait and is cleared before waiting again
  ---
  duration_ms: 0.4819
  type: 'test'
  ...
# Subtest: full-spread grid covers the observed CannibalPlant offset beyond the old 48-tile ring
ok 97 - full-spread grid covers the observed CannibalPlant offset beyond the old 48-tile ring
  ---
  duration_ms: 0.4715
  type: 'test'
  ...
# Subtest: full-spread grid closes RakingCat holes while bare ObjectRevived creates no phantom target
ok 98 - full-spread grid closes RakingCat holes while bare ObjectRevived creates no phantom target
  ---
  duration_ms: 0.3685
  type: 'test'
  ...
# Subtest: known map bounds clip every full-spread waypoint
ok 99 - known map bounds clip every full-spread waypoint
  ---
  duration_ms: 1.0782
  type: 'test'
  ...
# Subtest: wall-clock search timeout reports partial coverage and emits bounded diagnostics
ok 100 - wall-clock search timeout reports partial coverage and emits bounded diagnostics
  ---
  duration_ms: 0.4829
  type: 'test'
  ...
# Subtest: harvest item source uses the corpse direction and waits for quest progress
ok 101 - harvest item source uses the corpse direction and waits for quest progress
  ---
  duration_ms: 1.0272
  type: 'test'
  ...
# Subtest: an already-consumed shared corpse is skipped without claiming progress
ok 102 - an already-consumed shared corpse is skipped without claiming progress
  ---
  duration_ms: 0.6752
  type: 'test'
  ...
# Subtest: three distinct unavailable corpses fail with an explicit bounded error
ok 103 - three distinct unavailable corpses fail with an explicit bounded error
  ---
  duration_ms: 0.7345
  type: 'test'
  ...
# Subtest: player death during unavailable-corpse probing still fails immediately
ok 104 - player death during unavailable-corpse probing still fails immediately
  ---
  duration_ms: 0.3519
  type: 'test'
  ...
# Subtest: fails closed when an objective has no source on the current map
ok 105 - fails closed when an objective has no source on the current map
  ---
  duration_ms: 0.1744
  type: 'test'
  ...
# Subtest: cross-map fallback skips an unreachable first source and travels only to a reachable map
ok 106 - cross-map fallback skips an unreachable first source and travels only to a reachable map
  ---
  duration_ms: 0.272
  type: 'test'
  ...
# Subtest: cross-map objective prefers its quest NPC map over a closer dangerous source
ok 107 - cross-map objective prefers its quest NPC map over a closer dangerous source
  ---
  duration_ms: 0.3292
  type: 'test'
  ...
# Subtest: diary material objective prefers its quest group map over a shorter wasteland source
ok 108 - diary material objective prefers its quest group map over a shorter wasteland source
  ---
  duration_ms: 0.2798
  type: 'test'
  ...
# Subtest: cross-map fallback fails explicitly without travelling when all source maps are unreachable
ok 109 - cross-map fallback fails explicitly without travelling when all source maps are unreachable
  ---
  duration_ms: 0.2212
  type: 'test'
  ...
# Subtest: stops immediately when the player is dead
ok 110 - stops immediately when the player is dead
  ---
  duration_ms: 0.1276
  type: 'test'
  ...
# Subtest: bounds a target that never reports combat progress
ok 111 - bounds a target that never reports combat progress
  ---
  duration_ms: 1.2306
  type: 'test'
  ...
# Subtest: a non-responsive revived target is quarantined while another live target completes combat
ok 112 - a non-responsive revived target is quarantined while another live target completes combat
  ---
  duration_ms: 0.4285
  type: 'test'
  ...
# Subtest: a fleeing Deer is re-approached instead of being quarantined as unresponsive
ok 113 - a fleeing Deer is re-approached instead of being quarantined as unresponsive
  ---
  duration_ms: 0.4161
  type: 'test'
  ...
# Subtest: a same-speed passive target is bounded after prolonged movement without a confirmed hit
ok 114 - a same-speed passive target is bounded after prolonged movement without a confirmed hit
  ---
  duration_ms: 0.2233
  type: 'test'
  ...
# Subtest: travel blocker combat clears a nearer live monster sealing the target approach
ok 115 - travel blocker combat clears a nearer live monster sealing the target approach
  ---
  duration_ms: 0.3567
  type: 'test'
  ...
# Subtest: continues ordinary attacks across HP acknowledgements until target death
ok 116 - continues ordinary attacks across HP acknowledgements until target death
  ---
  duration_ms: 0.3424
  type: 'test'
  ...
# Subtest: dynamic approach uses Wizard spell range, closes without MP, and waits without an attack
ok 117 - dynamic approach uses Wizard spell range, closes without MP, and waits without an attack
  ---
  duration_ms: 0.5883
  type: 'test'
  ...
# Subtest: combat approach retries with bounded clearance when the full buffer seals the path
ok 118 - combat approach retries with bounded clearance when the full buffer seals the path
  ---
  duration_ms: 0.2553
  type: 'test'
  ...
# Subtest: an unreachable live monster is quarantined while combat continues with another target
ok 119 - an unreachable live monster is quarantined while combat continues with another target
  ---
  duration_ms: 0.3435
  type: 'test'
  ...
# Subtest: a stationary target is retried after its temporary corridor blocker can move
ok 120 - a stationary target is retried after its temporary corridor blocker can move
  ---
  duration_ms: 0.5627
  type: 'test'
  ...
# Subtest: an opted-in objective clears one nearby monster occupying its only approach
ok 121 - an opted-in objective clears one nearby monster occupying its only approach
  ---
  duration_ms: 0.4409
  type: 'test'
  ...
# Subtest: spawn search retries the same cave waypoint with bounded hostile clearance
ok 122 - spawn search retries the same cave waypoint with bounded hostile clearance
  ---
  duration_ms: 0.4327
  type: 'test'
  ...
# Subtest: cooldown waits preserve the attack budget and refresh from authoritative snapshots
ok 123 - cooldown waits preserve the attack budget and refresh from authoritative snapshots
  ---
  duration_ms: 0.2919
  type: 'test'
  ...
# Subtest: positive hits reset consecutive cooldown time during a long spell pull
ok 124 - positive hits reset consecutive cooldown time during a long spell pull
  ---
  duration_ms: 0.7041
  type: 'test'
  ...
# Subtest: a server cooldown that never changes fails after a bounded total wait
ok 125 - a server cooldown that never changes fails after a bounded total wait
  ---
  duration_ms: 0.7426
  type: 'test'
  ...
# Subtest: a sustain callback cannot mask authoritative player death
ok 126 - a sustain callback cannot mask authoritative player death
  ---
  duration_ms: 0.3978
  type: 'test'
  ...
# Subtest: a target that leaves during approach is deferred and another live target completes the objective
ok 127 - a target that leaves during approach is deferred and another live target completes the objective
  ---
  duration_ms: 0.6693
  type: 'test'
  ...
# Subtest: target removal waits three seconds so a delayed authoritative player death wins the error classification
ok 128 - target removal waits three seconds so a delayed authoritative player death wins the error classification
  ---
  duration_ms: 0.3653
  type: 'test'
  ...
# Subtest: a living player defers an exact removed target but still fails without quest progress
ok 129 - a living player defers an exact removed target but still fails without quest progress
  ---
  duration_ms: 0.9839
  type: 'test'
  ...
# Subtest: authoritative quest progress accepts a target removed before its death packet settles
ok 130 - authoritative quest progress accepts a target removed before its death packet settles
  ---
  duration_ms: 0.3376
  type: 'test'
  ...
# Subtest: proven remote-player last blow is recorded and retries without claiming quest credit
ok 131 - proven remote-player last blow is recorded and retries without claiming quest credit
  ---
  duration_ms: 0.3517
  type: 'test'
  ...
# Subtest: unknown last-blow identity preserves the missing-award failure
ok 132 - unknown last-blow identity preserves the missing-award failure
  ---
  duration_ms: 0.3436
  type: 'test'
  ...
# Subtest: a bystander death is not accepted as the current target death
ok 133 - a bystander death is not accepted as the current target death
  ---
  duration_ms: 0.4289
  type: 'test'
  ...
# Subtest: picks up a visible non-harvest quest drop and requires objective confirmation
ok 134 - picks up a visible non-harvest quest drop and requires objective confirmation
  ---
  duration_ms: 0.3186
  type: 'test'
  ...
# Subtest: same-tile harvest preserves a valid authoritative facing
ok 135 - same-tile harvest preserves a valid authoritative facing
  ---
  duration_ms: 0.0465
  type: 'test'
  ...
# Subtest: q89 ordinary Priest approach maps a fresh named Shaman halo to bounded recovery
ok 136 - q89 ordinary Priest approach maps a fresh named Shaman halo to bounded recovery
  ---
  duration_ms: 1.5695
  type: 'test'
  ...
# Subtest: Wizard retreats on a collision-planned path before using the ranged action
ok 137 - Wizard retreats on a collision-planned path before using the ranged action
  ---
  duration_ms: 5.8786
  type: 'test'
  ...
# Subtest: q89 Wizard moves a close CursedShaman into the 7-9 projectile band outside every visible Shaman footprint
ok 138 - q89 Wizard moves a close CursedShaman into the 7-9 projectile band outside every visible Shaman footprint
  ---
  duration_ms: 1.0654
  type: 'test'
  ...
# Subtest: q89 Wizard never falls back to a close CursedShaman cast when no collision-safe ranged band exists
ok 139 - q89 Wizard never falls back to a close CursedShaman cast when no collision-safe ranged band exists
  ---
  duration_ms: 0.6283
  type: 'test'
  ...
# Subtest: q89 action-owned reposition rechecks a Shaman that moves during navigator cadence
ok 140 - q89 action-owned reposition rechecks a Shaman that moves during navigator cadence
  ---
  duration_ms: 3.5328
  type: 'test'
  ...
# Subtest: D2031 entry has a collision-valid nine-tile CursedShaman firing position
ok 141 - D2031 entry has a collision-valid nine-tile CursedShaman firing position
  ---
  duration_ms: 16.5823
  type: 'test'
  ...
# Subtest: q89 Wizard wrapper reaches the live D2031 entry band before casting
ok 142 - q89 Wizard wrapper reaches the live D2031 entry band before casting
  ---
  duration_ms: 17.0368
  type: 'test'
  ...
# Subtest: Taoist SoulFireBall uses the same bounded ranged retreat with an equipped Amulet
ok 143 - Taoist SoulFireBall uses the same bounded ranged retreat with an equipped Amulet
  ---
  duration_ms: 2.1386
  type: 'test'
  ...
# Subtest: ranged retreat never selects or crosses a live map-transfer cell
ok 144 - ranged retreat never selects or crosses a live map-transfer cell
  ---
  duration_ms: 5.509
  type: 'test'
  ...
# Subtest: authoritative partial retreat progress continues the bounded ranged fight
ok 145 - authoritative partial retreat progress continues the bounded ranged fight
  ---
  duration_ms: 1.1123
  type: 'test'
  ...
# Subtest: target leaving AOI after a successful retreat refreshes the encounter
ok 146 - target leaving AOI after a successful retreat refreshes the encounter
  ---
  duration_ms: 0.5021
  type: 'test'
  ...
# Subtest: authoritative displacement wins when the navigator reports stale extra steps
ok 147 - authoritative displacement wins when the navigator reports stale extra steps
  ---
  duration_ms: 2.1585
  type: 'test'
  ...
# Subtest: journey mode attacks when an authoritative retreat makes no progress
ok 148 - journey mode attacks when an authoritative retreat makes no progress
  ---
  duration_ms: 0.7336
  type: 'test'
  ...
# Subtest: journey mode continues after the navigator spends its exact retreat step budget
ok 149 - journey mode continues after the navigator spends its exact retreat step budget
  ---
  duration_ms: 0.8613
  type: 'test'
  ...
# Subtest: journey mode refreshes after an authoritative correction burst exceeds the local retreat budget
ok 150 - journey mode refreshes after an authoritative correction burst exceeds the local retreat budget
  ---
  duration_ms: 0.605
  type: 'test'
  ...
# Subtest: journey mode attacks when a moving threat closes the planned retreat path
ok 151 - journey mode attacks when a moving threat closes the planned retreat path
  ---
  duration_ms: 0.7065
  type: 'test'
  ...
# Subtest: an opt-in pre-base-action guard blocks the captured cast after kiting navigation receives fresh critical strikes
ok 152 - an opt-in pre-base-action guard blocks the captured cast after kiting navigation receives fresh critical strikes
  ---
  duration_ms: 1.893
  type: 'test'
  ...
# Subtest: an opt-in pre-base-action guard covers both fast-path and blocked-retreat fallbacks
ok 153 - an opt-in pre-base-action guard covers both fast-path and blocked-retreat fallbacks
  ---
  duration_ms: 0.2937
  type: 'test'
  ...
# Subtest: Wizard without affordable ranged magic and passive or NPC entities never retreat
ok 154 - Wizard without affordable ranged magic and passive or NPC entities never retreat
  ---
  duration_ms: 0.1281
  type: 'test'
  ...
# Subtest: blocked Wizard retreat fails closed without calling navigation or combat
ok 155 - blocked Wizard retreat fails closed without calling navigation or combat
  ---
  duration_ms: 0.2182
  type: 'test'
  ...
# Subtest: journey mode fights the selected threat when every collision-safe retreat is blocked
ok 156 - journey mode fights the selected threat when every collision-safe retreat is blocked
  ---
  duration_ms: 0.2198
  type: 'test'
  ...
# Subtest: per-target retreat cell budget stops repeated kiting without another move
ok 157 - per-target retreat cell budget stops repeated kiting without another move
  ---
  duration_ms: 0.2223
  type: 'test'
  ...
# Subtest: q89 exhausted retreat budget never falls through to a close Shaman cast
ok 158 - q89 exhausted retreat budget never falls through to a close Shaman cast
  ---
  duration_ms: 0.4977
  type: 'test'
  ...
# Subtest: generic exhausted retreat budget retains its journey combat fallback
ok 159 - generic exhausted retreat budget retains its journey combat fallback
  ---
  duration_ms: 0.2168
  type: 'test'
  ...
# Subtest: retreat budget is scoped to the consecutive target engagement
ok 160 - retreat budget is scoped to the consecutive target engagement
  ---
  duration_ms: 0.3314
  type: 'test'
  ...
# Subtest: authoritative map change during retreat refreshes without issuing combat
ok 161 - authoritative map change during retreat refreshes without issuing combat
  ---
  duration_ms: 0.2353
  type: 'test'
  ...
# Subtest: known blocked retreat with an authoritative map change refreshes safely
ok 162 - known blocked retreat with an authoritative map change refreshes safely
  ---
  duration_ms: 0.231
  type: 'test'
  ...
# Subtest: map change plus death remains fatal during retreat
ok 163 - map change plus death remains fatal during retreat
  ---
  duration_ms: 0.1939
  type: 'test'
  ...
# Subtest: unknown retreat navigation errors remain fatal
ok 164 - unknown retreat navigation errors remain fatal
  ---
  duration_ms: 0.1611
  type: 'test'
  ...
# Subtest: missing authoritative map remains fatal before retreat
ok 165 - missing authoritative map remains fatal before retreat
  ---
  duration_ms: 0.0964
  type: 'test'
  ...
# Subtest: player death during retreat fails closed without issuing the combat action
ok 166 - player death during retreat fails closed without issuing the combat action
  ---
  duration_ms: 0.2555
  type: 'test'
  ...
# Subtest: q89 kiting installs the physical halo guard before a Shaman exists in the planning AOI
ok 167 - q89 kiting installs the physical halo guard before a Shaman exists in the planning AOI
  ---
  duration_ms: 0.9429
  type: 'test'
  ...
# Subtest: q89 named Shaman guard blocks a fresh footprint during non-Shaman kiting without casting
ok 168 - q89 named Shaman guard blocks a fresh footprint during non-Shaman kiting without casting
  ---
  duration_ms: 0.7871
  type: 'test'
  ...
# Subtest: q89 named Shaman guard permits only an outward escape from a pre-existing halo
ok 169 - q89 named Shaman guard permits only an outward escape from a pre-existing halo
  ---
  duration_ms: 0.8309
  type: 'test'
  ...
# Subtest: q89 no-motion base action rechecks a newly adjacent Shaman before casting
ok 170 - q89 no-motion base action rechecks a newly adjacent Shaman before casting
  ---
  duration_ms: 0.1657
  type: 'test'
  ...
# Subtest: q89 policy action uses the target object refreshed after its asynchronous pre-action callback
ok 171 - q89 policy action uses the target object refreshed after its asynchronous pre-action callback
  ---
  duration_ms: 0.1246
  type: 'test'
  ...
# Subtest: q89 policy action returns safely without casting when its target leaves after the pre-action callback
ok 172 - q89 policy action returns safely without casting when its target leaves after the pre-action callback
  ---
  duration_ms: 0.1157
  type: 'test'
  ...
# Subtest: q89 policy action does not cast a target confirmed dead after the pre-action callback
ok 173 - q89 policy action does not cast a target confirmed dead after the pre-action callback
  ---
  duration_ms: 0.1142
  type: 'test'
  ...
1..173
# tests 173
# suites 0
# pass 173
# fail 0
# cancelled 0
# skipped 0
# todo 0
# duration_ms 384.6386
