TAP version 13
# Subtest: explicit objective map preference resolves equal-length dungeon routes
ok 1 - explicit objective map preference resolves equal-length dungeon routes
  ---
  duration_ms: 1.1715
  type: 'test'
  ...
# Subtest: armed q89 fallback accepts a profile-pruned route only with the exact live doorway
ok 2 - armed q89 fallback accepts a profile-pruned route only with the exact live doorway
  ---
  duration_ms: 0.3915
  type: 'test'
  ...
# Subtest: retreat route bias preserves cave-exit progress without accepting an adjacent hostile
ok 3 - retreat route bias preserves cave-exit progress without accepting an adjacent hostile
  ---
  duration_ms: 0.1635
  type: 'test'
  ...
# Subtest: direct ranged hit evidence identifies a q89 aggressor up to eight tiles away
ok 4 - direct ranged hit evidence identifies a q89 aggressor up to eight tiles away
  ---
  duration_ms: 0.8325
  type: 'test'
  ...
# Subtest: a q89 unavailable Shaman band defers and uses ordinary retreat recovery instead of ending the objective loop
ok 5 - a q89 unavailable Shaman band defers and uses ordinary retreat recovery instead of ending the objective loop
  ---
  duration_ms: 4.0602
  type: 'test'
  ...
# Subtest: q89 spawn-stall clearing reaches a certified Shaman band before its ordinary action
ok 6 - q89 spawn-stall clearing reaches a certified Shaman band before its ordinary action
  ---
  duration_ms: 28.0599
  type: 'test'
  ...
# Subtest: q89 Wizard guards the real D2031-to-D2032 transit before a Run crosses the entrance Shaman halo
ok 7 - q89 Wizard guards the real D2031-to-D2032 transit before a Run crosses the entrance Shaman halo
  ---
  duration_ms: 82.3908
  type: 'test'
  ...
# Subtest: q89 transit clearance aborts when a Shaman moves into its fresh cadence cells without recursive clearing
ok 8 - q89 transit clearance aborts when a Shaman moves into its fresh cadence cells without recursive clearing
  ---
  duration_ms: 1.0196
  type: 'test'
  ...
# Subtest: q89 transit blocker cap performs one recovery then terminates a still-live next halo
ok 9 - q89 transit blocker cap performs one recovery then terminates a still-live next halo
  ---
  duration_ms: 1.415
  type: 'test'
  ...
# Subtest: q89 deferred live transit blocker does not replan the same guarded step forever
ok 10 - q89 deferred live transit blocker does not replan the same guarded step forever
  ---
  duration_ms: 0.9642
  type: 'test'
  ...
# Subtest: q89 spawn-stall blocker defers when independent quest progress removes it without a death receipt
ok 11 - q89 spawn-stall blocker defers when independent quest progress removes it without a death receipt
  ---
  duration_ms: 0.63
  type: 'test'
  ...
# Subtest: q2 kills a live Scarecrow and trusts authoritative GingerTea progress
ok 12 - q2 kills a live Scarecrow and trusts authoritative GingerTea progress
  ---
  duration_ms: 0.4338
  type: 'test'
  ...
# Subtest: q5 completes Deer and Scarecrow kill objectives without treating monster level as a gate
ok 13 - q5 completes Deer and Scarecrow kill objectives without treating monster level as a gate
  ---
  duration_ms: 0.4845
  type: 'test'
  ...
# Subtest: a multi-objective hunt clears a visible later target while the first target is respawning
ok 14 - a multi-objective hunt clears a visible later target while the first target is respawning
  ---
  duration_ms: 0.3538
  type: 'test'
  ...
# Subtest: a multi-objective spawn search stops for another safe required monster entering AOI
ok 15 - a multi-objective spawn search stops for another safe required monster entering AOI
  ---
  duration_ms: 0.6231
  type: 'test'
  ...
# Subtest: a multi-map quest clears an incomplete same-map objective before crossing to the first listed source
ok 16 - a multi-map quest clears an incomplete same-map objective before crossing to the first listed source
  ---
  duration_ms: 0.3482
  type: 'test'
  ...
# Subtest: a live objective omitted from the spawn manifest is fought on the current map
ok 17 - a live objective omitted from the spawn manifest is fought on the current map
  ---
  duration_ms: 0.2384
  type: 'test'
  ...
# Subtest: an allowed wounded objective is resumed before a closer full-health peer
ok 18 - an allowed wounded objective is resumed before a closer full-health peer
  ---
  duration_ms: 0.2547
  type: 'test'
  ...
# Subtest: a healthy player keeps approaching a 25-percent objective when a pack appears
ok 19 - a healthy player keeps approaching a 25-percent objective when a pack appears
  ---
  duration_ms: 0.415
  type: 'test'
  ...
# Subtest: an expedition can prefer its configured objective map over a denser same-map spawn
ok 20 - an expedition can prefer its configured objective map over a denser same-map spawn
  ---
  duration_ms: 0.3622
  type: 'test'
  ...
# Subtest: a post-travel supply checkpoint can leave and replan before objective combat
ok 21 - a post-travel supply checkpoint can leave and replan before objective combat
  ---
  duration_ms: 0.2801
  type: 'test'
  ...
# Subtest: multi-map travel evades a proven adjacent aggressor before retrying the ordinary route
ok 22 - multi-map travel evades a proven adjacent aggressor before retrying the ordinary route
  ---
  duration_ms: 0.4434
  type: 'test'
  ...
# Subtest: a repeated interruption on the same travel edge clears the proven aggressor
ok 23 - a repeated interruption on the same travel edge clears the proven aggressor
  ---
  duration_ms: 0.5908
  type: 'test'
  ...
# Subtest: multi-map travel clears a hostile doorway blocker and retries the same route
ok 24 - multi-map travel clears a hostile doorway blocker and retries the same route
  ---
  duration_ms: 0.3989
  type: 'test'
  ...
# Subtest: doorway blocker retreats when aggressor clearing discovers a dense pack
ok 25 - doorway blocker retreats when aggressor clearing discovers a dense pack
  ---
  duration_ms: 0.8931
  type: 'test'
  ...
# Subtest: stocked expedition travel clears a proven aggressor before retrying the route
ok 26 - stocked expedition travel clears a proven aggressor before retrying the route
  ---
  duration_ms: 0.4315
  type: 'test'
  ...
# Subtest: travel retries when the proven threat leaves before fallback combat
ok 27 - travel retries when the proven threat leaves before fallback combat
  ---
  duration_ms: 0.3262
  type: 'test'
  ...
# Subtest: healthy expedition keeps crossing after a glancing hit and interrupts once health is low
ok 28 - healthy expedition keeps crossing after a glancing hit and interrupts once health is low
  ---
  duration_ms: 0.3418
  type: 'test'
  ...
# Subtest: chooses an isolated quest target before a closer target inside a hostile pack
ok 29 - chooses an isolated quest target before a closer target inside a hostile pack
  ---
  duration_ms: 0.1995
  type: 'test'
  ...
# Subtest: defers a clustered target for its current life and selects another target
ok 30 - defers a clustered target for its current life and selects another target
  ---
  duration_ms: 0.5305
  type: 'test'
  ...
# Subtest: reconsiders the only deferred target after enough events prove its pack dispersed
ok 31 - reconsiders the only deferred target after enough events prove its pack dispersed
  ---
  duration_ms: 0.5349
  type: 'test'
  ...
# Subtest: disengages when a second hostile joins an attack already in progress
ok 32 - disengages when a second hostile joins an attack already in progress
  ---
  duration_ms: 0.4856
  type: 'test'
  ...
# Subtest: clears only proven adjacent monster aggressors by lowest HP before the quest target
ok 33 - clears only proven adjacent monster aggressors by lowest HP before the quest target
  ---
  duration_ms: 0.4865
  type: 'test'
  ...
# Subtest: low health under two established aggressors retreats instead of standing to clear both
ok 34 - low health under two established aggressors retreats instead of standing to clear both
  ---
  duration_ms: 0.5811
  type: 'test'
  ...
# Subtest: a stocked mine expedition clears two aggressors above its lower retreat threshold
ok 35 - a stocked mine expedition clears two aggressors above its lower retreat threshold
  ---
  duration_ms: 0.3142
  type: 'test'
  ...
# Subtest: a mine expedition retreats from three active aggressors before waiting for low health
ok 36 - a mine expedition retreats from three active aggressors before waiting for low health
  ---
  duration_ms: 0.4694
  type: 'test'
  ...
# Subtest: a focused snake pull wakes its response wait on the first extra aggressor
ok 37 - a focused snake pull wakes its response wait on the first extra aggressor
  ---
  duration_ms: 0.5031
  type: 'test'
  ...
# Subtest: a newly revived adjacent aggressor pre-empts one established aggressor without target ping-pong
ok 38 - a newly revived adjacent aggressor pre-empts one established aggressor without target ping-pong
  ---
  duration_ms: 0.4691
  type: 'test'
  ...
# Subtest: an objective target cannot interrupt clearing the aggressor that joined its fight
ok 39 - an objective target cannot interrupt clearing the aggressor that joined its fight
  ---
  duration_ms: 0.3156
  type: 'test'
  ...
# Subtest: interrupts target navigation to clear a newly proven adjacent aggressor, then resumes the exact target
ok 40 - interrupts target navigation to clear a newly proven adjacent aggressor, then resumes the exact target
  ---
  duration_ms: 0.4332
  type: 'test'
  ...
# Subtest: an unreachable proven aggressor is recorded, escaped, and does not abort the objective
ok 41 - an unreachable proven aggressor is recorded, escaped, and does not abort the objective
  ---
  duration_ms: 0.657
  type: 'test'
  ...
# Subtest: a healthy focused ranged hunt finishes its quest target through one proven aggressor
ok 42 - a healthy focused ranged hunt finishes its quest target through one proven aggressor
  ---
  duration_ms: 0.2319
  type: 'test'
  ...
# Subtest: q89 clears one proven entrance aggressor before retaining the required target
ok 43 - q89 clears one proven entrance aggressor before retaining the required target
  ---
  duration_ms: 0.2868
  type: 'test'
  ...
# Subtest: q89 still retreats at 75 percent HP when two aggressors are proven
ok 44 - q89 still retreats at 75 percent HP when two aggressors are proven
  ---
  duration_ms: 0.5029
  type: 'test'
  ...
# Subtest: q89 Wizard arms the exact live D2031 doorway after a stalled full Priest spread before respawn waiting
ok 45 - q89 Wizard arms the exact live D2031 doorway after a stalled full Priest spread before respawn waiting
  ---
  duration_ms: 0.7378
  type: 'test'
  ...
# Subtest: q89 Taoist rejects an unsafe D2031 Priest then uses the exact live doorway for a normal D2032 completion
ok 46 - q89 Taoist rejects an unsafe D2031 Priest then uses the exact live doorway for a normal D2032 completion
  ---
  duration_ms: 0.6899
  type: 'test'
  ...
# Subtest: a q89 Priest full-spread pass with physical progress does not arm the D2032 fallback
ok 47 - a q89 Priest full-spread pass with physical progress does not arm the D2032 fallback
  ---
  duration_ms: 0.5182
  type: 'test'
  ...
# Subtest: a q89 Priest full-spread pass with unknown physical coordinates does not arm the D2032 fallback
ok 48 - a q89 Priest full-spread pass with unknown physical coordinates does not arm the D2032 fallback
  ---
  duration_ms: 0.3623
  type: 'test'
  ...
# Subtest: a catalogued D2032 Priest cannot arm a stalled q89 fallback without the exact live D2031 source and key
ok 49 - a catalogued D2032 Priest cannot arm a stalled q89 fallback without the exact live D2031 source and key
  ---
  duration_ms: 0.3978
  type: 'test'
  ...
# Subtest: the stalled Priest fallback stays unavailable for other q89 objectives
ok 50 - the stalled Priest fallback stays unavailable for other q89 objectives
  ---
  duration_ms: 0.3481
  type: 'test'
  ...
# Subtest: q89 Wizard returns normally to D2031 before using the live keyed doorway after a retreat
ok 51 - q89 Wizard returns normally to D2031 before using the live keyed doorway after a retreat
  ---
  duration_ms: 0.592
  type: 'test'
  ...
# Subtest: q89 Wizard fails closed when normal fallback-source travel lands on the wrong map
ok 52 - q89 Wizard fails closed when normal fallback-source travel lands on the wrong map
  ---
  duration_ms: 0.378
  type: 'test'
  ...
# Subtest: q89 Wizard fails closed after one live D2032 fallback pass makes no objective progress
ok 53 - q89 Wizard fails closed after one live D2032 fallback pass makes no objective progress
  ---
  duration_ms: 0.5419
  type: 'test'
  ...
# Subtest: a survivable Taoist lands the last bounded hit before retreating from a joining snake
ok 54 - a survivable Taoist lands the last bounded hit before retreating from a joining snake
  ---
  duration_ms: 0.3082
  type: 'test'
  ...
# Subtest: a proven current target forces retreat below forty percent health before combat resumes
ok 55 - a proven current target forces retreat below forty percent health before combat resumes
  ---
  duration_ms: 0.5308
  type: 'test'
  ...
# Subtest: interrupts an in-progress target fight when a new adjacent aggressor lands a hit
ok 56 - interrupts an in-progress target fight when a new adjacent aggressor lands a hit
  ---
  duration_ms: 0.3648
  type: 'test'
  ...
# Subtest: a supplied harvest hunt focuses its unique target and carves before clearing aggressors
ok 57 - a supplied harvest hunt focuses its unique target and carves before clearing aggressors
  ---
  duration_ms: 0.4984
  type: 'test'
  ...
# Subtest: a focused harvest hunt retreats after two proven attackers converge, then retries the target
ok 58 - a focused harvest hunt retreats after two proven attackers converge, then retries the target
  ---
  duration_ms: 0.5049
  type: 'test'
  ...
# Subtest: trusts objective progress from a proven same-species aggressor without an extra target kill
ok 59 - trusts objective progress from a proven same-species aggressor without an extra target kill
  ---
  duration_ms: 0.2459
  type: 'test'
  ...
# Subtest: applies the same threat interrupt when sustain makes a second target approach necessary
ok 60 - applies the same threat interrupt when sustain makes a second target approach necessary
  ---
  duration_ms: 0.3886
  type: 'test'
  ...
# Subtest: does not guess that an adjacent hostile is an aggressor without attack-recipient evidence
ok 61 - does not guess that an adjacent hostile is an aggressor without attack-recipient evidence
  ---
  duration_ms: 0.3428
  type: 'test'
  ...
# Subtest: searches the nearest same-map spawn when no target is in AOI
ok 62 - searches the nearest same-map spawn when no target is in AOI
  ---
  duration_ms: 0.3737
  type: 'test'
  ...
# Subtest: waits for a visible unique target pack to disperse before bounded search failure
ok 63 - waits for a visible unique target pack to disperse before bounded search failure
  ---
  duration_ms: 0.452
  type: 'test'
  ...
# Subtest: unsafe-target observation retreats on the first proven hit instead of waiting in place
ok 64 - unsafe-target observation retreats on the first proven hit instead of waiting in place
  ---
  duration_ms: 0.6907
  type: 'test'
  ...
# Subtest: interrupts spawn navigation for a proven aggressor, clears it within budget, and resumes search
ok 65 - interrupts spawn navigation for a proven aggressor, clears it within budget, and resumes search
  ---
  duration_ms: 0.4146
  type: 'test'
  ...
# Subtest: a failed spawn route sustains the player and interrupts immediately for a proven aggressor
ok 66 - a failed spawn route sustains the player and interrupts immediately for a proven aggressor
  ---
  duration_ms: 0.624
  type: 'test'
  ...
# Subtest: retreats from a clustered proven aggressor and resumes the spawn search
ok 67 - retreats from a clustered proven aggressor and resumes the spawn search
  ---
  duration_ms: 0.6248
  type: 'test'
  ...
# Subtest: accepts a material pack retreat that isolates one follower inside the global clearance
ok 68 - accepts a material pack retreat that isolates one follower inside the global clearance
  ---
  duration_ms: 0.5983
  type: 'test'
  ...
# Subtest: low-health pack retreat requires the full safety radius
ok 69 - low-health pack retreat requires the full safety radius
  ---
  duration_ms: 0.108
  type: 'test'
  ...
# Subtest: severe packs use the open-cell emergency escape before conservative path retries
ok 70 - severe packs use the open-cell emergency escape before conservative path retries
  ---
  duration_ms: 0.6071
  type: 'test'
  ...
# Subtest: a partial cave escape replans when the proven pursuer has left
ok 71 - a partial cave escape replans when the proven pursuer has left
  ---
  duration_ms: 0.8917
  type: 'test'
  ...
# Subtest: a cave dead end replans after its only proven blocker is defeated
ok 72 - a cave dead end replans after its only proven blocker is defeated
  ---
  duration_ms: 0.7778
  type: 'test'
  ...
# Subtest: a fully occupied retreat cuts down one proven adjacent attacker to open an escape tile
ok 73 - a fully occupied retreat cuts down one proven adjacent attacker to open an escape tile
  ---
  duration_ms: 0.7924
  type: 'test'
  ...
# Subtest: a fully occupied retreat waits out paralysis before breakout combat
ok 74 - a fully occupied retreat waits out paralysis before breakout combat
  ---
  duration_ms: 3.466
  type: 'test'
  ...
# Subtest: low-health no-step retreat uses the optional emergency escape before breaking out
ok 75 - low-health no-step retreat uses the optional emergency escape before breaking out
  ---
  duration_ms: 0.7843
  type: 'test'
  ...
# Subtest: low-health multi-aggressor pressure uses emergency escape before a temporary walk route
ok 76 - low-health multi-aggressor pressure uses emergency escape before a temporary walk route
  ---
  duration_ms: 0.6107
  type: 'test'
  ...
# Subtest: a failed low-health emergency escape falls back to bounded hostile breakout
ok 77 - a failed low-health emergency escape falls back to bounded hostile breakout
  ---
  duration_ms: 0.7277
  type: 'test'
  ...
# Subtest: q89 Taoist blocks a fresh critical travel-breakout cast after sustain creates two proven attackers
ok 78 - q89 Taoist blocks a fresh critical travel-breakout cast after sustain creates two proven attackers
  ---
  duration_ms: 0.4078
  type: 'test'
  ...
# Subtest: q89 Taoist critical overlap uses the held escape before any SoulFireBall
ok 79 - q89 Taoist critical overlap uses the held escape before any SoulFireBall
  ---
  duration_ms: 0.3221
  type: 'test'
  ...
# Subtest: q89 Taoist admits a live Priest with two nonadjacent neighbors and verifies its ordinary death receipt
ok 80 - q89 Taoist admits a live Priest with two nonadjacent neighbors and verifies its ordinary death receipt
  ---
  duration_ms: 0.3216
  type: 'test'
  ...
# Subtest: q89 Taoist critical blocked pack ends its bounded retreat without breakout casts or recursive recovery
ok 81 - q89 Taoist critical blocked pack ends its bounded retreat without breakout casts or recursive recovery
  ---
  duration_ms: 0.517
  type: 'test'
  ...
# Subtest: a multi-kill breakout continues through a second proven attacker before escaping
ok 82 - a multi-kill breakout continues through a second proven attacker before escaping
  ---
  duration_ms: 0.7579
  type: 'test'
  ...
# Subtest: an unreachable breakout attacker is skipped for the next proven blocker
ok 83 - an unreachable breakout attacker is skipped for the next proven blocker
  ---
  duration_ms: 1.0667
  type: 'test'
  ...
# Subtest: iterative pack retreat replans from each live position and sustains during escape
ok 84 - iterative pack retreat replans from each live position and sustains during escape
  ---
  duration_ms: 0.671
  type: 'test'
  ...
# Subtest: a pursuing pack that preserves exposure is broken after bounded retreat progress
ok 85 - a pursuing pack that preserves exposure is broken after bounded retreat progress
  ---
  duration_ms: 0.869
  type: 'test'
  ...
# Subtest: moving hostiles can extend retreat across bounded batches until exposure is safe
ok 86 - moving hostiles can extend retreat across bounded batches until exposure is safe
  ---
  duration_ms: 0.6897
  type: 'test'
  ...
# Subtest: search stays in the nearest local field instead of visiting every distant center first
ok 87 - search stays in the nearest local field instead of visiting every distant center first
  ---
  duration_ms: 0.2797
  type: 'test'
  ...
# Subtest: item search prefers an abundant source field over a nearby rare variant
ok 88 - item search prefers an abundant source field over a nearby rare variant
  ---
  duration_ms: 0.4498
  type: 'test'
  ...
# Subtest: a remembered corpse is revisited once without treating it as live, then its candidate is deprioritized
ok 89 - a remembered corpse is revisited once without treating it as live, then its candidate is deprioritized
  ---
  duration_ms: 0.3293
  type: 'test'
  ...
# Subtest: offline monster observations are location hints and require a fresh live AOI target
ok 90 - offline monster observations are location hints and require a fresh live AOI target
  ---
  duration_ms: 0.3225
  type: 'test'
  ...
# Subtest: a same-map world refresh preserves monster locations observed earlier in the visit
ok 91 - a same-map world refresh preserves monster locations observed earlier in the visit
  ---
  duration_ms: 0.2982
  type: 'test'
  ...
# Subtest: a remembered CannibalPlant location gets one close bounded reveal observation
ok 92 - a remembered CannibalPlant location gets one close bounded reveal observation
  ---
  duration_ms: 0.3828
  type: 'test'
  ...
# Subtest: nearest-neighbor traversal does not zigzag between distant full-spread regions
ok 93 - nearest-neighbor traversal does not zigzag between distant full-spread regions
  ---
  duration_ms: 0.4753
  type: 'test'
  ...
# Subtest: spawn search obeys one global waypoint budget
ok 94 - spawn search obeys one global waypoint budget
  ---
  duration_ms: 0.3909
  type: 'test'
  ...
# Subtest: full-spread exhaustion waits for a bounded respawn and resumes the active objective
ok 95 - full-spread exhaustion waits for a bounded respawn and resumes the active objective
  ---
  duration_ms: 0.3922
  type: 'test'
  ...
# Subtest: profiled respawn delay extends the default bounded wait window
ok 96 - profiled respawn delay extends the default bounded wait window
  ---
  duration_ms: 1.4327
  type: 'test'
  ...
# Subtest: a proven adjacent attack interrupts a respawn wait and is cleared before waiting again
ok 97 - a proven adjacent attack interrupts a respawn wait and is cleared before waiting again
  ---
  duration_ms: 0.3703
  type: 'test'
  ...
# Subtest: full-spread grid covers the observed CannibalPlant offset beyond the old 48-tile ring
ok 98 - full-spread grid covers the observed CannibalPlant offset beyond the old 48-tile ring
  ---
  duration_ms: 0.386
  type: 'test'
  ...
# Subtest: full-spread grid closes RakingCat holes while bare ObjectRevived creates no phantom target
ok 99 - full-spread grid closes RakingCat holes while bare ObjectRevived creates no phantom target
  ---
  duration_ms: 0.4325
  type: 'test'
  ...
# Subtest: known map bounds clip every full-spread waypoint
ok 100 - known map bounds clip every full-spread waypoint
  ---
  duration_ms: 0.9839
  type: 'test'
  ...
# Subtest: wall-clock search timeout reports partial coverage and emits bounded diagnostics
ok 101 - wall-clock search timeout reports partial coverage and emits bounded diagnostics
  ---
  duration_ms: 0.4329
  type: 'test'
  ...
# Subtest: harvest item source uses the corpse direction and waits for quest progress
ok 102 - harvest item source uses the corpse direction and waits for quest progress
  ---
  duration_ms: 0.3527
  type: 'test'
  ...
# Subtest: an already-consumed shared corpse is skipped without claiming progress
ok 103 - an already-consumed shared corpse is skipped without claiming progress
  ---
  duration_ms: 0.5233
  type: 'test'
  ...
# Subtest: three distinct unavailable corpses fail with an explicit bounded error
ok 104 - three distinct unavailable corpses fail with an explicit bounded error
  ---
  duration_ms: 0.6187
  type: 'test'
  ...
# Subtest: player death during unavailable-corpse probing still fails immediately
ok 105 - player death during unavailable-corpse probing still fails immediately
  ---
  duration_ms: 0.3898
  type: 'test'
  ...
# Subtest: fails closed when an objective has no source on the current map
ok 106 - fails closed when an objective has no source on the current map
  ---
  duration_ms: 0.1498
  type: 'test'
  ...
# Subtest: cross-map fallback skips an unreachable first source and travels only to a reachable map
ok 107 - cross-map fallback skips an unreachable first source and travels only to a reachable map
  ---
  duration_ms: 0.2641
  type: 'test'
  ...
# Subtest: cross-map objective prefers its quest NPC map over a closer dangerous source
ok 108 - cross-map objective prefers its quest NPC map over a closer dangerous source
  ---
  duration_ms: 0.3109
  type: 'test'
  ...
# Subtest: diary material objective prefers its quest group map over a shorter wasteland source
ok 109 - diary material objective prefers its quest group map over a shorter wasteland source
  ---
  duration_ms: 0.2447
  type: 'test'
  ...
# Subtest: cross-map fallback fails explicitly without travelling when all source maps are unreachable
ok 110 - cross-map fallback fails explicitly without travelling when all source maps are unreachable
  ---
  duration_ms: 0.2148
  type: 'test'
  ...
# Subtest: stops immediately when the player is dead
ok 111 - stops immediately when the player is dead
  ---
  duration_ms: 0.1291
  type: 'test'
  ...
# Subtest: bounds a target that never reports combat progress
ok 112 - bounds a target that never reports combat progress
  ---
  duration_ms: 1.1383
  type: 'test'
  ...
# Subtest: a non-responsive revived target is quarantined while another live target completes combat
ok 113 - a non-responsive revived target is quarantined while another live target completes combat
  ---
  duration_ms: 0.4678
  type: 'test'
  ...
# Subtest: a fleeing Deer is re-approached instead of being quarantined as unresponsive
ok 114 - a fleeing Deer is re-approached instead of being quarantined as unresponsive
  ---
  duration_ms: 0.3587
  type: 'test'
  ...
# Subtest: a same-speed passive target is bounded after prolonged movement without a confirmed hit
ok 115 - a same-speed passive target is bounded after prolonged movement without a confirmed hit
  ---
  duration_ms: 0.222
  type: 'test'
  ...
# Subtest: travel blocker combat clears a nearer live monster sealing the target approach
ok 116 - travel blocker combat clears a nearer live monster sealing the target approach
  ---
  duration_ms: 0.3072
  type: 'test'
  ...
# Subtest: continues ordinary attacks across HP acknowledgements until target death
ok 117 - continues ordinary attacks across HP acknowledgements until target death
  ---
  duration_ms: 0.3077
  type: 'test'
  ...
# Subtest: dynamic approach uses Wizard spell range, closes without MP, and waits without an attack
ok 118 - dynamic approach uses Wizard spell range, closes without MP, and waits without an attack
  ---
  duration_ms: 0.5542
  type: 'test'
  ...
# Subtest: combat approach retries with bounded clearance when the full buffer seals the path
ok 119 - combat approach retries with bounded clearance when the full buffer seals the path
  ---
  duration_ms: 0.2389
  type: 'test'
  ...
# Subtest: an unreachable live monster is quarantined while combat continues with another target
ok 120 - an unreachable live monster is quarantined while combat continues with another target
  ---
  duration_ms: 0.2921
  type: 'test'
  ...
# Subtest: a stationary target is retried after its temporary corridor blocker can move
ok 121 - a stationary target is retried after its temporary corridor blocker can move
  ---
  duration_ms: 0.5077
  type: 'test'
  ...
# Subtest: an opted-in objective clears one nearby monster occupying its only approach
ok 122 - an opted-in objective clears one nearby monster occupying its only approach
  ---
  duration_ms: 0.383
  type: 'test'
  ...
# Subtest: spawn search retries the same cave waypoint with bounded hostile clearance
ok 123 - spawn search retries the same cave waypoint with bounded hostile clearance
  ---
  duration_ms: 0.4115
  type: 'test'
  ...
# Subtest: cooldown waits preserve the attack budget and refresh from authoritative snapshots
ok 124 - cooldown waits preserve the attack budget and refresh from authoritative snapshots
  ---
  duration_ms: 0.2977
  type: 'test'
  ...
# Subtest: positive hits reset consecutive cooldown time during a long spell pull
ok 125 - positive hits reset consecutive cooldown time during a long spell pull
  ---
  duration_ms: 0.5509
  type: 'test'
  ...
# Subtest: a server cooldown that never changes fails after a bounded total wait
ok 126 - a server cooldown that never changes fails after a bounded total wait
  ---
  duration_ms: 0.3508
  type: 'test'
  ...
# Subtest: a sustain callback cannot mask authoritative player death
ok 127 - a sustain callback cannot mask authoritative player death
  ---
  duration_ms: 0.2597
  type: 'test'
  ...
# Subtest: a target that leaves during approach is deferred and another live target completes the objective
ok 128 - a target that leaves during approach is deferred and another live target completes the objective
  ---
  duration_ms: 0.3045
  type: 'test'
  ...
# Subtest: target removal waits three seconds so a delayed authoritative player death wins the error classification
ok 129 - target removal waits three seconds so a delayed authoritative player death wins the error classification
  ---
  duration_ms: 0.2988
  type: 'test'
  ...
# Subtest: a living player defers an exact removed target but still fails without quest progress
ok 130 - a living player defers an exact removed target but still fails without quest progress
  ---
  duration_ms: 0.9492
  type: 'test'
  ...
# Subtest: authoritative quest progress accepts a target removed before its death packet settles
ok 131 - authoritative quest progress accepts a target removed before its death packet settles
  ---
  duration_ms: 0.3099
  type: 'test'
  ...
# Subtest: proven remote-player last blow is recorded and retries without claiming quest credit
ok 132 - proven remote-player last blow is recorded and retries without claiming quest credit
  ---
  duration_ms: 0.2961
  type: 'test'
  ...
# Subtest: unknown last-blow identity preserves the missing-award failure
ok 133 - unknown last-blow identity preserves the missing-award failure
  ---
  duration_ms: 0.2982
  type: 'test'
  ...
# Subtest: a bystander death is not accepted as the current target death
ok 134 - a bystander death is not accepted as the current target death
  ---
  duration_ms: 0.3616
  type: 'test'
  ...
# Subtest: picks up a visible non-harvest quest drop and requires objective confirmation
ok 135 - picks up a visible non-harvest quest drop and requires objective confirmation
  ---
  duration_ms: 0.3161
  type: 'test'
  ...
# Subtest: same-tile harvest preserves a valid authoritative facing
ok 136 - same-tile harvest preserves a valid authoritative facing
  ---
  duration_ms: 0.0441
  type: 'test'
  ...
# Subtest: q89 ordinary Priest approach maps a fresh named Shaman halo to bounded recovery
ok 137 - q89 ordinary Priest approach maps a fresh named Shaman halo to bounded recovery
  ---
  duration_ms: 1.5258
  type: 'test'
  ...
1..137
# tests 137
# suites 0
# pass 137
# fail 0
# cancelled 0
# skipped 0
# todo 0
# duration_ms 383.0614
