TAP version 13
# Subtest: explicit objective map preference resolves equal-length dungeon routes
ok 1 - explicit objective map preference resolves equal-length dungeon routes
  ---
  duration_ms: 1.132
  type: 'test'
  ...
# Subtest: armed q89 fallback accepts a profile-pruned route only with the exact live doorway
ok 2 - armed q89 fallback accepts a profile-pruned route only with the exact live doorway
  ---
  duration_ms: 0.4505
  type: 'test'
  ...
# Subtest: retreat route bias preserves cave-exit progress without accepting an adjacent hostile
ok 3 - retreat route bias preserves cave-exit progress without accepting an adjacent hostile
  ---
  duration_ms: 0.1753
  type: 'test'
  ...
# Subtest: direct ranged hit evidence identifies a q89 aggressor up to eight tiles away
ok 4 - direct ranged hit evidence identifies a q89 aggressor up to eight tiles away
  ---
  duration_ms: 0.775
  type: 'test'
  ...
# Subtest: a q89 unavailable Shaman band defers and uses ordinary retreat recovery instead of ending the objective loop
ok 5 - a q89 unavailable Shaman band defers and uses ordinary retreat recovery instead of ending the objective loop
  ---
  duration_ms: 3.6597
  type: 'test'
  ...
# Subtest: q89 spawn-stall clearing reaches a certified Shaman band before its ordinary action
ok 6 - q89 spawn-stall clearing reaches a certified Shaman band before its ordinary action
  ---
  duration_ms: 30.2007
  type: 'test'
  ...
# Subtest: q89 Wizard guards the real D2031-to-D2032 transit before a Run crosses the entrance Shaman halo
ok 7 - q89 Wizard guards the real D2031-to-D2032 transit before a Run crosses the entrance Shaman halo
  ---
  duration_ms: 92.523
  type: 'test'
  ...
# Subtest: q89 transit clearance aborts when a Shaman moves into its fresh cadence cells without recursive clearing
ok 8 - q89 transit clearance aborts when a Shaman moves into its fresh cadence cells without recursive clearing
  ---
  duration_ms: 1.0969
  type: 'test'
  ...
# Subtest: q89 transit blocker cap performs one recovery then terminates a still-live next halo
ok 9 - q89 transit blocker cap performs one recovery then terminates a still-live next halo
  ---
  duration_ms: 1.3638
  type: 'test'
  ...
# Subtest: q89 deferred live transit blocker does not replan the same guarded step forever
ok 10 - q89 deferred live transit blocker does not replan the same guarded step forever
  ---
  duration_ms: 0.9598
  type: 'test'
  ...
# Subtest: q89 spawn-stall blocker defers when independent quest progress removes it without a death receipt
ok 11 - q89 spawn-stall blocker defers when independent quest progress removes it without a death receipt
  ---
  duration_ms: 0.5911
  type: 'test'
  ...
# Subtest: q2 kills a live Scarecrow and trusts authoritative GingerTea progress
ok 12 - q2 kills a live Scarecrow and trusts authoritative GingerTea progress
  ---
  duration_ms: 0.3861
  type: 'test'
  ...
# Subtest: q5 completes Deer and Scarecrow kill objectives without treating monster level as a gate
ok 13 - q5 completes Deer and Scarecrow kill objectives without treating monster level as a gate
  ---
  duration_ms: 0.4656
  type: 'test'
  ...
# Subtest: a multi-objective hunt clears a visible later target while the first target is respawning
ok 14 - a multi-objective hunt clears a visible later target while the first target is respawning
  ---
  duration_ms: 0.3228
  type: 'test'
  ...
# Subtest: a multi-objective spawn search stops for another safe required monster entering AOI
ok 15 - a multi-objective spawn search stops for another safe required monster entering AOI
  ---
  duration_ms: 0.5949
  type: 'test'
  ...
# Subtest: a multi-map quest clears an incomplete same-map objective before crossing to the first listed source
ok 16 - a multi-map quest clears an incomplete same-map objective before crossing to the first listed source
  ---
  duration_ms: 0.3086
  type: 'test'
  ...
# Subtest: a live objective omitted from the spawn manifest is fought on the current map
ok 17 - a live objective omitted from the spawn manifest is fought on the current map
  ---
  duration_ms: 0.2406
  type: 'test'
  ...
# Subtest: an allowed wounded objective is resumed before a closer full-health peer
ok 18 - an allowed wounded objective is resumed before a closer full-health peer
  ---
  duration_ms: 0.2699
  type: 'test'
  ...
# Subtest: a healthy player keeps approaching a 25-percent objective when a pack appears
ok 19 - a healthy player keeps approaching a 25-percent objective when a pack appears
  ---
  duration_ms: 0.301
  type: 'test'
  ...
# Subtest: an expedition can prefer its configured objective map over a denser same-map spawn
ok 20 - an expedition can prefer its configured objective map over a denser same-map spawn
  ---
  duration_ms: 0.3502
  type: 'test'
  ...
# Subtest: a post-travel supply checkpoint can leave and replan before objective combat
ok 21 - a post-travel supply checkpoint can leave and replan before objective combat
  ---
  duration_ms: 0.292
  type: 'test'
  ...
# Subtest: multi-map travel evades a proven adjacent aggressor before retrying the ordinary route
ok 22 - multi-map travel evades a proven adjacent aggressor before retrying the ordinary route
  ---
  duration_ms: 0.4642
  type: 'test'
  ...
# Subtest: a repeated interruption on the same travel edge clears the proven aggressor
ok 23 - a repeated interruption on the same travel edge clears the proven aggressor
  ---
  duration_ms: 0.6359
  type: 'test'
  ...
# Subtest: multi-map travel clears a hostile doorway blocker and retries the same route
ok 24 - multi-map travel clears a hostile doorway blocker and retries the same route
  ---
  duration_ms: 0.3584
  type: 'test'
  ...
# Subtest: doorway blocker retreats when aggressor clearing discovers a dense pack
ok 25 - doorway blocker retreats when aggressor clearing discovers a dense pack
  ---
  duration_ms: 0.7207
  type: 'test'
  ...
# Subtest: stocked expedition travel clears a proven aggressor before retrying the route
ok 26 - stocked expedition travel clears a proven aggressor before retrying the route
  ---
  duration_ms: 0.421
  type: 'test'
  ...
# Subtest: travel retries when the proven threat leaves before fallback combat
ok 27 - travel retries when the proven threat leaves before fallback combat
  ---
  duration_ms: 0.2891
  type: 'test'
  ...
# Subtest: healthy expedition keeps crossing after a glancing hit and interrupts once health is low
ok 28 - healthy expedition keeps crossing after a glancing hit and interrupts once health is low
  ---
  duration_ms: 0.3172
  type: 'test'
  ...
# Subtest: chooses an isolated quest target before a closer target inside a hostile pack
ok 29 - chooses an isolated quest target before a closer target inside a hostile pack
  ---
  duration_ms: 0.1957
  type: 'test'
  ...
# Subtest: defers a clustered target for its current life and selects another target
ok 30 - defers a clustered target for its current life and selects another target
  ---
  duration_ms: 0.478
  type: 'test'
  ...
# Subtest: reconsiders the only deferred target after enough events prove its pack dispersed
ok 31 - reconsiders the only deferred target after enough events prove its pack dispersed
  ---
  duration_ms: 0.4643
  type: 'test'
  ...
# Subtest: disengages when a second hostile joins an attack already in progress
ok 32 - disengages when a second hostile joins an attack already in progress
  ---
  duration_ms: 0.426
  type: 'test'
  ...
# Subtest: clears only proven adjacent monster aggressors by lowest HP before the quest target
ok 33 - clears only proven adjacent monster aggressors by lowest HP before the quest target
  ---
  duration_ms: 0.4442
  type: 'test'
  ...
# Subtest: low health under two established aggressors retreats instead of standing to clear both
ok 34 - low health under two established aggressors retreats instead of standing to clear both
  ---
  duration_ms: 0.551
  type: 'test'
  ...
# Subtest: a stocked mine expedition clears two aggressors above its lower retreat threshold
ok 35 - a stocked mine expedition clears two aggressors above its lower retreat threshold
  ---
  duration_ms: 0.2777
  type: 'test'
  ...
# Subtest: a mine expedition retreats from three active aggressors before waiting for low health
ok 36 - a mine expedition retreats from three active aggressors before waiting for low health
  ---
  duration_ms: 0.4487
  type: 'test'
  ...
# Subtest: a focused snake pull wakes its response wait on the first extra aggressor
ok 37 - a focused snake pull wakes its response wait on the first extra aggressor
  ---
  duration_ms: 0.4591
  type: 'test'
  ...
# Subtest: a newly revived adjacent aggressor pre-empts one established aggressor without target ping-pong
ok 38 - a newly revived adjacent aggressor pre-empts one established aggressor without target ping-pong
  ---
  duration_ms: 0.4323
  type: 'test'
  ...
# Subtest: an objective target cannot interrupt clearing the aggressor that joined its fight
ok 39 - an objective target cannot interrupt clearing the aggressor that joined its fight
  ---
  duration_ms: 0.3907
  type: 'test'
  ...
# Subtest: interrupts target navigation to clear a newly proven adjacent aggressor, then resumes the exact target
ok 40 - interrupts target navigation to clear a newly proven adjacent aggressor, then resumes the exact target
  ---
  duration_ms: 0.44
  type: 'test'
  ...
# Subtest: an unreachable proven aggressor is recorded, escaped, and does not abort the objective
ok 41 - an unreachable proven aggressor is recorded, escaped, and does not abort the objective
  ---
  duration_ms: 0.5799
  type: 'test'
  ...
# Subtest: a healthy focused ranged hunt finishes its quest target through one proven aggressor
ok 42 - a healthy focused ranged hunt finishes its quest target through one proven aggressor
  ---
  duration_ms: 0.2201
  type: 'test'
  ...
# Subtest: q89 clears one proven entrance aggressor before retaining the required target
ok 43 - q89 clears one proven entrance aggressor before retaining the required target
  ---
  duration_ms: 0.3039
  type: 'test'
  ...
# Subtest: q89 still retreats at 75 percent HP when two aggressors are proven
ok 44 - q89 still retreats at 75 percent HP when two aggressors are proven
  ---
  duration_ms: 0.4914
  type: 'test'
  ...
# Subtest: q89 Wizard returns normally to D2031 before using the live keyed doorway after a retreat
ok 45 - q89 Wizard returns normally to D2031 before using the live keyed doorway after a retreat
  ---
  duration_ms: 0.5674
  type: 'test'
  ...
# Subtest: q89 Wizard fails closed when normal fallback-source travel lands on the wrong map
ok 46 - q89 Wizard fails closed when normal fallback-source travel lands on the wrong map
  ---
  duration_ms: 0.386
  type: 'test'
  ...
# Subtest: q89 Wizard fails closed after one live D2032 fallback pass makes no objective progress
ok 47 - q89 Wizard fails closed after one live D2032 fallback pass makes no objective progress
  ---
  duration_ms: 0.5294
  type: 'test'
  ...
# Subtest: a survivable Taoist lands the last bounded hit before retreating from a joining snake
ok 48 - a survivable Taoist lands the last bounded hit before retreating from a joining snake
  ---
  duration_ms: 0.4671
  type: 'test'
  ...
# Subtest: a proven current target forces retreat below forty percent health before combat resumes
ok 49 - a proven current target forces retreat below forty percent health before combat resumes
  ---
  duration_ms: 0.5237
  type: 'test'
  ...
# Subtest: interrupts an in-progress target fight when a new adjacent aggressor lands a hit
ok 50 - interrupts an in-progress target fight when a new adjacent aggressor lands a hit
  ---
  duration_ms: 0.3311
  type: 'test'
  ...
# Subtest: a supplied harvest hunt focuses its unique target and carves before clearing aggressors
ok 51 - a supplied harvest hunt focuses its unique target and carves before clearing aggressors
  ---
  duration_ms: 0.5807
  type: 'test'
  ...
# Subtest: a focused harvest hunt retreats after two proven attackers converge, then retries the target
ok 52 - a focused harvest hunt retreats after two proven attackers converge, then retries the target
  ---
  duration_ms: 0.4927
  type: 'test'
  ...
# Subtest: trusts objective progress from a proven same-species aggressor without an extra target kill
ok 53 - trusts objective progress from a proven same-species aggressor without an extra target kill
  ---
  duration_ms: 0.2353
  type: 'test'
  ...
# Subtest: applies the same threat interrupt when sustain makes a second target approach necessary
ok 54 - applies the same threat interrupt when sustain makes a second target approach necessary
  ---
  duration_ms: 0.3762
  type: 'test'
  ...
# Subtest: does not guess that an adjacent hostile is an aggressor without attack-recipient evidence
ok 55 - does not guess that an adjacent hostile is an aggressor without attack-recipient evidence
  ---
  duration_ms: 0.1772
  type: 'test'
  ...
# Subtest: searches the nearest same-map spawn when no target is in AOI
ok 56 - searches the nearest same-map spawn when no target is in AOI
  ---
  duration_ms: 0.3752
  type: 'test'
  ...
# Subtest: waits for a visible unique target pack to disperse before bounded search failure
ok 57 - waits for a visible unique target pack to disperse before bounded search failure
  ---
  duration_ms: 0.7792
  type: 'test'
  ...
# Subtest: unsafe-target observation retreats on the first proven hit instead of waiting in place
ok 58 - unsafe-target observation retreats on the first proven hit instead of waiting in place
  ---
  duration_ms: 0.7431
  type: 'test'
  ...
# Subtest: interrupts spawn navigation for a proven aggressor, clears it within budget, and resumes search
ok 59 - interrupts spawn navigation for a proven aggressor, clears it within budget, and resumes search
  ---
  duration_ms: 0.4958
  type: 'test'
  ...
# Subtest: a failed spawn route sustains the player and interrupts immediately for a proven aggressor
ok 60 - a failed spawn route sustains the player and interrupts immediately for a proven aggressor
  ---
  duration_ms: 0.4156
  type: 'test'
  ...
# Subtest: retreats from a clustered proven aggressor and resumes the spawn search
ok 61 - retreats from a clustered proven aggressor and resumes the spawn search
  ---
  duration_ms: 0.5657
  type: 'test'
  ...
# Subtest: accepts a material pack retreat that isolates one follower inside the global clearance
ok 62 - accepts a material pack retreat that isolates one follower inside the global clearance
  ---
  duration_ms: 0.5899
  type: 'test'
  ...
# Subtest: low-health pack retreat requires the full safety radius
ok 63 - low-health pack retreat requires the full safety radius
  ---
  duration_ms: 0.2743
  type: 'test'
  ...
# Subtest: severe packs use the open-cell emergency escape before conservative path retries
ok 64 - severe packs use the open-cell emergency escape before conservative path retries
  ---
  duration_ms: 0.6263
  type: 'test'
  ...
# Subtest: a partial cave escape replans when the proven pursuer has left
ok 65 - a partial cave escape replans when the proven pursuer has left
  ---
  duration_ms: 0.8402
  type: 'test'
  ...
# Subtest: a cave dead end replans after its only proven blocker is defeated
ok 66 - a cave dead end replans after its only proven blocker is defeated
  ---
  duration_ms: 0.7827
  type: 'test'
  ...
# Subtest: a fully occupied retreat cuts down one proven adjacent attacker to open an escape tile
ok 67 - a fully occupied retreat cuts down one proven adjacent attacker to open an escape tile
  ---
  duration_ms: 0.7305
  type: 'test'
  ...
# Subtest: a fully occupied retreat waits out paralysis before breakout combat
ok 68 - a fully occupied retreat waits out paralysis before breakout combat
  ---
  duration_ms: 0.8751
  type: 'test'
  ...
# Subtest: low-health no-step retreat uses the optional emergency escape before breaking out
ok 69 - low-health no-step retreat uses the optional emergency escape before breaking out
  ---
  duration_ms: 0.8175
  type: 'test'
  ...
# Subtest: low-health multi-aggressor pressure uses emergency escape before a temporary walk route
ok 70 - low-health multi-aggressor pressure uses emergency escape before a temporary walk route
  ---
  duration_ms: 0.5493
  type: 'test'
  ...
# Subtest: a failed low-health emergency escape falls back to bounded hostile breakout
ok 71 - a failed low-health emergency escape falls back to bounded hostile breakout
  ---
  duration_ms: 0.7235
  type: 'test'
  ...
# Subtest: a multi-kill breakout continues through a second proven attacker before escaping
ok 72 - a multi-kill breakout continues through a second proven attacker before escaping
  ---
  duration_ms: 0.8367
  type: 'test'
  ...
# Subtest: an unreachable breakout attacker is skipped for the next proven blocker
ok 73 - an unreachable breakout attacker is skipped for the next proven blocker
  ---
  duration_ms: 1.2377
  type: 'test'
  ...
# Subtest: iterative pack retreat replans from each live position and sustains during escape
ok 74 - iterative pack retreat replans from each live position and sustains during escape
  ---
  duration_ms: 0.7339
  type: 'test'
  ...
# Subtest: a pursuing pack that preserves exposure is broken after bounded retreat progress
ok 75 - a pursuing pack that preserves exposure is broken after bounded retreat progress
  ---
  duration_ms: 0.796
  type: 'test'
  ...
# Subtest: moving hostiles can extend retreat across bounded batches until exposure is safe
ok 76 - moving hostiles can extend retreat across bounded batches until exposure is safe
  ---
  duration_ms: 0.5392
  type: 'test'
  ...
# Subtest: search stays in the nearest local field instead of visiting every distant center first
ok 77 - search stays in the nearest local field instead of visiting every distant center first
  ---
  duration_ms: 0.2762
  type: 'test'
  ...
# Subtest: item search prefers an abundant source field over a nearby rare variant
ok 78 - item search prefers an abundant source field over a nearby rare variant
  ---
  duration_ms: 0.4749
  type: 'test'
  ...
# Subtest: a remembered corpse is revisited once without treating it as live, then its candidate is deprioritized
ok 79 - a remembered corpse is revisited once without treating it as live, then its candidate is deprioritized
  ---
  duration_ms: 0.4964
  type: 'test'
  ...
# Subtest: offline monster observations are location hints and require a fresh live AOI target
ok 80 - offline monster observations are location hints and require a fresh live AOI target
  ---
  duration_ms: 0.3017
  type: 'test'
  ...
# Subtest: a same-map world refresh preserves monster locations observed earlier in the visit
ok 81 - a same-map world refresh preserves monster locations observed earlier in the visit
  ---
  duration_ms: 0.3439
  type: 'test'
  ...
# Subtest: a remembered CannibalPlant location gets one close bounded reveal observation
ok 82 - a remembered CannibalPlant location gets one close bounded reveal observation
  ---
  duration_ms: 0.3376
  type: 'test'
  ...
# Subtest: nearest-neighbor traversal does not zigzag between distant full-spread regions
ok 83 - nearest-neighbor traversal does not zigzag between distant full-spread regions
  ---
  duration_ms: 0.4669
  type: 'test'
  ...
# Subtest: spawn search obeys one global waypoint budget
ok 84 - spawn search obeys one global waypoint budget
  ---
  duration_ms: 0.3922
  type: 'test'
  ...
# Subtest: full-spread exhaustion waits for a bounded respawn and resumes the active objective
ok 85 - full-spread exhaustion waits for a bounded respawn and resumes the active objective
  ---
  duration_ms: 0.4058
  type: 'test'
  ...
# Subtest: profiled respawn delay extends the default bounded wait window
ok 86 - profiled respawn delay extends the default bounded wait window
  ---
  duration_ms: 2.14
  type: 'test'
  ...
# Subtest: a proven adjacent attack interrupts a respawn wait and is cleared before waiting again
ok 87 - a proven adjacent attack interrupts a respawn wait and is cleared before waiting again
  ---
  duration_ms: 0.4162
  type: 'test'
  ...
# Subtest: full-spread grid covers the observed CannibalPlant offset beyond the old 48-tile ring
ok 88 - full-spread grid covers the observed CannibalPlant offset beyond the old 48-tile ring
  ---
  duration_ms: 0.3764
  type: 'test'
  ...
# Subtest: full-spread grid closes RakingCat holes while bare ObjectRevived creates no phantom target
ok 89 - full-spread grid closes RakingCat holes while bare ObjectRevived creates no phantom target
  ---
  duration_ms: 0.3788
  type: 'test'
  ...
# Subtest: known map bounds clip every full-spread waypoint
ok 90 - known map bounds clip every full-spread waypoint
  ---
  duration_ms: 0.8646
  type: 'test'
  ...
# Subtest: wall-clock search timeout reports partial coverage and emits bounded diagnostics
ok 91 - wall-clock search timeout reports partial coverage and emits bounded diagnostics
  ---
  duration_ms: 0.4124
  type: 'test'
  ...
# Subtest: harvest item source uses the corpse direction and waits for quest progress
ok 92 - harvest item source uses the corpse direction and waits for quest progress
  ---
  duration_ms: 0.414
  type: 'test'
  ...
# Subtest: an already-consumed shared corpse is skipped without claiming progress
ok 93 - an already-consumed shared corpse is skipped without claiming progress
  ---
  duration_ms: 0.9332
  type: 'test'
  ...
# Subtest: three distinct unavailable corpses fail with an explicit bounded error
ok 94 - three distinct unavailable corpses fail with an explicit bounded error
  ---
  duration_ms: 0.6912
  type: 'test'
  ...
# Subtest: player death during unavailable-corpse probing still fails immediately
ok 95 - player death during unavailable-corpse probing still fails immediately
  ---
  duration_ms: 0.3345
  type: 'test'
  ...
# Subtest: fails closed when an objective has no source on the current map
ok 96 - fails closed when an objective has no source on the current map
  ---
  duration_ms: 0.1847
  type: 'test'
  ...
# Subtest: cross-map fallback skips an unreachable first source and travels only to a reachable map
ok 97 - cross-map fallback skips an unreachable first source and travels only to a reachable map
  ---
  duration_ms: 0.313
  type: 'test'
  ...
# Subtest: cross-map objective prefers its quest NPC map over a closer dangerous source
ok 98 - cross-map objective prefers its quest NPC map over a closer dangerous source
  ---
  duration_ms: 0.4045
  type: 'test'
  ...
# Subtest: diary material objective prefers its quest group map over a shorter wasteland source
ok 99 - diary material objective prefers its quest group map over a shorter wasteland source
  ---
  duration_ms: 0.2592
  type: 'test'
  ...
# Subtest: cross-map fallback fails explicitly without travelling when all source maps are unreachable
ok 100 - cross-map fallback fails explicitly without travelling when all source maps are unreachable
  ---
  duration_ms: 0.2277
  type: 'test'
  ...
# Subtest: stops immediately when the player is dead
ok 101 - stops immediately when the player is dead
  ---
  duration_ms: 0.1281
  type: 'test'
  ...
# Subtest: bounds a target that never reports combat progress
ok 102 - bounds a target that never reports combat progress
  ---
  duration_ms: 1.4959
  type: 'test'
  ...
# Subtest: a non-responsive revived target is quarantined while another live target completes combat
ok 103 - a non-responsive revived target is quarantined while another live target completes combat
  ---
  duration_ms: 0.5499
  type: 'test'
  ...
# Subtest: a fleeing Deer is re-approached instead of being quarantined as unresponsive
ok 104 - a fleeing Deer is re-approached instead of being quarantined as unresponsive
  ---
  duration_ms: 0.3898
  type: 'test'
  ...
# Subtest: a same-speed passive target is bounded after prolonged movement without a confirmed hit
ok 105 - a same-speed passive target is bounded after prolonged movement without a confirmed hit
  ---
  duration_ms: 0.4065
  type: 'test'
  ...
# Subtest: travel blocker combat clears a nearer live monster sealing the target approach
ok 106 - travel blocker combat clears a nearer live monster sealing the target approach
  ---
  duration_ms: 0.34
  type: 'test'
  ...
# Subtest: continues ordinary attacks across HP acknowledgements until target death
ok 107 - continues ordinary attacks across HP acknowledgements until target death
  ---
  duration_ms: 0.4228
  type: 'test'
  ...
# Subtest: dynamic approach uses Wizard spell range, closes without MP, and waits without an attack
ok 108 - dynamic approach uses Wizard spell range, closes without MP, and waits without an attack
  ---
  duration_ms: 0.6178
  type: 'test'
  ...
# Subtest: combat approach retries with bounded clearance when the full buffer seals the path
ok 109 - combat approach retries with bounded clearance when the full buffer seals the path
  ---
  duration_ms: 0.2439
  type: 'test'
  ...
# Subtest: an unreachable live monster is quarantined while combat continues with another target
ok 110 - an unreachable live monster is quarantined while combat continues with another target
  ---
  duration_ms: 0.3052
  type: 'test'
  ...
# Subtest: a stationary target is retried after its temporary corridor blocker can move
ok 111 - a stationary target is retried after its temporary corridor blocker can move
  ---
  duration_ms: 0.7607
  type: 'test'
  ...
# Subtest: an opted-in objective clears one nearby monster occupying its only approach
ok 112 - an opted-in objective clears one nearby monster occupying its only approach
  ---
  duration_ms: 0.4915
  type: 'test'
  ...
# Subtest: spawn search retries the same cave waypoint with bounded hostile clearance
ok 113 - spawn search retries the same cave waypoint with bounded hostile clearance
  ---
  duration_ms: 0.5868
  type: 'test'
  ...
# Subtest: cooldown waits preserve the attack budget and refresh from authoritative snapshots
ok 114 - cooldown waits preserve the attack budget and refresh from authoritative snapshots
  ---
  duration_ms: 0.3194
  type: 'test'
  ...
# Subtest: positive hits reset consecutive cooldown time during a long spell pull
ok 115 - positive hits reset consecutive cooldown time during a long spell pull
  ---
  duration_ms: 0.6325
  type: 'test'
  ...
# Subtest: a server cooldown that never changes fails after a bounded total wait
ok 116 - a server cooldown that never changes fails after a bounded total wait
  ---
  duration_ms: 0.3525
  type: 'test'
  ...
# Subtest: a sustain callback cannot mask authoritative player death
ok 117 - a sustain callback cannot mask authoritative player death
  ---
  duration_ms: 0.2406
  type: 'test'
  ...
# Subtest: a target that leaves during approach is deferred and another live target completes the objective
ok 118 - a target that leaves during approach is deferred and another live target completes the objective
  ---
  duration_ms: 0.3331
  type: 'test'
  ...
# Subtest: target removal waits three seconds so a delayed authoritative player death wins the error classification
ok 119 - target removal waits three seconds so a delayed authoritative player death wins the error classification
  ---
  duration_ms: 0.2992
  type: 'test'
  ...
# Subtest: a living player defers an exact removed target but still fails without quest progress
ok 120 - a living player defers an exact removed target but still fails without quest progress
  ---
  duration_ms: 1.2612
  type: 'test'
  ...
# Subtest: authoritative quest progress accepts a target removed before its death packet settles
ok 121 - authoritative quest progress accepts a target removed before its death packet settles
  ---
  duration_ms: 0.3024
  type: 'test'
  ...
# Subtest: proven remote-player last blow is recorded and retries without claiming quest credit
ok 122 - proven remote-player last blow is recorded and retries without claiming quest credit
  ---
  duration_ms: 0.3466
  type: 'test'
  ...
# Subtest: unknown last-blow identity preserves the missing-award failure
ok 123 - unknown last-blow identity preserves the missing-award failure
  ---
  duration_ms: 0.3607
  type: 'test'
  ...
# Subtest: a bystander death is not accepted as the current target death
ok 124 - a bystander death is not accepted as the current target death
  ---
  duration_ms: 0.3554
  type: 'test'
  ...
# Subtest: picks up a visible non-harvest quest drop and requires objective confirmation
ok 125 - picks up a visible non-harvest quest drop and requires objective confirmation
  ---
  duration_ms: 0.3375
  type: 'test'
  ...
# Subtest: same-tile harvest preserves a valid authoritative facing
ok 126 - same-tile harvest preserves a valid authoritative facing
  ---
  duration_ms: 0.046
  type: 'test'
  ...
# Subtest: Wizard retreats on a collision-planned path before using the ranged action
ok 127 - Wizard retreats on a collision-planned path before using the ranged action
  ---
  duration_ms: 6.1349
  type: 'test'
  ...
# Subtest: q89 Wizard moves a close CursedShaman into the 7-9 projectile band outside every visible Shaman footprint
ok 128 - q89 Wizard moves a close CursedShaman into the 7-9 projectile band outside every visible Shaman footprint
  ---
  duration_ms: 1.3556
  type: 'test'
  ...
# Subtest: q89 Wizard never falls back to a close CursedShaman cast when no collision-safe ranged band exists
ok 129 - q89 Wizard never falls back to a close CursedShaman cast when no collision-safe ranged band exists
  ---
  duration_ms: 0.7473
  type: 'test'
  ...
# Subtest: q89 action-owned reposition rechecks a Shaman that moves during navigator cadence
ok 130 - q89 action-owned reposition rechecks a Shaman that moves during navigator cadence
  ---
  duration_ms: 4.0301
  type: 'test'
  ...
# Subtest: D2031 entry has a collision-valid nine-tile CursedShaman firing position
ok 131 - D2031 entry has a collision-valid nine-tile CursedShaman firing position
  ---
  duration_ms: 12.8225
  type: 'test'
  ...
# Subtest: q89 Wizard wrapper reaches the live D2031 entry band before casting
ok 132 - q89 Wizard wrapper reaches the live D2031 entry band before casting
  ---
  duration_ms: 9.6814
  type: 'test'
  ...
# Subtest: Taoist SoulFireBall uses the same bounded ranged retreat with an equipped Amulet
ok 133 - Taoist SoulFireBall uses the same bounded ranged retreat with an equipped Amulet
  ---
  duration_ms: 1.4442
  type: 'test'
  ...
# Subtest: ranged retreat never selects or crosses a live map-transfer cell
ok 134 - ranged retreat never selects or crosses a live map-transfer cell
  ---
  duration_ms: 6.8163
  type: 'test'
  ...
# Subtest: authoritative partial retreat progress continues the bounded ranged fight
ok 135 - authoritative partial retreat progress continues the bounded ranged fight
  ---
  duration_ms: 1.4434
  type: 'test'
  ...
# Subtest: target leaving AOI after a successful retreat refreshes the encounter
ok 136 - target leaving AOI after a successful retreat refreshes the encounter
  ---
  duration_ms: 0.8139
  type: 'test'
  ...
# Subtest: authoritative displacement wins when the navigator reports stale extra steps
ok 137 - authoritative displacement wins when the navigator reports stale extra steps
  ---
  duration_ms: 1.1786
  type: 'test'
  ...
# Subtest: journey mode attacks when an authoritative retreat makes no progress
ok 138 - journey mode attacks when an authoritative retreat makes no progress
  ---
  duration_ms: 0.9553
  type: 'test'
  ...
# Subtest: journey mode continues after the navigator spends its exact retreat step budget
ok 139 - journey mode continues after the navigator spends its exact retreat step budget
  ---
  duration_ms: 0.6874
  type: 'test'
  ...
# Subtest: journey mode refreshes after an authoritative correction burst exceeds the local retreat budget
ok 140 - journey mode refreshes after an authoritative correction burst exceeds the local retreat budget
  ---
  duration_ms: 0.5967
  type: 'test'
  ...
# Subtest: journey mode attacks when a moving threat closes the planned retreat path
ok 141 - journey mode attacks when a moving threat closes the planned retreat path
  ---
  duration_ms: 0.8386
  type: 'test'
  ...
# Subtest: Wizard without affordable ranged magic and passive or NPC entities never retreat
ok 142 - Wizard without affordable ranged magic and passive or NPC entities never retreat
  ---
  duration_ms: 0.1265
  type: 'test'
  ...
# Subtest: blocked Wizard retreat fails closed without calling navigation or combat
ok 143 - blocked Wizard retreat fails closed without calling navigation or combat
  ---
  duration_ms: 0.1887
  type: 'test'
  ...
# Subtest: journey mode fights the selected threat when every collision-safe retreat is blocked
ok 144 - journey mode fights the selected threat when every collision-safe retreat is blocked
  ---
  duration_ms: 0.1741
  type: 'test'
  ...
# Subtest: per-target retreat cell budget stops repeated kiting without another move
ok 145 - per-target retreat cell budget stops repeated kiting without another move
  ---
  duration_ms: 0.1849
  type: 'test'
  ...
# Subtest: q89 exhausted retreat budget never falls through to a close Shaman cast
ok 146 - q89 exhausted retreat budget never falls through to a close Shaman cast
  ---
  duration_ms: 0.3977
  type: 'test'
  ...
# Subtest: generic exhausted retreat budget retains its journey combat fallback
ok 147 - generic exhausted retreat budget retains its journey combat fallback
  ---
  duration_ms: 0.2027
  type: 'test'
  ...
# Subtest: retreat budget is scoped to the consecutive target engagement
ok 148 - retreat budget is scoped to the consecutive target engagement
  ---
  duration_ms: 0.3282
  type: 'test'
  ...
# Subtest: authoritative map change during retreat refreshes without issuing combat
ok 149 - authoritative map change during retreat refreshes without issuing combat
  ---
  duration_ms: 0.207
  type: 'test'
  ...
# Subtest: known blocked retreat with an authoritative map change refreshes safely
ok 150 - known blocked retreat with an authoritative map change refreshes safely
  ---
  duration_ms: 0.1838
  type: 'test'
  ...
# Subtest: map change plus death remains fatal during retreat
ok 151 - map change plus death remains fatal during retreat
  ---
  duration_ms: 0.1719
  type: 'test'
  ...
# Subtest: unknown retreat navigation errors remain fatal
ok 152 - unknown retreat navigation errors remain fatal
  ---
  duration_ms: 0.1467
  type: 'test'
  ...
# Subtest: missing authoritative map remains fatal before retreat
ok 153 - missing authoritative map remains fatal before retreat
  ---
  duration_ms: 0.0934
  type: 'test'
  ...
# Subtest: player death during retreat fails closed without issuing the combat action
ok 154 - player death during retreat fails closed without issuing the combat action
  ---
  duration_ms: 0.1478
  type: 'test'
  ...
# Subtest: town revive waits for authoritative death, then a self Revived and healthy snapshot
ok 155 - town revive waits for authoritative death, then a self Revived and healthy snapshot
  ---
  duration_ms: 1.775
  type: 'test'
  ...
# Subtest: navigator propagates a Gateway failure without rejecting a valid tile or sending another move
ok 156 - navigator propagates a Gateway failure without rejecting a valid tile or sending another move
  ---
  duration_ms: 1.9351
  type: 'test'
  ...
# Subtest: before-movement guard rechecks fresh AOI after cadence and blocks both physical Run cells
ok 157 - before-movement guard rechecks fresh AOI after cadence and blocks both physical Run cells
  ---
  duration_ms: 1.5275
  type: 'test'
  ...
# Subtest: navigator propagates an existing failure before a tactical stop predicate can mask it
ok 158 - navigator propagates an existing failure before a tactical stop predicate can mask it
  ---
  duration_ms: 0.1571
  type: 'test'
  ...
# Subtest: navigator waits sixty seconds for one authoritative movement response
ok 159 - navigator waits sixty seconds for one authoritative movement response
  ---
  duration_ms: 0.3199
  type: 'test'
  ...
# Subtest: navigator never resends an unacknowledged movement with an unknown result
ok 160 - navigator never resends an unacknowledged movement with an unknown result
  ---
  duration_ms: 0.2331
  type: 'test'
  ...
# Subtest: death immediately interrupts an in-flight movement without reporting a response timeout
ok 161 - death immediately interrupts an in-flight movement without reporting a response timeout
  ---
  duration_ms: 0.2591
  type: 'test'
  ...
# Subtest: navigator rejects a cell only after an unchanged authoritative UserLocation
ok 162 - navigator rejects a cell only after an unchanged authoritative UserLocation
  ---
  duration_ms: 0.7646
  type: 'test'
  ...
# Subtest: navigator waits out paralysis without poisoning a valid route cell
ok 163 - navigator waits out paralysis without poisoning a valid route cell
  ---
  duration_ms: 0.4675
  type: 'test'
  ...
# Subtest: navigator does not dispatch movement when paralysis arrives during cadence wait
ok 164 - navigator does not dispatch movement when paralysis arrives during cadence wait
  ---
  duration_ms: 0.5058
  type: 'test'
  ...
# Subtest: navigator stops when death arrives during cadence wait
ok 165 - navigator stops when death arrives during cadence wait
  ---
  duration_ms: 0.2596
  type: 'test'
  ...
# Subtest: navigator replans when an earlier authoritative response lands during cadence wait
ok 166 - navigator replans when an earlier authoritative response lands during cadence wait
  ---
  duration_ms: 0.2226
  type: 'test'
  ...
# Subtest: navigator optional successful-step cap prevents Run from exceeding the bounded route
ok 167 - navigator optional successful-step cap prevents Run from exceeding the bounded route
  ---
  duration_ms: 0.2781
  type: 'test'
  ...
# Subtest: navigator detects an authoritative position cycle after the last strict distance improvement
ok 168 - navigator detects an authoritative position cycle after the last strict distance improvement
  ---
  duration_ms: 0.5345
  type: 'test'
  ...
# Subtest: retreat navigation can disable blocking automatic supply use before its first step
ok 169 - retreat navigation can disable blocking automatic supply use before its first step
  ---
  duration_ms: 0.6137
  type: 'test'
  ...
# Subtest: ordinary navigation can recover HP without spending MP before combat
ok 170 - ordinary navigation can recover HP without spending MP before combat
  ---
  duration_ms: 0.8759
  type: 'test'
  ...
# Subtest: critical navigation escapes an adjacent pack before sending another movement intent
ok 171 - critical navigation escapes an adjacent pack before sending another movement intent
  ---
  duration_ms: 0.2524
  type: 'test'
  ...
# Subtest: authoritative safe-zone residents do not trigger emergency escape
ok 172 - authoritative safe-zone residents do not trigger emergency escape
  ---
  duration_ms: 0.4643
  type: 'test'
  ...
# Subtest: a fresh explicit player-hit receipt still permits safe-zone emergency escape
ok 173 - a fresh explicit player-hit receipt still permits safe-zone emergency escape
  ---
  duration_ms: 0.2834
  type: 'test'
  ...
# Subtest: a deferred emergency escape becomes eligible again inside the same navigation
ok 174 - a deferred emergency escape becomes eligible again inside the same navigation
  ---
  duration_ms: 0.6486
  type: 'test'
  ...
# Subtest: moderate navigation damage preserves an escape scroll against one nearby hostile
ok 175 - moderate navigation damage preserves an escape scroll against one nearby hostile
  ---
  duration_ms: 0.2111
  type: 'test'
  ...
# Subtest: q89 proven-aggressor navigation continues at 53 percent through one Shaman and a passive zombie
ok 176 - q89 proven-aggressor navigation continues at 53 percent through one Shaman and a passive zombie
  ---
  duration_ms: 0.4197
  type: 'test'
  ...
# Subtest: q89 Wizard drinks one Medium immediately after the first fresh CursedShaman hit
ok 177 - q89 Wizard drinks one Medium immediately after the first fresh CursedShaman hit
  ---
  duration_ms: 1.5388
  type: 'test'
  ...
# Subtest: fresh-hit recovery does not redrink a receipt revisited during navigation
ok 178 - fresh-hit recovery does not redrink a receipt revisited during navigation
  ---
  duration_ms: 1.21
  type: 'test'
  ...
# Subtest: fresh-hit recovery rejects prior-map and wrong-owner receipts
ok 179 - fresh-hit recovery rejects prior-map and wrong-owner receipts
  ---
  duration_ms: 0.1901
  type: 'test'
  ...
# Subtest: q89 proven-aggressor navigation escapes at 65 percent only after two fresh direct hits
ok 180 - q89 proven-aggressor navigation escapes at 65 percent only after two fresh direct hits
  ---
  duration_ms: 0.2107
  type: 'test'
  ...
# Subtest: q89 proven-aggressor navigation preserves its one-attacker critical-floor escape
ok 181 - q89 proven-aggressor navigation preserves its one-attacker critical-floor escape
  ---
  duration_ms: 0.2558
  type: 'test'
  ...
# Subtest: q89 proven-aggressor navigation ignores receipts from the prior map
ok 182 - q89 proven-aggressor navigation ignores receipts from the prior map
  ---
  duration_ms: 0.1909
  type: 'test'
  ...
# Subtest: q89 proven-aggressor navigation ignores fresh hits before the current player died and revived
ok 183 - q89 proven-aggressor navigation ignores fresh hits before the current player died and revived
  ---
  duration_ms: 0.2278
  type: 'test'
  ...
# Subtest: q89 proven-aggressor navigation ignores stale, dead, and wrong-recipient receipts
ok 184 - q89 proven-aggressor navigation ignores stale, dead, and wrong-recipient receipts
  ---
  duration_ms: 0.2763
  type: 'test'
  ...
# Subtest: the default navigator still escapes a passive two-hostile pack at 53 percent
ok 185 - the default navigator still escapes a passive two-hostile pack at 53 percent
  ---
  duration_ms: 0.1748
  type: 'test'
  ...
# Subtest: navigator optional attempt cap fails without an unbounded movement retry
ok 186 - navigator optional attempt cap fails without an unbounded movement retry
  ---
  duration_ms: 0.2372
  type: 'test'
  ...
# Subtest: ordinary navigation detours around a live transfer source
ok 187 - ordinary navigation detours around a live transfer source
  ---
  duration_ms: 0.2512
  type: 'test'
  ...
# Subtest: dispatch recheck blocks a newly observed transfer across both Run cells
ok 188 - dispatch recheck blocks a newly observed transfer across both Run cells
  ---
  duration_ms: 0.28
  type: 'test'
  ...
# Subtest: selected live transfer remains an allowed navigation destination
ok 189 - selected live transfer remains an allowed navigation destination
  ---
  duration_ms: 0.2057
  type: 'test'
  ...
# Subtest: intentional map travel keeps an entire same-destination doorway corridor open
ok 190 - intentional map travel keeps an entire same-destination doorway corridor open
  ---
  duration_ms: 0.3481
  type: 'test'
  ...
# Subtest: hostile clearance keeps spawn-search movement outside visible aggro cells
ok 191 - hostile clearance keeps spawn-search movement outside visible aggro cells
  ---
  duration_ms: 0.2582
  type: 'test'
  ...
# Subtest: named hostile clearance protects the Shaman band without widening a zombie route
ok 192 - named hostile clearance protects the Shaman band without widening a zombie route
  ---
  duration_ms: 0.3417
  type: 'test'
  ...
# Subtest: the q89 D2031 entry navigator refuses a waypoint sealed by both Shaman footprints
ok 193 - the q89 D2031 entry navigator refuses a waypoint sealed by both Shaman footprints
  ---
  duration_ms: 21.2056
  type: 'test'
  ...
# Subtest: navigator replans before a newly revealed hostile intersects the remaining route
ok 194 - navigator replans before a newly revealed hostile intersects the remaining route
  ---
  duration_ms: 0.435
  type: 'test'
  ...
# Subtest: navigator remembers a recently hidden hostile long enough to avoid route oscillation
ok 195 - navigator remembers a recently hidden hostile long enough to avoid route oscillation
  ---
  duration_ms: 0.3215
  type: 'test'
  ...
# Subtest: zero-clearance travel remembers an exact hidden monster tile across a forced replan
ok 196 - zero-clearance travel remembers an exact hidden monster tile across a forced replan
  ---
  duration_ms: 0.3237
  type: 'test'
  ...
# Subtest: hostile clearance lets a player already inside the buffer move outward
ok 197 - hostile clearance lets a player already inside the buffer move outward
  ---
  duration_ms: 0.2092
  type: 'test'
  ...
# Subtest: finds a hostile sealing a distant one-cell corridor
ok 198 - finds a hostile sealing a distant one-cell corridor
  ---
  duration_ms: 1.2304
  type: 'test'
  ...
# Subtest: Crystal scripted edges retain exact Sailor targets, strict balances, costs, and destinations
ok 199 - Crystal scripted edges retain exact Sailor targets, strict balances, costs, and destinations
  ---
  duration_ms: 0.5435
  type: 'test'
  ...
# Subtest: canReach filters the real q60 and q62 unreachable cave candidates without travelling
ok 200 - canReach filters the real q60 and q62 unreachable cave candidates without travelling
  ---
  duration_ms: 76.9606
  type: 'test'
  ...
# Subtest: routeLength reports map 2 as the nearer real q33 source from Bichon than map 3
ok 201 - routeLength reports map 2 as the nearer real q33 source from Bichon than map 3
  ---
  duration_ms: 1.1666
  type: 'test'
  ...
# Subtest: armed q89 live doorway travels through the real traveler when profile route is absent
ok 202 - armed q89 live doorway travels through the real traveler when profile route is absent
  ---
  duration_ms: 1.7354
  type: 'test'
  ...
# Subtest: map travel forwards an opt-in transit movement guard only to the selected live transfer
ok 203 - map travel forwards an opt-in transit movement guard only to the selected live transfer
  ---
  duration_ms: 0.2851
  type: 'test'
  ...
# Subtest: armed q89 live doorway refuses a wrong or stale destination key before navigation
ok 204 - armed q89 live doorway refuses a wrong or stale destination key before navigation
  ---
  duration_ms: 0.3501
  type: 'test'
  ...
# Subtest: travels through an authoritative live walking transfer at distance zero
ok 205 - travels through an authoritative live walking transfer at distance zero
  ---
  duration_ms: 0.425
  type: 'test'
  ...
# Subtest: a caller can prefer a safe authoritative transfer source over the nearest portal
ok 206 - a caller can prefer a safe authoritative transfer source over the nearest portal
  ---
  duration_ms: 0.5291
  type: 'test'
  ...
# Subtest: a caller can prefer the nearest direct Crystal transporter over a shorter walking route
ok 207 - a caller can prefer the nearest direct Crystal transporter over a shorter walking route
  ---
  duration_ms: 1.4435
  type: 'test'
  ...
# Subtest: generic travel leaves the Sabuk merchant quarter through D701 before continuing
ok 208 - generic travel leaves the Sabuk merchant quarter through D701 before continuing
  ---
  duration_ms: 0.7043
  type: 'test'
  ...
# Subtest: generic travel resumes an interrupted Sabuk departure through the western D701 exit
ok 209 - generic travel resumes an interrupted Sabuk departure through the western D701 exit
  ---
  duration_ms: 0.4166
  type: 'test'
  ...
# Subtest: a proven threat can interrupt ordinary transfer travel before the client enters the portal
ok 210 - a proven threat can interrupt ordinary transfer travel before the client enters the portal
  ---
  duration_ms: 0.4078
  type: 'test'
  ...
# Subtest: a proven threat converts a sealed local path into a travel interruption
ok 211 - a proven threat converts a sealed local path into a travel interruption
  ---
  duration_ms: 0.403
  type: 'test'
  ...
# Subtest: reports the hostile monster that blocks a narrow live transfer approach
ok 212 - reports the hostile monster that blocks a narrow live transfer approach
  ---
  duration_ms: 32.2033
  type: 'test'
  ...
# Subtest: a configured resolver clears a hostile transfer blocker and retries the portal
ok 213 - a configured resolver clears a hostile transfer blocker and retries the portal
  ---
  duration_ms: 23.1249
  type: 'test'
  ...
# Subtest: a travel call can delegate a blocker to its quest policy instead of the global resolver
ok 214 - a travel call can delegate a blocker to its quest policy instead of the global resolver
  ---
  duration_ms: 27.8795
  type: 'test'
  ...
# Subtest: a configured resolver clears a nearby cave blocker before a distant transfer is visible
ok 215 - a configured resolver clears a nearby cave blocker before a distant transfer is visible
  ---
  duration_ms: 24.0671
  type: 'test'
  ...
# Subtest: walking travel rotates to another live transfer cell after an unblocked no-path result
ok 216 - walking travel rotates to another live transfer cell after an unblocked no-path result
  ---
  duration_ms: 18.6917
  type: 'test'
  ...
# Subtest: walking travel can relocate from a statically disconnected map component
ok 217 - walking travel can relocate from a statically disconnected map component
  ---
  duration_ms: 0.9375
  type: 'test'
  ...
# Subtest: D611 reaches its deep component through the physical Crystal cave loop
ok 218 - D611 reaches its deep component through the physical Crystal cave loop
  ---
  duration_ms: 4.4862
  type: 'test'
  ...
# Subtest: D601 returns from its D610 component through the physical Crystal cave loop
ok 219 - D601 returns from its D610 component through the physical Crystal cave loop
  ---
  duration_ms: 9.3303
  type: 'test'
  ...
# Subtest: steps off and re-enters the real MageHouse exit when already standing on its source
ok 220 - steps off and re-enters the real MageHouse exit when already standing on its source
  ---
  duration_ms: 1.7982
  type: 'test'
  ...
# Subtest: refreshes a pending source snapshot before selecting and entering a live walking transfer
ok 221 - refreshes a pending source snapshot before selecting and entering a live walking transfer
  ---
  duration_ms: 0.4823
  type: 'test'
  ...
# Subtest: actual MapInformation plus UserLocation completes walking transfer after one fresh snapshot request
ok 222 - actual MapInformation plus UserLocation completes walking transfer after one fresh snapshot request
  ---
  duration_ms: 0.3728
  type: 'test'
  ...
# Subtest: refuses a live walking transfer without an authoritative key before navigation
ok 223 - refuses a live walking transfer without an authoritative key before navigation
  ---
  duration_ms: 0.2863
  type: 'test'
  ...
# Subtest: Rupert travel uses a live dialog link and refreshes a pending destination snapshot
ok 224 - Rupert travel uses a live dialog link and refreshes a pending destination snapshot
  ---
  duration_ms: 0.8111
  type: 'test'
  ...
# Subtest: scripted travel accepts MapInformation only with its following exact UserLocation and fresh snapshot
ok 225 - scripted travel accepts MapInformation only with its following exact UserLocation and fresh snapshot
  ---
  duration_ms: 0.8229
  type: 'test'
  ...
# Subtest: Raymond travel verifies the live White Valley link, landing, and 12000 gold debit
ok 226 - Raymond travel verifies the live White Valley link, landing, and 12000 gold debit
  ---
  duration_ms: 0.2839
  type: 'test'
  ...
# Subtest: an item-gated scripted edge verifies and consumes its exact inventory cost
ok 227 - an item-gated scripted edge verifies and consumes its exact inventory cost
  ---
  duration_ms: 0.8009
  type: 'test'
  ...
# Subtest: refuses a walking edge when no matching live transfer exists
ok 228 - refuses a walking edge when no matching live transfer exists
  ---
  duration_ms: 0.4313
  type: 'test'
  ...
# Subtest: refuses scripted travel when gold only equals the strict threshold
ok 229 - refuses scripted travel when gold only equals the strict threshold
  ---
  duration_ms: 0.9995
  type: 'test'
  ...
# Subtest: refuses an item-gated scripted edge before navigation when the required item is absent
ok 230 - refuses an item-gated scripted edge before navigation when the required item is absent
  ---
  duration_ms: 0.6756
  type: 'test'
  ...
# Subtest: requires the exact live NPC binding before opening a scripted dialog
ok 231 - requires the exact live NPC binding before opening a scripted dialog
  ---
  duration_ms: 0.698
  type: 'test'
  ...
# Subtest: never sends a static scripted target absent from the live dialog
ok 232 - never sends a static scripted target absent from the live dialog
  ---
  duration_ms: 0.7897
  type: 'test'
  ...
# Subtest: an old active dialog does not replace fresh post-interact snapshot proof
ok 233 - an old active dialog does not replace fresh post-interact snapshot proof
  ---
  duration_ms: 0.6271
  type: 'test'
  ...
# Subtest: rejects MapChanged whose landing does not match the scripted edge
ok 234 - rejects MapChanged whose landing does not match the scripted edge
  ---
  duration_ms: 0.7625
  type: 'test'
  ...
# Subtest: rejects MapInformation without a following exact UserLocation landing
ok 235 - rejects MapInformation without a following exact UserLocation landing
  ---
  duration_ms: 0.714
  type: 'test'
  ...
# Subtest: rejects a fresh destination snapshot with the wrong charged balance
ok 236 - rejects a fresh destination snapshot with the wrong charged balance
  ---
  duration_ms: 0.7121
  type: 'test'
  ...
# Subtest: already being on the target map is a no-op
ok 237 - already being on the target map is a no-op
  ---
  duration_ms: 0.0775
  type: 'test'
  ...
1..237
# tests 237
# suites 0
# pass 237
# fail 0
# cancelled 0
# skipped 0
# todo 0
# duration_ms 512.5706
