--------- beginning of main
10-02 23:36:22.572 21510 21510 I .web3.uiprevie: Late-enabling -Xcheck:jni
10-02 23:36:22.605 21510 21510 D CompatibilityChangeReporter: Compat change id reported: 171979766; UID 10146; state: ENABLED
10-02 23:36:22.637 21510 21510 V GraphicsEnvironment: ANGLE Developer option for 'com.mir2.web3.uipreview' set to: 'default'
10-02 23:36:22.637 21510 21510 V GraphicsEnvironment: Neither updatable production driver nor prerelease driver is supported.
10-02 23:36:22.638 21510 21510 D NetworkSecurityConfig: No Network Security Config specified, using platform default
10-02 23:36:22.639 21510 21510 D NetworkSecurityConfig: No Network Security Config specified, using platform default
10-02 23:36:22.677 21510 21531 D libEGL  : loaded /vendor/lib64/egl/libEGL_emulation.so
10-02 23:36:22.681 21510 21531 D libEGL  : loaded /vendor/lib64/egl/libGLESv1_CM_emulation.so
10-02 23:36:22.694 21510 21531 D libEGL  : loaded /vendor/lib64/egl/libGLESv2_emulation.so
10-02 23:36:22.705 21510 21510 D AppCompatDelegate: Checking for metadata for AppLocalesMetadataHolderService : Service not found
10-02 23:36:22.712 21510 21510 D gti.InputConnection: InputConnection created
10-02 23:36:22.716 21510 21510 D gti.InputConnection: setEditorInfo
10-02 23:36:22.719 21510 21510 W .web3.uiprevie: Accessing hidden method Landroid/view/ViewGroup;->makeOptionalFitsSystemWindows()V (unsupported, reflection, allowed)
10-02 23:36:22.720 21510 21510 I GameActivity: Looking for library libmir2_platform_android.so
10-02 23:36:22.720 21510 21510 I GameActivity: Found library libmir2_platform_android.so. Loading...
10-02 23:36:22.721 21510 21510 D GameActivity: GameActivity_register
10-02 23:36:22.722 21510 21510 V GameActivity: Registering com/google/androidgamesdk/GameActivity's 24 native methods...
10-02 23:36:22.722 21510 21510 D GameActivity: SDK version: 31
10-02 23:36:22.722 21510 21510 I android-activity: Creating: Activity = 0x1696, saved state size = 0
10-02 23:36:22.724 21510 21510 V threaded_app: Creating: 0xb400007535843ad0
10-02 23:36:22.724 21510 21510 V threaded_app: Callbacks set: 0xb400007535843b20
10-02 23:36:22.724 21510 21510 V threaded_app: Launching android_app_entry in a thread
10-02 23:36:22.724 21510 21533 V threaded_app: android_app_entry called
10-02 23:36:22.724 21510 21533 V threaded_app: android_app = 0xb400007515845590
10-02 23:36:22.724 21510 21533 V threaded_app: config = 0xb400007485851230
10-02 23:36:22.724 21510 21533 V threaded_app: activity = 0xb400007535843ad0
10-02 23:36:22.724 21510 21533 V threaded_app: assetmanager = 0xb400007535841550
10-02 23:36:22.724 21510 21533 V threaded_app: Config: mcc=310 mnc=260 lang=en cnt=US orien=2 touch=3 dens=440 keys=2 nav=2 keysHid=1 navHid=0 sdk=31 size=2 long=2 modetype=1 modenight=1
10-02 23:36:22.743 21510 21533 D HostConnection: createUnique: call
10-02 23:36:22.743 21510 21533 D HostConnection: HostConnection::get() New Host Connection established 0xb4000074d583b4d0, tid 21533
10-02 23:36:22.745 21510 21533 D HostConnection: HostComposition ext ANDROID_EMU_CHECKSUM_HELPER_v1 ANDROID_EMU_native_sync_v2 ANDROID_EMU_native_sync_v3 ANDROID_EMU_native_sync_v4 ANDROID_EMU_dma_v1 ANDROID_EMU_direct_mem ANDROID_EMU_host_composition_v1 ANDROID_EMU_host_composition_v2 ANDROID_EMU_vulkan ANDROID_EMU_deferred_vulkan_commands ANDROID_EMU_vulkan_null_optional_strings ANDROID_EMU_vulkan_create_resources_with_requirements ANDROID_EMU_YUV_Cache ANDROID_EMU_vulkan_ignored_handles ANDROID_EMU_has_shared_slots_host_memory_allocator ANDROID_EMU_vulkan_free_memory_sync ANDROID_EMU_vulkan_shader_float16_int8 ANDROID_EMU_vulkan_async_queue_submit ANDROID_EMU_vulkan_queue_submit_with_commands ANDROID_EMU_sync_buffer_data ANDROID_EMU_vulkan_async_qsri ANDROID_EMU_read_color_buffer_dma ANDROID_EMU_hwc_color_transform GL_OES_EGL_image_external_essl3 GL_OES_vertex_array_object ANDROID_EMU_host_side_tracing ANDROID_EMU_gles_max_version_3_0 
10-02 23:36:22.747 21510 21533 D EGL_emulation: eglCreateContext: 0xb4000074d583bd10: maj 3 min 0 rcv 3
10-02 23:36:22.749 21510 21533 D EGL_emulation: eglMakeCurrent: 0xb4000074d583bd10: ver 3 0 (tinfo 0x76fbc37080) (first time)
10-02 23:36:22.767 21510 21533 I event /Users/henryliu/obelisk/numeron-worktrees/android-shared-sync/mir2-web3/third_party/bevyAdapterInfo { name: "Android Emulator OpenGL ES Translator (Apple M1 Max)", vendor: 4203, device: 0, device_type: IntegratedGpu, device_pci_bus_id: "", driver: "", driver_info: "OpenGL ES 3.0 (4.1 Metal - 89.4)", backend: Gl, subgroup_min_size: 4, subgroup_max_size: 128, transient_saves_memory: false }
10-02 23:36:22.767 21510 21532 I RustStdoutStderr: [2m2026-10-02T15:36:22.767253Z[0m [32m INFO[0m [2mbevy_render::renderer[0m[2m:[0m AdapterInfo { name: "Android Emulator OpenGL ES Translator (Apple M1 Max)", vendor: 4203, device: 0, device_type: IntegratedGpu, device_pci_bus_id: "", driver: "", driver_info: "OpenGL ES 3.0 (4.1 Metal - 89.4)", backend: Gl, subgroup_min_size: 4, subgroup_max_size: 128, transient_saves_memory: false }
10-02 23:36:22.792 21510 21510 V GameActivity: onStart_native
10-02 23:36:22.792 21510 21510 V threaded_app: Start: 0xb400007535843ad0
10-02 23:36:22.846 21510 21533 I event /Users/henryliu/obelisk/numeron-worktrees/android-shared-sync/mir2-web3/third_party/bevySparse buffer updates disabled. RenderDevice lacks support: max_storage_buffers_per_shader_stage (0) < 3.
10-02 23:36:22.846 21510 21533 W event /Users/henryliu/.cargo/registry/src/index.crates.io-1949cf8c6b5b557f/bevy_core_pipeline-OrderIndependentTransparencyPlugin not loaded. GPU lacks support: DownlevelFlags::FRAGMENT_WRITABLE_STORAGE.
10-02 23:36:22.846 21510 21533 W event /Users/henryliu/.cargo/registry/src/index.crates.io-1949cf8c6b5b557f/bevy_core_pipeline-BackgroundMotionVectorsPlugin not loaded. GPU lacks support for required downlevel capability flags: DownlevelFlags(INDEPENDENT_BLEND).
10-02 23:36:22.846 21510 21532 I RustStdoutStderr: [2m2026-10-02T15:36:22.846095Z[0m [32m INFO[0m [2mbevy_render::render_resource::sparse_buffer_vec[0m[2m:[0m Sparse buffer updates disabled. RenderDevice lacks support: max_storage_buffers_per_shader_stage (0) < 3.
10-02 23:36:22.846 21510 21532 I RustStdoutStderr: [2m2026-10-02T15:36:22.846225Z[0m [33m WARN[0m [2mbevy_core_pipeline::oit::resolve[0m[2m:[0m OrderIndependentTransparencyPlugin not loaded. GPU lacks support: DownlevelFlags::FRAGMENT_WRITABLE_STORAGE.
10-02 23:36:22.846 21510 21532 I RustStdoutStderr: [2m2026-10-02T15:36:22.846246Z[0m [33m WARN[0m [2mbevy_core_pipeline::prepass::background_motion_vectors[0m[2m:[0m BackgroundMotionVectorsPlugin not loaded. GPU lacks support for required downlevel capability flags: DownlevelFlags(INDEPENDENT_BLEND).
10-02 23:36:22.918 21510 21533 I event /Users/henryliu/obelisk/numeron-worktrees/android-shared-sync/mir2-web3/third_party/bevyGPU preprocessing is not supported on this device. Falling back to CPU preprocessing.
10-02 23:36:22.918 21510 21532 I RustStdoutStderr: [2m2026-10-02T15:36:22.918610Z[0m [32m INFO[0m [2mbevy_render::batching::gpu_preprocessing[0m[2m:[0m GPU preprocessing is not supported on this device. Falling back to CPU preprocessing.
10-02 23:36:22.941 21510 21533 V threaded_app: activityState=11
10-02 23:36:22.941 21510 21532 I RustStdoutStderr: [2m2026-10-02T15:36:22.941750Z[0m [33m WARN[0m [2mwinit::platform_impl::android[0m[2m:[0m TODO: forward onStart notification to application
10-02 23:36:22.942 21510 21533 W event /Users/henryliu/.cargo/registry/src/index.crates.io-1949cf8c6b5b557f/winit-0.30.13/src/pTODO: forward onStart notification to application
10-02 23:36:22.943 21510 21510 V threaded_app: Resume: 0xb400007535843ad0
10-02 23:36:22.943 21510 21533 V threaded_app: activityState=12
10-02 23:36:22.954 21510 21510 V GameActivity: onImeInsetsChanged from Text Listener
10-02 23:36:22.955 21510 21510 V threaded_app: WindowInsetsChanged: 0xb400007535843ad0
10-02 23:36:22.955 21510 21532 I RustStdoutStderr: [2m2026-10-02T15:36:22.955148Z[0m [33m WARN[0m [2mwinit::platform_impl::android[0m[2m:[0m TODO: handle Android InsetsChanged notification
10-02 23:36:22.955 21510 21533 W event /Users/henryliu/.cargo/registry/src/index.crates.io-1949cf8c6b5b557f/winit-0.30.13/src/pTODO: handle Android InsetsChanged notification
10-02 23:36:22.959 21510 21510 V GameActivity: onImeInsetsChanged from Text Listener
10-02 23:36:22.959 21510 21510 V threaded_app: WindowInsetsChanged: 0xb400007535843ad0
10-02 23:36:22.959 21510 21533 W event /Users/henryliu/.cargo/registry/src/index.crates.io-1949cf8c6b5b557f/winit-0.30.13/src/pTODO: handle Android InsetsChanged notification
10-02 23:36:22.959 21510 21532 I RustStdoutStderr: [2m2026-10-02T15:36:22.959277Z[0m [33m WARN[0m [2mwinit::platform_impl::android[0m[2m:[0m TODO: handle Android InsetsChanged notification
10-02 23:36:22.959 21510 21529 D HostConnection: createUnique: call
10-02 23:36:22.959 21510 21529 D HostConnection: HostConnection::get() New Host Connection established 0xb4000074d583fd90, tid 21529
10-02 23:36:22.959 21510 21510 V threaded_app: ContentRectChanged: 0xb400007535843ad0 -- (0 0) (2340 1080)
10-02 23:36:22.960 21510 21533 W event /Users/henryliu/.cargo/registry/src/index.crates.io-1949cf8c6b5b557f/winit-0.30.13/src/pTODO: find a way to notify application of content rect change
10-02 23:36:22.960 21510 21532 I RustStdoutStderr: [2m2026-10-02T15:36:22.960002Z[0m [33m WARN[0m [2mwinit::platform_impl::android[0m[2m:[0m TODO: find a way to notify application of content rect change
10-02 23:36:22.962 21510 21510 V GameActivity: onSurfaceCreated_native
10-02 23:36:22.962 21510 21510 V threaded_app: NativeWindowCreated: 0xb400007535843ad0 -- 0xb4000075c59f2560
10-02 23:36:22.962 21510 21510 V threaded_app: android_app_set_window called
10-02 23:36:22.963 21510 21529 D HostConnection: HostComposition ext ANDROID_EMU_CHECKSUM_HELPER_v1 ANDROID_EMU_native_sync_v2 ANDROID_EMU_native_sync_v3 ANDROID_EMU_native_sync_v4 ANDROID_EMU_dma_v1 ANDROID_EMU_direct_mem ANDROID_EMU_host_composition_v1 ANDROID_EMU_host_composition_v2 ANDROID_EMU_vulkan ANDROID_EMU_deferred_vulkan_commands ANDROID_EMU_vulkan_null_optional_strings ANDROID_EMU_vulkan_create_resources_with_requirements ANDROID_EMU_YUV_Cache ANDROID_EMU_vulkan_ignored_handles ANDROID_EMU_has_shared_slots_host_memory_allocator ANDROID_EMU_vulkan_free_memory_sync ANDROID_EMU_vulkan_shader_float16_int8 ANDROID_EMU_vulkan_async_queue_submit ANDROID_EMU_vulkan_queue_submit_with_commands ANDROID_EMU_sync_buffer_data ANDROID_EMU_vulkan_async_qsri ANDROID_EMU_read_color_buffer_dma ANDROID_EMU_hwc_color_transform GL_OES_EGL_image_external_essl3 GL_OES_vertex_array_object ANDROID_EMU_host_side_tracing ANDROID_EMU_gles_max_version_3_0 
10-02 23:36:22.963 21510 21529 W OpenGLRenderer: Failed to choose config with EGL_SWAP_BEHAVIOR_PRESERVED, retrying without...
10-02 23:36:22.963 21510 21529 W OpenGLRenderer: Failed to initialize 101010-2 format, error = EGL_SUCCESS
10-02 23:36:22.965 21510 21529 D EGL_emulation: eglCreateContext: 0xb4000074d583fe50: maj 3 min 0 rcv 3
10-02 23:36:22.966 21510 21533 V threaded_app: APP_CMD_INIT_WINDOW
10-02 23:36:22.966 21510 21533 I event /Users/henryliu/.cargo/registry/src/index.crates.io-1949cf8c6b5b557f/bevy_winit-0.19.0/sCreating new window mir2-web3 (android) (105v0)
10-02 23:36:22.966 21510 21510 V threaded_app: NativeWindowResized: 0xb400007535843ad0 -- 0xb4000075c59f2560 ( 2340 x 1080 )
10-02 23:36:22.966 21510 21510 V threaded_app: NativeWindowRedrawNeeded: 0xb400007535843ad0 -- 0xb4000075c59f2560
10-02 23:36:22.966 21510 21532 I RustStdoutStderr: [2m2026-10-02T15:36:22.966642Z[0m [32m INFO[0m [2mbevy_winit::system[0m[2m:[0m Creating new window mir2-web3 (android) (105v0)
10-02 23:36:22.967 21510 21529 D EGL_emulation: eglMakeCurrent: 0xb4000074d583fe50: ver 3 0 (tinfo 0x76fbc37100) (first time)
10-02 23:36:22.975 21510 21529 I Gralloc4: mapper 4.x is not supported
10-02 23:36:22.976 21510 21529 D HostConnection: createUnique: call
10-02 23:36:22.976 21510 21529 D HostConnection: HostConnection::get() New Host Connection established 0xb4000074d5854250, tid 21529
10-02 23:36:22.976 21510 21529 D goldfish-address-space: allocate: Ask for block of size 0x100
10-02 23:36:22.976 21510 21529 D goldfish-address-space: allocate: ioctl allocate returned offset 0x1efff8000 size 0x8000
10-02 23:36:22.977 21510 21529 W Gralloc4: allocator 4.x is not supported
10-02 23:36:22.983 21510 21529 D HostConnection: HostComposition ext ANDROID_EMU_CHECKSUM_HELPER_v1 ANDROID_EMU_native_sync_v2 ANDROID_EMU_native_sync_v3 ANDROID_EMU_native_sync_v4 ANDROID_EMU_dma_v1 ANDROID_EMU_direct_mem ANDROID_EMU_host_composition_v1 ANDROID_EMU_host_composition_v2 ANDROID_EMU_vulkan ANDROID_EMU_deferred_vulkan_commands ANDROID_EMU_vulkan_null_optional_strings ANDROID_EMU_vulkan_create_resources_with_requirements ANDROID_EMU_YUV_Cache ANDROID_EMU_vulkan_ignored_handles ANDROID_EMU_has_shared_slots_host_memory_allocator ANDROID_EMU_vulkan_free_memory_sync ANDROID_EMU_vulkan_shader_float16_int8 ANDROID_EMU_vulkan_async_queue_submit ANDROID_EMU_vulkan_queue_submit_with_commands ANDROID_EMU_sync_buffer_data ANDROID_EMU_vulkan_async_qsri ANDROID_EMU_read_color_buffer_dma ANDROID_EMU_hwc_color_transform GL_OES_EGL_image_external_essl3 GL_OES_vertex_array_object ANDROID_EMU_host_side_tracing ANDROID_EMU_gles_max_version_3_0 
10-02 23:36:22.999 21510 21510 V threaded_app: WindowFocusChanged: 0xb400007535843ad0 -- 1
10-02 23:36:23.012 21510 21510 V GameActivity: onImeInsetsChanged from Text Listener
10-02 23:36:23.012 21510 21510 V threaded_app: WindowInsetsChanged: 0xb400007535843ad0
10-02 23:36:23.085 21510 21533 I event src/ui_preview.rs:779: ANDROID_UI_PREVIEW_READY scene=gameshop-jni waiting_for_offline_java_jni
10-02 23:36:23.085 21510 21532 I RustStdoutStderr: [2m2026-10-02T15:36:23.085717Z[0m [32m INFO[0m [2mmir2_platform_android::ui_preview[0m[2m:[0m ANDROID_UI_PREVIEW_READY scene=gameshop-jni waiting_for_offline_java_jni
10-02 23:36:23.107 21510 21533 W event /Users/henryliu/.cargo/registry/src/index.crates.io-1949cf8c6b5b557f/winit-0.30.13/src/pTODO: handle Android InsetsChanged notification
10-02 23:36:23.107 21510 21532 I RustStdoutStderr: [2m2026-10-02T15:36:23.107453Z[0m [33m WARN[0m [2mwinit::platform_impl::android[0m[2m:[0m TODO: handle Android InsetsChanged notification
10-02 23:36:23.155 21510 21533 D eglCodecCommon: checkFramebufferAttachmentCompleteness: rbo not color renderable. format: 0x0
10-02 23:36:23.155 21510 21533 D eglCodecCommon: checkFramebufferCompleteness: color attachment 0 not complete: 0x8cd6
10-02 23:36:23.155 21510 21533 E emuglGLESv2_enc: device/generic/goldfish-opengl/system/GLESv2_enc/GL2Encoder.cpp:s_glDrawElementsInstanced:4585 GL error 0x506 condition [ctx->m_state->checkFramebufferCompleteness(GL_FRAMEBUFFER) != GL_FRAMEBUFFER_COMPLETE]
10-02 23:36:23.225 21510 21533 D eglCodecCommon: checkFramebufferAttachmentCompleteness: rbo not color renderable. format: 0x0
10-02 23:36:23.225 21510 21533 D eglCodecCommon: checkFramebufferCompleteness: color attachment 0 not complete: 0x8cd6
10-02 23:36:23.225 21510 21533 E emuglGLESv2_enc: device/generic/goldfish-opengl/system/GLESv2_enc/GL2Encoder.cpp:s_glDrawElementsInstanced:4585 GL error 0x506 condition [ctx->m_state->checkFramebufferCompleteness(GL_FRAMEBUFFER) != GL_FRAMEBUFFER_COMPLETE]
10-02 23:36:23.225 21510 21533 D eglCodecCommon: checkFramebufferAttachmentCompleteness: rbo not color renderable. format: 0x0
10-02 23:36:23.225 21510 21533 D eglCodecCommon: checkFramebufferCompleteness: color attachment 0 not complete: 0x8cd6
10-02 23:36:23.225 21510 21533 E emuglGLESv2_enc: device/generic/goldfish-opengl/system/GLESv2_enc/GL2Encoder.cpp:s_glDrawElementsInstanced:4585 GL error 0x506 condition [ctx->m_state->checkFramebufferCompleteness(GL_FRAMEBUFFER) != GL_FRAMEBUFFER_COMPLETE]
10-02 23:36:23.225 21510 21533 D eglCodecCommon: checkFramebufferAttachmentCompleteness: rbo not color renderable. format: 0x0
10-02 23:36:23.225 21510 21533 D eglCodecCommon: checkFramebufferCompleteness: color attachment 0 not complete: 0x8cd6
10-02 23:36:23.225 21510 21533 E emuglGLESv2_enc: device/generic/goldfish-opengl/system/GLESv2_enc/GL2Encoder.cpp:s_glDrawElementsInstanced:4585 GL error 0x506 condition [ctx->m_state->checkFramebufferCompleteness(GL_FRAMEBUFFER) != GL_FRAMEBUFFER_COMPLETE]
10-02 23:36:23.225 21510 21533 D eglCodecCommon: checkFramebufferAttachmentCompleteness: rbo not color renderable. format: 0x0
10-02 23:36:23.225 21510 21533 D eglCodecCommon: checkFramebufferCompleteness: color attachment 0 not complete: 0x8cd6
10-02 23:36:23.225 21510 21533 E emuglGLESv2_enc: device/generic/goldfish-opengl/system/GLESv2_enc/GL2Encoder.cpp:s_glDrawElementsInstanced:4585 GL error 0x506 condition [ctx->m_state->checkFramebufferCompleteness(GL_FRAMEBUFFER) != GL_FRAMEBUFFER_COMPLETE]
10-02 23:36:23.225 21510 21533 D eglCodecCommon: checkFramebufferAttachmentCompleteness: rbo not color renderable. format: 0x0
10-02 23:36:23.225 21510 21533 D eglCodecCommon: checkFramebufferCompleteness: color attachment 0 not complete: 0x8cd6
10-02 23:36:23.225 21510 21533 E emuglGLESv2_enc: device/generic/goldfish-opengl/system/GLESv2_enc/GL2Encoder.cpp:s_glDrawElementsInstanced:4585 GL error 0x506 condition [ctx->m_state->checkFramebufferCompleteness(GL_FRAMEBUFFER) != GL_FRAMEBUFFER_COMPLETE]
10-02 23:36:24.142 21510 21510 I Mir2UiPreview: PERSONAL_JNI_OFFLINE_START scene=gameshop-jni events=111
10-02 23:36:24.176 21510 21533 D EGL_emulation: app_time_stats: avg=16.18ms min=10.57ms max=120.57ms count=57
10-02 23:36:24.654 21510 21537 I event src/phone_hud.rs:173: ANDROID_PHONE_TEXT_LAYOUTfont = TextFont { font: SystemUi, font_size: Px(23.466667), weight: FontWeight(400), width: FontWidth(1.0), style: Normal, font_smoothing: AntiAliased, font_features: FontFeatures { features: [] }, font_variations: FontVariations { variations: [] } }; color = TextColor(Srgba(Srgba { red: 0.96, green: 0.85, blue: 0.61, alpha: 1.0 })); glyph_masks = [true, true, true];
10-02 23:36:24.654 21510 21537 I event src/phone_hud.rs:173: ANDROID_PHONE_TEXT_LAYOUTfont = TextFont { font: SystemUi, font_size: Px(23.466667), weight: FontWeight(400), width: FontWidth(1.0), style: Normal, font_smoothing: AntiAliased, font_features: FontFeatures { features: [] }, font_variations: FontVariations { variations: [] } }; color = TextColor(Srgba(Srgba { red: 0.96, green: 0.85, blue: 0.61, alpha: 1.0 })); glyph_masks = [true, true, true, true, true];
10-02 23:36:24.654 21510 21537 I event src/phone_hud.rs:173: ANDROID_PHONE_TEXT_LAYOUTfont = TextFont { font: SystemUi, font_size: Px(23.466667), weight: FontWeight(400), width: FontWidth(1.0), style: Normal, font_smoothing: AntiAliased, font_features: FontFeatures { features: [] }, font_variations: FontVariations { variations: [] } }; color = TextColor(Srgba(Srgba { red: 0.96, green: 0.85, blue: 0.61, alpha: 1.0 })); glyph_masks = [true, true, true, true, true, true, true];
10-02 23:36:24.654 21510 21537 I event src/phone_hud.rs:173: ANDROID_PHONE_TEXT_LAYOUTfont = TextFont { font: SystemUi, font_size: Px(23.466667), weight: FontWeight(400), width: FontWidth(1.0), style: Normal, font_smoothing: AntiAliased, font_features: FontFeatures { features: [] }, font_variations: FontVariations { variations: [] } }; color = TextColor(Srgba(Srgba { red: 0.96, green: 0.85, blue: 0.61, alpha: 1.0 })); glyph_masks = [true, true, true, true, true];
10-02 23:36:24.654 21510 21537 I event src/phone_hud.rs:173: ANDROID_PHONE_TEXT_LAYOUTfont = TextFont { font: SystemUi, font_size: Px(23.466667), weight: FontWeight(400), width: FontWidth(1.0), style: Normal, font_smoothing: AntiAliased, font_features: FontFeatures { features: [] }, font_variations: FontVariations { variations: [] } }; color = TextColor(Srgba(Srgba { red: 0.96, green: 0.85, blue: 0.61, alpha: 1.0 })); glyph_masks = [true, true, true, true, true, true];
10-02 23:36:24.654 21510 21537 I event src/phone_hud.rs:173: ANDROID_PHONE_TEXT_LAYOUTfont = TextFont { font: SystemUi, font_size: Px(23.466667), weight: FontWeight(400), width: FontWidth(1.0), style: Normal, font_smoothing: AntiAliased, font_features: FontFeatures { features: [] }, font_variations: FontVariations { variations: [] } }; color = TextColor(Srgba(Srgba { red: 0.96, green: 0.85, blue: 0.61, alpha: 1.0 })); glyph_masks = [true, true, true, true, true];
10-02 23:36:24.654 21510 21537 I event src/phone_hud.rs:173: ANDROID_PHONE_TEXT_LAYOUTfont = TextFont { font: SystemUi, font_size: Px(23.466667), weight: FontWeight(400), width: FontWidth(1.0), style: Normal, font_smoothing: AntiAliased, font_features: FontFeatures { features: [] }, font_variations: FontVariations { variations: [] } }; color = TextColor(Srgba(Srgba { red: 0.96, green: 0.85, blue: 0.61, alpha: 1.0 })); glyph_masks = [true, true, true, true, true];
10-02 23:36:24.654 21510 21537 I event src/phone_hud.rs:173: ANDROID_PHONE_TEXT_LAYOUTfont = TextFont { font: SystemUi, font_size: Px(23.466667), weight: FontWeight(400), width: FontWidth(1.0), style: Normal, font_smoothing: AntiAliased, font_features: FontFeatures { features: [] }, font_variations: FontVariations { variations: [] } }; color = TextColor(Srgba(Srgba { red: 0.96, green: 0.85, blue: 0.61, alpha: 1.0 })); glyph_masks = [true, true, true, true, true];
10-02 23:36:24.654 21510 21537 I event src/phone_hud.rs:173: ANDROID_PHONE_TEXT_LAYOUTfont = TextFont { font: SystemUi, font_size: Px(23.466667), weight: FontWeight(400), width: FontWidth(1.0), style: Normal, font_smoothing: AntiAliased, font_features: FontFeatures { features: [] }, font_variations: FontVariations { variations: [] } }; color = TextColor(Srgba(Srgba { red: 0.96, green: 0.85, blue: 0.61, alpha: 1.0 })); glyph_masks = [true, true, true, true];
10-02 23:36:24.654 21510 21537 I event src/phone_hud.rs:173: ANDROID_PHONE_TEXT_LAYOUTfont = TextFont { font: SystemUi, font_size: Px(23.466667), weight: FontWeight(400), width: FontWidth(1.0), style: Normal, font_smoothing: AntiAliased, font_features: FontFeatures { features: [] }, font_variations: FontVariations { variations: [] } }; color = TextColor(Srgba(Srgba { red: 0.96, green: 0.85, blue: 0.61, alpha: 1.0 })); glyph_masks = [true, true, true];
10-02 23:36:24.654 21510 21537 I event src/phone_hud.rs:173: ANDROID_PHONE_TEXT_LAYOUTfont = TextFont { font: SystemUi, font_size: Px(23.466667), weight: FontWeight(400), width: FontWidth(1.0), style: Normal, font_smoothing: AntiAliased, font_features: FontFeatures { features: [] }, font_variations: FontVariations { variations: [] } }; color = TextColor(Srgba(Srgba { red: 0.98, green: 0.91, blue: 0.76, alpha: 1.0 })); glyph_masks = [true, true, true, true, true, true, true, true, true];
10-02 23:36:24.654 21510 21537 I event src/phone_hud.rs:173: ANDROID_PHONE_TEXT_LAYOUTfont = TextFont { font: SystemUi, font_size: Px(23.466667), weight: FontWeight(400), width: FontWidth(1.0), style: Normal, font_smoothing: AntiAliased, font_features: FontFeatures { features: [] }, font_variations: FontVariations { variations: [] } }; color = TextColor(Srgba(Srgba { red: 0.96, green: 0.85, blue: 0.61, alpha: 1.0 })); glyph_masks = [true, true];
10-02 23:36:24.654 21510 21537 I event src/phone_hud.rs:173: ANDROID_PHONE_TEXT_LAYOUTfont = TextFont { font: SystemUi, font_size: Px(23.466667), weight: FontWeight(400), width: FontWidth(1.0), style: Normal, font_smoothing: AntiAliased, font_features: FontFeatures { features: [] }, font_variations: FontVariations { variations: [] } }; color = TextColor(Srgba(Srgba { red: 0.96, green: 0.85, blue: 0.61, alpha: 1.0 })); glyph_masks = [true, true, true, true];
10-02 23:36:24.654 21510 21532 I RustStdoutStderr: [2m2026-10-02T15:36:24.654728Z[0m [32m INFO[0m [2mmir2_platform_android::phone_hud[0m[2m:[0m ANDROID_PHONE_TEXT_LAYOUT [3mfont[0m[2m=[0mTextFont { font: SystemUi, font_size: Px(23.466667), weight: FontWeight(400), width: FontWidth(1.0), style: Normal, font_smoothing: AntiAliased, font_features: FontFeatures { features: [] }, font_variations: FontVariations { variations: [] } } [3mcolor[0m[2m=[0mTextColor(Srgba(Srgba { red: 0.96, green: 0.85, blue: 0.61, alpha: 1.0 })) [3mglyph_masks[0m[2m=[0m[true, true, true]
10-02 23:36:24.654 21510 21532 I RustStdoutStderr: [2m2026-10-02T15:36:24.654816Z[0m [32m INFO[0m [2mmir2_platform_android::phone_hud[0m[2m:[0m ANDROID_PHONE_TEXT_LAYOUT [3mfont[0m[2m=[0mTextFont { font: SystemUi, font_size: Px(23.466667), weight: FontWeight(400), width: FontWidth(1.0), style: Normal, font_smoothing: AntiAliased, font_features: FontFeatures { features: [] }, font_variations: FontVariations { variations: [] } } [3mcolor[0m[2m=[0mTextColor(Srgba(Srgba { red: 0.96, green: 0.85, blue: 0.61, alpha: 1.0 })) [3mglyph_masks[0m[2m=[0m[true, true, true, true, true]
10-02 23:36:24.654 21510 21532 I RustStdoutStderr: [2m2026-10-02T15:36:24.654824Z[0m [32m INFO[0m [2mmir2_platform_android::phone_hud[0m[2m:[0m ANDROID_PHONE_TEXT_LAYOUT [3mfont[0m[2m=[0mTextFont { font: SystemUi, font_size: Px(23.466667), weight: FontWeight(400), width: FontWidth(1.0), style: Normal, font_smoothing: AntiAliased, font_features: FontFeatures { features: [] }, font_variations: FontVariations { variations: [] } } [3mcolor[0m[2m=[0mTextColor(Srgba(Srgba { red: 0.96, green: 0.85, blue: 0.61, alpha: 1.0 })) [3mglyph_masks[0m[2m=[0m[true, true, true, true, true, true, true]
10-02 23:36:24.654 21510 21532 I RustStdoutStderr: [2m2026-10-02T15:36:24.654829Z[0m [32m INFO[0m [2mmir2_platform_android::phone_hud[0m[2m:[0m ANDROID_PHONE_TEXT_LAYOUT [3mfont[0m[2m=[0mTextFont { font: SystemUi, font_size: Px(23.466667), weight: FontWeight(400), width: FontWidth(1.0), style: Normal, font_smoothing: AntiAliased, font_features: FontFeatures { features: [] }, font_variations: FontVariations { variations: [] } } [3mcolor[0m[2m=[0mTextColor(Srgba(Srgba { red: 0.96, green: 0.85, blue: 0.61, alpha: 1.0 })) [3mglyph_masks[0m[2m=[0m[true, true, true, true, true]
10-02 23:36:24.654 21510 21532 I RustStdoutStderr: [2m2026-10-02T15:36:24.654834Z[0m [32m INFO[0m [2mmir2_platform_android::phone_hud[0m[2m:[0m ANDROID_PHONE_TEXT_LAYOUT [3mfont[0m[2m=[0mTextFont { font: SystemUi, font_size: Px(23.466667), weight: FontWeight(400), width: FontWidth(1.0), style: Normal, font_smoothing: AntiAliased, font_features: FontFeatures { features: [] }, font_variations: FontVariations { variations: [] } } [3mcolor[0m[2m=[0mTextColor(Srgba(Srgba { red: 0.96, green: 0.85, blue: 0.61, alpha: 1.0 })) [3mglyph_masks[0m[2m=[0m[true, true, true, true, true, true]
10-02 23:36:24.654 21510 21532 I RustStdoutStderr: [2m2026-10-02T15:36:24.654839Z[0m [32m INFO[0m [2mmir2_platform_android::phone_hud[0m[2m:[0m ANDROID_PHONE_TEXT_LAYOUT [3mfont[0m[2m=[0mTextFont { font: SystemUi, font_size: Px(23.466667), weight: FontWeight(400), width: FontWidth(1.0), style: Normal, font_smoothing: AntiAliased, font_features: FontFeatures { features: [] }, font_variations: FontVariations { variations: [] } } [3mcolor[0m[2m=[0mTextColor(Srgba(Srgba { red: 0.96, green: 0.85, blue: 0.61, alpha: 1.0 })) [3mglyph_masks[0m[2m=[0m[true, true, true, true, true]
10-02 23:36:24.654 21510 21532 I RustStdoutStderr: [2m2026-10-02T15:36:24.654844Z[0m [32m INFO[0m [2mmir2_platform_android::phone_hud[0m[2m:[0m ANDROID_PHONE_TEXT_LAYOUT [3mfont[0m[2m=[0mTextFont { font: SystemUi, font_size: Px(23.466667), weight: FontWeight(400), width: FontWidth(1.0), style: Normal, font_smoothing: AntiAliased, font_features: FontFeatures { features: [] }, font_variations: FontVariations { variations: [] } } [3mcolor[0m[2m=[0mTextColor(Srgba(Srgba { red: 0.96, green: 0.85, blue: 0.61, alpha: 1.0 })) [3mglyph_masks[0m[2m=[0m[true, true, true, true, true]
10-02 23:36:24.654 21510 21532 I RustStdoutStderr: [2m2026-10-02T15:36:24.654848Z[0m [32m INFO[0m [2mmir2_platform_android::phone_hud[0m[2m:[0m ANDROID_PHONE_TEXT_LAYOUT [3mfont[0m[2m=[0mTextFont { font: SystemUi, font_size: Px(23.466667), weight: FontWeight(400), width: FontWidth(1.0), style: Normal, font_smoothing: AntiAliased, font_features: FontFeatures { features: [] }, font_variations: FontVariations { variations: [] } } [3mcolor[0m[2m=[0mTextColor(Srgba(Srgba { red: 0.96, green: 0.85, blue: 0.61, alpha: 1.0 })) [3mglyph_masks[0m[2m=[0m[true, true, true, true, true]
10-02 23:36:24.654 21510 21532 I RustStdoutStderr: [2m2026-10-02T15:36:24.654861Z[0m [32m INFO[0m [2mmir2_platform_android::phone_hud[0m[2m:[0m ANDROID_PHONE_TEXT_LAYOUT [3mfont[0m[2m=[0mTextFont { font: SystemUi, font_size: Px(23.466667), weight: FontWeight(400), width: FontWidth(1.0), style: Normal, font_smoothing: AntiAliased, font_features: FontFeatures { features: [] }, font_variations: FontVariations { variations: [] } } [3mcolor[0m[2m=[0mTextColor(Srgba(Srgba { red: 0.96, green: 0.85, blue: 0.61, alpha: 1.0 })) [3mglyph_masks[0m[2m=[0m[true, true, true, true]
10-02 23:36:24.654 21510 21532 I RustStdoutStderr: [2m2026-10-02T15:36:24.654868Z[0m [32m INFO[0m [2mmir2_platform_android::phone_hud[0m[2m:[0m ANDROID_PHONE_TEXT_LAYOUT [3mfont[0m[2m=[0mTextFont { font: SystemUi, font_size: Px(23.466667), weight: FontWeight(400), width: FontWidth(1.0), style: Normal, font_smoothing: AntiAliased, font_features: FontFeatures { features: [] }, font_variations: FontVariations { variations: [] } } [3mcolor[0m[2m=[0mTextColor(Srgba(Srgba { red: 0.96, green: 0.85, blue: 0.61, alpha: 1.0 })) [3mglyph_masks[0m[2m=[0m[true, true, true]
10-02 23:36:24.654 21510 21532 I RustStdoutStderr: [2m2026-10-02T15:36:24.654873Z[0m [32m INFO[0m [2mmir2_platform_android::phone_hud[0m[2m:[0m ANDROID_PHONE_TEXT_LAYOUT [3mfont[0m[2m=[0mTextFont { font: SystemUi, font_size: Px(23.466667), weight: FontWeight(400), width: FontWidth(1.0), style: Normal, font_smoothing: AntiAliased, font_features: FontFeatures { features: [] }, font_variations: FontVariations { variations: [] } } [3mcolor[0m[2m=[0mTextColor(Srgba(Srgba { red: 0.98, green: 0.91, blue: 0.76, alpha: 1.0 })) [3mglyph_masks[0m[2m=[0m[true, true, true, true, true, true, true, true, true]
10-02 23:36:24.654 21510 21532 I RustStdoutStderr: [2m2026-10-02T15:36:24.654878Z[0m [32m INFO[0m [2mmir2_platform_android::phone_hud[0m[2m:[0m ANDROID_PHONE_TEXT_LAYOUT [3mfont[0m[2m=[0mTextFont { font: SystemUi, font_size: Px(23.466667), weight: FontWeight(400), width: FontWidth(1.0), style: Normal, font_smoothing: AntiAliased, font_features: FontFeatures { features: [] }, font_variations: FontVariations { variations: [] } } [3mcolor[0m[2m=[0mTextColor(Srgba(Srgba { red: 0.96, green: 0.85, blue: 0.61, alpha: 1.0 })) [3mglyph_masks[0m[2m=[0m[true, true]
10-02 23:36:24.654 21510 21532 I RustStdoutStderr: [2m2026-10-02T15:36:24.654883Z[0m [32m INFO[0m [2mmir2_platform_android::phone_hud[0m[2m:[0m ANDROID_PHONE_TEXT_LAYOUT [3mfont[0m[2m=[0mTextFont { font: SystemUi, font_size: Px(23.466667), weight: FontWeight(400), width: FontWidth(1.0), style: Normal, font_smoothing: AntiAliased, font_features: FontFeatures { features: [] }, font_variations: FontVariations { variations: [] } } [3mcolor[0m[2m=[0mTextColor(Srgba(Srgba { red: 0.96, green: 0.85, blue: 0.61, alpha: 1.0 })) [3mglyph_masks[0m[2m=[0m[true, true, true, true]
10-02 23:36:25.191 21510 21533 D EGL_emulation: app_time_stats: avg=11.61ms min=10.53ms max=17.13ms count=61
10-02 23:36:26.191 21510 21533 D EGL_emulation: app_time_stats: avg=11.24ms min=10.23ms max=14.59ms count=60
10-02 23:36:27.193 21510 21533 D EGL_emulation: app_time_stats: avg=11.28ms min=10.43ms max=12.47ms count=60
10-02 23:36:27.366 21510 21533 I event src/ui_preview.rs:552: ANDROID_REMOTE_BACKSTEP_DIAGNOSTICSdiagnostics = {"enabled":true,"nowMs":1790955387365.9558,"moveClockPulseId":40,"moveClockNextPulseMs":1790955387414.6516,"entryCount":0,"activeEntryCount":0,"processedEventCount":0,"remoteMotionEventCount":0,"remoteRemoveEventCount":0,"ignoredEventCount":0,"staleEventCount":0,"disabledEventCount":0,"pendingEventDropCount":0,"entryEvictionCount":0,"decodeErrorCount":0,"lastDecodeError":null,"offsetQueryCount":0,"offsetMatchCount":0,"targetMismatchCount":0,"inactiveFallbackCount":0,"entries":[]};
10-02 23:36:27.366 21510 21532 I RustStdoutStderr: [2m2026-10-02T15:36:27.366691Z[0m [32m INFO[0m [2mmir2_platform_android::ui_preview[0m[2m:[0m ANDROID_REMOTE_BACKSTEP_DIAGNOSTICS [3mdiagnostics[0m[2m=[0m{"enabled":true,"nowMs":1790955387365.9558,"moveClockPulseId":40,"moveClockNextPulseMs":1790955387414.6516,"entryCount":0,"activeEntryCount":0,"processedEventCount":0,"remoteMotionEventCount":0,"remoteRemoveEventCount":0,"ignoredEventCount":0,"staleEventCount":0,"disabledEventCount":0,"pendingEventDropCount":0,"entryEvictionCount":0,"decodeErrorCount":0,"lastDecodeError":null,"offsetQueryCount":0,"offsetMatchCount":0,"targetMismatchCount":0,"inactiveFallbackCount":0,"entries":[]}
10-02 23:36:28.193 21510 21533 D EGL_emulation: app_time_stats: avg=11.33ms min=10.32ms max=14.08ms count=60
10-02 23:36:28.714 21510 21554 D ProfileInstaller: Installing profile for com.mir2.web3.uipreview
10-02 23:36:29.210 21510 21533 D EGL_emulation: app_time_stats: avg=11.49ms min=10.69ms max=17.14ms count=61
10-02 23:36:30.230 21510 21533 D EGL_emulation: app_time_stats: avg=10.97ms min=10.22ms max=12.42ms count=61
10-02 23:36:31.243 21510 21533 D EGL_emulation: app_time_stats: avg=11.37ms min=10.07ms max=14.64ms count=61
10-02 23:36:32.244 21510 21533 D EGL_emulation: app_time_stats: avg=11.28ms min=10.47ms max=13.33ms count=60
10-02 23:36:32.322 21510 21537 I event src/item_geometry.rs:127: ANDROID_ITEM_GEOMETRY_READYitems = 1003; state_items = 2380; sources = [("original-ui/Items/meta.json", "ec0eca414ac6c34e17a218f0ed4396f30607c2485482f8760af7706acddcedfe"), ("original-ui/StateItem/meta.json", "7d812a76e9a54b1d0535968a8c21ee2064577e7012572daf79b242221ca72e9a")];
10-02 23:36:32.322 21510 21532 I RustStdoutStderr: [2m2026-10-02T15:36:32.322025Z[0m [32m INFO[0m [2mmir2_platform_android::item_geometry[0m[2m:[0m ANDROID_ITEM_GEOMETRY_READY [3mitems[0m[2m=[0m1003 [3mstate_items[0m[2m=[0m2380 [3msources[0m[2m=[0m[("original-ui/Items/meta.json", "ec0eca414ac6c34e17a218f0ed4396f30607c2485482f8760af7706acddcedfe"), ("original-ui/StateItem/meta.json", "7d812a76e9a54b1d0535968a8c21ee2064577e7012572daf79b242221ca72e9a")]
10-02 23:36:32.459 21510 21510 I Mir2UiPreview: PERSONAL_JNI_OFFLINE_SENT scene=gameshop-jni events=111 NOT_LIVE_NOT_AUTHENTICATED
10-02 23:36:32.697 21510 21532 I RustStdoutStderr: [runtime-map] waiting-images center=Some(PresentationGridCenter { x: 302, y: 634 }) states=[native-map-keyed:00e3342688edb59d7ccd3784567586b3ab4c28c1b3bb0fbb928fb8560bb937e8=missing-handle,native-map-keyed:0222e758190fb702f62c1180c302535fa88376dc4d91515f6a3da6858692d879=missing-handle,native-map-keyed:02fcf4c4c475d1c1002d45563f34bf90aabc5d57865a90a9c1d738eea292c519=missing-handle,native-map-keyed:04f2f6406275680ee10c2bb613e324d59e0dea10befb67479d5db488f1e5e9bf=missing-handle,native-map-keyed:06877672fe022bb18e0e3289b29a8a2316614ba81070c465594dc1d5f1e414f4=missing-handle,native-map-keyed:09c1aeb9a676d9b5e9156dd6302baf429a788ede13eb2561f72752639991cfa2=missing-handle,native-map-keyed:0bb6e8f16b06e61e5485cd9c69682635bc4d076e78f3e426bc7c1c0cdf92d50b=missing-handle,native-map-keyed:0e54663e52210f29caafb4e45b01d2ddcdd62fbb4f07359cdbdf327630acedbd=missing-handle,native-map-keyed:101d496a3e3006b8a0640e530d7bb5aaabfc3cc9f7a8844fd83450a65903a0ef=missing-handle,native-map-keyed:1203923d4b3d4f36b85a86235cc024c8987f9aff48ff3f045d589d4fe5efe878=missing-handle,native-map-keyed:13645e18038cb14276656008c43fc00eb92b94607d7eb9a04a64a6f66232d045=missing-handle,native-map-keyed:16f3602253a4256b8bf51a103e6bbe9d36a4cfaf6771bebc72d7ca43a25c1de6=missing-handle,native-map-keyed:1a753eed19dc81252971e03a9ea302f2c31bc3cf51d92b187b664a1e8b1936b1=missing-handle,native-map-keyed:1a9940adbeeef6d18f251666fccf2028a616a92cc7a402f3ac04181f56823124=missing-handle,native-map-keyed:1ca36e41f059441aa1750c0cfbddec4904a1b5165d8cfba430f194e286eaee45=missing-handle,native-map-keyed:1ef61cf6318b9db7968b35797c3a62b27e08c1ef2475a23ec3ca379b729d92f1=missing-handle,native-map-keyed:1f4a39a368bbaca431ec450a830e3c0bdcaabe0af6de5730eb1f28e59b8dd533=missing-handle,native-map-keyed:20625ebb957139dcbec35004f2ca784c926cdee1439035eb896dbf427495872d=missing-handle,native-map-keyed:219bb835f8f28e6bf59b93f1d069b437875a5d49dbd7631ff34176c572d7a14d=missing-handle,native-map-keyed:22659e86e5cbf79236e023e40ac092600ac5e9ede72a34077c802b5518eb4573=missing-handle,native-map-keyed:226a0bac665d1bf713b8baf39ecf7ae61be856189d1cf823921ed0e53a5c29fe=missing-handle,native-map-keyed:23035e5244797f2f70bbeaa5c393d6d112a6196b5ab8e4d02b351fbf38f8101a=missing-handle,native-map-keyed:230966b0481d315c12097d9ff7d4da07aa1cdf981552a5323ab088ba990ba950=missing-handle,native-map-keyed:232bfc461f055784e7d90e5e0378d3cea8317eb078c4bf66e7afe999812ff902=missing-handle,native-map-keyed:24ec1f87eb0856b5498709b2be2776f9a3627519b839633e9db0a690a7d9b980=missing-handle,native-map-keyed:2675a421a8639ea87dcfc98b62558519a15cedc35d925663b6909d4988742940=missing-handle,native-map-keyed:270c75661f320e8c98c039a8c4a26724a568469937485ff8f748e5e7045d0239=missing-handle,native-map-keyed:2775964d9f9d7b8b06e60a4bc848015817a1fa04cccfffe2e936202ea0756d4b=missing-handle,native-map-keyed:289cb8d084c1cc6b504d8152af2de8f7372c563f8104a8c78ad208caccefb34b=missing-handle,native-map-keyed:2a537899c5467f32f4e30a657c233ed270db6f829d90106b7fa0704f469d167c=missing-handle,native-map-keyed:2c76f7575f3d1661681533a2ed2893f96c1f4b914bcfd60ae32c207561eb263b=missing-handle,native-map-keyed:2cd7444281094e689c5fe7c22a994aa527766e0665fc32b2cec42cbdc9978ab4=missing-handle,native-map-keyed:2d98ce9df6396e943fa00aebaf7a929c15ebaa4ab8e71ab99299c7f31b75d240=missing-handle,native-map-keyed:2fa02ae3202a4c91117b85d6ed57ca1d81c787b4b32ad6561c9ca340312d1620=missing-handle,native-map-keyed:313c3e7a3a4bef6d0ef6b02a9b0c37230ef819d06c72012bb513a591244a393d=missing-handle,native-map-keyed:33b2f84e21bb7bb379950d3da05ce44d393d84ca43f7044b6a8d1fba68a4c3a0=missing-handle,native-map-keyed:357ae499cdc01c6fb8e7f6a351f31e453a56bc0be6a8b044a7d5b03d97e69edc=missing-handle,native-map-keyed:359c62fe94c5cd29c97b629749c8478936abcd89482be97f9cf2ccc7f5777e02=missing-handle,native-map-keyed:35a7e8eae83e7c45a4bb47eb6126d9bedbf25bc2989037e6b80e00e1ce4c92f8=missing-handle,native-map-keyed:35fded5dc786ac191da47a42e1f2c4114875c5035cb6a15c9e3d28445a598672=missing-handle,native-map-keyed:36d63c7f1656dfe307f7c74e1344
10-02 23:36:32.697 21510 21532 I RustStdoutStderr: 
10-02 23:36:32.742 21510 21532 I RustStdoutStderr: [runtime-map] waiting-images center=Some(PresentationGridCenter { x: 302, y: 634 }) states=[native-map-keyed:1f4a39a368bbaca431ec450a830e3c0bdcaabe0af6de5730eb1f28e59b8dd533=missing-handle,native-map-keyed:4528dc4f83cfa030f806b1017388d8eaa86582ad40de3a2318a164a70b34a5d4=missing-handle,native-map-keyed:6ba897f8b82efa0a41f233589ef528ceb6822f487542ac6cc926797af456e5ab=missing-handle,native-map-keyed:b537b5735e33470456a6462cd0dc84814bf925c377afb556a58c95fbac788b11=missing-handle,native-map-keyed:d56e8db5e769743a299529020584e8d4b042a887d1028db32138152d3cd862eb=missing-handle]
10-02 23:36:32.787 21510 21532 I RustStdoutStderr: [runtime-map] synced center=Some(PresentationGridCenter { x: 302, y: 634 }) tiles=583 standalone=222 live=805 missingBindings=0 sample=[]
10-02 23:36:33.262 21510 21533 D EGL_emulation: app_time_stats: avg=16.61ms min=10.09ms max=50.55ms count=51
10-02 23:36:34.275 21510 21533 D EGL_emulation: app_time_stats: avg=10.70ms min=9.72ms max=13.01ms count=61
10-02 23:36:35.276 21510 21533 D EGL_emulation: app_time_stats: avg=11.06ms min=9.68ms max=13.27ms count=60
10-02 23:36:36.292 21510 21533 D EGL_emulation: app_time_stats: avg=10.92ms min=9.76ms max=13.74ms count=61
10-02 23:36:37.293 21510 21533 D EGL_emulation: app_time_stats: avg=12.15ms min=9.93ms max=19.12ms count=60
