{
  "source": "aa1f2c4ada37ed880b71da5168d0b080583524a3",
  "frozenWindows": "3d735745f1117d42a7859e87604a106351dca935",
  "versionCode": 18,
  "versionName": "0.1.15-npc-consumer",
  "cleanBeforeAfterBothBuilds": true,
  "sourceGateHashesMatchCommittedInputs": true,
  "gatewayUrl": "",
  "minimumApi": 31,
  "targetApi": 35,
  "abi": "arm64-v8a",
  "artifacts": [
    {
      "variant": "debug",
      "source": "aa1f2c4ada37ed880b71da5168d0b080583524a3",
      "path": "/Users/henryliu/obelisk/numeron-worktrees/android-shared-sync/mir2-web3/apps/game-client/platform-android/target/npc-preview-v18-20261002/final-apks/mir2-native-npc-consumer-debug-v18.apk",
      "bytes": 386456573,
      "sha256": "adabc1838ffe1b9d79318e4ac2fcbf308c5dccc9c626ce4b484edf5878f9610e",
      "libraries": [
        {
          "library": "Items",
          "pngCount": 1003,
          "allSourceBytesMatch": true,
          "metadataSha256": "ec0eca414ac6c34e17a218f0ed4396f30607c2485482f8760af7706acddcedfe"
        },
        {
          "library": "StateItem",
          "pngCount": 5192,
          "allSourceBytesMatch": true,
          "metadataSha256": "7d812a76e9a54b1d0535968a8c21ee2064577e7012572daf79b242221ca72e9a"
        },
        {
          "library": "MagIcon",
          "pngCount": 224,
          "allSourceBytesMatch": true,
          "metadataSha256": null
        },
        {
          "library": "MagIcon2",
          "pngCount": 224,
          "allSourceBytesMatch": true,
          "metadataSha256": null
        },
        {
          "library": "UI_32bit",
          "pngCount": 4,
          "allSourceBytesMatch": true,
          "metadataSha256": "9459d5a272a4a41ee0485a553ec3ce8f57996d5840cd99c8eae9b1dab5f14db9"
        }
      ]
    },
    {
      "variant": "preview",
      "source": "aa1f2c4ada37ed880b71da5168d0b080583524a3",
      "path": "/Users/henryliu/obelisk/numeron-worktrees/android-shared-sync/mir2-web3/apps/game-client/platform-android/target/npc-preview-v18-20261002/final-apks/mir2-native-npc-consumer-preview-v18.apk",
      "bytes": 390259221,
      "sha256": "4ba5ff55c101cc060268565065a1a33411d6b9b4587d2982bd4e313ef0e124a2",
      "libraries": [
        {
          "library": "Items",
          "pngCount": 1003,
          "allSourceBytesMatch": true,
          "metadataSha256": "ec0eca414ac6c34e17a218f0ed4396f30607c2485482f8760af7706acddcedfe"
        },
        {
          "library": "StateItem",
          "pngCount": 5192,
          "allSourceBytesMatch": true,
          "metadataSha256": "7d812a76e9a54b1d0535968a8c21ee2064577e7012572daf79b242221ca72e9a"
        },
        {
          "library": "MagIcon",
          "pngCount": 224,
          "allSourceBytesMatch": true,
          "metadataSha256": null
        },
        {
          "library": "MagIcon2",
          "pngCount": 224,
          "allSourceBytesMatch": true,
          "metadataSha256": null
        },
        {
          "library": "UI_32bit",
          "pngCount": 4,
          "allSourceBytesMatch": true,
          "metadataSha256": "9459d5a272a4a41ee0485a553ec3ce8f57996d5840cd99c8eae9b1dab5f14db9"
        }
      ]
    }
  ],
  "each6647PngAndThreeMetadataMatchInputs": true,
  "fourWeightFramesMatchFrozenGitBytes": true,
  "packageKind": "Rust release cdylib inside Gradle Debug diagnostic variants, not store Release",
  "previousV16GlErrorsRetained": true,
  "rendererSourceChangedThisLeaf": false,
  "previousV17MissingNpcWindowRetained": true,
  "fullResourceReleaseAccepted": false,
  "fullPhoneUiAccepted": false,
  "authenticatedGameplayAccepted": false,
  "physicalDeviceAccepted": false
}
